xi²ki	V;IPFV;PST;1;SG	ndí xiki
xi²ki	V;IPFV;PST;2;SG	ngí xiki
xi²ki	V;IPFV;PST;3;SG	mí xiki
xi²ki	V;PRF;PRS;1;SG	stá xiki
xi²ki	V;PRF;PST;1	stí xiki
xi²ki	V;PRF;PST;2	xkí xiki
xi²ki	V;PRF;PST;3	xki xiki
xi²ki	V;IRR;2;SG	gi xiki
xi²ki	V;IRR;3;SG	da xiki
xọ²ʔta²-za¹²	V;IPFV;PRS;3;SG	xọʔta²-za¹²
xọ²ʔta²-za¹²	V;IPFV;PST;1;SG	ndí xọʔta²-za¹²
xọ²ʔta²-za¹²	V;IPFV;PST;2;SG	ngí xọʔta²-za¹²
xọ²ʔta²-za¹²	V;IPFV;PST;3;SG	mí xọʔta²-za¹²
xọ²ʔta²-za¹²	V;PFV;1;SG	dá xọʔta²-za¹²
xọ²ʔta²-za¹²	V;PFV;2;SG	gá xọʔta²-za¹²
xọ²ʔta²-za¹²	V;PFV;3;SG	bi xọʔta²-za¹²
xọ²ʔta²-za¹²	V;PRF;PRS;2;SG	xká xọʔta²-za¹²
xọ²ʔta²-za¹²	V;PRF;PRS;3;SG	xa xọʔta²-za¹²
xọ²ʔta²-za¹²	V;IRR;1;SG	ga xọʔta²-za¹²
aki	V;IPFV;PRS;1;SG	dí ʔaki
aki	V;IPFV;PRS;2;SG	gíki
aki	V;IPFV;PRS;3;SG	ʔaki
aki	V;IPFV;PST;1;SG	ndíki
aki	V;IPFV;PST;2;SG	ngí ʔaki
aki	V;PFV;1;SG	dá ʔaki
aki	V;PFV;3;SG	bi ʔñaki
aki	V;PRF;PRS;1;SG	stá ʔaki
aki	V;PRF;PRS;2;SG	xká ʔñaki
aki	V;PRF;PST;1	stí ʔaki
aki	V;PRF;PST;3	xki ʔñaki
aki	V;IRR;1;SG	gaki
aki	V;IRR;2;SG	gi ʔyaki
aki	V;IRR;3;SG	daki
ai	V;IPFV;PRS;1;SG	dí ʔai
ai	V;IPFV;PRS;2;SG	gíi
ai	V;IPFV;PST;1;SG	ndí ʔai
ai	V;IPFV;PST;3;SG	mí ʔai
ai	V;PFV;3;SG	bi ʔai
ai	V;PRF;PRS;1;SG	stá ʔai
ai	V;PRF;PRS;2;SG	xká ʔai
ai	V;PRF;PST;1	stí ʔai
ai	V;PRF;PST;2	xkí ʔai
ai	V;PRF;PST;3	xki ʔai
ai	V;IRR;1;SG	gai
zụ²ni	V;IPFV;PRS;3;SG	zụ²ni
zụ²ni	V;IPFV;PST;3;SG	mí zụ²ni
zụ²ni	V;PRF;PRS;3;SG	xa zụ²ni
jäʔtsi	V;IPFV;PRS;1;SG	dí jäʔtsi
jäʔtsi	V;IPFV;PST;1;SG	ndí jäʔtsi
jäʔtsi	V;IPFV;PST;3;SG	mí jäʔtsi
jäʔtsi	V;PFV;1;SG	dá jäʔtsi
jäʔtsi	V;PFV;3;SG	bi jäʔtsi
jäʔtsi	V;PRF;PRS;2;SG	xká jäʔtsi
jäʔtsi	V;PRF;PRS;3;SG	xa jäʔtsi
jäʔtsi	V;PRF;PST;1	stí jäʔtsi
jäʔtsi	V;PRF;PST;3	xki jäʔtsi
jäʔtsi	V;IRR;1;SG	ga jäʔtsi
däki	V;IPFV;PRS;2;SG	gí däki
däki	V;IPFV;PST;1;SG	ndí däki
däki	V;IPFV;PST;2;SG	ngí däki
däki	V;PFV;1;SG	dá däki
däki	V;PFV;2;SG	gá däki
däki	V;PFV;3;SG	bi däki
däki	V;PRF;PST;1	stí däki
däki	V;PRF;PST;3	xki däki
k’e	V;IPFV;PST;1;SG	ndí k’e
k’e	V;IPFV;PST;2;SG	ngí k’e
k’e	V;PFV;1;SG	dá k’e
k’e	V;PFV;2;SG	gá k’e
k’e	V;PFV;3;SG	bi k’e
k’e	V;PRF;PRS;1;SG	stá k’e
k’e	V;PRF;PST;1	stí k’e
k’e	V;PRF;PST;3	xki k’e
k’e	V;IRR;1;SG	ga k’e
k’e	V;IRR;2;SG	gi k’e
a²-the	V;IPFV;PRS;1;SG	dí -the
a²-the	V;IPFV;PST;1;SG	ndí -the
a²-the	V;IPFV;PST;2;SG	ngí -the
a²-the	V;PFV;3;SG	bi ʔña-the
a²-the	V;PRF;PRS;1;SG	stá -the
a²-the	V;PRF;PRS;3;SG	xa ʔña-the
a²-the	V;PRF;PST;2	xkí -the
a²-the	V;PRF;PST;3	xki ʔña-the
a²-the	V;IRR;1;SG	ga ʔña-the
a²-the	V;IRR;2;SG	gi ʔña-the
nxa²n-the	V;IPFV;PRS;1;SG	dí nxa²n-the
nxa²n-the	V;IPFV;PRS;3;SG	nxa²n-the
nxa²n-the	V;IPFV;PST;1;SG	ndí nxa²n-the
nxa²n-the	V;IPFV;PST;2;SG	ngí nxa²n-the
nxa²n-the	V;IPFV;PST;3;SG	mí nxa²n-the
nxa²n-the	V;PFV;1;SG	dá nxa²n-the
nxa²n-the	V;PFV;2;SG	gá nxa²n-the
nxa²n-the	V;PFV;3;SG	bi nxa²n-the
nxa²n-the	V;PRF;PRS;1;SG	stá nxa²n-the
nxa²n-the	V;PRF;PRS;2;SG	xká nxa²n-the
nxa²n-the	V;PRF;PRS;3;SG	xa nxa²n-the
nxa²n-the	V;IRR;3;SG	da nxa²n-the
kä²-bọhai	V;IPFV;PRS;3;SG	käbọhai
kä²-bọhai	V;IPFV;PST;3;SG	mí käbọhai
kä²-bọhai	V;PFV;3;SG	bi käbọhai
kä²-bọhai	V;PRF;PRS;3;SG	xa käbọhai
kä²-bọhai	V;IRR;3;SG	da käbọhai
thẹ¹²ti	V;IPFV;PRS;2;SG	gí thẹ¹²ti
thẹ¹²ti	V;IPFV;PRS;3;SG	thẹ¹²ti
thẹ¹²ti	V;IPFV;PST;2;SG	ngí thẹ¹²ti
thẹ¹²ti	V;IPFV;PST;3;SG	mí thẹ¹²ti
thẹ¹²ti	V;PFV;1;SG	dá thẹ¹²ti
thẹ¹²ti	V;PFV;2;SG	gá thẹ¹²ti
thẹ¹²ti	V;PFV;3;SG	bi thẹ¹²ti
thẹ¹²ti	V;PRF;PRS;2;SG	xká thẹ¹²ti
thẹ¹²ti	V;PRF;PRS;3;SG	xa thẹ¹²ti
thẹ¹²ti	V;PRF;PST;3	xki thẹ¹²ti
thẹ¹²ti	V;IRR;1;SG	ga thẹ¹²ti
thẹ¹²ti	V;IRR;3;SG	da thẹ¹²ti
mfa²da	V;IPFV;PRS;1;SG	dí mfa²da
mfa²da	V;IPFV;PST;1;SG	ndí mfa²da
mfa²da	V;PFV;3;SG	bi mfa²da
mfa²da	V;PRF;PRS;1;SG	stá mfa²da
mfa²da	V;PRF;PRS;2;SG	xká mfa²da
mfa²da	V;PRF;PST;1	stí mfa²da
mfa²da	V;PRF;PST;3	xki mfa²da
mfa²da	V;IRR;1;SG	ga mfa²da
mfa²da	V;IRR;2;SG	gi mfa²da
po²ʔtsi	V;IPFV;PRS;2;SG	gí poʔtsi
po²ʔtsi	V;IPFV;PST;1;SG	ndí poʔtsi
po²ʔtsi	V;IPFV;PST;3;SG	mí poʔtsi
po²ʔtsi	V;PFV;2;SG	gá poʔtsi
po²ʔtsi	V;PFV;3;SG	bi poʔtsi
po²ʔtsi	V;PRF;PRS;2;SG	xká poʔtsi
po²ʔtsi	V;PRF;PRS;3;SG	xa poʔtsi
po²ʔtsi	V;PRF;PST;1	stí poʔtsi
po²ʔtsi	V;PRF;PST;2	xkí poʔtsi
po²ʔtsi	V;IRR;1;SG	ga poʔtsi
po²ʔtsi	V;IRR;2;SG	gi poʔtsi
ñäni	V;IPFV;PRS;1;SG	dí ñäni
ñäni	V;IPFV;PRS;2;SG	gí ñäni
ñäni	V;IPFV;PRS;3;SG	ñäni
ñäni	V;IPFV;PST;1;SG	ndí ñäni
ñäni	V;IPFV;PST;2;SG	ngí ñäni
ñäni	V;IPFV;PST;3;SG	mí ñäni
ñäni	V;PFV;2;SG	gá ñäni
ñäni	V;PRF;PRS;2;SG	xká ñäni
ñäni	V;PRF;PRS;3;SG	xa ñäni
ñäni	V;PRF;PST;2	xkí ñäni
ñäni	V;IRR;3;SG	da ñäni
joʔmi	V;IPFV;PRS;1;SG	dí joʔmi
joʔmi	V;IPFV;PRS;2;SG	gí joʔmi
joʔmi	V;IPFV;PRS;3;SG	joʔmi
joʔmi	V;IPFV;PST;1;SG	ndí joʔmi
joʔmi	V;IPFV;PST;2;SG	ngí joʔmi
joʔmi	V;PFV;1;SG	dá joʔmi
joʔmi	V;PFV;3;SG	bi joʔmi
joʔmi	V;PRF;PRS;2;SG	xká joʔmi
joʔmi	V;PRF;PST;1	stí joʔmi
joʔmi	V;PRF;PST;2	xkí joʔmi
joʔmi	V;PRF;PST;3	xki joʔmi
joʔmi	V;IRR;1;SG	ga joʔmi
joʔmi	V;IRR;2;SG	gi joʔmi
ntsụi	V;IPFV;PRS;2;SG	gí ntsụi
ntsụi	V;IPFV;PRS;3;SG	ntsụi
ntsụi	V;IPFV;PST;1;SG	ndí ntsụi
ntsụi	V;IPFV;PST;2;SG	ngí ntsụi
ntsụi	V;PFV;2;SG	gá ntsụi
ntsụi	V;PRF;PRS;3;SG	xa ntsụi
ntsụi	V;PRF;PST;1	stí ntsụi
ntsụi	V;PRF;PST;3	xki ntsụi
ntsụi	V;IRR;2;SG	gi ntsụi
tu²-mä²nthu¹²hu	V;IPFV;PRS;3;SG	tu-mä²nthu¹²hu
tu²-mä²nthu¹²hu	V;IPFV;PST;2;SG	ngí tu-mä²nthu¹²hu
tu²-mä²nthu¹²hu	V;IPFV;PST;3;SG	mí tumä²nthu¹²hu
tu²-mä²nthu¹²hu	V;PFV;1;SG	dá tumä²nthu¹²hu
tu²-mä²nthu¹²hu	V;PFV;2;SG	gá tumä²nthu¹²hu
tu²-mä²nthu¹²hu	V;PFV;3;SG	bi tumä²nthu¹²hu
tu²-mä²nthu¹²hu	V;PRF;PRS;1;SG	stá tumä²nthu¹²hu
tu²-mä²nthu¹²hu	V;PRF;PRS;2;SG	xká tumä²nthu¹²hu
tu²-mä²nthu¹²hu	V;PRF;PRS;3;SG	xa tumä²nthu¹²hu
tu²-mä²nthu¹²hu	V;PRF;PST;1	stí tumä²nthu¹²hu
tu²-mä²nthu¹²hu	V;IRR;1;SG	ga tumä²nthu¹²hu
tu²-mä²nthu¹²hu	V;IRR;3;SG	da tumä²nthu¹²hu
mu²nts’i	V;IPFV;PRS;1;SG	dí mu²nts’i
mu²nts’i	V;IPFV;PST;1;SG	ndí mu²nts’i
mu²nts’i	V;IPFV;PST;3;SG	mí munts’i
mu²nts’i	V;PFV;1;SG	dá mu²nts’i
mu²nts’i	V;PFV;2;SG	gá mu²nts’i
mu²nts’i	V;PRF;PRS;1;SG	stá mu²nts’i
mu²nts’i	V;PRF;PST;2	xkí mu²nts’i
mu²nts’i	V;PRF;PST;3	xki munts’i
mu²nts’i	V;IRR;2;SG	gi mu²nts’i
mu²nts’i	V;IRR;3;SG	da munts’i
xe¹²ni	V;IPFV;PRS;1;SG	dí xe¹²ni
xe¹²ni	V;IPFV;PRS;2;SG	gí xe¹²ni
xe¹²ni	V;IPFV;PRS;3;SG	xe¹²ni
xe¹²ni	V;IPFV;PST;2;SG	ngí xe¹²ni
xe¹²ni	V;IPFV;PST;3;SG	mí xe¹²ni
xe¹²ni	V;PFV;1;SG	dá xe¹²ni
xe¹²ni	V;PRF;PRS;1;SG	stá xe¹²ni
xe¹²ni	V;PRF;PRS;2;SG	xká xe¹²ni
xe¹²ni	V;PRF;PST;1	stí xe¹²ni
xe¹²ni	V;PRF;PST;3	xki xe¹²ni
xe¹²ni	V;IRR;1;SG	ga xe¹²ni
xe¹²ni	V;IRR;2;SG	gi xe¹²ni
xe¹²ni	V;IRR;3;SG	da xe¹²ni
hän-guẹ²nda	V;IPFV;PRS;1;SG	dí hän-guẹ²nda
hän-guẹ²nda	V;IPFV;PRS;3;SG	hän-guẹ²nda
hän-guẹ²nda	V;IPFV;PST;1;SG	ndí hän-guẹ²nda
hän-guẹ²nda	V;IPFV;PST;2;SG	ngí hän-guẹ²nda
hän-guẹ²nda	V;IPFV;PST;3;SG	mí hän-guẹ²nda
hän-guẹ²nda	V;PFV;1;SG	dá hñän-guẹ²nda
hän-guẹ²nda	V;PFV;2;SG	gá hñän-guẹ²nda
hän-guẹ²nda	V;PFV;3;SG	bi hñän-guẹ²nda
hän-guẹ²nda	V;PRF;PRS;1;SG	stá hñän-guẹ²nda
hän-guẹ²nda	V;PRF;PST;1	stí hñän-guẹ²nda
hän-guẹ²nda	V;PRF;PST;3	xki hñän-guẹ²nda
hän-guẹ²nda	V;IRR;1;SG	ga hñän-guẹ²nda
hän-guẹ²nda	V;IRR;2;SG	gi hñän-guẹ²nda
hän-guẹ²nda	V;IRR;3;SG	da hñän-guẹ²nda
pụ²nts’i	V;IPFV;PRS;1;SG	dí pụ²nts’i
pụ²nts’i	V;IPFV;PST;2;SG	ngí pụ²nts’i
pụ²nts’i	V;PFV;1;SG	dá pụ²nts’i
pụ²nts’i	V;PFV;2;SG	gá pụ²nts’i
pụ²nts’i	V;PFV;3;SG	bi mụ²nts’i
pụ²nts’i	V;PRF;PRS;1;SG	stá pụ²nts’i
pụ²nts’i	V;PRF;PRS;2;SG	xká pụ²nts’i
pụ²nts’i	V;PRF;PRS;3;SG	xa pụ²nts’i
pụ²nts’i	V;PRF;PST;1	stí pụ²nts’i
pụ²nts’i	V;IRR;2;SG	gi pụ²nts’i
pụ²nts’i	V;IRR;3;SG	da mụ²nts’i
ho²-du	V;IPFV;PRS;1;SG	dí hodu
ho²-du	V;IPFV;PST;1;SG	ndí hodu
ho²-du	V;IPFV;PST;2;SG	ngí hodu
ho²-du	V;PFV;2;SG	gá nhyodu
ho²-du	V;PFV;3;SG	bi nhyodu
ho²-du	V;PRF;PRS;1;SG	stá nhyodu
ho²-du	V;PRF;PRS;3;SG	xa nhyodu
ho²-du	V;PRF;PST;1	stí nhyodu
ho²-du	V;PRF;PST;3	xki nhyodu
ho²-du	V;IRR;1;SG	ga ho-du
ho²-du	V;IRR;2;SG	gi ho-du
xọ²ge	V;PFV;3;SG	bi xọge
xọ²ge	V;PRF;PST;3	xki xọge
xọ²ge	V;IRR;3;SG	da xọge
mbe¹²ni	V;IPFV;PRS;1;SG	dí mbe¹²ni
mbe¹²ni	V;IPFV;PRS;2;SG	gí mbe¹²ni
mbe¹²ni	V;IPFV;PRS;3;SG	mbe¹²ni
mbe¹²ni	V;IPFV;PST;1;SG	ndí mbe¹²ni
mbe¹²ni	V;IPFV;PST;2;SG	ngí mbe¹²ni
mbe¹²ni	V;IPFV;PST;3;SG	mí mbe¹²ni
mbe¹²ni	V;PRF;PRS;1;SG	stá mbe¹²ni
mbe¹²ni	V;PRF;PRS;2;SG	xká mbe¹²ni
mbe¹²ni	V;PRF;PST;1	stí mbe¹²ni
mbe¹²ni	V;PRF;PST;2	xkí mbe¹²ni
mbe¹²ni	V;PRF;PST;3	xki mbe¹²ni
mbe¹²ni	V;IRR;2;SG	gi mbe¹²ni
ʔro²ts’i	V;IPFV;PRS;1;SG	dí ʔro²ts’i
ʔro²ts’i	V;IPFV;PST;2;SG	ngí ʔro²ts’i
ʔro²ts’i	V;IPFV;PST;3;SG	mí ʔro²ts’i
ʔro²ts’i	V;PFV;1;SG	dá ʔro²ts’i
ʔro²ts’i	V;PFV;2;SG	gá ʔro²ts’i
ʔro²ts’i	V;PFV;3;SG	bi ʔrots’i
ʔro²ts’i	V;PRF;PRS;1;SG	stá ʔro²ts’i
ʔro²ts’i	V;PRF;PRS;2;SG	xká ʔro²ts’i
ʔro²ts’i	V;PRF;PRS;3;SG	xa ʔro²ts’i
ʔro²ts’i	V;PRF;PST;2	xkí ʔro²ts’i
ʔro²ts’i	V;PRF;PST;3	xki ʔrots’i
ʔro²ts’i	V;IRR;1;SG	ga ʔro²ts’i
ʔro²ts’i	V;IRR;2;SG	gi ʔro²ts’i
bụnt’i	V;IPFV;PRS;2;SG	gí bụnt’i
bụnt’i	V;IPFV;PST;1;SG	ndí bụnt’i
bụnt’i	V;IPFV;PST;3;SG	mí bụnt’i
bụnt’i	V;PFV;1;SG	dá bụnt’i
bụnt’i	V;PFV;3;SG	bi mbụnt’i
bụnt’i	V;PRF;PRS;2;SG	xká bụnt’i
bụnt’i	V;PRF;PRS;3;SG	xa bụnt’i
bụnt’i	V;PRF;PST;1	stí bụnt’i
bụnt’i	V;PRF;PST;3	xki mbụnt’i
bụnt’i	V;IRR;3;SG	da bụnt’i
tsa²-ya	V;IPFV;PRS;1;SG	dí tsaya
tsa²-ya	V;IPFV;PRS;3;SG	tsaya
tsa²-ya	V;IPFV;PST;1;SG	ndí tsaya
tsa²-ya	V;IPFV;PST;2;SG	ngí tsa-ya
tsa²-ya	V;PFV;1;SG	dá tsaya
tsa²-ya	V;PFV;2;SG	gá tsaya
tsa²-ya	V;PRF;PRS;2;SG	xká tsaya
tsa²-ya	V;PRF;PST;1	stí ntsa-ya
tsa²-ya	V;PRF;PST;2	xkí tsaya
tsa²-ya	V;IRR;3;SG	da tsaya
hä²kua²bi	V;IPFV;PRS;2;SG	gí häkua²bi
hä²kua²bi	V;IPFV;PST;3;SG	mí häkua²bi
hä²kua²bi	V;PFV;1;SG	dá hñäkua²bi
hä²kua²bi	V;PRF;PRS;2;SG	xká hñä²kua²bi
hä²kua²bi	V;PRF;PRS;3;SG	xa hñä²kua²bi
hä²kua²bi	V;PRF;PST;2	xkí hñäkua²bi
hä²kua²bi	V;PRF;PST;3	xki hñäkua²bi
hä²kua²bi	V;IRR;3;SG	da hñäkua²bi
po¹²nt’a²-ʔyẹ	V;IPFV;PRS;1;SG	dí po¹²nt’a²-ʔyẹ
po¹²nt’a²-ʔyẹ	V;IPFV;PRS;2;SG	gí po¹²nt’a²-ʔyẹ
po¹²nt’a²-ʔyẹ	V;IPFV;PST;2;SG	ngí po¹²nt’a²-ʔyẹ
po¹²nt’a²-ʔyẹ	V;PFV;1;SG	dá po¹²nt’a²-ʔyẹ
po¹²nt’a²-ʔyẹ	V;PFV;2;SG	gá po¹²nt’a²-ʔyẹ
po¹²nt’a²-ʔyẹ	V;PRF;PRS;1;SG	stá po¹²nt’a²-ʔyẹ
po¹²nt’a²-ʔyẹ	V;PRF;PRS;2;SG	xká po¹²nt’a²-ʔyẹ
po¹²nt’a²-ʔyẹ	V;PRF;PRS;3;SG	xa mont’a²-ʔyẹ
po¹²nt’a²-ʔyẹ	V;IRR;2;SG	gi po¹²nt’a²-ʔyẹ
hñä²mbä-ndä	V;IPFV;PRS;3;SG	hñämb-ndä
hñä²mbä-ndä	V;IPFV;PST;1;SG	ndí hñämb-ndä
hñä²mbä-ndä	V;IPFV;PST;3;SG	mí hñä²mbä-ndä
hñä²mbä-ndä	V;PFV;1;SG	dá hñämb-ndä
hñä²mbä-ndä	V;PFV;2;SG	gá hñämb-ndä
hñä²mbä-ndä	V;PFV;3;SG	bi hñämb-ndä
hñä²mbä-ndä	V;PRF;PRS;1;SG	stá hñämb-ndä
hñä²mbä-ndä	V;PRF;PRS;2;SG	xká hñämb-ndä
hñä²mbä-ndä	V;PRF;PRS;3;SG	xa hñämb-ndä
hñä²mbä-ndä	V;PRF;PST;1	stí hñämb-ndä
hñä²mbä-ndä	V;PRF;PST;2	xkí hñämb-ndä
hñä²mbä-ndä	V;PRF;PST;3	xki hñämb-ndä
hñä²mbä-ndä	V;IRR;3;SG	da hñämb-ndä
ʔui²-thä	V;IPFV;PRS;1;SG	dí ʔui²-thä
ʔui²-thä	V;IPFV;PRS;3;SG	ʔui²-thä
ʔui²-thä	V;IPFV;PST;1;SG	ndí ʔui²-thä
ʔui²-thä	V;IPFV;PST;2;SG	ngí ʔui²-thä
ʔui²-thä	V;IPFV;PST;3;SG	mí ʔui²-thä
ʔui²-thä	V;PFV;3;SG	bi ʔui²-thä
ʔui²-thä	V;PRF;PRS;3;SG	xa ʔui²-thä
ʔui²-thä	V;PRF;PST;2	xkí ʔui²-thä
ʔui²-thä	V;PRF;PST;3	xki ʔui²-thä
ʔui²-thä	V;IRR;3;SG	da ʔui²-thä
emei	V;IPFV;PRS;2;SG	gí mei
emei	V;IPFV;PRS;3;SG	ʔemei
emei	V;PFV;1;SG	dá mei
emei	V;PFV;2;SG	gá ʔyemei
emei	V;PFV;3;SG	bi ʔyemei
emei	V;PRF;PRS;1;SG	smei
emei	V;PRF;PRS;3;SG	xa mei
emei	V;PRF;PST;1	smei
emei	V;IRR;1;SG	ga mei
xa²ha	V;IPFV;PRS;2;SG	gí xaha
xa²ha	V;IPFV;PRS;3;SG	xaha
xa²ha	V;IPFV;PST;3;SG	mí xaha
xa²ha	V;PFV;1;SG	dá nxaha
xa²ha	V;PFV;2;SG	gá nxaha
xa²ha	V;PRF;PRS;1;SG	stá nxaha
xa²ha	V;PRF;PST;1	stí nxaha
xa²ha	V;PRF;PST;2	xkí nxaha
xa²ha	V;PRF;PST;3	xki nxaha
xa²ha	V;IRR;2;SG	gi nxaha
xa²ha	V;IRR;3;SG	da nxaha
hẹ²ʔti	V;IPFV;PRS;1;SG	dí hẹʔti
hẹ²ʔti	V;IPFV;PRS;3;SG	hẹʔti
hẹ²ʔti	V;IPFV;PST;3;SG	mí hẹʔti
hẹ²ʔti	V;PFV;1;SG	dá nhyẹʔti
hẹ²ʔti	V;PFV;2;SG	gá nhyẹʔti
hẹ²ʔti	V;PRF;PRS;2;SG	xká nhyẹʔti
hẹ²ʔti	V;PRF;PST;1	stí nhyẹʔti
hẹ²ʔti	V;PRF;PST;2	xkí nhyẹʔti
hẹ²ʔti	V;PRF;PST;3	xki hyẹʔti
hẹ²ʔti	V;IRR;1;SG	ga nhyẹʔti
hẹ²ʔti	V;IRR;2;SG	gi nhyẹʔti
hẹ²ʔti	V;IRR;3;SG	da nhyẹʔti
ue²ni	V;IPFV;PRS;2;SG	gí ʔue²ni
ue²ni	V;IPFV;PST;1;SG	ndí ʔue²ni
ue²ni	V;IPFV;PST;2;SG	ngí ue²ni
ue²ni	V;IPFV;PST;3;SG	mí ue²ni
ue²ni	V;PFV;1;SG	dá ue²ni
ue²ni	V;PFV;3;SG	bi ue²ni
ue²ni	V;PRF;PRS;2;SG	xká ʔue²ni
ue²ni	V;PRF;PST;2	xkí ue²ni
ue²ni	V;PRF;PST;3	xki ʔue²ni
ue²ni	V;IRR;2;SG	gi ue²ni
ue²ni	V;IRR;3;SG	da ue²ni
ha¹²t-hmi	V;IPFV;PRS;1;SG	dí hat-hmi
ha¹²t-hmi	V;IPFV;PRS;2;SG	gí hat-hmi
ha¹²t-hmi	V;IPFV;PRS;3;SG	ha¹²t-hmi
ha¹²t-hmi	V;IPFV;PST;1;SG	ndí hat-hmi
ha¹²t-hmi	V;IPFV;PST;3;SG	mí hat-hmi
ha¹²t-hmi	V;PFV;1;SG	dá hat-hmi
ha¹²t-hmi	V;PFV;3;SG	bi hyat-hmi
ha¹²t-hmi	V;PRF;PRS;2;SG	xká hyat-hmi
ha¹²t-hmi	V;PRF;PST;2	xkí hyat-hmi
ha¹²t-hmi	V;PRF;PST;3	xki hyat-hmi
ha¹²t-hmi	V;IRR;2;SG	gi hyat-hmi
ä²t’i	V;IPFV;PRS;2;SG	gí ²t’i
ä²t’i	V;IPFV;PRS;3;SG	ʔä²t’i
ä²t’i	V;IPFV;PST;1;SG	n²t’i
ä²t’i	V;IPFV;PST;3;SG	mí ²t’i
ä²t’i	V;PFV;1;SG	dá ²t’i
ä²t’i	V;PFV;2;SG	gá ²t’i
ä²t’i	V;PRF;PST;1	s²t’i
ä²t’i	V;PRF;PST;2	xkí ʔñä²t’i
ä²t’i	V;PRF;PST;3	x²t’i
ä²t’i	V;IRR;2;SG	gi ʔñä²t’i
ä²t’i	V;IRR;3;SG	da ²t’i
nt’ọʔtse	V;IPFV;PRS;1;SG	dí nt’ọʔtse
nt’ọʔtse	V;IPFV;PRS;3;SG	nt’ọʔtse
nt’ọʔtse	V;IPFV;PST;1;SG	ndí nt’ọʔtse
nt’ọʔtse	V;IPFV;PST;2;SG	ngí nt’ọʔtse
nt’ọʔtse	V;PFV;1;SG	dá nt’ọʔtse
nt’ọʔtse	V;PFV;2;SG	gá nt’ọʔtse
nt’ọʔtse	V;PRF;PRS;1;SG	stá nt’ọʔtse
nt’ọʔtse	V;PRF;PRS;2;SG	xká nt’ọʔtse
nt’ọʔtse	V;PRF;PRS;3;SG	xa nt’ọʔtse
nt’ọʔtse	V;PRF;PST;1	stí nt’ọʔtse
nt’ọʔtse	V;PRF;PST;2	xkí nt’ọʔtse
nt’ọʔtse	V;IRR;2;SG	gi nt’ọʔtse
nt’ọʔtse	V;IRR;3;SG	da nt’ọʔtse
nä¹²-nä	V;IPFV;PRS;3;SG	nä¹²-nä
nä¹²-nä	V;IPFV;PST;1;SG	ndí nä¹²-nä
nä¹²-nä	V;IPFV;PST;2;SG	ngí nä¹²-nä
nä¹²-nä	V;IPFV;PST;3;SG	mí nä¹²-nä
nä¹²-nä	V;PFV;1;SG	dá nä¹²-nä
nä¹²-nä	V;PRF;PRS;1;SG	stá nä¹²-nä
nä¹²-nä	V;PRF;PRS;2;SG	xká nä¹²-nä
nä¹²-nä	V;PRF;PRS;3;SG	xa nä¹²-nä
nä¹²-nä	V;PRF;PST;1	stí nä¹²-nä
nä¹²-nä	V;PRF;PST;2	xkí nä¹²-nä
nä¹²-nä	V;PRF;PST;3	xki nä¹²-nä
nä¹²-nä	V;IRR;1;SG	ga nä¹²-nä
nä¹²-nä	V;IRR;2;SG	gi nä¹²-nä
nä¹²-nä	V;IRR;3;SG	da nä¹²-nä
thụ²t’i	V;IPFV;PRS;1;SG	dí thụ²t’i
thụ²t’i	V;IPFV;PST;1;SG	ndí thụ²t’i
thụ²t’i	V;IPFV;PST;2;SG	ngí thụ²t’i
thụ²t’i	V;PRF;PRS;2;SG	xká thụ²t’i
thụ²t’i	V;PRF;PST;1	stí thụ²t’i
thụ²t’i	V;PRF;PST;2	xkí thụ²t’i
thụ²t’i	V;PRF;PST;3	xki thụ²t’i
thụ²t’i	V;IRR;1;SG	ga thụ²t’i
thụ²t’i	V;IRR;2;SG	gi thụ²t’i
xoʔti	V;IPFV;PRS;1;SG	dí xoʔti
xoʔti	V;IPFV;PRS;2;SG	gí xoʔti
xoʔti	V;IPFV;PRS;3;SG	xoʔti
xoʔti	V;IPFV;PST;2;SG	ngí xoʔti
xoʔti	V;IPFV;PST;3;SG	mí xoʔti
xoʔti	V;PFV;2;SG	gá xoʔti
xoʔti	V;PRF;PRS;1;SG	stá nxoʔti
xoʔti	V;PRF;PST;2	xkí xoʔti
xoʔti	V;PRF;PST;3	xki xoʔti
xoʔti	V;IRR;1;SG	ga xoʔti
o²di	V;IPFV;PRS;1;SG	dí ʔodi
o²di	V;IPFV;PRS;2;SG	gí ʔodi
o²di	V;IPFV;PRS;3;SG	ʔodi
o²di	V;IPFV;PST;3;SG	mí ʔodi
o²di	V;PFV;3;SG	bi ʔyodi
o²di	V;PRF;PRS;1;SG	stá ʔñodi
o²di	V;PRF;PRS;2;SG	xk²di
o²di	V;PRF;PRS;3;SG	xa ʔyodi
o²di	V;PRF;PST;1	s²di
o²di	V;PRF;PST;3	xki ʔyodi
k’ẹ²ʔti	V;IPFV;PRS;1;SG	dí k’ẹ²ʔti
k’ẹ²ʔti	V;IPFV;PRS;3;SG	k’ẹ²ʔti
k’ẹ²ʔti	V;IPFV;PST;3;SG	mí k’ẹ²ʔti
k’ẹ²ʔti	V;PFV;1;SG	dá k’ẹ²ʔti
k’ẹ²ʔti	V;PFV;2;SG	gá k’ẹ²ʔti
k’ẹ²ʔti	V;PRF;PRS;2;SG	xká k’ẹ²ʔti
k’ẹ²ʔti	V;PRF;PRS;3;SG	xa k’ẹ²ʔti
k’ẹ²ʔti	V;PRF;PST;1	stí k’ẹ²ʔti
k’ẹ²ʔti	V;PRF;PST;3	xki k’ẹ²ʔti
k’ẹ²ʔti	V;IRR;1;SG	ga k’ẹ²ʔti
k’ẹ²ʔti	V;IRR;2;SG	gi k’ẹ²ʔti
k’ẹ²ʔti	V;IRR;3;SG	da k’ẹ²ʔti
tsu¹²st’i	V;IPFV;PRS;2;SG	gí tsust’i
tsu¹²st’i	V;IPFV;PRS;3;SG	tsu¹²st’i
tsu¹²st’i	V;IPFV;PST;1;SG	ndí tsust’i
tsu¹²st’i	V;IPFV;PST;2;SG	ngí tsu¹²st’i
tsu¹²st’i	V;IPFV;PST;3;SG	mí tsu¹²st’i
tsu¹²st’i	V;PFV;1;SG	dá tsust’i
tsu¹²st’i	V;PFV;3;SG	bi tsust’i
tsu¹²st’i	V;PRF;PRS;1;SG	stá tsust’i
tsu¹²st’i	V;PRF;PRS;3;SG	xa tsust’i
tsu¹²st’i	V;IRR;3;SG	da tsust’i
be¹²he	V;IPFV;PST;3;SG	mí be¹²he
be¹²he	V;PFV;2;SG	gá behe
be¹²he	V;PRF;PST;1	stí behe
be¹²he	V;PRF;PST;2	xkí behe
be¹²he	V;PRF;PST;3	xki behe
be¹²he	V;IRR;1;SG	ga behe
be¹²he	V;IRR;2;SG	gi behe
xi²s-te¹²he	V;IPFV;PRS;1;SG	dí xis-te¹²he
xi²s-te¹²he	V;IPFV;PRS;2;SG	gí xis-te¹²he
xi²s-te¹²he	V;IPFV;PST;2;SG	ngí xis-te¹²he
xi²s-te¹²he	V;IPFV;PST;3;SG	mí xis-te¹²he
xi²s-te¹²he	V;PFV;1;SG	dá xis-te¹²he
xi²s-te¹²he	V;PFV;2;SG	gá xis-te¹²he
xi²s-te¹²he	V;PFV;3;SG	bi xis-te¹²he
xi²s-te¹²he	V;PRF;PRS;3;SG	xa xis-te¹²he
xi²s-te¹²he	V;PRF;PST;2	xkí xis-te¹²he
xi²s-te¹²he	V;IRR;3;SG	da xis-te¹²he
xä¹²ki	V;IPFV;PRS;3;SG	xäki
xä¹²ki	V;IPFV;PST;2;SG	ngí xä¹²ki
xä¹²ki	V;IPFV;PST;3;SG	mí xäki
xä¹²ki	V;PFV;1;SG	dá xäki
xä¹²ki	V;PFV;2;SG	gá xäki
xä¹²ki	V;PFV;3;SG	bi xäki
xä¹²ki	V;PRF;PRS;1;SG	stá xäki
xä¹²ki	V;PRF;PRS;2;SG	xká xäki
xä¹²ki	V;PRF;PRS;3;SG	xa xäki
xä¹²ki	V;PRF;PST;2	xkí xäki
xä¹²ki	V;PRF;PST;3	xki xäki
xä¹²ki	V;IRR;1;SG	ga xäki
xä¹²ki	V;IRR;2;SG	gi xäki
xä¹²ki	V;IRR;3;SG	da xäki
xä¹²ki	V;IPFV;PRS;2;SG	gí xäki
xä¹²ki	V;IPFV;PRS;3;SG	xäki
xä¹²ki	V;IPFV;PST;1;SG	ndí xäki
xä¹²ki	V;IPFV;PST;2;SG	ngí xä¹²ki
xä¹²ki	V;PFV;1;SG	dá xäki
xä¹²ki	V;PFV;2;SG	gá xäki
xä¹²ki	V;PFV;3;SG	bi xäki
xä¹²ki	V;PRF;PRS;1;SG	stá xäki
xä¹²ki	V;PRF;PRS;3;SG	xa xäki
xä¹²ki	V;PRF;PST;2	xkí xäki
xä¹²ki	V;IRR;1;SG	ga xäki
heki	V;IPFV;PRS;1;SG	dí heki
heki	V;IPFV;PRS;2;SG	gí hëki
heki	V;IPFV;PRS;3;SG	hëki
heki	V;IPFV;PST;2;SG	ngí heki
heki	V;IPFV;PST;3;SG	mí heki
heki	V;PFV;1;SG	dá heki
heki	V;PFV;2;SG	gá hñëki
heki	V;PFV;3;SG	bi hyeki
heki	V;PRF;PRS;2;SG	xká hyeki
heki	V;PRF;PRS;3;SG	xa hyeki
heki	V;PRF;PST;1	stí heki
heki	V;PRF;PST;3	xki hyeki
heki	V;IRR;1;SG	ga heki
heki	V;IRR;2;SG	gi hyeki
heki	V;IRR;3;SG	da hyeki
họ²x-yä	V;IPFV;PRS;1;SG	dí họ²x-yä
họ²x-yä	V;IPFV;PRS;2;SG	gí họ²x-yä
họ²x-yä	V;IPFV;PST;2;SG	ngí họ²x-yä
họ²x-yä	V;PFV;1;SG	dá họ²x-yä
họ²x-yä	V;PFV;2;SG	gá họ²x-yä
họ²x-yä	V;PRF;PRS;2;SG	xká họ²x-yä
họ²x-yä	V;PRF;PRS;3;SG	xa nhyọx-yä
họ²x-yä	V;PRF;PST;1	stí họ²x-yä
họ²x-yä	V;PRF;PST;2	xkí họ²x-yä
họ²x-yä	V;PRF;PST;3	xki họ²x-yä
hño¹²ga²-ñʔọde	V;IPFV;PST;2;SG	ngí hñogañʔọde
hño¹²ga²-ñʔọde	V;IPFV;PST;3;SG	mí hñogañʔọde
hño¹²ga²-ñʔọde	V;PFV;2;SG	gá hñogañʔọde
hño¹²ga²-ñʔọde	V;PFV;3;SG	bi hñogañʔọde
hño¹²ga²-ñʔọde	V;PRF;PRS;1;SG	stá hñogañʔọde
hño¹²ga²-ñʔọde	V;PRF;PRS;2;SG	xká hño¹²ga²-ñʔọde
hño¹²ga²-ñʔọde	V;PRF;PRS;3;SG	xa hñogañʔọde
hño¹²ga²-ñʔọde	V;PRF;PST;2	xkí hñogañʔọde
hño¹²ga²-ñʔọde	V;PRF;PST;3	xki hñogañʔọde
hño¹²ga²-ñʔọde	V;IRR;1;SG	ga hñogañʔọde
hño¹²ga²-ñʔọde	V;IRR;3;SG	da hño¹²ga²-ñʔọde
mfọ²hni	V;IPFV;PRS;3;SG	mfọhni
mfọ²hni	V;IPFV;PST;3;SG	mí mfọhni
mfọ²hni	V;PRF;PRS;3;SG	xa mfọhni
mfọ²hni	V;PRF;PST;3	xki mfọhni
mbọ-t’o	V;PFV;3;SG	bi mbọt’o
mbọ-t’o	V;PRF;PST;3	xki mbọt’o
hya²ʔnga	V;IPFV;PRS;1;SG	dí hya²ʔnga
hya²ʔnga	V;IPFV;PRS;2;SG	gí hya²ʔnga
hya²ʔnga	V;IPFV;PST;2;SG	ngí hya²ʔnga
hya²ʔnga	V;PFV;1;SG	dá hya²ʔnga
hya²ʔnga	V;PFV;2;SG	gá hya²ʔnga
hya²ʔnga	V;PRF;PRS;1;SG	stá hya²ʔnga
hya²ʔnga	V;PRF;PRS;2;SG	xká hya²ʔnga
hya²ʔnga	V;PRF;PST;1	stí hya²ʔnga
hya²ʔnga	V;IRR;3;SG	da hya²ʔnga
ti¹²hi	V;IPFV;PRS;2;SG	gí tihi
ti¹²hi	V;IPFV;PRS;3;SG	tihi
ti¹²hi	V;IPFV;PST;1;SG	ndí tihi
ti¹²hi	V;IPFV;PST;2;SG	ngí tihi
ti¹²hi	V;PFV;2;SG	gá ti¹²hi
ti¹²hi	V;PFV;3;SG	bi tihi
ti¹²hi	V;PRF;PRS;1;SG	stá tihi
ti¹²hi	V;PRF;PRS;2;SG	xká tihi
ti¹²hi	V;PRF;PRS;3;SG	xa tihi
ti¹²hi	V;PRF;PST;2	xkí tihi
ti¹²hi	V;PRF;PST;3	xki thi
ti¹²hi	V;IRR;1;SG	ga tihi
ti¹²hi	V;IRR;2;SG	gi tihi
ti¹²hi	V;IRR;3;SG	da thi
dụ²-zụ	V;IPFV;PRS;1;SG	dí dụ²-zụ
dụ²-zụ	V;IPFV;PRS;2;SG	gí dụ²-zụ
dụ²-zụ	V;IPFV;PRS;3;SG	dụ²-zụ
dụ²-zụ	V;IPFV;PST;2;SG	ngí dụ²-zụ
dụ²-zụ	V;PFV;1;SG	dá dụ²-zụ
dụ²-zụ	V;PRF;PRS;1;SG	stá dụ²-zụ
dụ²-zụ	V;PRF;PRS;3;SG	xa dụ²-zụ
dụ²-zụ	V;PRF;PST;1	stí dụ²-zụ
dụ²-zụ	V;PRF;PST;2	xkí dụ²-zụ
dụ²-zụ	V;IRR;1;SG	ga dụ²-zụ
dụ²-zụ	V;IRR;2;SG	gi dụ²-zụ
dụ²-zụ	V;IRR;3;SG	da dụ²-zụ
nthụ²ni	V;IPFV;PST;3;SG	mí nthụ²ni
nthụ²ni	V;PRF;PRS;3;SG	xa nthụ²ni
nja	V;IPFV;PST;3;SG	mí nja
nja	V;IRR;3;SG	da nja
ya¹²ʔtsi	V;IPFV;PRS;1;SG	dí ya¹²ʔtsi
ya¹²ʔtsi	V;IPFV;PRS;2;SG	gí ya¹²ʔtsi
ya¹²ʔtsi	V;IPFV;PST;1;SG	ndí ya¹²ʔtsi
ya¹²ʔtsi	V;IPFV;PST;3;SG	mí ya¹²ʔtsi
ya¹²ʔtsi	V;PFV;1;SG	dá ya¹²ʔtsi
ya¹²ʔtsi	V;PRF;PRS;2;SG	xká ya¹²ʔtsi
ya¹²ʔtsi	V;PRF;PRS;3;SG	xa ya¹²ʔtsi
ya¹²ʔtsi	V;PRF;PST;1	stí ya¹²ʔtsi
ya¹²ʔtsi	V;PRF;PST;3	xki ya¹²ʔtsi
ya¹²ʔtsi	V;IRR;1;SG	ga ya¹²ʔtsi
ya¹²ʔtsi	V;IRR;3;SG	da ya¹²ʔtsi
bä²tsi	V;IPFV;PRS;1;SG	dí bä²tsi
bä²tsi	V;IPFV;PRS;2;SG	gí bä²tsi
bä²tsi	V;IPFV;PRS;3;SG	bä²tsi
bä²tsi	V;IPFV;PST;3;SG	mí bä²tsi
bä²tsi	V;PFV;1;SG	dá bä²tsi
bä²tsi	V;PFV;2;SG	gá bä²tsi
bä²tsi	V;PFV;3;SG	bä²tsi
bä²tsi	V;PRF;PRS;1;SG	stá bä²tsi
bä²tsi	V;PRF;PRS;3;SG	xa bä²tsi
bä²tsi	V;PRF;PST;2	xkí bä²tsi
bä²tsi	V;IRR;1;SG	ga bä²tsi
ʔna²-ʔyo	V;IPFV;PRS;1;SG	dí ʔna²-ʔyo
ʔna²-ʔyo	V;IPFV;PRS;2;SG	gí ʔna²-ʔyo
ʔna²-ʔyo	V;IPFV;PRS;3;SG	ʔna²-ʔyo
ʔna²-ʔyo	V;IPFV;PST;1;SG	ndí ʔna²-ʔyo
ʔna²-ʔyo	V;IPFV;PST;2;SG	ngí ʔna²-ʔyo
ʔna²-ʔyo	V;IPFV;PST;3;SG	mí ʔna²-ʔyo
ʔna²-ʔyo	V;PFV;1;SG	dá ʔna²-ʔyo
ʔna²-ʔyo	V;PFV;2;SG	gá ʔna²-ʔyo
ʔna²-ʔyo	V;PRF;PRS;3;SG	xa ʔna²-ʔyo
ʔna²-ʔyo	V;PRF;PST;3	xki ʔna²-ʔyo
ʔra²-nxu	V;IPFV;PRS;2;SG	gí ʔranxu
ʔra²-nxu	V;IPFV;PST;2;SG	ngí ʔranxu
ʔra²-nxu	V;IPFV;PST;3;SG	mí ʔra²-nxu
ʔra²-nxu	V;PFV;2;SG	gá ʔranxu
ʔra²-nxu	V;PRF;PRS;1;SG	stá ʔranxu
ʔra²-nxu	V;PRF;PRS;2;SG	xká ʔranxu
ʔra²-nxu	V;PRF;PST;2	xkí ʔranxu
ʔra²-nxu	V;PRF;PST;3	xki ʔranxu
ʔra²-nxu	V;IRR;1;SG	ga ʔranxu
ʔra²-nxu	V;IRR;2;SG	gi ʔra²-nxu
ʔra²-nxu	V;IRR;3;SG	da ʔranxu
fọt’e	V;IPFV;PST;1;SG	ndí fọt’e
fọt’e	V;IPFV;PST;2;SG	ngí fọt’e
fọt’e	V;PFV;3;SG	bi fọt’e
fọt’e	V;PRF;PRS;1;SG	stá fọt’e
fọt’e	V;PRF;PRS;2;SG	xká fọt’e
fọt’e	V;PRF;PRS;3;SG	xa fọt’e
fọt’e	V;PRF;PST;1	stí fọt’e
fọt’e	V;IRR;1;SG	ga fọt’e
fọt’e	V;IRR;2;SG	gi fọt’e
foti	V;IPFV;PRS;1;SG	dí foti
foti	V;IPFV;PRS;3;SG	foti
foti	V;PFV;1;SG	dá foti
foti	V;PFV;3;SG	bi foti
foti	V;PRF;PRS;2;SG	xká foti
foti	V;PRF;PRS;3;SG	xa foti
foti	V;IRR;1;SG	ga foti
foti	V;IRR;2;SG	gi foti
tai	V;IPFV;PRS;1;SG	dí tai
tai	V;IPFV;PRS;2;SG	gí tai
tai	V;IPFV;PRS;3;SG	tai
tai	V;IPFV;PST;2;SG	ngí tai
tai	V;PFV;3;SG	bi tai
tai	V;PRF;PRS;1;SG	stá tai
tai	V;PRF;PRS;3;SG	xa i
tai	V;PRF;PST;3	xki dai
tai	V;IRR;3;SG	da i
nthu²ki	V;IPFV;PRS;1;SG	dí nthu²ki
nthu²ki	V;IPFV;PRS;2;SG	gí nthu²ki
nthu²ki	V;IPFV;PST;1;SG	ndí nthu²ki
nthu²ki	V;IPFV;PST;2;SG	ngí nthu²ki
nthu²ki	V;IPFV;PST;3;SG	mí nthu²ki
nthu²ki	V;PFV;1;SG	dá nthu²ki
nthu²ki	V;PRF;PRS;1;SG	stá nthu²ki
nthu²ki	V;PRF;PRS;2;SG	xká nthu²ki
nthu²ki	V;PRF;PST;1	stí nthu²ki
nthu²ki	V;PRF;PST;3	xki nthu²ki
nthu²ki	V;IRR;1;SG	ga nthu²ki
nthu²ki	V;IRR;3;SG	da nthu²ki
tsụ²-t’yụi	V;IPFV;PRS;1;SG	dí tsụt’yụi
tsụ²-t’yụi	V;IPFV;PRS;3;SG	tsụt’yụi
tsụ²-t’yụi	V;IPFV;PST;1;SG	ndí tsụt’yụi
tsụ²-t’yụi	V;PFV;3;SG	bi ntsụt’yụi
tsụ²-t’yụi	V;PRF;PRS;1;SG	stá ntsụt’yụi
tsụ²-t’yụi	V;PRF;PRS;2;SG	xká ntsụt’yụi
tsụ²-t’yụi	V;PRF;PRS;3;SG	xa ntsụt’yụi
tsụ²-t’yụi	V;PRF;PST;1	stí ntsụt’yụi
tsụ²-t’yụi	V;IRR;1;SG	ga tsụ-t’yụi
tsụ²-t’yụi	V;IRR;2;SG	gi ntsụt’yụi
tsụ²-t’yụi	V;IRR;3;SG	da ntsụt’yụi
kä¹²	V;IPFV;PST;3;SG	mí kä¹²
kä¹²	V;PFV;3;SG	bi gä¹²
kä¹²	V;PRF;PST;3	xki gä¹²
kä¹²	V;PRF;PRS;3;SG	xa gä¹²
kä¹²	V;PRF;PST;3	xki gä¹²
kä¹²	V;IRR;3;SG	da gä¹²
njot’i	V;IPFV;PRS;1;SG	dí njot’i
njot’i	V;IPFV;PRS;2;SG	gí njot’i
njot’i	V;IPFV;PRS;3;SG	njot’i
njot’i	V;IPFV;PST;1;SG	ndí njot’i
njot’i	V;IPFV;PST;2;SG	ngí njot’i
njot’i	V;PFV;1;SG	dá njot’i
njot’i	V;PFV;3;SG	bi njot’i
njot’i	V;PRF;PRS;3;SG	xa njot’i
njot’i	V;IRR;2;SG	gi njot’i
njot’i	V;IRR;3;SG	da njot’i
hño²-sẹ	V;IPFV;PRS;1;SG	dí hño²-sẹ
hño²-sẹ	V;IPFV;PRS;2;SG	gí hño²-sẹ
hño²-sẹ	V;IPFV;PRS;3;SG	hño²-sẹ
hño²-sẹ	V;IPFV;PST;1;SG	ndí hño²-sẹ
hño²-sẹ	V;IPFV;PST;2;SG	ngí hño²-sẹ
hño²-sẹ	V;PFV;2;SG	gá hño²-sẹ
hño²-sẹ	V;PFV;3;SG	bi hño²-sẹ
hño²-sẹ	V;PRF;PRS;1;SG	stá hño²-sẹ
hño²-sẹ	V;PRF;PST;1	stí hño²-sẹ
hño²-sẹ	V;PRF;PST;3	xki hño²-sẹ
hño²-sẹ	V;IRR;3;SG	da hño²-sẹ
thẹ¹²nt’i	V;IPFV;PRS;3;SG	thẹ¹²nt’i
thẹ¹²nt’i	V;PFV;3;SG	bi thẹ¹²nt’i
thẹ¹²nt’i	V;PRF;PRS;3;SG	xa thẹ¹²nt’i
thẹ¹²nt’i	V;PRF;PST;3	xki thẹ¹²nt’i
thẹ¹²nt’i	V;IRR;3;SG	da thẹ¹²nt’i
pẹ²xni	V;IPFV;PRS;1;SG	dí pẹxni
pẹ²xni	V;IPFV;PST;2;SG	ngí pẹxni
pẹ²xni	V;IPFV;PST;3;SG	mí pẹxni
pẹ²xni	V;PFV;1;SG	dá pẹxni
pẹ²xni	V;PFV;2;SG	gá pẹxni
pẹ²xni	V;PFV;3;SG	bi pẹxni
pẹ²xni	V;PRF;PRS;1;SG	stá pẹxni
pẹ²xni	V;PRF;PRS;3;SG	xa pẹxni
pẹ²xni	V;PRF;PST;1	stí pẹxni
pẹ²xni	V;IRR;2;SG	gi pẹxni
to²t’i	V;IPFV;PRS;3;SG	to²t’i
to²t’i	V;IPFV;PST;3;SG	mí to²t’i
to²t’i	V;PFV;3;SG	bi to²t’i
to²t’i	V;PRF;PST;3	xki to²t’i
to²t’i	V;IRR;3;SG	da to²t’i
tsụ¹²	V;IPFV;PRS;1;SG	dí tsụ
tsụ¹²	V;IPFV;PRS;2;SG	gí tsụ
tsụ¹²	V;IPFV;PST;1;SG	ndí tsụ
tsụ¹²	V;PFV;1;SG	dá ntsụ
tsụ¹²	V;PFV;2;SG	gá ntsụ
tsụ¹²	V;PRF;PRS;1;SG	stá nts
tsụ¹²	V;PRF;PRS;2;SG	xká ntsụ
tsụ¹²	V;PRF;PST;1	stí nts
tsụ¹²	V;PRF;PST;3	xki ntsụ
tsụ¹²	V;IRR;1;SG	ga ntsụ¹²
tsụ¹²	V;IRR;2;SG	gi ntsụ
ʔui²	V;IPFV;PST;1;SG	ndí ʔui²
ʔui²	V;IPFV;PST;2;SG	ngí ʔui²
ʔui²	V;IPFV;PST;3;SG	mí ʔui²
ʔui²	V;PFV;1;SG	dá ʔui²
ʔui²	V;PFV;3;SG	bi ʔui²
ʔui²	V;PRF;PRS;1;SG	stá ʔui²
ʔui²	V;PRF;PRS;3;SG	xa ʔui²
tho²ʔtsi	V;IPFV;PRS;1;SG	dí thoʔtsi
tho²ʔtsi	V;IPFV;PRS;3;SG	thoʔtsi
tho²ʔtsi	V;PFV;2;SG	gá thoʔtsi
tho²ʔtsi	V;PFV;3;SG	bi thoʔtsi
tho²ʔtsi	V;PRF;PST;2	xkí thoʔtsi
tho²ʔtsi	V;IRR;2;SG	gi thoʔtsi
ʔyọ²ke	V;IPFV;PRS;1;SG	dí ʔyọ²ke
ʔyọ²ke	V;IPFV;PST;2;SG	ngí ʔyọ²ke
ʔyọ²ke	V;IPFV;PST;3;SG	mí ʔyọ²ke
ʔyọ²ke	V;PFV;3;SG	bi ʔyọ²ke
ʔyọ²ke	V;PRF;PRS;1;SG	stá ʔyọ²ke
ʔyọ²ke	V;PRF;PRS;2;SG	xká ʔyọ²ke
ʔyọ²ke	V;PRF;PRS;3;SG	xa ʔyọ²ke
ʔyọ²ke	V;PRF;PST;1	stí ʔyọ²ke
ʔyọ²ke	V;PRF;PST;3	xki ʔyọ²ke
ʔyọ²ke	V;IRR;1;SG	ga ʔyọ²ke
ʔyọ²ke	V;IRR;2;SG	gi ʔyọ²ke
nxu²tsi	V;IPFV;PRS;1;SG	dí nxu²tsi
nxu²tsi	V;IPFV;PRS;2;SG	gí nxu²tsi
nxu²tsi	V;IPFV;PRS;3;SG	nxu²tsi
nxu²tsi	V;IPFV;PST;2;SG	ngí nxu²tsi
nxu²tsi	V;IPFV;PST;3;SG	mí nxu²tsi
nxu²tsi	V;PFV;1;SG	dá nxu²tsi
nxu²tsi	V;PFV;2;SG	gá nxu²tsi
nxu²tsi	V;PFV;3;SG	bi nxu²tsi
nxu²tsi	V;PRF;PRS;3;SG	xa nxu²tsi
nxu²tsi	V;PRF;PST;2	xkí nxu²tsi
nxu²tsi	V;IRR;1;SG	ga nxu²tsi
nxu²tsi	V;IRR;2;SG	gi nxu²tsi
nxu²tsi	V;IRR;3;SG	da nxu²tsi
njo-ne	V;IPFV;PST;1;SG	ndí njo-ne
njo-ne	V;IPFV;PST;2;SG	ngí njo-ne
njo-ne	V;IPFV;PST;3;SG	mí njo-ne
njo-ne	V;PFV;2;SG	gá njo-ne
njo-ne	V;PFV;3;SG	bi njo-ne
njo-ne	V;PRF;PRS;1;SG	stá njo-ne
njo-ne	V;PRF;PST;1	stí njo-ne
njo-ne	V;PRF;PST;2	xkí njo-ne
njo-ne	V;PRF;PST;3	xki njo-ne
njo-ne	V;IRR;3;SG	da njo-ne
nji	V;IPFV;PRS;3;SG	nji
nji	V;IPFV;PST;3;SG	mí nji
nji	V;PRF;PST;3	xki nji
nji	V;IRR;3;SG	da nji
tsọ²ni	V;IPFV;PRS;2;SG	gí tsọni
tsọ²ni	V;IPFV;PRS;3;SG	tsọni
tsọ²ni	V;IPFV;PST;1;SG	ndí tsọni
tsọ²ni	V;IPFV;PST;2;SG	ngí tsọni
tsọ²ni	V;IPFV;PST;3;SG	mí tsọni
tsọ²ni	V;PFV;1;SG	dá ntsọni
tsọ²ni	V;PRF;PST;1	stí ntsọni
tsọ²ni	V;PRF;PST;2	xkí ntsọni
tsọ²ni	V;PRF;PST;3	xki ntsọni
tsọ²ni	V;IRR;1;SG	ga ntsọni
tsọ²ni	V;IRR;3;SG	da ntsọni
uä²hi	V;IPFV;PRS;3;SG	ʔuä²hi
uä²hi	V;IPFV;PST;1;SG	ndí uähi
uä²hi	V;IPFV;PST;2;SG	ngí uähi
uä²hi	V;IPFV;PST;3;SG	mí uähi
uä²hi	V;PFV;1;SG	dá uähi
uä²hi	V;PFV;3;SG	bi uä²hi
uä²hi	V;PRF;PRS;3;SG	xa uähi
uä²hi	V;PRF;PST;1	stí uähi
uä²hi	V;PRF;PST;3	xki uähi
uä²hi	V;IRR;2;SG	gi uä²hi
uä²hi	V;IRR;3;SG	da uähi
heni	V;IPFV;PRS;2;SG	gí hëni
heni	V;IPFV;PST;1;SG	ndí heni
heni	V;PFV;1;SG	dá heni
heni	V;PFV;3;SG	bi hyeni
heni	V;PRF;PRS;1;SG	stá heni
heni	V;PRF;PRS;2;SG	xká hyeni
heni	V;PRF;PST;2	xkí hyeni
heni	V;PRF;PST;3	xki hyeni
heni	V;IRR;1;SG	ga heni
heni	V;IRR;3;SG	da hyeni
tsa²st’i	V;IPFV;PRS;1;SG	dí tsast’i
tsa²st’i	V;IPFV;PST;1;SG	ndí tsast’i
tsa²st’i	V;IPFV;PST;3;SG	mí tsast’i
tsa²st’i	V;PFV;3;SG	bi ntsast’i
tsa²st’i	V;PRF;PRS;2;SG	xká ntsast’i
tsa²st’i	V;PRF;PRS;3;SG	xa ntsast’i
tsa²st’i	V;PRF;PST;1	stí ntsast’i
tsa²st’i	V;IRR;1;SG	ga ntsast’i
tsa²st’i	V;IRR;2;SG	gi ntsast’i
tsa²st’i	V;IRR;3;SG	da ntsast’i
eni	V;IPFV;PRS;2;SG	gí ʔeni
eni	V;IPFV;PST;1;SG	ndí ʔeni
eni	V;IPFV;PST;2;SG	nni
eni	V;IPFV;PST;3;SG	mí ʔeni
eni	V;PFV;1;SG	dá ʔeni
eni	V;PFV;3;SG	bi ʔyeni
eni	V;PRF;PRS;1;SG	stá ʔeni
eni	V;PRF;PRS;2;SG	xká ʔyeni
eni	V;IRR;1;SG	ga ʔeni
eni	V;IRR;2;SG	gi ʔyeni
muhni	V;IPFV;PRS;1;SG	dí muhni
muhni	V;IPFV;PRS;3;SG	muhni
muhni	V;IPFV;PST;1;SG	ndí muhni
muhni	V;IPFV;PST;3;SG	mí muhni
muhni	V;PFV;2;SG	gá muhni
muhni	V;PRF;PRS;1;SG	stá muhni
muhni	V;PRF;PRS;3;SG	xa muhni
muhni	V;PRF;PST;1	stí muhni
muhni	V;PRF;PST;2	xkí muhni
muhni	V;PRF;PST;3	xki muhni
muhni	V;IRR;1;SG	ga muhni
muhni	V;IRR;2;SG	gi muhni
muhni	V;IRR;3;SG	da muhni
te¹²de	V;IPFV;PRS;3;SG	tede
te¹²de	V;IPFV;PST;2;SG	ngí tede
te¹²de	V;IPFV;PST;3;SG	mí tede
te¹²de	V;PFV;2;SG	gá tede
te¹²de	V;PFV;3;SG	bi tede
te¹²de	V;PRF;PRS;1;SG	stá tede
te¹²de	V;PRF;PRS;2;SG	xká tede
te¹²de	V;PRF;PRS;3;SG	xa tede
te¹²de	V;PRF;PST;1	stí tede
te¹²de	V;IRR;1;SG	ga tede
te¹²de	V;IRR;2;SG	gi tede
nọ²xke	V;IPFV;PRS;1;SG	dí nọxke
nọ²xke	V;IPFV;PRS;2;SG	gí nọxke
nọ²xke	V;IPFV;PRS;3;SG	nọxke
nọ²xke	V;IPFV;PST;1;SG	ndí nọxke
nọ²xke	V;PFV;1;SG	dá nọxke
nọ²xke	V;PFV;2;SG	gá nọxke
nọ²xke	V;PFV;3;SG	bi nọxke
nọ²xke	V;PRF;PRS;1;SG	stá nọxke
nọ²xke	V;PRF;PRS;2;SG	xká nọxke
nọ²xke	V;IRR;1;SG	ga nọxke
họ²x-gi²ni	V;IPFV;PRS;1;SG	dí họ²x-gi²ni
họ²x-gi²ni	V;IPFV;PRS;3;SG	họx-gi²ni
họ²x-gi²ni	V;IPFV;PST;1;SG	ndí họ²x-gi²ni
họ²x-gi²ni	V;IPFV;PST;2;SG	ngí họ²x-gi²ni
họ²x-gi²ni	V;PFV;1;SG	dá họ²x-gi²ni
họ²x-gi²ni	V;PFV;3;SG	bi nhyọx-gi²ni
họ²x-gi²ni	V;PRF;PRS;1;SG	stá họ²x-gi²ni
họ²x-gi²ni	V;PRF;PRS;3;SG	xa nhyọx-gi²ni
họ²x-gi²ni	V;PRF;PST;1	stí họ²x-gi²ni
họ²x-gi²ni	V;PRF;PST;2	xkí họ²x-gi²ni
họ²x-gi²ni	V;PRF;PST;3	xki họ²x-gi²ni
họ²x-gi²ni	V;IRR;1;SG	ga họ²x-gi²ni
họ²x-gi²ni	V;IRR;2;SG	gi họ²x-gi²ni
agi	V;IPFV;PRS;2;SG	gígi
agi	V;IPFV;PST;1;SG	ndígi
agi	V;PFV;1;SG	dá ʔagi
agi	V;PFV;2;SG	gá ʔñagi
agi	V;PFV;3;SG	bi ʔñagi
agi	V;PRF;PRS;2;SG	xká ʔñagi
agi	V;PRF;PRS;3;SG	xagi
agi	V;PRF;PST;2	xkígi
agi	V;IRR;1;SG	gagi
agi	V;IRR;3;SG	dagi
nko²mfo²rme	V;IPFV;PRS;1;SG	dí nkomfo²rme
nko²mfo²rme	V;IPFV;PST;1;SG	ndí nkomfo²rme
nko²mfo²rme	V;PFV;1;SG	dá nkomfo²rme
nko²mfo²rme	V;PRF;PST;2	xkí nkomfo²rme
nko²mfo²rme	V;PRF;PST;3	xki nkomfo²rme
nko²mfo²rme	V;IRR;2;SG	gi nkomfo²rme
nko²mfo²rme	V;IRR;3;SG	da nkomfo²rme
ụi	V;IPFV;PST;1;SG	ndí ʔụi
ụi	V;PFV;1;SG	dá ʔụi
ụi	V;PFV;2;SG	gá ʔyụi
ụi	V;PFV;3;SG	bi ʔyụi
ụi	V;PRF;PRS;1;SG	stá ʔụi
ụi	V;PRF;PRS;2;SG	xká ʔyụi
ụi	V;PRF;PRS;3;SG	xa ʔyụi
ụi	V;PRF;PST;1	stí ʔụi
ụi	V;PRF;PST;3	xki ʔyụi
ụi	V;IRR;3;SG	da ʔñụi
thẹ-nde	V;IPFV;PRS;3;SG	thẹ-nde
thẹ-nde	V;PFV;3;SG	bi thẹ-nde
thẹ-nde	V;PRF;PRS;3;SG	xa thẹ-nde
thẹ-nde	V;PRF;PST;3	xki thẹ-nde
thẹ-nde	V;IRR;3;SG	da thẹ-nde
thi¹²nt’i	V;IPFV;PRS;1;SG	dí thi¹²nt’i
thi¹²nt’i	V;IPFV;PRS;2;SG	gí thi¹²nt’i
thi¹²nt’i	V;IPFV;PST;2;SG	ngí thi¹²nt’i
thi¹²nt’i	V;PFV;2;SG	gá nthi¹²nt’i
thi¹²nt’i	V;PFV;3;SG	bi thi¹²nt’i
thi¹²nt’i	V;PRF;PRS;1;SG	stá nthi¹²nt’i
thi¹²nt’i	V;PRF;PRS;3;SG	xa nthi¹²nt’i
thi¹²nt’i	V;PRF;PST;2	xkí nthi¹²nt’i
thi¹²nt’i	V;IRR;1;SG	ga nthi¹²nt’i
ambi	V;IPFV;PRS;2;SG	gímbi
ambi	V;IPFV;PRS;3;SG	ʔambi
ambi	V;IPFV;PST;1;SG	ndímbi
ambi	V;IPFV;PST;2;SG	ngí ʔambi
ambi	V;PFV;1;SG	dá ʔambi
ambi	V;PFV;2;SG	gá ʔñambi
ambi	V;PFV;3;SG	bi ʔñambi
ambi	V;PRF;PRS;1;SG	stá ʔambi
ambi	V;PRF;PST;1	stí ʔambi
ambi	V;PRF;PST;2	xkímbi
ambi	V;IRR;1;SG	gambi
ambi	V;IRR;2;SG	gi ʔyambi
ambi	V;IRR;3;SG	dambi
a²ʔtsi	V;IPFV;PRS;3;SG	ʔaʔtsi
a²ʔtsi	V;IPFV;PST;1;SG	ndí ʔatsi
a²ʔtsi	V;IPFV;PST;3;SG	mí ʔaʔtsi
a²ʔtsi	V;PFV;1;SG	dá ʔñatsi
a²ʔtsi	V;PFV;3;SG	bi ʔñatsi
a²ʔtsi	V;PRF;PRS;1;SG	stá ʔñatsi
a²ʔtsi	V;PRF;PRS;2;SG	xká ʔñatsi
a²ʔtsi	V;PRF;PST;1	stí ʔñatsi
a²ʔtsi	V;PRF;PST;2	xkí ʔñatsi
a²ʔtsi	V;IRR;3;SG	da ʔñatsi
ʔra	V;PFV;1;SG	dá ʔra
ʔra	V;PRF;PRS;1;SG	stá ʔra
ʔra	V;PRF;PRS;3;SG	xa ʔra
ʔra	V;PRF;PST;1	stí ʔra
ʔra	V;PRF;PST;2	xkí ʔra
ʔra	V;IRR;1;SG	ga ʔra
ʔra	V;IRR;2;SG	gi ʔra
e¹²mbi	V;IPFV;PRS;1;SG	dí ʔembi
e¹²mbi	V;IPFV;PRS;2;SG	gí ʔembi
e¹²mbi	V;IPFV;PRS;3;SG	ʔembi
e¹²mbi	V;IPFV;PST;1;SG	ndí ʔembi
e¹²mbi	V;IPFV;PST;3;SG	mí ʔembi
e¹²mbi	V;PFV;2;SG	gá ʔñëmbi
e¹²mbi	V;PFV;3;SG	bi ʔembi
e¹²mbi	V;PRF;PRS;2;SG	xká ʔembi
e¹²mbi	V;PRF;PRS;3;SG	xa ʔembi
e¹²mbi	V;PRF;PST;3	xki ʔñëmbi
fụ²ki	V;IPFV;PRS;2;SG	gí fụki
fụ²ki	V;IPFV;PRS;3;SG	fụki
fụ²ki	V;IPFV;PST;1;SG	ndí fụki
fụ²ki	V;IPFV;PST;2;SG	ngí fụki
fụ²ki	V;IPFV;PST;3;SG	mí fụki
fụ²ki	V;PFV;1;SG	dá mfụki
fụ²ki	V;PFV;2;SG	gá mfụki
fụ²ki	V;PFV;3;SG	bi mfụki
fụ²ki	V;PRF;PRS;1;SG	stá mfụki
fụ²ki	V;PRF;PRS;3;SG	xa mfụki
fụ²ki	V;PRF;PST;1	stí mfụki
fụ²ki	V;PRF;PST;3	xki mfụki
fụ²ki	V;IRR;1;SG	ga mfụki
fụ²ki	V;IRR;2;SG	gi mfụki
fụ²ki	V;IRR;3;SG	da mfụki
hñuʔmba-mụi	V;IPFV;PRS;2;SG	gí hñuʔmba-mụi
hñuʔmba-mụi	V;IPFV;PST;1;SG	ndí hñuʔmba-mụi
hñuʔmba-mụi	V;IPFV;PST;3;SG	mí hñuʔmba-mụi
hñuʔmba-mụi	V;PFV;1;SG	dá hñuʔmba-mụi
hñuʔmba-mụi	V;PFV;3;SG	bi hñuʔmba-mụi
hñuʔmba-mụi	V;PRF;PRS;1;SG	stá hñuʔmba-mụi
hñuʔmba-mụi	V;PRF;PRS;3;SG	xa hñuʔmba-mụi
hñuʔmba-mụi	V;PRF;PST;1	stí hñuʔmba-mụi
hñuʔmba-mụi	V;PRF;PST;2	xkí hñuʔmba-mụi
hñuʔmba-mụi	V;PRF;PST;3	xki hñuʔmba-mụi
hñuʔmba-mụi	V;IRR;1;SG	ga hñuʔmba-mụi
hñuʔmba-mụi	V;IRR;3;SG	da hñuʔmba-mụi
