narzãdzôcz	N;NOM(PL)	szyczy
narzãdzôcz	N;DAT(PL)	szyczniejszym
narzãdzôcz	N;VOC(SG)	kałałyśmy
narzãdzôcz	N;INS(PL)	szyczniejszym
narzãdzôcz	N;ESS(SG)	szyczniejszy
narzãdzôcz	N;DAT(SG)	szyniejszym
narzãdzôcz	N;GEN(SG)	kowałym
narzãdzôcz	N;ESS(PL)	szyczniejszym
narzãdzôcz	N;GEN(PL)	szyczniejszy
narzãdzôcz	N;INS(SG)	szyczniejszym
narzãdzôcz	N;ACC(PL)	kałałyście
narzãdzôcz	N;ACC(SG)	szyniejszy
narzãdzôcz	N;NOM(SG)	boście
narzãdzôcz	N;VOC(PL)	kałałyśmy
Jastrë	N;VOC(PL)	kowały
Jastrë	N;ESS(PL)	szycznie
Jastrë	N;DAT(PL)	szycznie
Jastrë	N;GEN(PL)	kowanie
Jastrë	N;ACC(PL)	kowały
Jastrë	N;ACC(PL)	kowały
Jastrë	N;NOM(PL)	czem
pòniedzôłk	N;NOM(PL)	będzieły
pòniedzôłk	N;DAT(PL)	bościejszym
pòniedzôłk	N;VOC(SG)	będzieły
pòniedzôłk	N;INS(PL)	bośniejszym
pòniedzôłk	N;ESS(SG)	będziełyśmy
pòniedzôłk	N;DAT(SG)	będziełyście
pòniedzôłk	N;GEN(SG)	będziełyśmy
pòniedzôłk	N;ESS(PL)	będziełyście
pòniedzôłk	N;GEN(PL)	będziełyśmy
pòniedzôłk	N;INS(SG)	będziełyśmy
pòniedzôłk	N;ACC(PL)	będziełyście
pòniedzôłk	N;ACC(SG)	będzieły
pòniedzôłk	N;NOM(SG)	będziały
pòniedzôłk	N;VOC(PL)	będzieły
pùjk	N;NOM(PL)	szy
pùjk	N;DAT(PL)	kowanie
pùjk	N;VOC(SG)	szy
pùjk	N;INS(PL)	szycznie
pùjk	N;ESS(SG)	szym
pùjk	N;DAT(SG)	kowały
pùjk	N;GEN(SG)	szy
pùjk	N;ESS(PL)	kowałom
pùjk	N;GEN(PL)	szym
pùjk	N;INS(SG)	szym
pùjk	N;ACC(PL)	wały
pùjk	N;ACC(SG)	wały
pùjk	N;NOM(SG)	koły
pùjk	N;VOC(PL)	wały
môlnik	N;NOM(PL)	wały
môlnik	N;DAT(PL)	szyczniej
môlnik	N;VOC(SG)	wałoś
môlnik	N;INS(PL)	szyniejszy
môlnik	N;ESS(SG)	kowałom
môlnik	N;DAT(SG)	szycznie
môlnik	N;GEN(SG)	kowały
môlnik	N;ESS(PL)	szyniejszy
môlnik	N;GEN(PL)	szyczy
môlnik	N;INS(SG)	szycznie
môlnik	N;ACC(PL)	wałoś
môlnik	N;ACC(SG)	wałoś
môlnik	N;NOM(SG)	wały
môlnik	N;VOC(PL)	wałoś
wòłiwôcz	N;NOM(PL)	będziały
wòłiwôcz	N;DAT(PL)	będziełyśmy
wòłiwôcz	N;VOC(SG)	będziały
wòłiwôcz	N;INS(PL)	będziełyśmy
wòłiwôcz	N;ESS(SG)	będziełyśmy
wòłiwôcz	N;DAT(SG)	będziełyśmy
wòłiwôcz	N;GEN(SG)	będzieły
wòłiwôcz	N;ESS(PL)	będziełyśmy
wòłiwôcz	N;GEN(PL)	będziełyśmy
wòłiwôcz	N;INS(SG)	będziełyśmy
wòłiwôcz	N;ACC(PL)	będzieły
wòłiwôcz	N;ACC(SG)	będziały
wòłiwôcz	N;NOM(SG)	będzie
wòłiwôcz	N;VOC(PL)	będzieły
łżëkwiôt	N;NOM(PL)	bęłyście
łżëkwiôt	N;DAT(PL)	będziełyście
łżëkwiôt	N;VOC(SG)	bęłyście
łżëkwiôt	N;INS(PL)	będziełyście
łżëkwiôt	N;ESS(SG)	będziełyście
łżëkwiôt	N;DAT(SG)	będziełyście
łżëkwiôt	N;GEN(SG)	bęłyście
łżëkwiôt	N;ESS(PL)	będziełyście
łżëkwiôt	N;GEN(PL)	będziełyście
łżëkwiôt	N;INS(SG)	będziełyście
łżëkwiôt	N;ACC(PL)	będzieły
łżëkwiôt	N;ACC(SG)	bęłyście
łżëkwiôt	N;NOM(SG)	będzie
łżëkwiôt	N;VOC(PL)	będzieły
lëstopadnik	N;NOM(PL)	szerowały
lëstopadnik	N;DAT(PL)	rowaniejszym
lëstopadnik	N;VOC(SG)	szerzym
lëstopadnik	N;INS(PL)	rowaniejszym
lëstopadnik	N;ESS(SG)	rowaniejszym
lëstopadnik	N;DAT(SG)	rowaniejszym
lëstopadnik	N;GEN(SG)	rowaniejszy
lëstopadnik	N;ESS(PL)	rowaniejszym
lëstopadnik	N;GEN(PL)	rowaniejszym
lëstopadnik	N;INS(SG)	rowaniejszym
lëstopadnik	N;ACC(PL)	szerzycznie
lëstopadnik	N;ACC(SG)	szerowami
lëstopadnik	N;NOM(SG)	szerowały
lëstopadnik	N;VOC(PL)	szerzycznie
sobòta	N;NOM(PL)	czem
sobòta	N;DAT(PL)	szycznie
sobòta	N;VOC(SG)	wały
sobòta	N;INS(PL)	szycznie
sobòta	N;ESS(SG)	kowały
sobòta	N;DAT(SG)	kowały
sobòta	N;GEN(SG)	wała
sobòta	N;ESS(PL)	szycznie
sobòta	N;GEN(PL)	kowały
sobòta	N;INS(SG)	kowały
sobòta	N;ACC(PL)	wała
sobòta	N;ACC(SG)	wały
sobòta	N;NOM(SG)	wały
sobòta	N;VOC(PL)	wały
kóń	N;NOM(PL)	szy
kóń	N;DAT(PL)	szym
kóń	N;VOC(SG)	kały
kóń	N;INS(PL)	szych
kóń	N;ESS(SG)	będzie
kóń	N;DAT(SG)	wałoś
kóń	N;GEN(SG)	kały
kóń	N;ESS(PL)	boście
kóń	N;GEN(PL)	wały
kóń	N;INS(SG)	wałoś
kóń	N;ACC(PL)	wały
kóń	N;ACC(SG)	wały
kóń	N;NOM(SG)	koły
kóń	N;VOC(PL)	wały
nazéwôcz	N;NOM(PL)	będzie
nazéwôcz	N;DAT(PL)	bośniejszym
nazéwôcz	N;VOC(SG)	będziały
nazéwôcz	N;INS(PL)	bośniejszym
nazéwôcz	N;ESS(SG)	będziejszy
nazéwôcz	N;DAT(SG)	bośniejszy
nazéwôcz	N;GEN(SG)	będziech
nazéwôcz	N;ESS(PL)	bośniejszym
nazéwôcz	N;GEN(PL)	szyniejszy
nazéwôcz	N;INS(SG)	bośniejszy
nazéwôcz	N;ACC(PL)	będzieły
nazéwôcz	N;ACC(SG)	będziały
nazéwôcz	N;NOM(SG)	będzie
nazéwôcz	N;VOC(PL)	będziały
piątk	N;NOM(PL)	wały
piątk	N;DAT(PL)	szyniejszy
piątk	N;VOC(SG)	będzie
piątk	N;INS(PL)	szyniejszy
piątk	N;ESS(SG)	kałośmy
piątk	N;DAT(SG)	szyczy
piątk	N;GEN(SG)	wałoś
piątk	N;ESS(PL)	szyniejszy
piątk	N;GEN(PL)	szyczy
piątk	N;INS(SG)	szyczy
piątk	N;ACC(PL)	będzie
piątk	N;ACC(SG)	wałoś
piątk	N;NOM(SG)	wały
piątk	N;VOC(PL)	będzie
rënk	N;NOM(PL)	wały
rënk	N;DAT(PL)	szycznie
rënk	N;VOC(SG)	wały
rënk	N;INS(PL)	szycznie
rënk	N;ESS(SG)	kowały
rënk	N;DAT(SG)	szym
rënk	N;GEN(SG)	wały
rënk	N;ESS(PL)	szycznie
rënk	N;GEN(PL)	niem
rënk	N;INS(SG)	kowały
rënk	N;ACC(PL)	wały
rënk	N;ACC(SG)	wały
rënk	N;NOM(SG)	wały
rënk	N;VOC(PL)	wały
wtórk	N;NOM(PL)	szy
wtórk	N;DAT(PL)	szycznie
wtórk	N;VOC(SG)	szy
wtórk	N;INS(PL)	szycznie
wtórk	N;ESS(SG)	kowały
wtórk	N;DAT(SG)	kowały
wtórk	N;GEN(SG)	czem
wtórk	N;ESS(PL)	szycznie
wtórk	N;GEN(PL)	szym
wtórk	N;INS(SG)	kowały
wtórk	N;ACC(PL)	wały
wtórk	N;ACC(SG)	wały
wtórk	N;NOM(SG)	wały
wtórk	N;VOC(PL)	szy
winowôcz	N;NOM(PL)	szyczy
winowôcz	N;DAT(PL)	szyczniejszym
winowôcz	N;VOC(SG)	szyczy
winowôcz	N;INS(PL)	szyczniejszym
winowôcz	N;ESS(SG)	szyniejszy
winowôcz	N;DAT(SG)	szyniejszym
winowôcz	N;GEN(SG)	szerzym
winowôcz	N;ESS(PL)	szyczniejszym
winowôcz	N;GEN(PL)	szyniejszy
winowôcz	N;INS(SG)	szyniejszym
winowôcz	N;ACC(PL)	kowałowi
winowôcz	N;ACC(SG)	kowałały
winowôcz	N;NOM(SG)	szynie
winowôcz	N;VOC(PL)	boście
òjc	N;NOM(PL)	cie
òjc	N;DAT(PL)	szym
òjc	N;VOC(SG)	cze
òjc	N;INS(PL)	szym
òjc	N;ESS(SG)	wały
òjc	N;DAT(SG)	wały
òjc	N;GEN(SG)	koły
òjc	N;ESS(PL)	wałoś
òjc	N;GEN(PL)	szy
òjc	N;INS(SG)	wały
òjc	N;INS(SG)	wały
òjc	N;ACC(PL)	wały
òjc	N;ACC(SG)	wały
òjc	N;NOM(SG)	czy
òjc	N;VOC(PL)	wały
latawiskò	N;NOM(PL)	szerowały
latawiskò	N;DAT(PL)	szerowiejszym
latawiskò	N;VOC(SG)	kowałały
latawiskò	N;INS(PL)	szerowiejszym
latawiskò	N;ESS(SG)	szyczniejszy
latawiskò	N;DAT(SG)	szerowałym
latawiskò	N;GEN(SG)	szerowały
latawiskò	N;ESS(PL)	szyczniejszym
latawiskò	N;GEN(PL)	szerowałym
latawiskò	N;INS(SG)	szerowałym
latawiskò	N;ACC(PL)	szycznie
latawiskò	N;ACC(SG)	szyczami
latawiskò	N;NOM(SG)	kowienie
latawiskò	N;VOC(PL)	szyczym
Jastra	N;VOC(PL)	kowi
Jastra	N;ESS(PL)	nienowi
Jastra	N;DAT(PL)	nienowi
Jastra	N;GEN(PL)	nienie
Jastra	N;ACC(PL)	kowi
Jastra	N;ACC(PL)	kowi
Jastra	N;NOM(PL)	kowi
czerwińc	N;NOM(PL)	szyczy
czerwińc	N;DAT(PL)	szyczniejszym
czerwińc	N;VOC(SG)	szyczy
czerwińc	N;INS(PL)	szyczniejszym
czerwińc	N;ESS(SG)	szyniejszy
czerwińc	N;DAT(SG)	szyniejszy
czerwińc	N;GEN(SG)	szerzym
czerwińc	N;ESS(PL)	szyczniejszym
czerwińc	N;GEN(PL)	szyniejszy
czerwińc	N;INS(SG)	szyniejszym
czerwińc	N;ACC(PL)	kowałały
czerwińc	N;ACC(SG)	kowałały
czerwińc	N;NOM(SG)	szynie
czerwińc	N;VOC(PL)	szyczy
rujan	N;NOM(PL)	niem
rujan	N;DAT(PL)	nienowami
rujan	N;VOC(SG)	niem
rujan	N;INS(PL)	nienowami
rujan	N;ESS(SG)	nienowi
rujan	N;DAT(SG)	nienowi
rujan	N;GEN(SG)	nienie
rujan	N;ESS(PL)	szymowami
rujan	N;GEN(PL)	nienowi
rujan	N;INS(SG)	nienowi
rujan	N;ACC(PL)	kowały
rujan	N;ACC(SG)	niem
rujan	N;NOM(SG)	niem
rujan	N;VOC(PL)	nienie
dôwôcz	N;NOM(PL)	bęły
dôwôcz	N;DAT(PL)	szych
dôwôcz	N;VOC(SG)	bęły
dôwôcz	N;INS(PL)	szyniejszy
dôwôcz	N;ESS(SG)	będzie
dôwôcz	N;DAT(SG)	boście
dôwôcz	N;GEN(SG)	bęły
dôwôcz	N;ESS(PL)	boście
dôwôcz	N;GEN(PL)	bośmy
dôwôcz	N;INS(SG)	będzie
dôwôcz	N;ACC(PL)	bęły
dôwôcz	N;ACC(SG)	bęły
dôwôcz	N;NOM(SG)	kały
dôwôcz	N;VOC(PL)	bęły
serce	N;NOM(PL)	kowi
serce	N;DAT(PL)	kowanie
serce	N;VOC(SG)	kowi
serce	N;INS(PL)	szerzym
serce	N;ESS(SG)	kowanie
serce	N;ESS(SG)	kowanie
serce	N;DAT(SG)	kowanie
serce	N;GEN(SG)	niem
serce	N;ESS(PL)	szerowi
serce	N;GEN(PL)	nienie
serce	N;GEN(PL)	nienie
serce	N;INS(SG)	kowanie
serce	N;INS(SG)	kowanie
serce	N;ACC(PL)	kowały
serce	N;ACC(SG)	wała
serce	N;NOM(SG)	kowi
serce	N;VOC(PL)	czem
lëpinc	N;NOM(PL)	czem
lëpinc	N;DAT(PL)	szyczniej
lëpinc	N;VOC(SG)	wała
lëpinc	N;INS(PL)	szyczniej
lëpinc	N;ESS(SG)	szyczy
lëpinc	N;DAT(SG)	szycznie
lëpinc	N;GEN(SG)	kowały
lëpinc	N;ESS(PL)	szyczniej
lëpinc	N;GEN(PL)	kowanie
lëpinc	N;INS(SG)	szycznie
lëpinc	N;ACC(PL)	kowały
lëpinc	N;ACC(SG)	kowały
lëpinc	N;NOM(SG)	wały
lëpinc	N;VOC(PL)	wałoś
séwnik	N;NOM(PL)	kowały
séwnik	N;DAT(PL)	szyniejszym
séwnik	N;VOC(SG)	szym
séwnik	N;INS(PL)	szyniejszym
séwnik	N;ESS(SG)	szyczym
séwnik	N;DAT(SG)	szyczniej
séwnik	N;GEN(SG)	szyczy
séwnik	N;ESS(PL)	szyniejszym
séwnik	N;GEN(PL)	szycznie
séwnik	N;INS(SG)	szyczniej
séwnik	N;ACC(PL)	kowały
séwnik	N;ACC(SG)	szym
séwnik	N;NOM(SG)	kowały
séwnik	N;VOC(PL)	szyczy
zélnik	N;NOM(PL)	wałoś
zélnik	N;DAT(PL)	szyniejszy
zélnik	N;VOC(SG)	wałoś
zélnik	N;INS(PL)	szyniejszym
zélnik	N;ESS(SG)	szycznie
zélnik	N;DAT(SG)	szycznie
zélnik	N;GEN(SG)	szym
zélnik	N;ESS(PL)	szyczniej
zélnik	N;GEN(PL)	szyczy
zélnik	N;INS(SG)	szyniej
zélnik	N;ACC(PL)	szym
zélnik	N;ACC(SG)	wałoś
zélnik	N;NOM(SG)	wały
zélnik	N;VOC(PL)	kowały
stëcznik	N;NOM(PL)	szyczy
stëcznik	N;DAT(PL)	szyniejszym
stëcznik	N;VOC(SG)	szyczy
stëcznik	N;INS(PL)	szyczniejszym
stëcznik	N;ESS(SG)	szyniejszym
stëcznik	N;DAT(SG)	szyczniej
stëcznik	N;GEN(SG)	szycznie
stëcznik	N;ESS(PL)	szyczniejszym
stëcznik	N;GEN(PL)	szyczniej
stëcznik	N;INS(SG)	szyniejszym
stëcznik	N;ACC(PL)	szycznie
stëcznik	N;ACC(SG)	szycznie
stëcznik	N;NOM(SG)	kowały
stëcznik	N;VOC(PL)	szycznie
strzoda	N;NOM(PL)	nienie
strzoda	N;DAT(PL)	nienowami
strzoda	N;VOC(SG)	kowały
strzoda	N;INS(PL)	nienowami
strzoda	N;ESS(SG)	kowanie
strzoda	N;DAT(SG)	nienowami
strzoda	N;GEN(SG)	nienowi
strzoda	N;ESS(PL)	szymowami
strzoda	N;GEN(PL)	nienowi
strzoda	N;INS(SG)	nienowami
strzoda	N;ACC(PL)	nienie
strzoda	N;ACC(SG)	kowały
strzoda	N;NOM(SG)	nienie
strzoda	N;VOC(PL)	nienie
môj	N;NOM(PL)	koły
môj	N;DAT(PL)	kowały
môj	N;VOC(SG)	cie
môj	N;INS(PL)	kowały
môj	N;ESS(SG)	wały
môj	N;DAT(SG)	wały
môj	N;GEN(SG)	wały
môj	N;ESS(PL)	kowały
môj	N;GEN(PL)	wały
môj	N;INS(SG)	wały
môj	N;ACC(PL)	wały
môj	N;ACC(SG)	wały
môj	N;NOM(SG)	cie
môj	N;VOC(PL)	wały
strumiannik	N;NOM(PL)	szerowiej
strumiannik	N;DAT(PL)	rowaniejszym
strumiannik	N;VOC(SG)	nienowały
strumiannik	N;INS(PL)	rowaniejszym
strumiannik	N;ESS(SG)	rowaniejszym
strumiannik	N;DAT(SG)	rowaniejszym
strumiannik	N;GEN(SG)	rowaniejszy
strumiannik	N;ESS(PL)	rowaniejszym
strumiannik	N;GEN(PL)	rowaniejszym
strumiannik	N;INS(SG)	rowaniejszym
strumiannik	N;ACC(PL)	kowieniejszy
strumiannik	N;ACC(SG)	nienowami
strumiannik	N;NOM(SG)	szerowie
strumiannik	N;VOC(PL)	nienowiejszy
tidzéń	N;NOM(PL)	będzie
tidzéń	N;DAT(PL)	kałaście
tidzéń	N;VOC(SG)	będzie
tidzéń	N;INS(PL)	bośniejszy
tidzéń	N;ESS(SG)	będziały
tidzéń	N;DAT(SG)	kałośmy
tidzéń	N;GEN(SG)	będzie
tidzéń	N;ESS(PL)	kałoście
tidzéń	N;GEN(PL)	kałoście
tidzéń	N;INS(SG)	kałoście
tidzéń	N;ACC(PL)	będzie
tidzéń	N;ACC(SG)	będzie
tidzéń	N;NOM(SG)	kały
tidzéń	N;VOC(PL)	będzie
czwôrtk	N;NOM(PL)	szym
czwôrtk	N;DAT(PL)	szyczniej
czwôrtk	N;VOC(SG)	szym
czwôrtk	N;INS(PL)	szyniejszym
czwôrtk	N;ESS(SG)	szyniej
czwôrtk	N;DAT(SG)	szerzym
czwôrtk	N;GEN(SG)	szym
czwôrtk	N;ESS(PL)	szyniejszym
czwôrtk	N;GEN(PL)	szycznie
czwôrtk	N;INS(SG)	szyczniej
czwôrtk	N;ACC(PL)	szym
czwôrtk	N;ACC(SG)	kowały
czwôrtk	N;NOM(SG)	wały
czwôrtk	N;VOC(PL)	wałoś
kòt	N;NOM(PL)	cze
kòt	N;DAT(PL)	szym
kòt	N;VOC(SG)	koły
kòt	N;INS(PL)	szym
kòt	N;ESS(SG)	wałoś
kòt	N;DAT(SG)	szym
kòt	N;DAT(SG)	szym
kòt	N;GEN(SG)	kom
kòt	N;ESS(PL)	szym
kòt	N;GEN(PL)	czem
kòt	N;INS(SG)	wałoś
kòt	N;ACC(PL)	wały
kòt	N;ACC(SG)	wały
kòt	N;NOM(SG)	cze
kòt	N;VOC(PL)	wały
gromicznik	N;NOM(PL)	szerzycznie
gromicznik	N;DAT(PL)	rowaniejszym
gromicznik	N;VOC(SG)	szerzym
gromicznik	N;INS(PL)	rowaniejszym
gromicznik	N;ESS(SG)	rowaniejszym
gromicznik	N;DAT(SG)	rowaniejszym
gromicznik	N;GEN(SG)	rowaniejszy
gromicznik	N;ESS(PL)	rowaniejszym
gromicznik	N;GEN(PL)	rowaniejszym
gromicznik	N;INS(SG)	rowaniejszym
gromicznik	N;ACC(PL)	szerowiej
gromicznik	N;ACC(SG)	szerowami
gromicznik	N;NOM(SG)	szerzym
gromicznik	N;VOC(PL)	szerzycznie
rodzôcz	N;NOM(PL)	wałoś
rodzôcz	N;DAT(PL)	szyczniej
rodzôcz	N;VOC(SG)	wałoś
rodzôcz	N;INS(PL)	szyniejszym
rodzôcz	N;ESS(SG)	kowałym
rodzôcz	N;DAT(SG)	szyniej
rodzôcz	N;GEN(SG)	szyczy
rodzôcz	N;ESS(PL)	szyniejszym
rodzôcz	N;GEN(PL)	szycznie
rodzôcz	N;INS(SG)	szyniejszy
rodzôcz	N;ACC(PL)	boście
rodzôcz	N;ACC(SG)	wałoś
rodzôcz	N;NOM(SG)	wałoś
rodzôcz	N;VOC(PL)	wałoś
niedzela	N;NOM(PL)	kowały
niedzela	N;DAT(PL)	szyczniej
niedzela	N;VOC(SG)	kowały
niedzela	N;INS(PL)	szyczniejszy
niedzela	N;ESS(SG)	szycznie
niedzela	N;DAT(SG)	szerzyczy
niedzela	N;GEN(SG)	szerowi
niedzela	N;ESS(PL)	szyczniejszy
niedzela	N;GEN(PL)	szerowami
niedzela	N;INS(SG)	szyczym
niedzela	N;ACC(PL)	kowałach
niedzela	N;ACC(SG)	nienie
niedzela	N;NOM(SG)	kowały
niedzela	N;VOC(PL)	kowałach
gòdnik	N;NOM(PL)	wały
gòdnik	N;DAT(PL)	szerzym
gòdnik	N;VOC(SG)	wały
gòdnik	N;INS(PL)	szyczniej
gòdnik	N;ESS(SG)	szych
gòdnik	N;DAT(SG)	szych
gòdnik	N;GEN(SG)	wałoś
gòdnik	N;ESS(PL)	szycznie
gòdnik	N;GEN(PL)	kowały
gòdnik	N;INS(SG)	kowałom
gòdnik	N;ACC(PL)	wałoś
gòdnik	N;ACC(SG)	wały
gòdnik	N;NOM(SG)	wały
gòdnik	N;VOC(PL)	wały
stolem	N;NOM(PL)	niem
stolem	N;DAT(PL)	rowaniami
stolem	N;VOC(SG)	niem
stolem	N;INS(PL)	rowaniej
stolem	N;ESS(SG)	nienowi
stolem	N;DAT(SG)	nienowi
stolem	N;GEN(SG)	nienie
stolem	N;ESS(PL)	nienowami
stolem	N;GEN(PL)	nienowi
stolem	N;INS(SG)	nierowami
stolem	N;ACC(PL)	kowami
stolem	N;ACC(SG)	niem
stolem	N;NOM(SG)	kowi
stolem	N;VOC(PL)	kowami
accuracy:0.0
