narzãdzôcz	N;NOM(PL)	narzãdzôcze
narzãdzôcz	N;DAT(PL)	narzãdzôczóm
narzãdzôcz	N;VOC(SG)	narzãdzôcze
narzãdzôcz	N;INS(PL)	narzãdzôcama
narzãdzôcz	N;ESS(SG)	narzãdzôczã
narzãdzôcz	N;DAT(SG)	narzãdzôczowi
narzãdzôcz	N;GEN(SG)	narzãdzôcza
narzãdzôcz	N;ESS(PL)	narzãdzòczë
narzãdzôcz	N;GEN(PL)	narzãdzôców
narzãdzôcz	N;INS(SG)	narzãdzôczã
narzãdzôcz	N;ACC(PL)	narzãdzôce
narzãdzôcz	N;ACC(SG)	narzãdzôcz
narzãdzôcz	N;NOM(SG)	narzãdzôcz
narzãdzôcz	N;VOC(PL)	narzãdzôczi
Jastrë	N;VOC(PL)	Jastrë
Jastrë	N;ESS(PL)	Jastrë
Jastrë	N;DAT(PL)	Jastrëóm
Jastrë	N;GEN(PL)	Jastrów
Jastrë	N;ACC(PL)	Jastrëw
Jastrë	N;ACC(PL)	Jastrë
Jastrë	N;NOM(PL)	Jastrë
pòniedzôłk	N;NOM(PL)	pòniedzôłcë
pòniedzôłk	N;DAT(PL)	pòniedzôłkom
pòniedzôłk	N;VOC(SG)	pòniedzôłk
pòniedzôłk	N;INS(PL)	pòniedzôłkami
pòniedzôłk	N;ESS(SG)	pòniedzôłku
pòniedzôłk	N;DAT(SG)	pòniedzôłkowi
pòniedzôłk	N;GEN(SG)	pòniedzôłka
pòniedzôłk	N;ESS(PL)	pòniedzôłkach
pòniedzôłk	N;GEN(PL)	pòniedzôłków
pòniedzôłk	N;INS(SG)	pòniedzôłkiem
pòniedzôłk	N;ACC(PL)	pòniedzôłcë
pòniedzôłk	N;ACC(SG)	pòniedzôłk
pòniedzôłk	N;NOM(SG)	pòniedzôłk
pòniedzôłk	N;VOC(PL)	pòniedzôłczi
pùjk	N;NOM(PL)	pùjki
pùjk	N;DAT(PL)	pùjkóm
pùjk	N;VOC(SG)	pùjku
pùjk	N;INS(PL)	pùjkami
pùjk	N;ESS(SG)	pùjkiem
pùjk	N;DAT(SG)	pùjkowi
pùjk	N;GEN(SG)	pùjka
pùjk	N;ESS(PL)	pùjkach
pùjk	N;GEN(PL)	pùjkòw
pùjk	N;INS(SG)	pùjkiem
pùjk	N;ACC(PL)	pùjki
pùjk	N;ACC(SG)	pùjk
pùjk	N;NOM(SG)	pùjk
pùjk	N;VOC(PL)	pùjki
môlnik	N;NOM(PL)	môlnicë
môlnik	N;DAT(PL)	môlnikom
môlnik	N;VOC(SG)	môlniku
môlnik	N;INS(PL)	môlnikama
môlnik	N;ESS(SG)	môlnikã
môlnik	N;DAT(SG)	môlnikowi
môlnik	N;GEN(SG)	môlnika
môlnik	N;ESS(PL)	môlnikach
môlnik	N;GEN(PL)	môlników
môlnik	N;INS(SG)	môlnikã
môlnik	N;ACC(PL)	môlników
môlnik	N;ACC(SG)	môlnika
môlnik	N;NOM(SG)	môlnik
môlnik	N;VOC(PL)	môlnicze
wòłiwôcz	N;NOM(PL)	wòłiwôczi
wòłiwôcz	N;DAT(PL)	wòłiwôczóm
wòłiwôcz	N;VOC(SG)	wòłiwôczu
wòłiwôcz	N;INS(PL)	wòłiwôczama
wòłiwôcz	N;ESS(SG)	wòłiwôcu
wòłiwôcz	N;DAT(SG)	wòłiwôczowi
wòłiwôcz	N;GEN(SG)	wòłiwôcza
wòłiwôcz	N;ESS(PL)	wòłiwôczama
wòłiwôcz	N;GEN(PL)	wòłiwôców
wòłiwôcz	N;INS(SG)	wòłiwôczã
wòłiwôcz	N;ACC(PL)	wòłiwôczkòw
wòłiwôcz	N;ACC(SG)	wòłiwôcza
wòłiwôcz	N;NOM(SG)	wòłiwôcz
wòłiwôcz	N;VOC(PL)	wòłiwòczë
łżëkwiôt	N;NOM(PL)	łżëkwiôty
łżëkwiôt	N;DAT(PL)	łżëkwiôtóm
łżëkwiôt	N;VOC(SG)	łżëkwiôt
łżëkwiôt	N;INS(PL)	łżëkwiôtama
łżëkwiôt	N;ESS(SG)	łżëkwiôtu
łżëkwiôt	N;DAT(SG)	łżëkwiôtowi
łżëkwiôt	N;GEN(SG)	łżëkwiôta
łżëkwiôt	N;ESS(PL)	łżëkwiôt
łżëkwiôt	N;GEN(PL)	łżëkwiôtów
łżëkwiôt	N;INS(SG)	łżëkwiôtã
łżëkwiôt	N;ACC(PL)	łżëkwiôti
łżëkwiôt	N;ACC(SG)	łżëkwiôt
łżëkwiôt	N;NOM(SG)	łżëkwiôt
łżëkwiôt	N;VOC(PL)	łżëkwiôty
lëstopadnik	N;NOM(PL)	lëstopadniki
lëstopadnik	N;DAT(PL)	lëstopadnikom
lëstopadnik	N;VOC(SG)	lëstopadniku
lëstopadnik	N;INS(PL)	lëstopadnikama
lëstopadnik	N;ESS(SG)	lëstopadnikã
lëstopadnik	N;DAT(SG)	lëstopadnikowi
lëstopadnik	N;GEN(SG)	lëstopadnika
lëstopadnik	N;ESS(PL)	lëstopadnikami
lëstopadnik	N;GEN(PL)	lëstopadników
lëstopadnik	N;INS(SG)	lëstopadnikiem
lëstopadnik	N;ACC(PL)	lëstopadniki
lëstopadnik	N;ACC(SG)	lëstopadnik
lëstopadnik	N;NOM(SG)	lëstopadnik
lëstopadnik	N;VOC(PL)	lëstopadniki
sobòta	N;NOM(PL)	sobòty
sobòta	N;DAT(PL)	sobòtom
sobòta	N;VOC(SG)	sobòto
sobòta	N;INS(PL)	sobòtama
sobòta	N;ESS(SG)	sobòtã
sobòta	N;DAT(SG)	sobòcie
sobòta	N;GEN(SG)	sobòti
sobòta	N;ESS(PL)	sobòtami
sobòta	N;GEN(PL)	sobòt
sobòta	N;INS(SG)	sobòtą
sobòta	N;ACC(PL)	sobòti
sobòta	N;ACC(SG)	sobòtã
sobòta	N;NOM(SG)	sobòta
sobòta	N;VOC(PL)	sobòti
kóń	N;NOM(PL)	kóńi
kóń	N;DAT(PL)	kòniom
kóń	N;VOC(SG)	kóni
kóń	N;INS(PL)	kòńmi
kóń	N;ESS(SG)	kóńm
kóń	N;DAT(SG)	kóńowi
kóń	N;GEN(SG)	kòna
kóń	N;ESS(PL)	kóńmi
kóń	N;GEN(PL)	kóni
kóń	N;INS(SG)	kónym
kóń	N;ACC(PL)	kòńi
kóń	N;ACC(SG)	kóna
kóń	N;NOM(SG)	kóń
kóń	N;VOC(PL)	kóni
nazéwôcz	N;NOM(PL)	nazéwôce
nazéwôcz	N;DAT(PL)	nazéwôczóm
nazéwôcz	N;VOC(SG)	nazéwôczu
nazéwôcz	N;INS(PL)	nazéwôczama
nazéwôcz	N;ESS(SG)	nazéwôcz
nazéwôcz	N;DAT(SG)	nazéwôczowi
nazéwôcz	N;GEN(SG)	nazéwôca
nazéwôcz	N;ESS(PL)	nazéwôczach
nazéwôcz	N;GEN(PL)	nazéwów
nazéwôcz	N;INS(SG)	nazéwôczã
nazéwôcz	N;ACC(PL)	nazéwôczi
nazéwôcz	N;ACC(SG)	nazéwôcz
nazéwôcz	N;NOM(SG)	nazéwôcz
nazéwôcz	N;VOC(PL)	nazéwôcz
piątk	N;NOM(PL)	piątkë
piątk	N;DAT(PL)	piątkom
piątk	N;VOC(SG)	piątkù
piątk	N;INS(PL)	piątkama
piątk	N;ESS(SG)	piątkã
piątk	N;DAT(SG)	piątkowi
piątk	N;GEN(SG)	piątka
piątk	N;ESS(PL)	piątkami
piątk	N;GEN(PL)	piątków
piątk	N;INS(SG)	piątkã
piątk	N;ACC(PL)	piątki
piątk	N;ACC(SG)	piątek
piątk	N;NOM(SG)	piątk
piątk	N;VOC(PL)	piątki
rënk	N;NOM(PL)	rënki
rënk	N;DAT(PL)	rënkóm
rënk	N;VOC(SG)	rënku
rënk	N;INS(PL)	rënkami
rënk	N;ESS(SG)	rënkù
rënk	N;DAT(SG)	rënkowi
rënk	N;GEN(SG)	rënka
rënk	N;ESS(PL)	rënkama
rënk	N;GEN(PL)	rënków
rënk	N;INS(SG)	rënkã
rënk	N;ACC(PL)	rënki
rënk	N;ACC(SG)	rënk
rënk	N;NOM(SG)	rënk
rënk	N;VOC(PL)	rënkë
wtórk	N;NOM(PL)	wtórki
wtórk	N;DAT(PL)	wtórkom
wtórk	N;VOC(SG)	wtórku
wtórk	N;INS(PL)	wtórkami
wtórk	N;ESS(SG)	wtórkã
wtórk	N;DAT(SG)	wtórkowi
wtórk	N;GEN(SG)	wtórka
wtórk	N;ESS(PL)	wtórkami
wtórk	N;GEN(PL)	wtórków
wtórk	N;INS(SG)	wtórkã
wtórk	N;ACC(PL)	wtórki
wtórk	N;ACC(SG)	wtórk
wtórk	N;NOM(SG)	wtórka
wtórk	N;VOC(PL)	wtórki
winowôcz	N;NOM(PL)	winowôczë
winowôcz	N;DAT(PL)	winowôczóm
winowôcz	N;VOC(SG)	winowôczu
winowôcz	N;INS(PL)	winowôczami
winowôcz	N;ESS(SG)	winowôczë
winowôcz	N;DAT(SG)	winowôczowi
winowôcz	N;GEN(SG)	winowôca
winowôcz	N;ESS(PL)	winowôczach
winowôcz	N;GEN(PL)	winowôczów
winowôcz	N;INS(SG)	winowôczã
winowôcz	N;ACC(PL)	winowôców
winowôcz	N;ACC(SG)	winowôcz
winowôcz	N;NOM(SG)	winowôcz
winowôcz	N;VOC(PL)	winowôczi
òjc	N;NOM(PL)	òjce
òjc	N;DAT(PL)	òjcóm
òjc	N;VOC(SG)	òjcu
òjc	N;INS(PL)	òcami
òjc	N;ESS(SG)	òjcem
òjc	N;DAT(SG)	òjcowi
òjc	N;GEN(SG)	òjca
òjc	N;ESS(PL)	òjcami
òjc	N;GEN(PL)	òjców
òjc	N;INS(SG)	òjcym
òjc	N;INS(SG)	òjcem
òjc	N;ACC(PL)	òców
òjc	N;ACC(SG)	òjca
òjc	N;NOM(SG)	òjc
òjc	N;VOC(PL)	òjce
latawiskò	N;NOM(PL)	latawiska
latawiskò	N;DAT(PL)	latawiskóm
latawiskò	N;VOC(SG)	latawiskò
latawiskò	N;INS(PL)	latawiskama
latawiskò	N;ESS(SG)	latawiskom
latawiskò	N;DAT(SG)	latawiskù
latawiskò	N;GEN(SG)	latawiska
latawiskò	N;ESS(PL)	latawiskama
latawiskò	N;GEN(PL)	latawiskòw
latawiskò	N;INS(SG)	latawiskã
latawiskò	N;ACC(PL)	latawiska
latawiskò	N;ACC(SG)	latawiskò
latawiskò	N;NOM(SG)	latawiskò
latawiskò	N;VOC(PL)	latawiska
Jastra	N;VOC(PL)	Jastri
Jastra	N;ESS(PL)	Jastrami
Jastra	N;DAT(PL)	Jastróm
Jastra	N;GEN(PL)	Jastr
Jastra	N;ACC(PL)	Jastry
Jastra	N;ACC(PL)	Jastry
Jastra	N;NOM(PL)	Jastrë
czerwińc	N;NOM(PL)	czerwińcë
czerwińc	N;DAT(PL)	czerwińcom
czerwińc	N;VOC(SG)	czerwińc
czerwińc	N;INS(PL)	czerwińcama
czerwińc	N;ESS(SG)	czerwińcë
czerwińc	N;DAT(SG)	czerwińcowi
czerwińc	N;GEN(SG)	czerwińca
czerwińc	N;ESS(PL)	czerwińcëmi
czerwińc	N;GEN(PL)	czerwińców
czerwińc	N;INS(SG)	czerwińcym
czerwińc	N;ACC(PL)	czerwińce
czerwińc	N;ACC(SG)	czerwińca
czerwińc	N;NOM(SG)	czerwińc
czerwińc	N;VOC(PL)	czerwińce
rujan	N;NOM(PL)	rujany
rujan	N;DAT(PL)	rujanóm
rujan	N;VOC(SG)	rujanie
rujan	N;INS(PL)	rujanami
rujan	N;ESS(SG)	rujanã
rujan	N;DAT(SG)	rujanowi
rujan	N;GEN(SG)	rujana
rujan	N;ESS(PL)	rujanach
rujan	N;GEN(PL)	rujanów
rujan	N;INS(SG)	rujanem
rujan	N;ACC(PL)	rujany
rujan	N;ACC(SG)	rujan
rujan	N;NOM(SG)	rujan
rujan	N;VOC(PL)	rujany
dôwôcz	N;NOM(PL)	dôwôcze
dôwôcz	N;DAT(PL)	
dôwôcz	N;VOC(SG)	dôwôcz
dôwôcz	N;INS(PL)	dôwôczãmi
dôwôcz	N;ESS(SG)	dôwôczym
dôwôcz	N;DAT(SG)	dôwôczowi
dôwôcz	N;GEN(SG)	dôwôczi
dôwôcz	N;ESS(PL)	dôwôczã
dôwôcz	N;GEN(PL)	dôwôczë
dôwôcz	N;INS(SG)	dôwôczą
dôwôcz	N;ACC(PL)	dôwôczi
dôwôcz	N;ACC(SG)	dôwôcz
dôwôcz	N;NOM(SG)	dôwôcz
dôwôcz	N;VOC(PL)	dôwôcze
serce	N;NOM(PL)	serca
serce	N;DAT(PL)	sercom
serce	N;VOC(SG)	serce
serce	N;INS(PL)	sercami
serce	N;ESS(SG)	sercem
serce	N;ESS(SG)	sercu
serce	N;DAT(SG)	sercu
serce	N;GEN(SG)	serca
serce	N;ESS(PL)	sercami
serce	N;GEN(PL)	serc
serce	N;GEN(PL)	serc
serce	N;INS(SG)	sercëm
serce	N;INS(SG)	sercem
serce	N;ACC(PL)	serca
serce	N;ACC(SG)	serce
serce	N;NOM(SG)	serce
serce	N;VOC(PL)	sercë
lëpinc	N;NOM(PL)	lëpincë
lëpinc	N;DAT(PL)	lëpincóm
lëpinc	N;VOC(SG)	lëpincu
lëpinc	N;INS(PL)	lëpincami
lëpinc	N;ESS(SG)	lëpincu
lëpinc	N;DAT(SG)	lëpincowi
lëpinc	N;GEN(SG)	lëpinca
lëpinc	N;ESS(PL)	lëpinczë
lëpinc	N;GEN(PL)	lëpinców
lëpinc	N;INS(SG)	lëpincym
lëpinc	N;ACC(PL)	lëpincy
lëpinc	N;ACC(SG)	lëpinca
lëpinc	N;NOM(SG)	lëpinc
lëpinc	N;VOC(PL)	lëpincy
séwnik	N;NOM(PL)	séwniki
séwnik	N;DAT(PL)	séwnikóm
séwnik	N;VOC(SG)	séwniku
séwnik	N;INS(PL)	séwnikama
séwnik	N;ESS(SG)	séwniku
séwnik	N;DAT(SG)	séwnikowi
séwnik	N;GEN(SG)	séwnika
séwnik	N;ESS(PL)	séwnikach
séwnik	N;GEN(PL)	séwników
séwnik	N;INS(SG)	séwnikã
séwnik	N;ACC(PL)	séwniki
séwnik	N;ACC(SG)	séwnik
séwnik	N;NOM(SG)	séwnik
séwnik	N;VOC(PL)	séwniki
zélnik	N;NOM(PL)	zélniki
zélnik	N;DAT(PL)	zélnikom
zélnik	N;VOC(SG)	zélniku
zélnik	N;INS(PL)	zélnikami
zélnik	N;ESS(SG)	zélnym
zélnik	N;DAT(SG)	zélnikowi
zélnik	N;GEN(SG)	zélnika
zélnik	N;ESS(PL)	zélniami
zélnik	N;GEN(PL)	zélników
zélnik	N;INS(SG)	zélnikã
zélnik	N;ACC(PL)	zélnikòw
zélnik	N;ACC(SG)	zélnika
zélnik	N;NOM(SG)	zélnik
zélnik	N;VOC(PL)	zélniki
stëcznik	N;NOM(PL)	stëczniki
stëcznik	N;DAT(PL)	stëcznikóm
stëcznik	N;VOC(SG)	stëczniku
stëcznik	N;INS(PL)	stëcznikami
stëcznik	N;ESS(SG)	stëczniku
stëcznik	N;DAT(SG)	stëcznikowi
stëcznik	N;GEN(SG)	stëcznika
stëcznik	N;ESS(PL)	stëcznikóm
stëcznik	N;GEN(PL)	stëcznikòw
stëcznik	N;INS(SG)	stëcznikã
stëcznik	N;ACC(PL)	stëczniki
stëcznik	N;ACC(SG)	stëcznik
stëcznik	N;NOM(SG)	stëcznik
stëcznik	N;VOC(PL)	stëczniki
strzoda	N;NOM(PL)	strzody
strzoda	N;DAT(PL)	strzodóm
strzoda	N;VOC(SG)	strzodo
strzoda	N;INS(PL)	strzodama
strzoda	N;ESS(SG)	strzodą
strzoda	N;DAT(SG)	strzodze
strzoda	N;GEN(SG)	strzodi
strzoda	N;ESS(PL)	strzodach
strzoda	N;GEN(PL)	strzód
strzoda	N;INS(SG)	strzodą
strzoda	N;ACC(PL)	strzody
strzoda	N;ACC(SG)	strzodã
strzoda	N;NOM(SG)	strzoda
strzoda	N;VOC(PL)	strzody
môj	N;NOM(PL)	môje
môj	N;DAT(PL)	môjim
môj	N;VOC(SG)	môj
môj	N;INS(PL)	mòimi
môj	N;ESS(SG)	mòjim
môj	N;DAT(SG)	môjemu
môj	N;GEN(SG)	mòjeg
môj	N;ESS(PL)	môich
môj	N;GEN(PL)	môjich
môj	N;INS(SG)	môjim
môj	N;ACC(PL)	môje
môj	N;ACC(SG)	môjegò
môj	N;NOM(SG)	môj
môj	N;VOC(PL)	môjé
strumiannik	N;NOM(PL)	strumianniki
strumiannik	N;DAT(PL)	strumiannikóm
strumiannik	N;VOC(SG)	strumianniku
strumiannik	N;INS(PL)	strumiannikami
strumiannik	N;ESS(SG)	strumiannikiem
strumiannik	N;DAT(SG)	strumiankowi
strumiannik	N;GEN(SG)	strumiannika
strumiannik	N;ESS(PL)	strumiannikami
strumiannik	N;GEN(PL)	strumianników
strumiannik	N;INS(SG)	strumiannikiem
strumiannik	N;ACC(PL)	strumianników
strumiannik	N;ACC(SG)	strumiannik
strumiannik	N;NOM(SG)	strumiannik
strumiannik	N;VOC(PL)	strumianniki
tidzéń	N;NOM(PL)	tidzéńë
tidzéń	N;DAT(PL)	tidzéńom
tidzéń	N;VOC(SG)	tidzéńu
tidzéń	N;INS(PL)	tidzéńmi
tidzéń	N;ESS(SG)	tidzéńã
tidzéń	N;DAT(SG)	tidzéńowi
tidzéń	N;GEN(SG)	tidzéńa
tidzéń	N;ESS(PL)	tidzéńach
tidzéń	N;GEN(PL)	tidzéńi
tidzéń	N;INS(SG)	tidzéńã
tidzéń	N;ACC(PL)	tidzéńi
tidzéń	N;ACC(SG)	tidzéń
tidzéń	N;NOM(SG)	tidzéń
tidzéń	N;VOC(PL)	tidzéńi
czwôrtk	N;NOM(PL)	czwôrtki
czwôrtk	N;DAT(PL)	czwôrtkóm
czwôrtk	N;VOC(SG)	czwôrtku
czwôrtk	N;INS(PL)	czwôrtkama
czwôrtk	N;ESS(SG)	czwôrtkiem
czwôrtk	N;DAT(SG)	czwôrtkowi
czwôrtk	N;GEN(SG)	czwôrtka
czwôrtk	N;ESS(PL)	czwôrtkach
czwôrtk	N;GEN(PL)	czwôrtek
czwôrtk	N;INS(SG)	czwôrtkã
czwôrtk	N;ACC(PL)	czwôrtki
czwôrtk	N;ACC(SG)	czwôrtk
czwôrtk	N;NOM(SG)	czwôrtk
czwôrtk	N;VOC(PL)	czwôrtki
kòt	N;NOM(PL)	kòti
kòt	N;DAT(PL)	kòtam
kòt	N;VOC(SG)	kòcie
kòt	N;INS(PL)	kòtama
kòt	N;ESS(SG)	kòtem
kòt	N;DAT(SG)	kòti
kòt	N;DAT(SG)	kòtowi
kòt	N;GEN(SG)	kòta
kòt	N;ESS(PL)	kòti
kòt	N;GEN(PL)	kòtów
kòt	N;INS(SG)	kòtem
kòt	N;ACC(PL)	kòti
kòt	N;ACC(SG)	kòta
kòt	N;NOM(SG)	kòt
kòt	N;VOC(PL)	kòti
gromicznik	N;NOM(PL)	gromicznikë
gromicznik	N;DAT(PL)	gromicznikom
gromicznik	N;VOC(SG)	gromiczniku
gromicznik	N;INS(PL)	gromicznikama
gromicznik	N;ESS(SG)	gromicznikiem
gromicznik	N;DAT(SG)	gromicznikowi
gromicznik	N;GEN(SG)	gromicznika
gromicznik	N;ESS(PL)	gromicznikami
gromicznik	N;GEN(PL)	gromiczników
gromicznik	N;INS(SG)	gromicznikã
gromicznik	N;ACC(PL)	gromicznikòw
gromicznik	N;ACC(SG)	gromicznika
gromicznik	N;NOM(SG)	gromicznik
gromicznik	N;VOC(PL)	gromiczniki
rodzôcz	N;NOM(PL)	rodzôcë
rodzôcz	N;DAT(PL)	rodzôczóm
rodzôcz	N;VOC(SG)	rodzôcze
rodzôcz	N;INS(PL)	rodzôczama
rodzôcz	N;ESS(SG)	rodzôcym
rodzôcz	N;DAT(SG)	rodzôczowi
rodzôcz	N;GEN(SG)	rodzôcza
rodzôcz	N;ESS(PL)	rodzôcach
rodzôcz	N;GEN(PL)	rodzôcë
rodzôcz	N;INS(SG)	rodzôczã
rodzôcz	N;ACC(PL)	rodzôców
rodzôcz	N;ACC(SG)	rodzôcza
rodzôcz	N;NOM(SG)	rodzôcz
rodzôcz	N;VOC(PL)	rodzôcë
niedzela	N;NOM(PL)	niedzelë
niedzela	N;DAT(PL)	niedzelóm
niedzela	N;VOC(SG)	niedzelo
niedzela	N;INS(PL)	niedzelama
niedzela	N;ESS(SG)	niedzelë
niedzela	N;DAT(SG)	niedzeli
niedzela	N;GEN(SG)	niedzeli
niedzela	N;ESS(PL)	niedzelach
niedzela	N;GEN(PL)	niedzél
niedzela	N;INS(SG)	niedzelą
niedzela	N;ACC(PL)	niedzele
niedzela	N;ACC(SG)	niedzelã
niedzela	N;NOM(SG)	niedzela
niedzela	N;VOC(PL)	niedzele
gòdnik	N;NOM(PL)	gòdniki
gòdnik	N;DAT(PL)	gòdnikom
gòdnik	N;VOC(SG)	gòdniku
gòdnik	N;INS(PL)	gòdnikama
gòdnik	N;ESS(SG)	gòdnikã
gòdnik	N;DAT(SG)	gòdnikowi
gòdnik	N;GEN(SG)	gòdnika
gòdnik	N;ESS(PL)	gòdnikach
gòdnik	N;GEN(PL)	gòdników
gòdnik	N;INS(SG)	gòdnikiem
gòdnik	N;ACC(PL)	gòdników
gòdnik	N;ACC(SG)	gòdnika
gòdnik	N;NOM(SG)	gòdnik
gòdnik	N;VOC(PL)	gòdnicy
stolem	N;NOM(PL)	stole
stolem	N;DAT(PL)	stolom
stolem	N;VOC(SG)	stole
stolem	N;INS(PL)	stolemami
stolem	N;ESS(SG)	stolem
stolem	N;DAT(SG)	stolowi
stolem	N;GEN(SG)	stoła
stolem	N;ESS(PL)	stolmi
stolem	N;GEN(PL)	stólów
stolem	N;INS(SG)	stolem
stolem	N;ACC(PL)	stôłë
stolem	N;ACC(SG)	stół
stolem	N;NOM(SG)	stół
stolem	N;VOC(PL)	stole
test acc Kashubian 0.32220039292730845
