Aikido	N;ACC(SG)	malowac	V;INF;IMP	malowac
Aikido	N;DAT(SG)	malowac	V;INF;IPFV	malowac
Aikido	N;GEN(SG)	malowac	V;INF	malowac
Aikido	N;NOM(SG)	malowac	V;INF	malowac
Anreise	N;ACC(PL)	malowac	V;INF;IPFV	malowac
Anreise	N;ACC(SG)	malowac	V;INF	malowac
Anreise	N;DAT(PL)	malowac	V;INF;IPFV	malowac
Anreise	N;DAT(SG)	malowac	V;INF	malowac
Anreise	N;GEN(PL)	malowac	V;INF;IPFV	malowac
Anreise	N;GEN(SG)	malowac	V;INF;IPFV	malowac
Anreise	N;NOM(PL)	malowac	V;INF	malowac
Anreise	N;NOM(SG)	malowac	V;INF	malowac
Arsenikesser	N;ACC(PL)	malowac	V;INF;IMP	malowac
Arsenikesser	N;ACC(SG)	malowac	V;INF	malowac
Arsenikesser	N;DAT(PL)	malowac	V;INF;IMPF	malowac
Arsenikesser	N;DAT(SG)	malowac	V;INF	malowac
Arsenikesser	N;GEN(PL)	malowac	V;INF;IPFV	malowac
Arsenikesser	N;GEN(SG)	malowac	V;INF	malowac
Arsenikesser	N;NOM(PL)	malowac	V;INF;IPFV	malowac
Arsenikesser	N;NOM(SG)	malowac	V;INF	malowac
Auslassungszeichen	N;ACC(PL)	malowac	V;INF;IMPF	malowac
Auslassungszeichen	N;ACC(SG)	malowac	V;INF	malowac
Auslassungszeichen	N;DAT(PL)	malowac	V;INF;IPFV	malowac
Auslassungszeichen	N;DAT(SG)	malowac	V;INF;IPFV	malowac
Auslassungszeichen	N;GEN(PL)	malowac	V;INF	malowac
Auslassungszeichen	N;GEN(SG)	malowac	V;INF	malowac
Auslassungszeichen	N;NOM(PL)	malowac	V;INF	malowac
Auslassungszeichen	N;NOM(SG)	malowac	V;INF;IPFV	malowac
Bergente	N;ACC(PL)	malowac	V;INF;IPFV	malowac
Bergente	N;ACC(SG)	malowac	V;INF	malowac
Bergente	N;DAT(PL)	malowac	V;INF	malowac
Bergente	N;DAT(SG)	malowac	V;INF	malowac
Bergente	N;GEN(PL)	malowac	V;INF	malowac
Bergente	N;GEN(SG)	malowac	V;INF	malowac
Bergente	N;NOM(PL)	malowac	V;INF	malowac
Bergente	N;NOM(SG)	malowac	V;INF	malowac
Berylliumsalz	N;ACC(PL)	malowac	V;INF	malowac
Berylliumsalz	N;ACC(SG)	malowac	V;INF	malowac
Berylliumsalz	N;DAT(PL)	malowac	V;INF	malowac
Berylliumsalz	N;DAT(SG)	malowac	V;INF	malowac
Berylliumsalz	N;GEN(PL)	malowac	V;INF;IPFV	malowac
Berylliumsalz	N;GEN(SG)	malowac	V;INF;IPFV	malowac
Berylliumsalz	N;NOM(PL)	malowac	V;INF	malowac
Berylliumsalz	N;NOM(SG)	malowac	V;INF;IPFV	malowac
Bettlaken	N;ACC(PL)	malowac	V;INF	malowac
Bettlaken	N;ACC(SG)	malowac	V;INF	malowac
Bettlaken	N;DAT(PL)	malowac	V;INF;IMP	malowac
Bettlaken	N;DAT(SG)	malowac	V;INF;IPFV	malowac
Bettlaken	N;GEN(PL)	malowac	V;INF	malowac
Bettlaken	N;GEN(SG)	malowac	V;INF;IPFV	malowac
Bettlaken	N;NOM(PL)	malowac	V;INF;IPFV	malowac
Bettlaken	N;NOM(SG)	malowac	V;INF;IMP	malowac
Bild	N;ACC(PL)	malowac	V;INF	malowac
Bild	N;ACC(SG)	malowac	V;INF	malowac
Bild	N;DAT(PL)	malowac	V;INF;IPFV	malowac
Bild	N;DAT(SG)	malowac	V;INF;IPFV	malowac
Bild	N;GEN(PL)	malowac	V;INF	malowac
Bild	N;GEN(SG)	malowac	V;INF	malowac
Bild	N;NOM(PL)	malowac	V;INF	malowac
Bild	N;NOM(SG)	malowac	V;INF	malowac
Brettspiel	N;ACC(PL)	malowac	V;INF	malowac
Brettspiel	N;ACC(SG)	malowac	V;INF	malowac
Brettspiel	N;DAT(PL)	malowac	V;INF	malowac
Brettspiel	N;DAT(SG)	malowac	V;IPFV;INF	malowac
Brettspiel	N;GEN(PL)	malowac	V;INF	malowac
Brettspiel	N;GEN(SG)	malowac	V;INF	malowac
Brettspiel	N;NOM(PL)	malowac	V;INF	malowac
Brettspiel	N;NOM(SG)	malowac	V;INF;IPFV	malowac
Bridge	N;ACC(SG)	malowac	V;INF;IPFV	malowac
Bridge	N;DAT(SG)	malowac	V;INF;IPFV	malowac
Bridge	N;GEN(SG)	malowac	V;INF	malowac
Bridge	N;NOM(SG)	malowac	V;INF;IPFV	malowac
Denken	N;ACC(SG)	malowac	V;INF;IPFV	malowac
Denken	N;DAT(SG)	malowac	V;INF	malowac
Denken	N;GEN(SG)	malowac	V;INF	malowac
Denken	N;NOM(SG)	malowac	V;INF	malowac
Elfe	N;ACC(PL)	malowac	V;INF	malowac
Elfe	N;ACC(SG)	malowac	V;INF;IPFV	malowac
Elfe	N;DAT(PL)	malowac	V;INF;IPFV	malowac
Elfe	N;DAT(SG)	malowac	V;INF	malowac
Elfe	N;GEN(SG)	malowac	V;INF	malowac
Elfe	N;NOM(PL)	malowac	V;INF;IMPF	malowac
Elfe	N;NOM(SG)	malowac	V;INF;IPFV	malowac
Ermittler	N;ACC(PL)	malowac	V;INF	malowac
Ermittler	N;ACC(SG)	malowac	V;INF	malowac
Ermittler	N;DAT(PL)	malowac	V;INF	malowac
Ermittler	N;DAT(SG)	malowac	V;INF	malowac
Ermittler	N;GEN(PL)	malowac	V;INF	malowac
Ermittler	N;GEN(SG)	malowac	V;INF	malowac
Ermittler	N;NOM(PL)	malowac	V;INF	malowac
Ermittler	N;NOM(SG)	malowac	V;INF	malowac
Fahnenträger	N;ACC(PL)	malowac	V;INF;IPFV	malowac
Fahnenträger	N;ACC(SG)	malowac	V;INF	malowac
Fahnenträger	N;DAT(PL)	malowac	V;INF	malowac
Fahnenträger	N;DAT(SG)	malowac	V;INF;IPFV	malowac
Fahnenträger	N;GEN(PL)	malowac	V;INF;IPFV	malowac
Fahnenträger	N;GEN(SG)	malowac	V;INF	malowac
Fahnenträger	N;NOM(PL)	malowac	V;INF	malowac
Fahnenträger	N;NOM(SG)	malowac	V;INF;IPFV	malowac
Felsen	N;ACC(PL)	malowac	V;INF	malowac
Felsen	N;ACC(SG)	malowac	V;INF	malowac
Felsen	N;DAT(PL)	malowac	V;INF;IMP	malowac
Felsen	N;DAT(SG)	malowac	V;INF	malowac
Felsen	N;GEN(PL)	malowac	V;INF	malowac
Felsen	N;GEN(SG)	malowac	V;INF;IPFV	malowac
Felsen	N;NOM(PL)	malowac	V;INF	malowac
Felsen	N;NOM(SG)	malowac	V;INF	malowac
Fichtelit	N;ACC(PL)	malowac	V;INF	malowac
Fichtelit	N;ACC(SG)	malowac	V;INF;IMP	malowac
Fichtelit	N;DAT(SG)	malowac	V;INF;IMP	malowac
Fichtelit	N;GEN(PL)	malowac	V;INF;IPFV	malowac
Fichtelit	N;GEN(SG)	malowac	V;INF	malowac
Fichtelit	N;NOM(PL)	malowac	V;INF	malowac
Fichtelit	N;NOM(SG)	malowac	V;INF;IPFV	malowac
Fumarole	N;ACC(PL)	malowac	V;INF;IMPF	malowac
Fumarole	N;ACC(SG)	malowac	V;INF	malowac
Fumarole	N;DAT(PL)	malowac	V;INF	malowac
Fumarole	N;DAT(SG)	malowac	V;INF;IPFV	malowac
Fumarole	N;GEN(PL)	malowac	V;INF	malowac
Fumarole	N;GEN(SG)	malowac	V;INF	malowac
Fumarole	N;NOM(PL)	malowac	V;INF;IPFV	malowac
Fumarole	N;NOM(SG)	malowac	V;INF	malowac
Gesäss	N;ACC(PL)	malowac	V;INF	malowac
Gesäss	N;ACC(SG)	malowac	V;INF;IPFV	malowac
Gesäss	N;DAT(PL)	malowac	V;INF;IPFV	malowac
Gesäss	N;DAT(SG)	malowac	V;INF;IPFV	malowac
Gesäss	N;GEN(PL)	malowac	V;INF	malowac
Gesäss	N;GEN(SG)	malowac	V;INF	malowac
Gesäss	N;NOM(PL)	malowac	V;INF	malowac
Gesäss	N;NOM(SG)	malowac	V;INF	malowac
Hit	N;ACC(PL)	malowac	V;INF;IPFV	malowac
Hit	N;ACC(SG)	malowac	V;INF	malowac
Hit	N;DAT(PL)	malowac	V;INF;IPFV	malowac
Hit	N;DAT(SG)	malowac	V;INF	malowac
Hit	N;GEN(PL)	malowac	V;INF	malowac
Hit	N;GEN(SG)	malowac	V;INF	malowac
Hit	N;NOM(PL)	malowac	V;INF;IPFV	malowac
Hit	N;NOM(SG)	malowac	V;INF	malowac
Kakerlak	N;ACC(PL)	malowac	V;INF	malowac
Kakerlak	N;ACC(SG)	malowac	V;INF;IPFV	malowac
Kakerlak	N;DAT(PL)	malowac	V;INF	malowac
Kakerlak	N;DAT(SG)	malowac	V;INF;IMPF	malowac
Kakerlak	N;GEN(PL)	malowac	V;INF	malowac
Kakerlak	N;GEN(SG)	malowac	V;INF;IPFV	malowac
Kakerlak	N;NOM(PL)	malowac	V;INF;IPFV	malowac
Kakerlak	N;NOM(SG)	malowac	V;INF	malowac
Kolumbienralle	N;ACC(PL)	malowac	V;INF	malowac
Kolumbienralle	N;ACC(SG)	malowac	V;INF;IMPF	malowac
Kolumbienralle	N;DAT(PL)	malowac	V;INF	malowac
Kolumbienralle	N;DAT(SG)	malowac	V;INF	malowac
Kolumbienralle	N;GEN(PL)	malowac	V;INF;IPFV	malowac
Kolumbienralle	N;GEN(SG)	malowac	V;INF	malowac
Kolumbienralle	N;NOM(PL)	malowac	V;INF	malowac
Kolumbienralle	N;NOM(SG)	malowac	V;INF	malowac
Lammfellhandschuh	N;ACC(PL)	malowac	V;INF	malowac
Lammfellhandschuh	N;ACC(SG)	malowac	V;INF	malowac
Lammfellhandschuh	N;DAT(PL)	malowac	V;INF	malowac
Lammfellhandschuh	N;DAT(SG)	malowac	V;INF	malowac
Lammfellhandschuh	N;GEN(PL)	malowac	V;INF	malowac
Lammfellhandschuh	N;GEN(SG)	malowac	V;INF;IPFV	malowac
Lammfellhandschuh	N;NOM(PL)	malowac	V;INF	malowac
Lammfellhandschuh	N;NOM(SG)	malòwac	V;INF	malowac
Leichenhalle	N;ACC(PL)	malowac	V;INF	malowac
Leichenhalle	N;ACC(SG)	malowac	V;INF	malowac
Leichenhalle	N;DAT(PL)	malowac	V;INF;IMP	malowac
Leichenhalle	N;DAT(SG)	malowac	V;INF	malowac
Leichenhalle	N;GEN(PL)	malowac	V;INF	malowac
Leichenhalle	N;GEN(SG)	malowac	V;INF	malowac
Leichenhalle	N;NOM(PL)	malowac	V;INF;IPFV	malowac
Leichenhalle	N;NOM(SG)	malowac	V;INF	malowac
Linguistin	N;ACC(PL)	malowac	V;INF	malowac
Linguistin	N;ACC(SG)	malowac	V;INF;IPFV	malowac
Linguistin	N;DAT(PL)	malowac	V;INF	malowac
Linguistin	N;DAT(SG)	malowac	V;INF	malowac
Linguistin	N;GEN(PL)	malowac	V;INF	malowac
Linguistin	N;GEN(SG)	malowac	V;INF	malowac
Linguistin	N;NOM(PL)	malowac	V;INF	malowac
Linguistin	N;NOM(SG)	malowac	V;INF;IPFV	malowac
Lonsdaleit	N;ACC(PL)	malowac	V;INF;IPFV	malowac
Lonsdaleit	N;ACC(SG)	malowac	V;INF	malowac
Lonsdaleit	N;DAT(PL)	malowac	V;INF	malowac
Lonsdaleit	N;DAT(SG)	malowac	V;INF	malowac
Lonsdaleit	N;GEN(PL)	malowac	V;INF;IMPF	malowac
Lonsdaleit	N;NOM(PL)	malowac	V;INF	malowac
Lonsdaleit	N;NOM(SG)	malowac	V;INF	malowac
Maiskolben	N;ACC(PL)	malowac	V;INF;IPFV	malowac
Maiskolben	N;ACC(SG)	malowac	V;INF;IMPF	malowac
Maiskolben	N;DAT(PL)	malowac	V;INF	malowac
Maiskolben	N;DAT(SG)	malowac	V;INF	malowac
Maiskolben	N;GEN(PL)	malowac	V;INF	malowac
Maiskolben	N;GEN(SG)	malowac	V;INF	malowac
Maiskolben	N;NOM(PL)	malowac	V;INF	malowac
Maiskolben	N;NOM(SG)	malowac	V;INF	malowac
Marokkaner	N;ACC(PL)	malowac	V;INF;ACT	malowac
Marokkaner	N;ACC(SG)	malowac	V;INF;IPFV	malowac
Marokkaner	N;DAT(PL)	malowac	V;INF	malowac
Marokkaner	N;DAT(SG)	malowac	V;INF	malowac
Marokkaner	N;GEN(PL)	malowac	V;INF	malowac
Marokkaner	N;GEN(SG)	malowac	V;INF;IPFV	malowac
Marokkaner	N;NOM(PL)	malowac	V;INF	malowac
Marokkaner	N;NOM(SG)	malowac	V;INF;IPFV	malowac
Milchkuh	N;ACC(PL)	malowac	V;INF;IPFV;ACT	malowac
Milchkuh	N;ACC(SG)	malowac	V;INF	malowac
Milchkuh	N;DAT(PL)	malowac	V;INF	malowac
Milchkuh	N;DAT(SG)	malowac	V;INF;IPFV	malowac
Milchkuh	N;GEN(PL)	malowac	V;INF	malowac
Milchkuh	N;GEN(SG)	malowac	V;INF	malowac
Milchkuh	N;NOM(PL)	malowac	V;INF	malowac
Milchkuh	N;NOM(SG)	malowac	V;INF	malowac
Nudelholz	N;ACC(PL)	malowac	V;INF;IPFV	malowac
Nudelholz	N;ACC(SG)	malowac	V;INF	malowac
Nudelholz	N;DAT(PL)	malowac	V;INF;IPFV	malowac
Nudelholz	N;DAT(SG)	malowac	V;INF	malowac
Nudelholz	N;GEN(PL)	malowac	V;INF;IMP	malowac
Nudelholz	N;GEN(SG)	malowac	V;INF	malowac
Nudelholz	N;NOM(PL)	malowac	V;INF	malowac
Nudelholz	N;NOM(SG)	malowac	V;INF;IPFV	malowac
Omnipotenz	N;ACC(SG)	malowac	V;INF	malowac
Omnipotenz	N;DAT(SG)	malowac	V;INF	malowac
Omnipotenz	N;GEN(SG)	malowac	V;INF	malowac
Omnipotenz	N;NOM(SG)	malowac	V;INF;IPFV	malowac
Parzelle	N;ACC(PL)	malowac	V;INF	malowac
Parzelle	N;ACC(SG)	malowac	V;INF;IMPF	malowac
Parzelle	N;DAT(PL)	malowac	V;INF;IMP	malowac
Parzelle	N;DAT(SG)	malowac	V;INF;IPFV	malowac
Parzelle	N;GEN(PL)	malowac	V;INF	malowac
Parzelle	N;GEN(SG)	malowac	V;INF	malowac
Parzelle	N;NOM(PL)	malowac	V;INF	malowac
Parzelle	N;NOM(SG)	malowac	V;INF	malowac
Pfifferling	N;ACC(PL)	malowac	V;INF	malowac
Pfifferling	N;ACC(SG)	malowac	V;INF	malowac
Pfifferling	N;DAT(PL)	malowac	V;INF	malowac
Pfifferling	N;DAT(SG)	malowac	V;INF	malowac
Pfifferling	N;GEN(PL)	malowac	V;INF	malowac
Pfifferling	N;GEN(SG)	malowac	V;INF	malowac
Pfifferling	N;NOM(PL)	malowac	V;INF	malowac
Pfifferling	N;NOM(SG)	malowac	V;INF;IPFV	malowac
Reaktionsschritt	N;ACC(PL)	malowac	V;INF;IMPF	malowac
Reaktionsschritt	N;ACC(SG)	malowac	V;INF	malowac
Reaktionsschritt	N;DAT(PL)	malowac	V;INF	malowac
Reaktionsschritt	N;DAT(SG)	malowac	V;INF	malowac
Reaktionsschritt	N;GEN(PL)	malowac	V;INF;IPFV	malowac
Reaktionsschritt	N;GEN(SG)	malowac	V;INF	malowac
Reaktionsschritt	N;NOM(PL)	malować	V;INF	malowac
Reaktionsschritt	N;NOM(SG)	malowac	V;INF;IPFV	malowac
Relaiskontakt	N;ACC(PL)	malowac	V;INF;IPFV	malowac
Relaiskontakt	N;ACC(SG)	malowac	V;INF	malowac
Relaiskontakt	N;DAT(PL)	malowac	V;INF	malowac
Relaiskontakt	N;DAT(SG)	malowac	V;INF	malowac
Relaiskontakt	N;GEN(PL)	malowac	V;INF	malowac
Relaiskontakt	N;GEN(SG)	malowac	V;INF	malowac
Relaiskontakt	N;NOM(PL)	malowac	V;INF	malowac
Relaiskontakt	N;NOM(SG)	malowac	V;INF	malowac
Salzteig	N;ACC(PL)	malowac	V;INF	malowac
Salzteig	N;ACC(SG)	malowac	V;INF;IMP	malowac
Salzteig	N;DAT(PL)	malowac	V;INF	malowac
Salzteig	N;DAT(SG)	malowac	V;INF;IPFV	malowac
Salzteig	N;GEN(PL)	malowac	V;INF;IPFV	malowac
Salzteig	N;GEN(SG)	malowac	V;INF	malowac
Salzteig	N;NOM(PL)	malowac	V;INF	malowac
Salzteig	N;NOM(SG)	malowac	V;INF;IMPF	malowac
Sandmann	N;ACC(PL)	malowac	V;INF;IPFV	malowac
Sandmann	N;ACC(SG)	malowac	V;INF	malowac
Sandmann	N;DAT(PL)	malowac	V;INF	malowac
Sandmann	N;DAT(SG)	malowac	V;INF	malowac
Sandmann	N;GEN(PL)	malowac	V;INF	malowac
Sandmann	N;GEN(SG)	malowac	V;INF;IPFV	malowac
Sandmann	N;NOM(PL)	malowac	V;INF	malowac
Sandmann	N;NOM(SG)	malowac	V;INF	malowac
Scheinwerfer	N;ACC(PL)	malowac	V;INF	malowac
Scheinwerfer	N;ACC(SG)	malowac	V;INF	malowac
Scheinwerfer	N;DAT(PL)	malowac	V;INF	malowac
Scheinwerfer	N;DAT(SG)	malowac	V;INF	malowac
Scheinwerfer	N;GEN(PL)	malowac	V;INF	malowac
Scheinwerfer	N;GEN(SG)	malowac	V;INF	malowac
Scheinwerfer	N;NOM(PL)	malowac	V;INF	malowac
Scheinwerfer	N;NOM(SG)	malowac	V;INF;IPFV	malowac
Schlagbaum	N;ACC(PL)	malowac	V;INF	malowac
Schlagbaum	N;ACC(SG)	malowac	V;INF;IPFV	malowac
Schlagbaum	N;DAT(PL)	malowac	V;INF	malowac
Schlagbaum	N;DAT(SG)	malowac	V;INF	malowac
Schlagbaum	N;GEN(PL)	malowac	V;INF	malowac
Schlagbaum	N;GEN(SG)	malòwac	V;INF	malowac
Schlagbaum	N;NOM(PL)	malowac	V;INF	malowac
Schlagbaum	N;NOM(SG)	malowac	V;INF;IMP	malowac
Schweizerin	N;ACC(PL)	malowac	V;INF;IPFV	malowac
Schweizerin	N;ACC(SG)	malowac	V;INF;IPFV	malowac
Schweizerin	N;DAT(PL)	malowac	V;INF;IPFV	malowac
Schweizerin	N;DAT(SG)	malowac	V;INF	malowac
Schweizerin	N;GEN(PL)	malowac	V;INF	malowac
Schweizerin	N;NOM(PL)	malowac	V;INF	malowac
Schweizerin	N;NOM(SG)	malowac	V;INF;IPFV	malowac
Schürze	N;ACC(PL)	malowac	V;INF;IPFV	malowac
Schürze	N;ACC(SG)	malowac	V;INF	malowac
Schürze	N;DAT(PL)	malowac	V;INF	malowac
Schürze	N;DAT(SG)	malowac	V;INF;IMPF	malowac
Schürze	N;GEN(PL)	malowac	V;INF	malowac
Schürze	N;GEN(SG)	malowac	V;INF	malowac
Schürze	N;NOM(PL)	malowac	V;INF;IPFV	malowac
Schürze	N;NOM(SG)	malowac	V;INF;IPFV	malowac
Taifun	N;ACC(PL)	malowac	V;INF	malowac
Taifun	N;ACC(SG)	malowac	V;INF	malowac
Taifun	N;DAT(PL)	malowac	V;INF;IMP	malowac
Taifun	N;DAT(SG)	malòwac	V;INF;IMPF	malowac
Taifun	N;GEN(PL)	malowac	V;INF	malowac
Taifun	N;GEN(SG)	malowac	V;INF;IPFV	malowac
Taifun	N;NOM(PL)	malowac	V;INF	malowac
Taifun	N;NOM(SG)	malowac	V;INF	malowac
Tensid	N;ACC(PL)	malowac	V;INF	malowac
Tensid	N;ACC(SG)	malowac	V;INF	malowac
Tensid	N;DAT(PL)	malowac	V;INF	malowac
Tensid	N;DAT(SG)	malowac	V;INF;IPFV	malowac
Tensid	N;GEN(PL)	malowac	V;INF	malowac
Tensid	N;GEN(SG)	malowac	V;INF;IPFV	malowac
Tensid	N;NOM(PL)	malowac	V;INF;IMP	malowac
Tensid	N;NOM(SG)	malowac	V;INF	malowac
Theodizee	N;ACC(PL)	malowac	V;INF;IMPF	malowac
Theodizee	N;ACC(SG)	malowac	V;INF;IPFV	malowac
Theodizee	N;DAT(PL)	malowac	V;INF	malowac
Theodizee	N;DAT(SG)	malowac	V;INF	malowac
Theodizee	N;GEN(PL)	malowac	V;INF	malowac
Theodizee	N;GEN(SG)	malowac	V;INF	malowac
Theodizee	N;NOM(PL)	malowac	V;INF	malowac
Theodizee	N;NOM(SG)	malowac	V;INF	malowac
Tukan	N;ACC(PL)	malowac	V;INF;IMPF	malowac
