plěś	V;PST;1;DU	plěli smo
plěś	V;PST;1;PL	plěliśmy
plěś	V;PST;3;PL	plěli
plěś	V;PST;2;SG	plěł
plěś	V;PST;3;DU	plěłoj
plěś	V;PRS;1;PL	plěmy
plěś	V;PRS;2;DU	plěsta
plěś	V;PRS;3;SG	plě
plěś	V;IMP;2;PL	plějće
plěś	V;IMP;2;DU	plěta
cuś	V;PST;3;PL	culi
cuś	V;PST;1;SG	cułm
cuś	V;PST;2;PL	cułi
cuś	V;PST;2;DU	cułsta
cuś	V;PST;3;DU	cułoj
cuś	V;PRS;1;DU	cuma
cuś	V;PRS;2;PL	cuće
cuś	V;PRS;3;DU	cuta
cuś	V;PRS;3;SG	cua
cuś	V;IMP;2;PL	cuće
cuś	V;IMP;2;DU	cuta
cuś	V;PRS;1;SG	cum
gibanje	N;INS(PL)	gibanjami
gibanje	N;GEN(SG)	gibanja
gibanje	N;NOM(PL)	gibanja
gibanje	N;DAT(SG)	gibanju
gibanje	N;ACC(SG)	gibanje
gibanje	N;NOM(SG)	gibanje
gibanje	N;DAT(DU)	gibanjoma
gibanje	N;ESS(DU)	gibanje
gibanje	N;GEN(PL)	gibanjow
gibanje	N;ESS(SG)	gibanju
śańki	ADJ;NOM(SG,FEM)	śańka
śańki	ADJ;ACC(SG,NEUT)	śańke
śańki	ADJ;GEN(SG,NEUT)	śańkego
śańki	ADJ;DAT(SG,FEM)	śańke
śańki	ADJ;NOM(DU)	śańka
śańki	ADJ;INS(SG,FEM)	śańku
śańki	ADJ;DAT(SG,MASC)	śańkemu
śańki	ADJ;NOM(SG,MASC)	śańki
śańki	ADJ;ESS(PL)	śańkimi
śańki	ADJ;GEN(PL)	śańkich
śańki	ADJ;DAT(DU)	śańkoma
śańki	ADJ;ESS(DU)	śańki
śańki	ADJ;INS(SG,MASC)	šańkim
cas	N;ESS(PL)	casy
cas	N;ACC(DU)	casa
cas	N;GEN(SG)	casa
cas	N;NOM(DU)	casa
cas	N;NOM(SG)	cas
cas	N;DAT(DU)	casam
cas	N;ESS(DU)	casaj
cas	N;INS(DU)	casoma
cas	N;INS(SG)	casom
śichy	ADJ;ACC(SG,NEUT)	śiche
śichy	ADJ;ACC(PL,INAN)	śiche
śichy	ADJ;ACC(SG,MASC,ANIM)	śichogo
śichy	ADJ;ACC(DU,INAN)	śiche
śichy	ADJ;DAT(SG,FEM)	śichej
śichy	ADJ;GEN(SG,FEM)	śiche
śichy	ADJ;ACC(DU,ANIM)	śicha
śichy	ADJ;ESS(SG,MASC)	śichym
śichy	ADJ;ESS(SG,NEUT)	śichym
śichy	ADJ;ACC(PL,ANIM)	śichych
śichy	ADJ;ESS(PL)	śichich
śichy	ADJ;ESS(DU)	śichy
śichy	ADJ;INS(DU)	śichoma
śichy	ADJ;DAT(PL)	śichym
śichy	ADJ;INS(PL)	śichimi
gjardło	N;ACC(PL)	gjardła
gjardło	N;NOM(PL)	gjardła
gjardło	N;ESS(SG)	gjardłom
gjardło	N;DAT(SG)	gjardłu
gjardło	N;INS(SG)	gjardłom
gjardło	N;NOM(SG)	gjardło
gjardło	N;GEN(PL)	gjardłow
gjardło	N;GEN(DU)	gjardłow
bóleś	V;PST;1;DU	bólełaj
bóleś	V;PST;3;PL	bóleli
bóleś	V;PST;1;SG	bółem
bóleś	V;PST;2;SG	bólał sy
bóleś	V;PST;3;DU	bółta
bóleś	V;PRS;1;DU	bólema
bóleś	V;PRS;2;PL	bóleće
bóleś	V;PRS;2;DU	bóleće
bóleś	V;IMP;2;SG	bólej
kśiwy	ADJ;NOM(SG,FEM)	kśiwa
kśiwy	ADJ;ACC(SG,NEUT)	kśiwe
kśiwy	ADJ;NOM(SG,NEUT)	kśiwe
kśiwy	ADJ;ACC(SG,MASC,ANIM)	kśiwego
kśiwy	ADJ;GEN(SG,MASC)	kśiwego
kśiwy	ADJ;ACC(DU,INAN)	kśiwe
kśiwy	ADJ;ESS(SG,FEM)	kśiwej
kśiwy	ADJ;GEN(SG,FEM)	kśiwe
kśiwy	ADJ;ACC(DU,ANIM)	kśiwyow
kśiwy	ADJ;GEN(DU)	kśiwych
kśiwy	ADJ;INS(SG,FEM)	kśiwu
kśiwy	ADJ;ESS(SG,NEUT)	kśiwym
kśiwy	ADJ;DAT(SG,MASC)	kśiwemu
kśiwy	ADJ;DAT(SG,NEUT)	kśiwemu
kśiwy	ADJ;ACC(SG,FEM)	kśiwu
kśiwy	ADJ;ACC(PL,ANIM)	kśiwych
kśiwy	ADJ;ESS(PL)	kśiwym
kśiwy	ADJ;INS(DU)	kśiwoma
kśiwy	ADJ;INS(PL)	kśiwymi
sykorka	N;ACC(DU)	sykorke
sykorka	N;INS(DU)	sykorkoma
sykorka	N;GEN(DU)	sykork
sykorka	N;ACC(SG)	sykorku
kawka	N;ACC(DU)	kawki
kawka	N;ESS(SG)	kawku
kawka	N;NOM(DU)	kawke
kawka	N;NOM(SG)	kawka
kawka	N;NOM(PL)	kawki
kawka	N;DAT(DU)	kawkami
kawka	N;ESS(DU)	kawka
kawka	N;INS(DU)	kawkama
kawka	N;INS(SG)	kawku
brona	N;INS(PL)	bronami
brona	N;ACC(DU)	broni
brona	N;DAT(SG)	bronje
brona	N;NOM(DU)	broni
brona	N;INS(DU)	bronama
brona	N;GEN(PL)	bron
brona	N;INS(SG)	bronu
wos	N;NOM(SG)	wos
gus	N;ESS(PL)	gusach
gus	N;INS(PL)	gusami
gus	N;DAT(PL)	gusom
gus	N;NOM(SG)	gus
gus	N;ESS(DU)	gusej
gus	N;ACC(DU)	guse
gus	N;DAT(SG)	gusi
gus	N;ESS(SG)	gusu
gus	N;GEN(SG)	gusa
gus	N;NOM(PL)	gusy
wodka	N;ESS(SG)	wodce
bydlenje	N;NOM(DU)	bydlenji
bydlenje	N;INS(PL)	bydlenjami
bydlenje	N;NOM(PL)	bydlenja
bydlenje	N;DAT(SG)	bydlenju
bydlenje	N;ACC(SG)	bydlenje
bydlenje	N;DAT(DU)	bydlenjoma
bydlenje	N;INS(DU)	bydlenjema
bydlenje	N;GEN(PL)	bydlenjow
bydlenje	N;GEN(DU)	bydlenjow
gotowy	ADJ;ACC(DU,ANIM)	gotowaj
bobr	N;ESS(PL)	bobrach
bobr	N;DAT(PL)	bobram
bobr	N;GEN(SG)	bobra
bobr	N;NOM(SG)	bobr
bobr	N;ESS(DU)	bobraj
bobr	N;INS(DU)	bobroma
bobr	N;INS(SG)	bobrom
bobr	N;GEN(DU)	bobrow
bobr	N;ACC(PL)	bobrow
bobr	N;NOM(PL)	bobry
kupadło	N;INS(PL)	kupadłami
kupadło	N;DAT(PL)	kupadłom
kupadło	N;ACC(PL)	kupadła
kupadło	N;GEN(SG)	kupadła
kupadło	N;NOM(PL)	kupadła
kupadło	N;DAT(DU)	kupadłoma
kupadło	N;ESS(DU)	kupadłom
kupadło	N;INS(SG)	kupadłom
kupadło	N;ACC(SG)	kupadło
kupadło	N;NOM(SG)	kupadło
kupadło	N;GEN(PL)	kupadłow
kupadło	N;GEN(DU)	kupadłajow
mech	N;ESS(SG)	mechom
módry	ADJ;GEN(PL)	módrych
jež	N;ESS(PL)	ježami
jež	N;INS(PL)	ježami
jež	N;DAT(PL)	ježom
jež	N;ACC(SG)	ježa
jež	N;GEN(SG)	ježa
jež	N;NOM(DU)	ježa
jež	N;DAT(SG)	ježi
jež	N;DAT(DU)	ježom
jež	N;ESS(DU)	ježoma
jež	N;INS(SG)	ježom
jež	N;ESS(SG)	ježom
mjod	N;ESS(PL)	mjodami
mjod	N;GEN(SG)	mjoda
mjod	N;NOM(SG)	mjod
mjod	N;DAT(DU)	mjodoma
mjod	N;GEN(DU)	mjodow
mjod	N;ACC(PL)	mjody
elektrikaŕ	N;INS(PL)	elektrikaŕami
elektrikaŕ	N;ACC(SG)	elektrikaŕa
elektrikaŕ	N;ACC(PL)	elektrikaŕjow
elektrikaŕ	N;NOM(PL)	elektrikaři
elektrikaŕ	N;ACC(DU)	elektrikaŕajow
elektrikaŕ	N;GEN(DU)	elektrikarow
elektrikaŕ	N;NOM(SG)	elektrikaŕ
lubowaś	V;PST;1;PL	lubowali
lubowaś	V;PST;2;SG	lubowałeś
lubowaś	V;PRS;1;PL	lubowamy
lubowaś	V;PRS;2;PL	lubowaśo
lubowaś	V;PRS;2;SG	lubowaš
lubowaś	V;PRS;2;DU	lubowata
lubowaś	V;PRS;3;SG	lubowa
lubowaś	V;IMP;2;PL	lubowajće
lubowaś	V;PRS;1;SG	lubowam
syty	ADJ;NOM(PL)	syci
syty	ADJ;GEN(SG,MASC)	sytego
syty	ADJ;GEN(SG,NEUT)	sytogo
syty	ADJ;ACC(DU,INAN)	syta
syty	ADJ;DAT(SG,FEM)	satej
syty	ADJ;ESS(SG,FEM)	sytu
syty	ADJ;ACC(DU,ANIM)	sytej
syty	ADJ;INS(SG,FEM)	sytou
syty	ADJ;ESS(SG,MASC)	sytym
syty	ADJ;ESS(SG,NEUT)	sytym
syty	ADJ;DAT(SG,MASC)	sytemu
syty	ADJ;ACC(SG,MASC,INAN)	syty
syty	ADJ;ACC(PL,ANIM)	sytých
syty	ADJ;GEN(PL)	sytých
syty	ADJ;DAT(DU)	sytoma
syty	ADJ;ESS(DU)	sytajm
syty	ADJ;INS(PL)	sytymi
kazń	N;ACC(DU)	kazńa
kazń	N;ACC(PL)	kazńow
kazń	N;NOM(DU)	kaznje
kazń	N;GEN(PL)	kazńow
kazń	N;ACC(SG)	kazń
kazń	N;NOM(SG)	kazń
chory	ADJ;ACC(DU,INAN)	chore
minutka	N;ACC(DU)	minutkaj
minutka	N;NOM(DU)	minutki
minutka	N;ESS(PL)	minutkach
minutka	N;INS(PL)	minutkami
minutka	N;ACC(PL)	minutki
minutka	N;NOM(PL)	minutki
minutka	N;GEN(PL)	minutek
minutka	N;GEN(DU)	minutek
minutka	N;INS(SG)	minutku
łono	N;INS(PL)	łonami
łono	N;GEN(SG)	łona
łono	N;ACC(DU)	łona
łono	N;ESS(SG)	łonu
łono	N;NOM(DU)	łona
łono	N;DAT(DU)	łonam
łono	N;INS(SG)	łonom
łono	N;ACC(SG)	łono
powrjoz	N;ESS(PL)	powrojami
powrjoz	N;INS(PL)	powrjozami
powrjoz	N;GEN(SG)	powrjoza
powrjoz	N;NOM(DU)	powrjoza
powrjoz	N;ACC(PL)	powrjozy
powrjoz	N;ACC(SG)	powrjoz
powrjoz	N;NOM(SG)	powrjoz
powrjoz	N;DAT(SG)	powrjozowi
powrjoz	N;DAT(DU)	powrjozajom
powrjoz	N;ESS(DU)	powrjosej
powrjoz	N;INS(DU)	powrjozoma
powrjoz	N;INS(SG)	powrjozom
powrjoz	N;GEN(PL)	powrjozow
powrjoz	N;ESS(SG)	powrjozu
morjo	N;GEN(PL)	morjow
kócka	N;NOM(SG)	kócka
pólack	N;DAT(PL)	pólackam
syry	ADJ;NOM(SG,NEUT)	syre
syry	ADJ;NOM(PL)	syri
syry	ADJ;ACC(SG,MASC,ANIM)	syrego
syry	ADJ;GEN(SG,NEUT)	syrego
syry	ADJ;ACC(DU,INAN)	syra
syry	ADJ;DAT(SG,FEM)	syre
syry	ADJ;NOM(DU)	syra
syry	ADJ;INS(SG,FEM)	syru
syry	ADJ;ESS(SG,NEUT)	syrým
syry	ADJ;ACC(SG,FEM)	syra
syry	ADJ;ACC(SG,MASC,INAN)	syry
syry	ADJ;ACC(PL,ANIM)	syrych
syry	ADJ;ESS(PL)	syrymi
syry	ADJ;DAT(DU)	syryma
syry	ADJ;ESS(DU)	syrěj
syry	ADJ;INS(DU)	syroma
syry	ADJ;INS(PL)	syrymi
crjowo	N;ESS(PL)	crjowami
crjowo	N;DAT(PL)	crjowam
crjowo	N;ACC(PL)	crjowa
crjowo	N;GEN(SG)	crjowa
crjowo	N;ACC(DU)	crjowaj
crjowo	N;ESS(DU)	crjowoma
crjowo	N;INS(SG)	crjowom
crjowo	N;ACC(SG)	crjowo
crjowo	N;GEN(DU)	crjowow
wós	N;NOM(PL)	wóše
wusmjerśowaś	V;PST;3;PL	wusmjerśowali
wusmjerśowaś	V;PST;2;PL	wusmjerśowali sće
wusmjerśowaś	V;PST;2;SG	wusmjerśowałś
wusmjerśowaś	V;PST;3;SG	wusmjerśował
wusmjerśowaś	V;PST;2;DU	wusmjerśowałse
wusmjerśowaś	V;PST;3;DU	wusmjerśowałoj
wusmjerśowaś	V;PRS;1;DU	wusmjerśowama
wusmjerśowaś	V;PRS;2;SG	wusmjerśowaš
wusmjerśowaś	V;IMP;2;DU	wusmjerśowajta
wusmjerśowaś	V;PRS;1;SG	wusmjerśowm
znamje	N;NOM(PL)	znamja
znamje	N;DAT(DU)	znamjoma
znamje	N;GEN(PL)	znamjow
znamje	N;GEN(DU)	znamjow
znamje	N;ESS(SG)	znamju
wósoba	N;ESS(PL)	wósobami
wósoba	N;DAT(PL)	wósobam
wósoba	N;NOM(SG)	wósoba
wósoba	N;ACC(DU)	wósobow
wósoba	N;ESS(SG)	wósobje
wósoba	N;INS(DU)	wósoboma
wósoba	N;GEN(DU)	wósobow
wósoba	N;INS(SG)	wósobu
wósoba	N;ACC(PL)	wósob
złoty	ADJ;ACC(PL,INAN)	złote
złoty	ADJ;NOM(PL)	złote
złoty	ADJ;ACC(SG,MASC,ANIM)	złotego
złoty	ADJ;GEN(SG,MASC)	złoteho
złoty	ADJ;DAT(SG,FEM)	złotej
złoty	ADJ;NOM(DU)	złotaj
złoty	ADJ;GEN(SG,FEM)	złote
złoty	ADJ;ACC(DU,ANIM)	złotej
złoty	ADJ;INS(SG,FEM)	złotou
złoty	ADJ;DAT(SG,MASC)	złotemu
złoty	ADJ;ACC(SG,MASC,INAN)	złoty
złoty	ADJ;ESS(DU)	złotoma
złoty	ADJ;INS(DU)	złotoma
złoty	ADJ;INS(SG,MASC)	złotym
złoty	ADJ;INS(SG,NEUT)	złotym
módry	ADJ;INS(DU)	módroma
kóza	N;ACC(DU)	kózow
garba	N;INS(PL)	garbami
garba	N;DAT(PL)	garbam
garba	N;NOM(SG)	garba
garba	N;ACC(DU)	garbi
garba	N;DAT(SG)	garbe
garba	N;ESS(SG)	garbě
garba	N;ESS(DU)	garbaj
garba	N;INS(DU)	garbama
garba	N;GEN(SG)	garby
polo	N;DAT(DU)	poloma
módry	ADJ;DAT(SG,MASC)	módrému
źaržaś	V;PST;1;DU	źaržałoj
źaržaś	V;PST;1;SG	źaržał
źaržaś	V;PST;2;DU	źaržałoj
źaržaś	V;PST;3;DU	źaržata
źaržaś	V;IMP;2;SG	źarž
źaržaś	V;PRS;1;SG	źaržam
źaržaś	V;PRS;1;PL	źaržamy
źaržaś	V;PRS;2;PL	źaržaće
źaržaś	V;PRS;2;DU	źaržeta
źaržaś	V;PRS;3;DU	źaržata
wjas	N;ESS(PL)	wjasami
wjas	N;DAT(DU)	wjasoma
wjas	N;INS(DU)	wjasoma
wjas	N;INS(SG)	wjasom
wjas	N;DAT(SG)	wjasu
wjas	N;ESS(SG)	wjasu
wjas	N;NOM(PL)	wjasy
woda	N;NOM(SG)	woda
mola	N;GEN(PL)	mol
wugoŕ	N;ESS(PL)	wugořami
wugoŕ	N;ACC(SG)	wugoŕ
wugoŕ	N;ACC(PL)	wugoŕow
wugoŕ	N;NOM(PL)	wugořy
wugoŕ	N;DAT(DU)	wugoŕom
wugoŕ	N;ESS(DU)	wugoŕej
wugoŕ	N;ACC(DU)	wugoŕa
wugoŕ	N;GEN(DU)	wugoŕow
wugoŕ	N;NOM(SG)	wugoŕ
njebjo	N;NOM(DU)	njebja
njebjo	N;ESS(PL)	njebjach
njebjo	N;ACC(PL)	njebja
njebjo	N;GEN(SG)	njebja
njebjo	N;NOM(PL)	njebja
njebjo	N;DAT(SG)	njebju
njebjo	N;ESS(DU)	njebjoma
njebjo	N;INS(DU)	njebjoma
njebjo	N;ACC(SG)	njebjo
njebjo	N;GEN(DU)	njebjow
njebjo	N;ESS(SG)	njebju
fotografowaś	V;PST;1;PL	fotografowali smy
fotografowaś	V;PST;3;PL	fotografowali
fotografowaś	V;PST;1;SG	fotografował som
fotografowaś	V;PST;3;SG	fotografował
fotografowaś	V;PRS;1;DU	fotografowamy
fotografowaś	V;PRS;2;SG	fotografowaš
fotografowaś	V;PRS;3;DU	fotografowata
fotografowaś	V;PRS;3;SG	fotografowa
fotografowaś	V;IMP;2;DU	fotografujta
lažčejšy	ADJ;ACC(PL,INAN)	lažčejši
lažčejšy	ADJ;DAT(SG,FEM)	lažčejšej
lažčejšy	ADJ;NOM(DU)	lažčejšej
lažčejšy	ADJ;GEN(SG,FEM)	lažčejše
lažčejšy	ADJ;ACC(DU,ANIM)	lažčejšow
lažčejšy	ADJ;INS(SG,FEM)	lažčejšu
lažčejšy	ADJ;ESS(SG,MASC)	lažčejšym
lažčejšy	ADJ;ESS(SG,NEUT)	lažčejšym
lažčejšy	ADJ;DAT(SG,NEUT)	lažčejšemu
lažčejšy	ADJ;ACC(SG,MASC,INAN)	lažčejšy
lažčejšy	ADJ;NOM(SG,MASC)	lažčejšy
lažčejšy	ADJ;ACC(PL,ANIM)	lažčejšych
lažčejšy	ADJ;DAT(DU)	lažčejšoma
lažčejšy	ADJ;INS(SG,MASC)	lažčejšym
lažčejšy	ADJ;INS(SG,NEUT)	lažčejšym
lažčejšy	ADJ;INS(PL)	lažčejšymi
běły	ADJ;ACC(PL,INAN)	běłe
běły	ADJ;NOM(SG,NEUT)	běłe
běły	ADJ;NOM(PL)	běle
běły	ADJ;ESS(SG,FEM)	běłu
běły	ADJ;NOM(DU)	běłaj
běły	ADJ;GEN(SG,FEM)	běłej
běły	ADJ;ACC(DU,ANIM)	běłow
běły	ADJ;DAT(SG,NEUT)	běłemu
běły	ADJ;ACC(SG,MASC,INAN)	běły
běły	ADJ;ACC(PL,ANIM)	běłych
běły	ADJ;ESS(PL)	běłymi
běły	ADJ;DAT(DU)	běloma
běły	ADJ;INS(DU)	běłoma
běły	ADJ;INS(SG,MASC)	běłym
běły	ADJ;INS(SG,NEUT)	běłym
pśigótowaś	V;PST;1;PL	pśigótowali smy
pśigótowaś	V;PST;1;SG	pśigótował
pśigótowaś	V;PST;2;PL	pśigótowali sće
pśigótowaś	V;PST;2;SG	pśigótowałś
pśigótowaś	V;PRS;1;PL	pśigótowamy
pśigótowaś	V;PRS;2;DU	pśigótowasta
pśigótowaś	V;PRS;3;DU	pśigótowata
pśigótowaś	V;IMP;2;PL	pśigótujće
pśigótowaś	V;IMP;2;DU	pśigótujta
pśigótowaś	V;PRS;3;PL	pśigótowaju
radijo	N;NOM(PL)	radija
radijo	N;ACC(DU)	radijo
radijo	N;DAT(SG)	radiju
radijo	N;DAT(DU)	radijom
radijo	N;NOM(SG)	radijo
radijo	N;GEN(PL)	radijo
wucabnica	N;ESS(PL)	wucabnicami
wucabnica	N;GEN(SG)	wucabnicy
wucabnica	N;NOM(PL)	wucabnice
wucabnica	N;GEN(PL)	wucabnic
wucabnica	N;GEN(DU)	wucabnicow
wucabnica	N;INS(SG)	wucabnicu
wucabnica	N;ESS(SG)	wucabnic
wucabnica	N;NOM(DU)	wucabnici
mačka	N;ACC(DU)	mački
mačka	N;ESS(SG)	mačke
mačka	N;NOM(DU)	mačce
mačka	N;ESS(PL)	mačkami
mačka	N;INS(PL)	mačkami
mačka	N;ACC(PL)	mačkow
mačka	N;GEN(SG)	mačky
mačka	N;ESS(DU)	mačkoma
mačka	N;GEN(PL)	mačk
mačka	N;GEN(DU)	mačk
mačka	N;ACC(SG)	mačku
kocka	N;DAT(SG)	kocke
modry	ADJ;DAT(PL)	modrym
žyś	V;PST;1;DU	žyłoj
žyś	V;PST;1;SG	žywał
žyś	V;PST;3;SG	žył
žyś	V;PST;3;DU	żyłoj
žyś	V;PRS;1;DU	žyma
žyś	V;PRS;1;PL	žywamy
žyś	V;PRS;2;PL	žyće
žyś	V;PRS;3;SG	žyje
žyś	V;PRS;3;PL	žyja
nocka	N;ESS(PL)	nockami
nocka	N;ACC(PL)	nocki
nocka	N;NOM(PL)	nocki
nocka	N;DAT(DU)	nockam
nocka	N;GEN(DU)	noc
chory	ADJ;ESS(DU)	choryma
nož	N;ESS(PL)	nožami
nož	N;DAT(PL)	nožom
nož	N;GEN(SG)	noža
nož	N;ACC(PL)	nože
nož	N;NOM(SG)	nož
nož	N;DAT(SG)	nožu
nož	N;INS(SG)	nožom
nož	N;GEN(DU)	nožow
nož	N;ESS(SG)	nožu
drozn	N;ACC(SG)	drozna
drozn	N;GEN(SG)	drozna
drozn	N;ESS(SG)	droznom
drozn	N;DAT(SG)	droznu
drozn	N;INS(DU)	droznomaj
drozn	N;INS(SG)	droznom
drozn	N;GEN(DU)	droznow
drozn	N;NOM(PL)	droznje
modry	ADJ;GEN(PL)	modrych
kóza	N;GEN(PL)	kóz
babka	N;DAT(SG)	babce
babka	N;ESS(SG)	babku
babka	N;DAT(PL)	babkam
babka	N;ACC(PL)	babkow
babka	N;DAT(DU)	babkama
babka	N;GEN(PL)	babka
babka	N;GEN(DU)	babk
babka	N;INS(SG)	babcou
wiki	N;GEN(PL)	wiki
student	N;ESS(PL)	studentami
student	N;INS(PL)	studentami
student	N;ACC(SG)	studenta
student	N;ESS(DU)	studentaj
student	N;INS(DU)	studentoma
student	N;INS(SG)	studentom
student	N;GEN(PL)	studentow
student	N;ACC(DU)	studentow
student	N;GEN(DU)	studentow
zeger	N;ACC(DU)	zegera
zeger	N;NOM(DU)	zegera
zeger	N;ESS(SG)	zegerju
zeger	N;DAT(SG)	zegeru
zeger	N;DAT(DU)	zegerom
zeger	N;ESS(DU)	zegera
zeger	N;GEN(DU)	zegow
módry	ADJ;NOM(DU)	módra
korespondentka	N;ACC(DU)	korespondentki
korespondentka	N;NOM(DU)	korespondentki
korespondentka	N;INS(PL)	korespondentkami
korespondentka	N;DAT(PL)	korespondentkam
korespondentka	N;GEN(SG)	korespondentki
korespondentka	N;NOM(PL)	korespondentki
korespondentka	N;GEN(PL)	korespondentek
korespondentka	N;GEN(DU)	korespondentke
korespondentka	N;INS(SG)	korespondentku
modry	ADJ;GEN(SG,MASC)	modrego
móla	N;INS(PL)	mólami
pólo	N;DAT(DU)	pólom
bósučki	ADJ;NOM(SG,FEM)	bósučka
bósučki	ADJ;ACC(SG,NEUT)	bósučke
bósučki	ADJ;NOM(PL)	bósučki
bósučki	ADJ;ACC(SG,MASC,ANIM)	bósučka
bósučki	ADJ;GEN(SG,MASC)	bósučkego
bósučki	ADJ;DAT(SG,FEM)	bósučkej
bósučki	ADJ;ACC(DU,ANIM)	bósučkaj
bósučki	ADJ;GEN(DU)	bósučkě
bósučki	ADJ;ACC(SG,MASC,INAN)	bósučki
bósučki	ADJ;ESS(PL)	bósučkimi
bósučki	ADJ;DAT(DU)	bósučkoma
bósučki	ADJ;INS(DU)	bósučkoma
bósučki	ADJ;INS(SG,NEUT)	bósučkim
bósučki	ADJ;INS(PL)	bósučkimi
bósučki	ADJ;ACC(SG,FEM)	bósučku
modry	ADJ;GEN(SG,NEUT)	modrego
zły	ADJ;NOM(SG,FEM)	zła
zły	ADJ;ACC(SG,NEUT)	złe
zły	ADJ;NOM(PL)	zli
zły	ADJ;GEN(SG,MASC)	złego
zły	ADJ;GEN(SG,NEUT)	złego
zły	ADJ;INS(SG,FEM)	złou
zły	ADJ;ESS(SG,MASC)	złym
zły	ADJ;DAT(SG,MASC)	złemu
zły	ADJ;ACC(SG,FEM)	złu
zły	ADJ;ACC(SG,MASC,INAN)	zły
zły	ADJ;NOM(SG,MASC)	zły
zły	ADJ;GEN(PL)	złych
zły	ADJ;DAT(DU)	złemu
zły	ADJ;INS(PL)	złymi
rěka	N;DAT(SG)	rěce
rěka	N;ESS(SG)	rěce
rěka	N;ESS(PL)	rěkami
rěka	N;DAT(PL)	rěkam
rěka	N;GEN(SG)	rěki
rěka	N;INS(DU)	rěkoma
rěka	N;GEN(PL)	rěk
rěka	N;GEN(DU)	rěk
rěka	N;ACC(SG)	rěku
rěka	N;INS(SG)	rěku
chyliś	V;PST;1;DU	chyliłmu
chyliś	V;PST;2;DU	chyliliś
chyliś	V;PST;3;DU	chyliłoj
chyliś	V;PRS;1;DU	chylima
chyliś	V;PRS;1;SG	chylam
chyliś	V;PRS;2;PL	chyliće
chyliś	V;IMP;2;PL	chylajće
chyliś	V;IMP;2;DU	chylće
reagěrowaś	V;PST;1;PL	reagěrowali
reagěrowaś	V;PST;2;PL	reagěrowałi sće
reagěrowaś	V;PST;2;SG	reagěrował(a)ś
reagěrowaś	V;PST;3;SG	reagěrował
reagěrowaś	V;PRS;3;DU	reagěrowata
reagěrowaś	V;PRS;3;SG	reagěrowa
reagěrowaś	V;IMP;2;PL	reagujće
reagěrowaś	V;IMP;2;DU	reagěrowajta
wos	N;INS(DU)	wosoma
paśpula	N;ESS(PL)	paśpulach
paśpula	N;INS(PL)	paśpulami
paśpula	N;ACC(PL)	paśpuli
paśpula	N;NOM(PL)	paśpuly
paśpula	N;ACC(DU)	paśpuly
paśpula	N;ESS(SG)	paśpulu
paśpula	N;ESS(DU)	paśpulama
paśpula	N;INS(DU)	paśpulama
paśpula	N;GEN(DU)	paśpul
paśpula	N;ACC(SG)	paśpulu
paśpula	N;INS(SG)	paśpulu
mól	N;INS(PL)	mólami
pěta	N;ACC(DU)	pěti
pěta	N;ESS(PL)	pětami
pěta	N;DAT(PL)	pětam
pěta	N;NOM(SG)	pěta
pěta	N;DAT(DU)	pětam
pěta	N;ESS(DU)	pětoma
pěta	N;INS(DU)	pětoma
pěta	N;ACC(SG)	pětu
pěta	N;INS(SG)	pětu
gotowy	ADJ;NOM(SG,MASC)	gotowy
serbiski	ADJ;ACC(SG,NEUT)	serbiske
serbiski	ADJ;ACC(PL,INAN)	serbiske
serbiski	ADJ;ACC(SG,MASC,ANIM)	serbiskeho
serbiski	ADJ;GEN(SG,NEUT)	serbiskego
serbiski	ADJ;DAT(SG,FEM)	serbiskej
serbiski	ADJ;NOM(DU)	serbiskaj
serbiski	ADJ;GEN(SG,FEM)	serbiske
serbiski	ADJ;GEN(DU)	serbiskich
serbiski	ADJ;ESS(SG,MASC)	serbiskym
serbiski	ADJ;ESS(SG,NEUT)	serbisko
serbiski	ADJ;ACC(SG,MASC,INAN)	serbiski
serbiski	ADJ;DAT(DU)	serbiskiym
serbiski	ADJ;DAT(PL)	serbiskim
serbiski	ADJ;INS(SG,NEUT)	serbiskiem
ryba	N;INS(PL)	rybami
ryba	N;DAT(PL)	rybam
ryba	N;NOM(SG)	ryba
ryba	N;DAT(SG)	rybě
ryba	N;ESS(SG)	rybje
ryba	N;NOM(DU)	rybi
ryba	N;DAT(DU)	rybom
ryba	N;ESS(DU)	rybaj
ryba	N;ACC(SG)	rybu
ryba	N;ACC(PL)	ryby
ryba	N;GEN(SG)	ryby
banana	N;ESS(PL)	bananami
banana	N;INS(PL)	bananami
banana	N;NOM(SG)	banana
banana	N;NOM(DU)	banani
banana	N;GEN(DU)	bananow
banana	N;ACC(SG)	bananu
banana	N;INS(SG)	bananu
banana	N;ACC(PL)	banany
banana	N;NOM(PL)	banany
koń	N;ACC(PL)	konjow
wjasć	V;PRS;3;PL	wjasaju
wjasć	V;IMP;2;PL	wjasće
wjasć	V;PST;1;DU	wjasłma
wjasć	V;PST;1;SG	wjasłem
wjasć	V;PST;2;PL	wjasłi
wjasć	V;PST;3;SG	wjał
wjasć	V;PST;2;DU	wjasłata
wjasć	V;PST;3;DU	wjaste
wjasć	V;PRS;1;DU	wjama
wjasć	V;PRS;1;PL	wjamy
wjasć	V;PRS;2;SG	wjaš
wjasć	V;PRS;2;DU	wjata
wjasć	V;PRS;3;DU	wjata
wjasć	V;IMP;2;SG	wjas!
bok	N;ESS(PL)	bokach
bok	N;INS(PL)	bokami
bok	N;GEN(SG)	boka
bok	N;ACC(PL)	boki
bok	N;ACC(SG)	bok
bok	N;ESS(DU)	boka
bok	N;INS(DU)	bokoma
bok	N;INS(SG)	bokom
bok	N;ESS(SG)	boku
pólack	N;ACC(PL)	pólakow
měsćański	ADJ;ACC(PL,INAN)	měsćańske
měsćański	ADJ;NOM(SG,NEUT)	měsćańske
měsćański	ADJ;NOM(PL)	měsćańscy
měsćański	ADJ;ACC(SG,MASC,ANIM)	měsćańskego
měsćański	ADJ;ACC(DU,INAN)	měsćańskaj
měsćański	ADJ;DAT(SG,FEM)	měsćańskej
měsćański	ADJ;ACC(DU,ANIM)	měsćańskow
měsćański	ADJ;ESS(SG,MASC)	měsćańskym
měsćański	ADJ;ESS(SG,NEUT)	měsćańskim
měsćański	ADJ;DAT(SG,NEUT)	měsćańskemu
měsćański	ADJ;ACC(SG,MASC,INAN)	měsćański
měsćański	ADJ;NOM(SG,MASC)	měsćański
měsćański	ADJ;ESS(PL)	měsćańskimi
měsćański	ADJ;DAT(DU)	měsćańskoma
měsćański	ADJ;DAT(PL)	měsćańskim
měsćański	ADJ;INS(SG,NEUT)	měsćańskim
měsćański	ADJ;INS(PL)	měsćańskimi
měsćański	ADJ;ACC(SG,FEM)	měsćańsku
spański	ADJ;NOM(SG,FEM)	spańska
spański	ADJ;NOM(SG,NEUT)	spańske
spański	ADJ;ACC(SG,MASC,ANIM)	spańskego
spański	ADJ;GEN(SG,NEUT)	spańskeho
spański	ADJ;DAT(SG,FEM)	spańskej
spański	ADJ;ESS(SG,FEM)	spańskej
spański	ADJ;GEN(DU)	spańskich
spański	ADJ;INS(SG,FEM)	spańsku
spański	ADJ;ESS(SG,MASC)	spańskim
spański	ADJ;DAT(SG,MASC)	spańskemu
spański	ADJ;NOM(SG,MASC)	spański
spański	ADJ;ACC(PL,ANIM)	spańskich
spański	ADJ;ESS(DU)	spańskajom
spański	ADJ;ACC(SG,FEM)	spańsku
pólo	N;ACC(PL)	póla
měso	N;ESS(PL)	měsami
měso	N;INS(SG)	měsom
měso	N;ACC(SG)	měso
měso	N;NOM(SG)	měso
měso	N;GEN(PL)	měsow
měso	N;NOM(DU)	měsa
brod	N;ESS(PL)	brodach
brod	N;ACC(DU)	broda
brod	N;NOM(SG)	brod
brod	N;ACC(PL)	brody
brod	N;NOM(PL)	brody
alofon	N;ESS(PL)	alofonach
alofon	N;DAT(PL)	alofonam
alofon	N;GEN(SG)	alofona
alofon	N;ESS(SG)	alofonu
alofon	N;DAT(SG)	alofonu
alofon	N;ESS(DU)	alofona
alofon	N;INS(DU)	alofonoma
alofon	N;GEN(PL)	alofonow
alofon	N;GEN(DU)	alofonow
alofon	N;ACC(PL)	alofony
alofon	N;NOM(PL)	alofony
strowiś	V;PRS;1;DU	strowima
strowiś	V;PRS;1;SG	strowim
strowiś	V;PRS;1;PL	strowimy
strowiś	V;PRS;3;DU	strowi
strowiś	V;PST;2;PL	strowili
strowiś	V;PST;2;SG	strowił
strowiś	V;PST;3;SG	strowił
strowiś	V;PRS;3;PL	strowa
strowiś	V;IMP;2;PL	strowiće
strowiś	V;IMP;2;DU	strowijta
strowiś	V;IMP;2;SG	strowaj
kót	N;INS(PL)	kótami
tśmjeń	N;DAT(PL)	tśmjeńam
tśmjeń	N;ACC(DU)	tśmjeńaj
tśmjeń	N;GEN(SG)	tśmjeńa
tśmjeń	N;NOM(PL)	tśmjeny
tśmjeń	N;DAT(DU)	tśmjeńoma
tśmjeń	N;INS(DU)	tśmjeńoma
tśmjeń	N;INS(SG)	tśmjeńom
tśmjeń	N;GEN(PL)	tśmjeńow
tśmjeń	N;ESS(SG)	tśmjeńom
tśmjeń	N;NOM(SG)	tśmjeń
domk	N;ACC(DU)	domje
domk	N;GEN(SG)	domka
domk	N;ACC(PL)	domki
domk	N;ACC(SG)	domk
domk	N;NOM(SG)	domk
domk	N;DAT(DU)	domkoma
domk	N;ESS(DU)	domkoma
domk	N;ESS(SG)	domku
kwas	N;DAT(PL)	kwasam
kwas	N;ACC(DU)	kwasaj
kwas	N;NOM(PL)	kwasy
kwas	N;ACC(SG)	kwas
kwas	N;DAT(SG)	kwasowi
kwas	N;ESS(DU)	kwasoma
kwas	N;INS(DU)	kwasoma
kwas	N;GEN(DU)	kwasajow
zeleny	ADJ;NOM(SG,FEM)	zelena
zeleny	ADJ;ACC(SG,NEUT)	zelene
zeleny	ADJ;NOM(SG,NEUT)	zelené
zeleny	ADJ;NOM(PL)	zelene
zeleny	ADJ;GEN(SG,MASC)	zelenego
zeleny	ADJ;GEN(SG,NEUT)	zelenego
zeleny	ADJ;ACC(DU,INAN)	zelenej
zeleny	ADJ;GEN(SG,FEM)	zelenje
zeleny	ADJ;ACC(DU,ANIM)	zelenow
zeleny	ADJ;INS(SG,FEM)	zelenou
zeleny	ADJ;ESS(SG,MASC)	zeleny
zeleny	ADJ;DAT(SG,NEUT)	zelenemu
zeleny	ADJ;ACC(PL,ANIM)	zelenych
zeleny	ADJ;GEN(PL)	zelenych
zeleny	ADJ;DAT(DU)	zelenyma
zeleny	ADJ;ESS(DU)	zelenoma
zeleny	ADJ;INS(DU)	zelenima
zeleny	ADJ;INS(SG,MASC)	zelenym
zeleny	ADJ;INS(PL)	zelenymi
sadło	N;INS(PL)	sadłami
sadło	N;GEN(SG)	sadła
sadło	N;NOM(DU)	sadła
sadło	N;DAT(SG)	sadłu
sadło	N;DAT(DU)	sadłoma
sadło	N;ESS(DU)	sadłoj
sadło	N;NOM(SG)	sadło
sadło	N;GEN(PL)	sadłow
sobota	N;ACC(DU)	sobote
sobota	N;ESS(SG)	sobota
sobota	N;ESS(PL)	sobotami
sobota	N;DAT(PL)	sobotam
sobota	N;NOM(SG)	sobota
sobota	N;ESS(DU)	sobotoma
sobota	N;GEN(PL)	sobot
sobota	N;GEN(DU)	sobotij
sobota	N;INS(SG)	sobotu
sobota	N;ACC(PL)	soboty
sobota	N;GEN(SG)	soboty
sobota	N;NOM(PL)	soboty
rjobło	N;ACC(PL)	rjobła
rjobło	N;GEN(SG)	rjobła
rjobło	N;NOM(PL)	rjobła
rjobło	N;ESS(SG)	rjobłu
rjobło	N;NOM(DU)	rjobła
rjobło	N;DAT(SG)	rjobłu
rjobło	N;INS(DU)	rjobłoma
rjobło	N;INS(SG)	rjobłom
rjobło	N;GEN(DU)	rjobłow
pówětš	N;ESS(PL)	pówětšach
pówětš	N;INS(PL)	pówětšami
pówětš	N;DAT(PL)	pówětšam
pówětš	N;GEN(SG)	pówětša
pówětš	N;NOM(DU)	pówětša
pówětš	N;ACC(SG)	pówětša
pówětš	N;NOM(SG)	pówětš
pówětš	N;DAT(DU)	pówětšoma
pówětš	N;ESS(DU)	pówětšoma
pówětš	N;INS(DU)	pówětšoma
pówětš	N;INS(SG)	pówětšom
pówětš	N;GEN(PL)	pówětšow
pówětš	N;NOM(PL)	pówětše
mjeńšy	ADJ;NOM(SG,FEM)	mjeńša
mjeńšy	ADJ;ACC(SG,NEUT)	mjeńše
mjeńšy	ADJ;NOM(SG,NEUT)	mjeńše
mjeńšy	ADJ;NOM(PL)	mjeńše
mjeńšy	ADJ;ACC(SG,MASC,ANIM)	mjeńšego
mjeńšy	ADJ;GEN(SG,MASC)	mjeńšego
mjeńšy	ADJ;GEN(SG,NEUT)	mjeńšego
mjeńšy	ADJ;ACC(DU,INAN)	mjeńšaj
mjeńšy	ADJ;GEN(DU)	mjeńšew
mjeńšy	ADJ;DAT(SG,MASC)	mjeńšemu
mjeńšy	ADJ;DAT(SG,NEUT)	mjeńšemu
mjeńšy	ADJ;ESS(DU)	mjeńšoma
mjeńšy	ADJ;INS(PL)	mjeńšymi
wjapś	N;DAT(PL)	wjapśam
wjapś	N;NOM(DU)	wjapša
wjapś	N;ACC(PL)	wjapše
wjapś	N;NOM(SG)	wjapś
wjapś	N;DAT(DU)	wjapšom
wjapś	N;INS(SG)	wjapśom
wjapś	N;ESS(SG)	wjapšu
rjemjeń	N;INS(PL)	rjemjeńami
rjemjeń	N;ACC(DU)	rjemjeña
rjemjeń	N;NOM(DU)	rjemjeńa
rjemjeń	N;ACC(PL)	rjemjeńe
rjemjeń	N;DAT(DU)	rjemjenoma
rjemjeń	N;GEN(PL)	rjemjeńow
cysty	ADJ;NOM(SG,FEM)	cysta
cysty	ADJ;ACC(PL,INAN)	cysti
cysty	ADJ;NOM(SG,NEUT)	cyste
cysty	ADJ;ACC(SG,MASC,ANIM)	cystego
cysty	ADJ;GEN(SG,MASC)	cystego
cysty	ADJ;DAT(SG,FEM)	cystej
cysty	ADJ;ESS(SG,FEM)	cystou
cysty	ADJ;ACC(DU,ANIM)	cystej
cysty	ADJ;GEN(DU)	cystajow
cysty	ADJ;ESS(SG,MASC)	cystym
cysty	ADJ;DAT(SG,NEUT)	cystemu
cysty	ADJ;ESS(PL)	cystymi
cysty	ADJ;DAT(PL)	cystym
cysty	ADJ;INS(SG,MASC)	cystym
cysty	ADJ;INS(PL)	cystymi
pólo	N;DAT(PL)	pólam
kóń	N;INS(PL)	kóńmi
grod	N;INS(PL)	grodami
grod	N;ACC(DU)	groda
grod	N;DAT(DU)	grodom
grod	N;INS(SG)	grodom
grod	N;GEN(PL)	grodow
grod	N;GEN(DU)	grodow
grod	N;ACC(PL)	grody
grod	N;NOM(PL)	grody
grod	N;ESS(SG)	
granica	N;INS(PL)	granicami
granica	N;NOM(SG)	granica
granica	N;GEN(SG)	granicy
granica	N;NOM(PL)	granice
granica	N;ESS(DU)	granici
granica	N;INS(DU)	granicoma
granica	N;GEN(PL)	granic
granica	N;GEN(DU)	granicow
granica	N;ACC(SG)	granicu
smjaś	V;PST;1;DU	smjałma
smjaś	V;PST;3;PL	smjali
smjaś	V;PST;1;SG	smjał
smjaś	V;PST;2;PL	smjaliće
smjaś	V;PST;2;SG	smješ
smjaś	V;PST;2;DU	smjasta
smjaś	V;PST;3;DU	smjałoj
smjaś	V;PRS;1;PL	smjemy
smjaś	V;PRS;3;DU	smjete
smjaś	V;IMP;2;DU	smjajće
lěwy	ADJ;NOM(SG,NEUT)	lěwe
lěwy	ADJ;NOM(PL)	lěwi
lěwy	ADJ;ACC(SG,MASC,ANIM)	lěwego
lěwy	ADJ;ACC(DU,INAN)	lěwaj
lěwy	ADJ;DAT(SG,FEM)	lěwej
lěwy	ADJ;ESS(SG,FEM)	
lěwy	ADJ;NOM(DU)	lěwe
lěwy	ADJ;ACC(DU,ANIM)	lěwow
lěwy	ADJ;GEN(DU)	lěwich
lěwy	ADJ;DAT(SG,MASC)	lěwemu
lěwy	ADJ;ACC(SG,MASC,INAN)	lěwy
lěwy	ADJ;ESS(DU)	lěwoma
lěwy	ADJ;DAT(PL)	lěwym
lěwy	ADJ;INS(SG,MASC)	lěwym
lěwy	ADJ;INS(PL)	lěwymi
jabłuko	N;ACC(DU)	jabluka
jabłuko	N;ESS(PL)	jablekami
jabłuko	N;DAT(PL)	jabłkom
jabłuko	N;GEN(SG)	jabłuka
jabłuko	N;DAT(SG)	jableku
jabłuko	N;DAT(DU)	jabłukoma
jabłuko	N;ESS(DU)	jabłukoma
jabłuko	N;INS(SG)	jabłukom
jabłuko	N;NOM(SG)	jabłuko
jabłuko	N;GEN(PL)	jabłkow
jabłuko	N;GEN(DU)	jabłukow
kos	N;NOM(PL)	kosi
wałtora	N;DAT(PL)	wałtoram
wałtora	N;NOM(SG)	wałtora
wałtora	N;ACC(DU)	wałtori
wałtora	N;ESS(SG)	wałtore
wałtora	N;INS(DU)	wałtoroma
wałtora	N;GEN(DU)	wałtoraw
wałtora	N;INS(SG)	wałtoru
wałtora	N;ACC(PL)	wałtory
wałtora	N;GEN(SG)	wałtorý
wósk	N;DAT(DU)	wóskom
płot	N;ESS(SG)	płot
płot	N;ESS(PL)	płotach
płot	N;INS(PL)	płotami
płot	N;DAT(PL)	płotom
płot	N;GEN(SG)	płota
płot	N;NOM(DU)	płota
płot	N;NOM(SG)	płot
płot	N;DAT(DU)	płotom
płot	N;INS(DU)	płotoma
płot	N;INS(SG)	płotom
płot	N;NOM(PL)	płoty
módry	ADJ;NOM(SG,MASC)	módry
maś	N;ACC(DU)	maša
maś	N;INS(PL)	maśami
maś	N;DAT(PL)	maśam
maś	N;GEN(SG)	maša
maś	N;DAT(DU)	mašoma
maś	N;INS(DU)	maśoma
maś	N;GEN(PL)	mašow
maś	N;INS(SG)	maśom
spóraś	V;PST;1;DU	spórali
spóraś	V;PST;1;SG	spórał
spóraś	V;IMP;2;PL	spórće
spóraś	V;PRS;3;PL	spóraju
spóraś	V;IMP;2;SG	spóraj
spóraś	V;PRS;1;SG	spóram
spóraś	V;PRS;1;PL	spóramy
spóraś	V;PST;2;PL	sporali sće
spóraś	V;PRS;2;PL	spórajće
spóraś	V;PRS;2;DU	spórata
spóraś	V;PRS;3;DU	spóraste
spóraś	V;PST;2;SG	spórałs
spóraś	V;PST;3;SG	spórał
słoma	N;ESS(PL)	słomami
słoma	N;ACC(DU)	słome
słoma	N;ESS(SG)	słomje
słoma	N;GEN(PL)	słom
słoma	N;GEN(DU)	słomow
słoma	N;INS(SG)	słomu
słoma	N;ACC(PL)	słomy
słoma	N;GEN(SG)	słomy
wójca	N;ESS(PL)	wójcami
wójca	N;ACC(PL)	wójcow
wójca	N;GEN(SG)	wójcy
wójca	N;GEN(DU)	wójcow
wójca	N;ACC(DU)	wójca
wójca	N;DAT(SG)	
serp	N;GEN(SG)	serpa
serp	N;ACC(SG)	serp
serp	N;DAT(DU)	serpom
serp	N;ESS(DU)	serpe
serp	N;INS(DU)	serpoma
serp	N;ACC(PL)	serpy
serp	N;NOM(PL)	serpy
njasć	V;PST;3;SG	njasał
njasć	V;PST;2;DU	njapjošta
njasć	V;PRS;1;DU	njasma
njasć	V;PRS;3;SG	njase
njasć	V;IMP;2;DU	njastajta
njasć	V;IMP;2;SG	njaz
damast	N;ESS(PL)	damastach
damast	N;INS(PL)	damastami
damast	N;ACC(DU)	damasta
damast	N;GEN(SG)	damastu
damast	N;NOM(DU)	damasta
damast	N;NOM(SG)	damast
damast	N;ESS(DU)	damastoma
damast	N;GEN(PL)	damastow
damast	N;ACC(PL)	damasty
damast	N;NOM(PL)	damasty
modry	ADJ;DAT(SG,FEM)	modre
test acc Lower Sorbian 0.436
