Βισάλτης	N;ACC(DU)	Βισάλτε
Βισάλτης	N;ACC(PL)	Βισάλτας
Βισάλτης	N;ACC(SG)	Βισάλτην
Βισάλτης	N;DAT(DU)	βισαλτοῖν
Βισάλτης	N;DAT(PL)	Βισάλταις
Βισάλτης	N;DAT(SG)	Βισάλτῃ
Βισάλτης	N;GEN(DU)	βισαλτῶ
Βισάλτης	N;GEN(PL)	Βισαλτῶν
Βισάλτης	N;GEN(SG)	Βισάλτου
Βισάλτης	N;NOM(DU)	Βισάλτω
Βισάλτης	N;NOM(PL)	Βισάλται
Βισάλτης	N;NOM(SG)	Βισάλτης
Βισάλτης	N;VOC(DU)	Βισάλτον
Βισάλτης	N;VOC(PL)	Βισάλται
Βισάλτης	N;VOC(SG)	Βισάλτα
Μασσαλιώτης	N;ACC(DU)	Μασσαλιώτοοιν
Μασσαλιώτης	N;ACC(PL)	Μασσαλιώτας
Μασσαλιώτης	N;ACC(SG)	Μασσαλιώτην
Μασσαλιώτης	N;DAT(DU)	Μασσαλιώτῲν
Μασσαλιώτης	N;DAT(PL)	Μασσαλιώταις
Μασσαλιώτης	N;DAT(SG)	Μασσαλιώτῃ
Μασσαλιώτης	N;GEN(DU)	Μασσαλιώτοιν
Μασσαλιώτης	N;GEN(PL)	Μασσαλιωτῶν
Μασσαλιώτης	N;GEN(SG)	Μασσαλιώτου
Μασσαλιώτης	N;NOM(DU)	Μασσαλιώτε
Μασσαλιώτης	N;NOM(PL)	Μασσαλιώται
Μασσαλιώτης	N;NOM(SG)	Μασσαλιώτης
Μασσαλιώτης	N;VOC(DU)	Μασσαλιώτε
Μασσαλιώτης	N;VOC(PL)	Μασσαλιώτες
Μασσαλιώτης	N;VOC(SG)	Μασσαλιώτη
Μιθριακός	ADJ;ACC(DU;MASC)	Μιθριακέ
Μιθριακός	ADJ;ACC(DU;NEUT)	Μιθριακά
Μιθριακός	ADJ;ACC(PL;FEM)	Μιθριακάς
Μιθριακός	ADJ;ACC(PL;MASC)	Μιθριακούς
Μιθριακός	ADJ;ACC(PL;NEUT)	Μιθριακά
Μιθριακός	ADJ;ACC(SG;FEM)	Μιθριακήν
Μιθριακός	ADJ;DAT(DU;FEM)	Μιθριακαῖν
Μιθριακός	ADJ;DAT(DU;MASC)	Μιθριακοῖν
Μιθριακός	ADJ;DAT(PL;MASC)	Μιθριακοῖς
Μιθριακός	ADJ;DAT(SG;FEM)	Μιθριακῇ
Μιθριακός	ADJ;DAT(SG;MASC)	Μιθριακῷ
Μιθριακός	ADJ;DAT(SG;NEUT)	Μιθριακῷ
Μιθριακός	ADJ;GEN(DU;FEM)	Μιθριακοιν
Μιθριακός	ADJ;GEN(DU;MASC)	Μιθριακοῖν
Μιθριακός	ADJ;GEN(DU;NEUT)	Μιθριακόν
Μιθριακός	ADJ;GEN(PL;MASC)	Μιθριακῶν
Μιθριακός	ADJ;GEN(PL;NEUT)	Μιθριακῶν
Μιθριακός	ADJ;GEN(SG;FEM)	Μιθριακῆς
Μιθριακός	ADJ;GEN(SG;MASC)	Μιθριακοῦ
Μιθριακός	ADJ;GEN(SG;NEUT)	Μιθριακοῦ
Μιθριακός	ADJ;NOM(DU;FEM)	Μιθριακώ
Μιθριακός	ADJ;NOM(DU;MASC)	Μιθριακοί
Μιθριακός	ADJ;NOM(DU;NEUT)	Μιθριακά
Μιθριακός	ADJ;NOM(PL;FEM)	Μιθριακαί
Μιθριακός	ADJ;NOM(PL;MASC)	Μιθριακοί
Μιθριακός	ADJ;NOM(PL;NEUT)	Μιθριακά
Μιθριακός	ADJ;NOM(SG;FEM)	Μιθριακή
Μιθριακός	ADJ;VOC(DU;MASC)	Μιθριακέ
Μιθριακός	ADJ;VOC(PL;FEM)	Μιθριακαί
Μιθριακός	ADJ;VOC(PL;NEUT)	Μιθριακά
Μιθριακός	ADJ;VOC(SG;FEM)	Μιθριακή
Μιθριακός	ADJ;VOC(SG;MASC)	Μιθριακέ
Μιθριακός	ADJ;VOC(SG;NEUT)	Μιθριακόν
αἴγιλος	N;ACC(DU)	αἴγιλοιν
αἴγιλος	N;ACC(PL)	αἰγίλους
αἴγιλος	N;ACC(SG)	αἴγλιον
αἴγιλος	N;DAT(DU)	αἰγίλοιν
αἴγιλος	N;DAT(PL)	αἰγίλοις
αἴγιλος	N;DAT(SG)	αἴγῳ
αἴγιλος	N;GEN(DU)	αἰγίλοιν
αἴγιλος	N;GEN(PL)	αἰγίλων
αἴγιλος	N;GEN(SG)	αἰγίλου
αἴγιλος	N;NOM(DU)	αἰγίλε
αἴγιλος	N;NOM(PL)	αἴγιοι
αἴγιλος	N;NOM(SG)	αἴγιλος
αἴγιλος	N;VOC(DU)	αἴγλε
αἴγιλος	N;VOC(PL)	αἴγιλοι
αἴγιλος	N;VOC(SG)	αἴγιλε
αὔρα	N;ACC(DU)	αὔρε
αὔρα	N;ACC(PL)	αύρας
αὔρα	N;ACC(SG)	αὔραν
αὔρα	N;DAT(DU)	αὐροιν
αὔρα	N;DAT(PL)	αὔραις
αὔρα	N;DAT(SG)	αὐρᾷ
αὔρα	N;GEN(DU)	αὔρεω
αὔρα	N;GEN(PL)	αὐρῶν
αὔρα	N;GEN(SG)	αὔρας
αὔρα	N;NOM(DU)	αὔρε
αὔρα	N;NOM(PL)	αὔραι
αὔρα	N;NOM(SG)	αὔρα
αὔρα	N;VOC(DU)	αὔραι
αὔρα	N;VOC(PL)	αὔραι
αὔρα	N;VOC(SG)	αὔρα
βραχύτης	N;ACC(DU)	βραχύτῆ
βραχύτης	N;ACC(PL)	βραχύτητας
βραχύτης	N;ACC(SG)	βραχύτην
βραχύτης	N;DAT(DU)	βραχύτοι
βραχύτης	N;DAT(PL)	βραχυταῖς
βραχύτης	N;DAT(SG)	βραχύτῃ
βραχύτης	N;GEN(DU)	βραχύτεοιν
βραχύτης	N;GEN(PL)	βραχυτῶν
βραχύτης	N;GEN(SG)	βραχυτοῦ
βραχύτης	N;NOM(DU)	βραχυτέ
βραχύτης	N;NOM(PL)	βραχύται
βραχύτης	N;NOM(SG)	βραχύτης
βραχύτης	N;VOC(DU)	βραχύτα
βραχύτης	N;VOC(PL)	βραχυταί
βραχύτης	N;VOC(SG)	βραχύτα
γοεδνός	ADJ;ACC(DU;FEM)	γοεδνε
γοεδνός	ADJ;ACC(DU;NEUT)	γόεδνα
γοεδνός	ADJ;ACC(PL;FEM)	γοεδνάς
γοεδνός	ADJ;ACC(PL;NEUT)	γοεδνά
γοεδνός	ADJ;ACC(SG;FEM)	γοεδνήν
γοεδνός	ADJ;ACC(SG;NEUT)	γοεδνόν
γοεδνός	ADJ;DAT(DU;MASC)	γοεδνοῖ
γοεδνός	ADJ;DAT(DU;NEUT)	γόεδνοιν
γοεδνός	ADJ;DAT(PL;MASC)	γοεδνοῖς
γοεδνός	ADJ;DAT(SG;FEM)	γοεδνῇ
γοεδνός	ADJ;DAT(SG;MASC)	γοεδνῷ
γοεδνός	ADJ;DAT(SG;NEUT)	γοεδνῷ
γοεδνός	ADJ;GEN(DU;MASC)	γοεδνοιν
γοεδνός	ADJ;GEN(DU;NEUT)	γοεδνοῖν
γοεδνός	ADJ;GEN(PL;FEM)	γοεδνῶν
γοεδνός	ADJ;GEN(PL;MASC)	γοεδνῶν
γοεδνός	ADJ;GEN(SG;FEM)	γοεδνῆς
γοεδνός	ADJ;GEN(SG;MASC)	γοεδνοῦ
γοεδνός	ADJ;GEN(SG;NEUT)	γοεδνοῦ
γοεδνός	ADJ;NOM(DU;FEM)	γοεδνε
γοεδνός	ADJ;NOM(DU;NEUT)	γοεδνά
γοεδνός	ADJ;NOM(PL;FEM)	γοεδναί
γοεδνός	ADJ;NOM(PL;NEUT)	γόεδνά
γοεδνός	ADJ;NOM(SG;FEM)	γοεδνή
γοεδνός	ADJ;NOM(SG;MASC)	γοεδνός
γοεδνός	ADJ;VOC(DU;FEM)	γοεδνέ
γοεδνός	ADJ;VOC(DU;NEUT)	γοεδνέ
γοεδνός	ADJ;VOC(PL;FEM)	γοεδναί
γοεδνός	ADJ;VOC(PL;MASC)	γοεδνοί
γοεδνός	ADJ;VOC(PL;NEUT)	γοεδνὰ
γοεδνός	ADJ;VOC(SG;FEM)	γοεδνή
γοεδνός	ADJ;VOC(SG;MASC)	γοεδνέ
γοεδνός	ADJ;VOC(SG;NEUT)	γοεδνόν
διθυμία	N;ACC(DU)	διθυμίε
διθυμία	N;ACC(PL)	διθυμίας
διθυμία	N;ACC(SG)	διθυμίαν
διθυμία	N;DAT(DU)	διθυμιαιν
διθυμία	N;DAT(PL)	διθυμίαις
διθυμία	N;DAT(SG)	διθυμίᾳ
διθυμία	N;GEN(DU)	διθυμιαιν
διθυμία	N;GEN(PL)	διθυμιῶν
διθυμία	N;GEN(SG)	διθυμίας
διθυμία	N;NOM(DU)	διθυμίαι
διθυμία	N;NOM(PL)	διθυμίες
διθυμία	N;NOM(SG)	διθυμία
διθυμία	N;VOC(DU)	διθυμίε
διθυμία	N;VOC(PL)	διθυμίαι
διθυμία	N;VOC(SG)	διθυμία
δορκάς	N;ACC(DU)	δορκέ
δορκάς	N;ACC(PL)	δορκας
δορκάς	N;ACC(SG)	δορκάν
δορκάς	N;DAT(DU)	δορκεῖ
δορκάς	N;DAT(PL)	δορκαῖς
δορκάς	N;DAT(SG)	δορκῷ
δορκάς	N;GEN(DU)	δορκάοιν
δορκάς	N;GEN(PL)	δορκῶν
δορκάς	N;GEN(SG)	δορκοῦ
δορκάς	N;NOM(DU)	δορκᾶν
δορκάς	N;NOM(PL)	δορκαί
δορκάς	N;NOM(SG)	δορκάς
δορκάς	N;VOC(DU)	δορκᾶ
δορκάς	N;VOC(PL)	δορκαί
δορκάς	N;VOC(SG)	δορκά
θήρα	N;ACC(DU)	θήρε
θήρα	N;ACC(PL)	θήρας
θήρα	N;ACC(SG)	θήραν
θήρα	N;DAT(DU)	θήροιν
θήρα	N;DAT(PL)	θήραις
θήρα	N;DAT(SG)	θήρᾳ
θήρα	N;GEN(DU)	θήραιν
θήρα	N;GEN(PL)	θήρων
θήρα	N;GEN(SG)	θήρας
θήρα	N;NOM(DU)	θήραιν
θήρα	N;NOM(PL)	θήραι
θήρα	N;NOM(SG)	θήρα
θήρα	N;VOC(DU)	θήρα
θήρα	N;VOC(PL)	θήραι
θήρα	N;VOC(SG)	θήρα
θρεπτικός	ADJ;ACC(DU;FEM)	θρεπτίκε
θρεπτικός	ADJ;ACC(DU;MASC)	θρεπτικόν
θρεπτικός	ADJ;ACC(DU;NEUT)	θρεπτικῶ
θρεπτικός	ADJ;ACC(PL;MASC)	θρεπτικούς
θρεπτικός	ADJ;ACC(PL;NEUT)	θρεπτικά
θρεπτικός	ADJ;ACC(SG;FEM)	θρεπτικήν
θρεπτικός	ADJ;ACC(SG;MASC)	θρεπτικόν
θρεπτικός	ADJ;ACC(SG;NEUT)	θρεπτικόν
θρεπτικός	ADJ;DAT(DU;FEM)	θρεπτικά
θρεπτικός	ADJ;DAT(DU;NEUT)	θρεπτικοῖν
θρεπτικός	ADJ;DAT(PL;FEM)	θρεπτικαῖς
θρεπτικός	ADJ;DAT(PL;NEUT)	θρεπτικοῖς
θρεπτικός	ADJ;DAT(SG;FEM)	θρεπτικῇ
θρεπτικός	ADJ;DAT(SG;MASC)	θρεπτικῷ
θρεπτικός	ADJ;GEN(DU;NEUT)	θρεπτικῶν
θρεπτικός	ADJ;GEN(PL;MASC)	θρεπτικῶν
θρεπτικός	ADJ;GEN(PL;NEUT)	θρεπτικῶν
θρεπτικός	ADJ;GEN(SG;MASC)	θρεπτικοῦ
θρεπτικός	ADJ;GEN(SG;NEUT)	θρεπτικοῦ
θρεπτικός	ADJ;NOM(DU;MASC)	θρεπτικόν
θρεπτικός	ADJ;NOM(DU;NEUT)	θρεπτικῶ
θρεπτικός	ADJ;NOM(PL;MASC)	θρεπτικοί
θρεπτικός	ADJ;NOM(SG;NEUT)	θρεπτικόν
θρεπτικός	ADJ;VOC(DU;FEM)	θρεπτικε
θρεπτικός	ADJ;VOC(DU;MASC)	θρεπτικώ
θρεπτικός	ADJ;VOC(DU;NEUT)	θρεπτικά
θρεπτικός	ADJ;VOC(PL;FEM)	θρεπτικαί
θρεπτικός	ADJ;VOC(PL;MASC)	θρεπτικοί
θρεπτικός	ADJ;VOC(PL;NEUT)	θρεπτικά
θρεπτικός	ADJ;VOC(SG;FEM)	θρεπτική
θρεπτικός	ADJ;VOC(SG;MASC)	θρεπτικέ
θρεπτικός	ADJ;VOC(SG;NEUT)	θρεπτικόν
θυγάτηρ	N;ACC(DU)	θυγατρέ
θυγάτηρ	N;ACC(PL)	θυγατέρας
θυγάτηρ	N;ACC(SG)	θυγατέρα
θυγάτηρ	N;DAT(DU)	θυγάτριοιν
θυγάτηρ	N;DAT(PL)	θυγατράσι
θυγάτηρ	N;DAT(SG)	θυγατρί
θυγάτηρ	N;GEN(DU)	θυγατροιν
θυγάτηρ	N;GEN(PL)	θυγατέρων
θυγάτηρ	N;GEN(SG)	θυγατρός
θυγάτηρ	N;NOM(DU)	θυγατέρ
θυγάτηρ	N;NOM(PL)	θυγατέρες
θυγάτηρ	N;NOM(SG)	θυγάτηρ
θυγάτηρ	N;VOC(DU)	θυγατρε
θυγάτηρ	N;VOC(PL)	θυγατέρες
θυγάτηρ	N;VOC(SG)	θυγάτηρ
καδμία	N;ACC(DU)	καδμίαι
καδμία	N;ACC(PL)	καδμίας
καδμία	N;ACC(SG)	καδμίαν
καδμία	N;DAT(DU)	καδμῇ
καδμία	N;DAT(PL)	καδμίαις
καδμία	N;DAT(SG)	καδμίᾳ
καδμία	N;GEN(DU)	καδμιοιν
καδμία	N;GEN(PL)	καδμιῶν
καδμία	N;GEN(SG)	καδμίας
καδμία	N;NOM(DU)	καδμιέ
καδμία	N;NOM(PL)	καδμίαι
καδμία	N;NOM(SG)	καδμία
καδμία	N;VOC(DU)	καδμῖαι
καδμία	N;VOC(PL)	καδμίαι
καδμία	N;VOC(SG)	καδμία
κενταύριον	N;ACC(DU)	κενταύριε
κενταύριον	N;ACC(PL)	κενταύρια
κενταύριον	N;ACC(SG)	κενταύριον
κενταύριον	N;DAT(DU)	κενταυρίοιν
κενταύριον	N;DAT(PL)	κενταυρίοις
κενταύριον	N;DAT(SG)	κενταυρίῳ
κενταύριον	N;GEN(DU)	κενταυρίων
κενταύριον	N;GEN(PL)	κενταυρίων
κενταύριον	N;GEN(SG)	κενταυρίου
κενταύριον	N;NOM(DU)	κενταυρώ
κενταύριον	N;NOM(PL)	κενταύρια
κενταύριον	N;NOM(SG)	κενταύριον
κενταύριον	N;VOC(DU)	κεντάυρε
κενταύριον	N;VOC(PL)	κεντάυρια
κενταύριον	N;VOC(SG)	κενταύριον
κενός	ADJ;ACC(DU;FEM)	κενώ
κενός	ADJ;ACC(DU;MASC)	κενοί
κενός	ADJ;ACC(DU;NEUT)	κενά
κενός	ADJ;ACC(PL;FEM)	κενάς
κενός	ADJ;ACC(PL;MASC)	κενούς
κενός	ADJ;ACC(PL;NEUT)	κενά
κενός	ADJ;ACC(SG;FEM)	κενήν
κενός	ADJ;ACC(SG;MASC)	κενόν
κενός	ADJ;ACC(SG;NEUT)	κενόν
κενός	ADJ;DAT(DU;FEM)	κενόοιν
κενός	ADJ;DAT(DU;MASC)	κενοῖν
κενός	ADJ;DAT(PL;FEM)	κεναῖς
κενός	ADJ;DAT(PL;MASC)	κενοῖς
κενός	ADJ;DAT(PL;NEUT)	κενοῖς
κενός	ADJ;DAT(SG;MASC)	κενῷ
κενός	ADJ;DAT(SG;NEUT)	κενῷ
κενός	ADJ;GEN(DU;FEM)	κενῶν
κενός	ADJ;GEN(PL;FEM)	κενῶν
κενός	ADJ;GEN(PL;MASC)	κενῶν
κενός	ADJ;GEN(SG;NEUT)	κενοῦ
κενός	ADJ;NOM(DU;FEM)	Κενέ
κενός	ADJ;NOM(DU;MASC)	κενώ
κενός	ADJ;NOM(PL;NEUT)	κενά
κενός	ADJ;NOM(SG;FEM)	κενή
κενός	ADJ;NOM(SG;MASC)	κενός
κενός	ADJ;NOM(SG;NEUT)	κενόν
κενός	ADJ;VOC(DU;FEM)	κενᾱ
κενός	ADJ;VOC(DU;MASC)	κενώ
κενός	ADJ;VOC(DU;NEUT)	κενά
κενός	ADJ;VOC(PL;MASC)	κενοί
κενός	ADJ;VOC(PL;NEUT)	κενά
κενός	ADJ;VOC(SG;FEM)	κενή
κενός	ADJ;VOC(SG;MASC)	κενέ
κωλόβαθρον	N;ACC(DU)	κωλόβαθρα
κωλόβαθρον	N;ACC(PL)	κωλόβαθρα
κωλόβαθρον	N;ACC(SG)	κωλόβαθρον
κωλόβαθρον	N;DAT(DU)	κωλόβαθροιν
κωλόβαθρον	N;DAT(PL)	κωλόβαθροις
κωλόβαθρον	N;DAT(SG)	κωλόβαθρῳ
κωλόβαθρον	N;GEN(DU)	κωλοβάθρων
κωλόβαθρον	N;GEN(PL)	κωλοβάθρων
κωλόβαθρον	N;GEN(SG)	κωλόβαθρου
κωλόβαθρον	N;NOM(DU)	κωλόβαθρα
κωλόβαθρον	N;NOM(PL)	κωλόβαθρα
κωλόβαθρον	N;NOM(SG)	κωλόβαθρον
κωλόβαθρον	N;VOC(DU)	κωλόβαθρε
κωλόβαθρον	N;VOC(PL)	κωλόβαθρα
κωλόβαθρον	N;VOC(SG)	κωλόβαθρον
λειμώνιον	N;ACC(DU)	λειμώνια
λειμώνιον	N;ACC(PL)	λειμώνια
λειμώνιον	N;ACC(SG)	λειμώνιον
λειμώνιον	N;DAT(DU)	λειμονιοιν
λειμώνιον	N;DAT(PL)	λειμονιοις
λειμώνιον	N;DAT(SG)	λειμωνίῳ
λειμώνιον	N;GEN(DU)	λειμῶνιοιν
λειμώνιον	N;GEN(PL)	λειμονιῶν
λειμώνιον	N;GEN(SG)	λειμονίου
λειμώνιον	N;NOM(DU)	λλειμώνια
λειμώνιον	N;NOM(PL)	λειμώνια
λειμώνιον	N;NOM(SG)	λειμώνιον
λειμώνιον	N;VOC(DU)	λειμώνια
λειμώνιον	N;VOC(PL)	λειμώνια
λειμώνιον	N;VOC(SG)	λειμώνιον
μελῳδία	N;ACC(DU)	μελῳδίαιν
μελῳδία	N;ACC(PL)	μελῳδίας
μελῳδία	N;ACC(SG)	μελῳδίαν
μελῳδία	N;DAT(DU)	μελῳδίαιν
μελῳδία	N;DAT(PL)	μελῳδίαις
μελῳδία	N;DAT(SG)	μελῳδίᾳ
μελῳδία	N;GEN(DU)	μελῳδίαα
μελῳδία	N;GEN(PL)	μελῳδιῶν
μελῳδία	N;GEN(SG)	μελῳδίας
μελῳδία	N;NOM(DU)	μελῳδίε
μελῳδία	N;NOM(PL)	μελῳδίαι
μελῳδία	N;NOM(SG)	μελῳδία
μελῳδία	N;VOC(DU)	μελῳδίᾱ
μελῳδία	N;VOC(PL)	μελῳδίαι
μελῳδία	N;VOC(SG)	μελῳδία
οἶνος	N;ACC(DU)	οἰνῶ
οἶνος	N;ACC(PL)	οἴνους
οἶνος	N;ACC(SG)	οἶνον
οἶνος	N;DAT(DU)	οἰνοιν
οἶνος	N;DAT(PL)	οἴνοις
οἶνος	N;DAT(SG)	οἴνῳ
οἶνος	N;GEN(DU)	οἰνοοιν
οἶνος	N;GEN(PL)	οἴνων
οἶνος	N;GEN(SG)	οἴνου
οἶνος	N;NOM(DU)	οἶνε
οἶνος	N;NOM(PL)	οἶνοι
οἶνος	N;NOM(SG)	οἶνος
οἶνος	N;VOC(DU)	οἶνε
οἶνος	N;VOC(PL)	οἶνοι
οἶνος	N;VOC(SG)	οἶνε
παλίμψηστος	ADJ;ACC(DU;FEM)	παλίμψηστε
παλίμψηστος	ADJ;ACC(DU;NEUT)	παλίμψηστα
παλίμψηστος	ADJ;ACC(PL;MASC)	παλίμψηστους
παλίμψηστος	ADJ;ACC(SG;FEM)	παλίμψηστην
παλίμψηστος	ADJ;ACC(SG;MASC)	παλίμψηστον
παλίμψηστος	ADJ;ACC(SG;NEUT)	παλίμψηστον
παλίμψηστος	ADJ;DAT(DU;FEM)	παλίμψησται
παλίμψηστος	ADJ;DAT(DU;MASC)	παλίμψηστοῖν
παλίμψηστος	ADJ;DAT(DU;NEUT)	παλίμψηστω
παλίμψηστος	ADJ;DAT(PL;MASC)	παλίμψηστοις
παλίμψηστος	ADJ;DAT(PL;NEUT)	παλίμψητοις
παλίμψηστος	ADJ;DAT(SG;MASC)	παλίμψηστῳ
παλίμψηστος	ADJ;GEN(DU;FEM)	παλίμψηστοιν
παλίμψηστος	ADJ;GEN(DU;MASC)	παλίμψηστοῖν
παλίμψηστος	ADJ;GEN(DU;NEUT)	παλίμψηστοῖν
παλίμψηστος	ADJ;GEN(PL;FEM)	παλίμψηστῶν
παλίμψηστος	ADJ;GEN(PL;MASC)	παλίμψηστων
παλίμψηστος	ADJ;GEN(PL;NEUT)	παλίμψηστων
παλίμψηστος	ADJ;GEN(SG;FEM)	παλίμψηστης
παλίμψηστος	ADJ;GEN(SG;MASC)	παλίμψηστου
παλίμψηστος	ADJ;GEN(SG;NEUT)	παλίμψηστου
παλίμψηστος	ADJ;NOM(DU;NEUT)	παλίμψηστα
παλίμψηστος	ADJ;NOM(PL;FEM)	παλίμψηστες
παλίμψηστος	ADJ;NOM(PL;MASC)	παλίμψηστοι
παλίμψηστος	ADJ;NOM(PL;NEUT)	παλίμψηστα
παλίμψηστος	ADJ;VOC(DU;FEM)	παλίμψησται
παλίμψηστος	ADJ;VOC(DU;MASC)	παλίμψηστω
παλίμψηστος	ADJ;VOC(DU;NEUT)	παλίμψηστέ
παλίμψηστος	ADJ;VOC(PL;MASC)	παλίμψηστοι
παλίμψηστος	ADJ;VOC(PL;NEUT)	παλίμψηστα
παλίμψηστος	ADJ;VOC(SG;FEM)	παλίμψηστη
παλίμψηστος	ADJ;VOC(SG;MASC)	παλίμψηστε
παλίμψηστος	ADJ;VOC(SG;NEUT)	παλίμψηστον
παραλυτικός	ADJ;ACC(DU;FEM)	παραλυτικα
παραλυτικός	ADJ;ACC(DU;MASC)	παραλυτικοῖ
παραλυτικός	ADJ;ACC(DU;NEUT)	παραλυτικὰ
παραλυτικός	ADJ;ACC(PL;FEM)	παραλυτικάς
παραλυτικός	ADJ;ACC(PL;MASC)	παραλυτικούς
παραλυτικός	ADJ;ACC(PL;NEUT)	παραλυτικά
παραλυτικός	ADJ;ACC(SG;FEM)	παραλυτικήν
παραλυτικός	ADJ;ACC(SG;MASC)	παραλυτικόν
παραλυτικός	ADJ;ACC(SG;NEUT)	παραλυτικόν
παραλυτικός	ADJ;DAT(DU;FEM)	παραλυτικοῖν
παραλυτικός	ADJ;DAT(DU;MASC)	παραλυτικοῖν
παραλυτικός	ADJ;DAT(DU;NEUT)	παραλυτικοῖ
παραλυτικός	ADJ;DAT(PL;FEM)	παραλυτικαῖς
παραλυτικός	ADJ;DAT(PL;MASC)	παραλυτικοῖς
παραλυτικός	ADJ;DAT(PL;NEUT)	παραλυτικοῖς
παραλυτικός	ADJ;DAT(SG;FEM)	παραλυτικῇ
παραλυτικός	ADJ;DAT(SG;MASC)	παραλυτικῷ
παραλυτικός	ADJ;GEN(DU;FEM)	παραλυτικῶν
παραλυτικός	ADJ;GEN(PL;MASC)	παραλυτικών
παραλυτικός	ADJ;GEN(PL;NEUT)	παραλυτικῶν
παραλυτικός	ADJ;GEN(SG;FEM)	παραλυτικής
παραλυτικός	ADJ;GEN(SG;MASC)	παραλυτοῦ
παραλυτικός	ADJ;GEN(SG;NEUT)	παραλυτικού
παραλυτικός	ADJ;NOM(DU;FEM)	παραλυτικέ
παραλυτικός	ADJ;NOM(DU;MASC)	παραλυτικε
παραλυτικός	ADJ;NOM(DU;NEUT)	παραλυτικά
παραλυτικός	ADJ;NOM(PL;FEM)	παραλυτικαί
παραλυτικός	ADJ;NOM(SG;FEM)	παραλυτική
παραλυτικός	ADJ;VOC(PL;FEM)	παραλυτικές
παραλυτικός	ADJ;VOC(PL;MASC)	παραλυτικοί
παραλυτικός	ADJ;VOC(PL;NEUT)	παραλυτικά
παραλυτικός	ADJ;VOC(SG;FEM)	παραλυτική
παραλυτικός	ADJ;VOC(SG;MASC)	παραλυτικέ
ποτήριον	N;ACC(DU)	ποτήρια
ποτήριον	N;ACC(PL)	ποτήρια
ποτήριον	N;ACC(SG)	ποτήριον
ποτήριον	N;DAT(DU)	ποτήριοιν
ποτήριον	N;DAT(PL)	ποτήριοις
ποτήριον	N;DAT(SG)	ποτηρίῳ
ποτήριον	N;GEN(DU)	ποτηρίοιν
ποτήριον	N;GEN(PL)	ποτηρίων
ποτήριον	N;GEN(SG)	ποτηρίου
ποτήριον	N;NOM(DU)	ποτήρια
ποτήριον	N;NOM(PL)	ποτήρια
ποτήριον	N;NOM(SG)	ποτήριον
ποτήριον	N;VOC(DU)	ποτήριε
ποτήριον	N;VOC(PL)	ποτήρια
ποτήριον	N;VOC(SG)	ποτήριον
πτέρνη	N;ACC(DU)	πτερναῖν
πτέρνη	N;ACC(PL)	πτερνᾶς
πτέρνη	N;ACC(SG)	πτέρνην
πτέρνη	N;DAT(DU)	πτέρναῖν
πτέρνη	N;DAT(PL)	πτερναῖς
πτέρνη	N;DAT(SG)	πτερνῃ
πτέρνη	N;GEN(DU)	πτερνέων
πτέρνη	N;GEN(PL)	πτερνῶν
πτέρνη	N;GEN(SG)	πτερνῆς
πτέρνη	N;NOM(DU)	πτερναιν
πτέρνη	N;NOM(PL)	πτέρναι
πτέρνη	N;NOM(SG)	πτέρνη
πτέρνη	N;VOC(DU)	πτερναι
πτέρνη	N;VOC(PL)	πτέρναι
πτέρνη	N;VOC(SG)	πτέρνη
πῆγμα	N;ACC(DU)	πῆγμα
πῆγμα	N;ACC(PL)	πῆγματα
πῆγμα	N;ACC(SG)	πῆγμα
πῆγμα	N;DAT(DU)	πῆγμοι
πῆγμα	N;DAT(PL)	πήγμασιν
πῆγμα	N;DAT(SG)	πήγματι
πῆγμα	N;GEN(DU)	πῆγοιν
πῆγμα	N;GEN(PL)	πῆγμάτων
πῆγμα	N;GEN(SG)	πήγματος
πῆγμα	N;NOM(DU)	πῆγμε
πῆγμα	N;NOM(PL)	πῆγματα
πῆγμα	N;NOM(SG)	πῆγμα
πῆγμα	N;VOC(DU)	πῆγμα
πῆγμα	N;VOC(PL)	πῆγματα
πῆγμα	N;VOC(SG)	πῆγμα
σίραιον	N;ACC(DU)	σίραιε
σίραιον	N;ACC(PL)	σίραια
σίραιον	N;ACC(SG)	σίραιον
σίραιον	N;DAT(DU)	σίραιοιν
σίραιον	N;DAT(PL)	σίραιοις
σίραιον	N;DAT(SG)	σίραιῳ
σίραιον	N;GEN(DU)	σίραιοιν
σίραιον	N;GEN(PL)	σιραιῶν
σίραιον	N;GEN(SG)	σίραιου
σίραιον	N;NOM(DU)	σίραια
σίραιον	N;NOM(PL)	σίραια
σίραιον	N;NOM(SG)	σίραιον
σίραιον	N;VOC(DU)	σίραιον
σίραιον	N;VOC(PL)	σῑραια
σίραιον	N;VOC(SG)	σίραιον
σκέπη	N;ACC(DU)	σκεπε
σκέπη	N;ACC(PL)	σκέπας
σκέπη	N;ACC(SG)	σκέπην
σκέπη	N;DAT(DU)	σκεπῇ
σκέπη	N;DAT(PL)	σκέπαις
σκέπη	N;DAT(SG)	σκεπῇ
σκέπη	N;GEN(DU)	σκῆποιν
σκέπη	N;GEN(PL)	σκέπων
σκέπη	N;GEN(SG)	σκέπης
σκέπη	N;NOM(DU)	σκεπε
σκέπη	N;NOM(PL)	σκεπαί
σκέπη	N;NOM(SG)	σκέπη
σκέπη	N;VOC(DU)	σκέπε
σκέπη	N;VOC(PL)	σκέπαι
σκέπη	N;VOC(SG)	σκεπη
σχόλιον	N;ACC(DU)	σχολιε
σχόλιον	N;ACC(PL)	σχόλια
σχόλιον	N;ACC(SG)	σχόλιον
σχόλιον	N;DAT(DU)	σχολίοιν
σχόλιον	N;DAT(PL)	σχόλιοις
σχόλιον	N;DAT(SG)	σχολίῳ
σχόλιον	N;GEN(DU)	σχολιοιν
σχόλιον	N;GEN(PL)	σχολίων
σχόλιον	N;GEN(SG)	σχόλιου
σχόλιον	N;NOM(DU)	σχόλιοε
σχόλιον	N;NOM(PL)	σχόλια
σχόλιον	N;NOM(SG)	σχόλιον
σχόλιον	N;VOC(DU)	σχόλια
σχόλιον	N;VOC(PL)	σχόλια
σχόλιον	N;VOC(SG)	σχόλιον
τακτικός	ADJ;ACC(DU;FEM)	τακτικά
τακτικός	ADJ;ACC(DU;NEUT)	τακτικά
τακτικός	ADJ;ACC(PL;FEM)	τακτικάς
τακτικός	ADJ;ACC(SG;FEM)	τακτικήν
τακτικός	ADJ;ACC(SG;MASC)	τακτικόν
τακτικός	ADJ;ACC(SG;NEUT)	τακτικό
τακτικός	ADJ;DAT(DU;FEM)	τακτῇν
τακτικός	ADJ;DAT(DU;MASC)	τακτικοῖν
τακτικός	ADJ;DAT(DU;NEUT)	τακτικοῖν
τακτικός	ADJ;DAT(PL;FEM)	τακτικαῖς
τακτικός	ADJ;DAT(PL;MASC)	τακτικοῖς
τακτικός	ADJ;DAT(PL;NEUT)	τακτικοῖς
τακτικός	ADJ;DAT(SG;FEM)	τακτικῇ
τακτικός	ADJ;DAT(SG;MASC)	τακτικῷ
τακτικός	ADJ;GEN(DU;FEM)	τακτικοιν
τακτικός	ADJ;GEN(PL;MASC)	τακτικῶν
τακτικός	ADJ;GEN(PL;NEUT)	τακτικῶν
τακτικός	ADJ;GEN(SG;FEM)	τακτικῆς
τακτικός	ADJ;GEN(SG;MASC)	τακτικοῦ
τακτικός	ADJ;GEN(SG;NEUT)	τακτικοῦ
τακτικός	ADJ;NOM(DU;FEM)	τακτικόε
τακτικός	ADJ;NOM(DU;NEUT)	τακτικά
τακτικός	ADJ;NOM(PL;NEUT)	τακτικά
τακτικός	ADJ;NOM(SG;NEUT)	τακτικόν
τακτικός	ADJ;VOC(DU;FEM)	τακτή
τακτικός	ADJ;VOC(DU;MASC)	τακτικέ
τακτικός	ADJ;VOC(DU;NEUT)	τακτέ
τακτικός	ADJ;VOC(PL;FEM)	τακταί
τακτικός	ADJ;VOC(PL;MASC)	τακτικοί
τακτικός	ADJ;VOC(PL;NEUT)	τακτικά
τακτικός	ADJ;VOC(SG;FEM)	τακτική
τακτικός	ADJ;VOC(SG;MASC)	τακτικέ
τακτικός	ADJ;VOC(SG;NEUT)	τακτικόν
ταπεινός	ADJ;ACC(DU;FEM)	ταπεινῶ
ταπεινός	ADJ;ACC(DU;MASC)	ταπεινέ
ταπεινός	ADJ;ACC(PL;MASC)	ταπεινοὺς
ταπεινός	ADJ;ACC(PL;NEUT)	ταπεινά
ταπεινός	ADJ;ACC(SG;MASC)	ταπεινόν
ταπεινός	ADJ;DAT(DU;FEM)	ταπεινοιν
ταπεινός	ADJ;DAT(DU;NEUT)	ταπεινοῖν
ταπεινός	ADJ;DAT(PL;FEM)	ταπειναῖς
ταπεινός	ADJ;DAT(PL;MASC)	ταπεινοῖς
ταπεινός	ADJ;DAT(SG;MASC)	ταπεινῷ
ταπεινός	ADJ;DAT(SG;NEUT)	ταπεινῷ
ταπεινός	ADJ;GEN(DU;FEM)	ταπεινοῖν
ταπεινός	ADJ;GEN(DU;MASC)	ταπεινοιν
ταπεινός	ADJ;GEN(PL;FEM)	ταπεινῶν
ταπεινός	ADJ;GEN(SG;MASC)	ταπεινοῦ
ταπεινός	ADJ;GEN(SG;NEUT)	ταπεινοῦ
ταπεινός	ADJ;NOM(DU;FEM)	ταπεινώ
ταπεινός	ADJ;NOM(DU;MASC)	ταπεινὲ
ταπεινός	ADJ;NOM(DU;NEUT)	ταπεινά
ταπεινός	ADJ;NOM(PL;FEM)	ταπειναί
ταπεινός	ADJ;NOM(PL;MASC)	ταπεινοί
ταπεινός	ADJ;NOM(PL;NEUT)	ταπεινά
ταπεινός	ADJ;NOM(SG;FEM)	ταπεινή
ταπεινός	ADJ;NOM(SG;MASC)	ταπεινός
ταπεινός	ADJ;NOM(SG;NEUT)	ταπεινόν
ταπεινός	ADJ;VOC(DU;FEM)	ταπεινώ
ταπεινός	ADJ;VOC(DU;NEUT)	ταπεινῶ
ταπεινός	ADJ;VOC(PL;FEM)	ταπειναί
ταπεινός	ADJ;VOC(PL;MASC)	ταπεινοί
ταπεινός	ADJ;VOC(PL;NEUT)	ταπεινά
ταπεινός	ADJ;VOC(SG;FEM)	ταπεινή
ταπεινός	ADJ;VOC(SG;MASC)	ταπεινέ
ταπεινός	ADJ;VOC(SG;NEUT)	ταπεινόν
ἀμέλεια	N;ACC(DU)	ἀμέλειε
ἀμέλεια	N;ACC(PL)	ἀμέλειας
ἀμέλεια	N;ACC(SG)	ἀμέλειαν
ἀμέλεια	N;DAT(DU)	ἀμέλειοιν
ἀμέλεια	N;DAT(PL)	ἀμελείαις
ἀμέλεια	N;DAT(SG)	ἀμέλειᾳ
ἀμέλεια	N;GEN(DU)	ἀμέλεια
ἀμέλεια	N;GEN(PL)	.ἀμέλειῶν
ἀμέλεια	N;GEN(SG)	ἀμέλειας
ἀμέλεια	N;NOM(DU)	ἀμέλειε
ἀμέλεια	N;NOM(PL)	ἀμέλειαι
ἀμέλεια	N;NOM(SG)	ἀμέλεια
ἀμέλεια	N;VOC(DU)	ἀμέλειε
ἀμέλεια	N;VOC(PL)	ἀμέλειαι
ἀμέλεια	N;VOC(SG)	ἀμέλεια
ἀμβλυωπία	N;ACC(DU)	ἀμβλυωπίε
ἀμβλυωπία	N;ACC(PL)	ἀμβλυωπίας
ἀμβλυωπία	N;ACC(SG)	ἀμβλυωπίαν
ἀμβλυωπία	N;DAT(DU)	ἀμβλυωπίοι
ἀμβλυωπία	N;DAT(PL)	ἀμβλυωπίαις
ἀμβλυωπία	N;DAT(SG)	ἀμβλυωπίᾳ
ἀμβλυωπία	N;GEN(DU)	ἀμβλυωπίαιν
ἀμβλυωπία	N;GEN(PL)	ἀμβλυοπίων
ἀμβλυωπία	N;GEN(SG)	ἀμβλυωπίας
ἀμβλυωπία	N;NOM(DU)	ἀμβλυωπία
ἀμβλυωπία	N;NOM(PL)	ἀμβλυωπίαι
ἀμβλυωπία	N;NOM(SG)	ἀμβλυωπία
ἀμβλυωπία	N;VOC(DU)	ἀμβλυωπέ
ἀμβλυωπία	N;VOC(PL)	ἀμβλυωπίαι
ἀμβλυωπία	N;VOC(SG)	ἀμβλυωπία
ἀναστροφή	N;ACC(DU)	ἀναστροφέ
ἀναστροφή	N;ACC(PL)	ἀναστροφάς
ἀναστροφή	N;ACC(SG)	ἀναστροφήν
ἀναστροφή	N;DAT(DU)	ἀναστροφοιν
ἀναστροφή	N;DAT(PL)	ἀναστροφαῖς
ἀναστροφή	N;DAT(SG)	ἀναστροφῇ
ἀναστροφή	N;GEN(DU)	ἀναστροφαιν
ἀναστροφή	N;GEN(PL)	ἀναστροφῶν
ἀναστροφή	N;GEN(SG)	ἀναστροφῆς
ἀναστροφή	N;NOM(DU)	ἀναστροφαῖν
ἀναστροφή	N;NOM(PL)	ἀναστροφαι
ἀναστροφή	N;NOM(SG)	ἀναστροφή
ἀναστροφή	N;VOC(DU)	ἀναστροφέ
ἀναστροφή	N;VOC(PL)	ἀναστροφάι
ἀναστροφή	N;VOC(SG)	ἀναστροφή
ἀντιστοιχία	N;ACC(DU)	ἀντιστοιχίε
ἀντιστοιχία	N;ACC(PL)	ἀντιστοιχίας
ἀντιστοιχία	N;ACC(SG)	ἀντιστοιχίαν
ἀντιστοιχία	N;DAT(DU)	ἀντιστοιχίαι
ἀντιστοιχία	N;DAT(PL)	ἀντιστοιχίαι
ἀντιστοιχία	N;DAT(SG)	ἀντιστοιχίᾳ
ἀντιστοιχία	N;GEN(DU)	ἀντιστοιχίην
ἀντιστοιχία	N;GEN(PL)	ἀντιστοιχιῶν
ἀντιστοιχία	N;GEN(SG)	ἀντιστοιχίας
ἀντιστοιχία	N;NOM(DU)	ἀντιστοιχίαιν
ἀντιστοιχία	N;NOM(PL)	ἀντιστοιχίαι
ἀντιστοιχία	N;NOM(SG)	ἀντιστοιχία
ἀντιστοιχία	N;VOC(DU)	ἀντιστοιχίε
ἀντιστοιχία	N;VOC(PL)	ἀντιστοιχίαι
ἀντιστοιχία	N;VOC(SG)	ἀντιστοιχία
ἀξίνη	N;ACC(DU)	ἀξίνε
ἀξίνη	N;ACC(PL)	ἀξίνας
ἀξίνη	N;ACC(SG)	ἀξίνην
ἀξίνη	N;DAT(DU)	ἀξίνοιν
ἀξίνη	N;DAT(PL)	ἀξίναις
ἀξίνη	N;DAT(SG)	ἀξίνῃ
ἀξίνη	N;GEN(DU)	ἀξίνα
ἀξίνη	N;GEN(PL)	ἀξίνων
ἀξίνη	N;GEN(SG)	ἀξίνης
ἀξίνη	N;NOM(DU)	ἀξίνᾱ
ἀξίνη	N;NOM(PL)	ἀξίναι
ἀξίνη	N;NOM(SG)	ἀξίνη
ἀξίνη	N;VOC(DU)	ἀξίναιν
ἀξίνη	N;VOC(PL)	ἀξίναι
ἀξίνη	N;VOC(SG)	ἀξίνη
ἀρχισυνάγωγος	N;ACC(DU)	ἀρχισυνάγωγοι
ἀρχισυνάγωγος	N;ACC(PL)	ἀρχισυνάγωγους
ἀρχισυνάγωγος	N;ACC(SG)	ἀρχισυνάγωγον
ἀρχισυνάγωγος	N;DAT(DU)	ἀρχισυνάγωγοις
ἀρχισυνάγωγος	N;DAT(PL)	ἀρχισυνάγωγοις
ἀρχισυνάγωγος	N;DAT(SG)	ἀρχισυνάγωγῳ
ἀρχισυνάγωγος	N;GEN(DU)	ἀρχισυνάγωγοιν
ἀρχισυνάγωγος	N;GEN(PL)	ἀρχισυνάγωγων
ἀρχισυνάγωγος	N;GEN(SG)	ἀρχισυνάγωγου
ἀρχισυνάγωγος	N;NOM(DU)	ἀρχισυνάγωγοι
ἀρχισυνάγωγος	N;NOM(PL)	ἀρχισυνάγωγοι
ἀρχισυνάγωγος	N;NOM(SG)	ἀρχισυνάγωγος
ἀρχισυνάγωγος	N;VOC(DU)	ἀρχισυνάγωγοι
ἀρχισυνάγωγος	N;VOC(PL)	ἀρχισυνάγωγοι
ἀρχισυνάγωγος	N;VOC(SG)	ἀρχισυνάγωγε
ἄφωνος	ADJ;ACC(PL;FEM)	ἄφωνας
ἄφωνος	ADJ;ACC(PL;MASC)	ἄφωνους
ἄφωνος	ADJ;ACC(PL;NEUT)	ἄφωνα
ἄφωνος	ADJ;ACC(SG;FEM)	ἄφωνην
ἄφωνος	ADJ;ACC(SG;NEUT)	ἄφωνον
ἄφωνος	ADJ;DAT(DU;FEM)	ἄφωναι
ἄφωνος	ADJ;DAT(DU;MASC)	ἄφωνοι
ἄφωνος	ADJ;DAT(DU;NEUT)	ἄφωνοιν
ἄφωνος	ADJ;DAT(PL;FEM)	ἄφωναις
ἄφωνος	ADJ;DAT(PL;MASC)	ἄφωνοῖς
ἄφωνος	ADJ;DAT(PL;NEUT)	ἄφωνοῖς
ἄφωνος	ADJ;DAT(SG;FEM)	ἄφωνῃ
ἄφωνος	ADJ;DAT(SG;MASC)	ἄφωνῳ
ἄφωνος	ADJ;DAT(SG;NEUT)	ἄφωνῳ
ἄφωνος	ADJ;GEN(DU;FEM)	ἄφωνοιν
ἄφωνος	ADJ;GEN(PL;FEM)	ἀφώνων
ἄφωνος	ADJ;GEN(PL;MASC)	ἄφωνων
ἄφωνος	ADJ;GEN(PL;NEUT)	ἄφωνων
ἄφωνος	ADJ;GEN(SG;FEM)	ἄφωνης
ἄφωνος	ADJ;GEN(SG;MASC)	ἄφωνου
ἄφωνος	ADJ;NOM(DU;MASC)	ἄφωνε
ἄφωνος	ADJ;NOM(PL;FEM)	ἄφωναι
ἄφωνος	ADJ;NOM(PL;MASC)	ἄφωνοι
ἄφωνος	ADJ;NOM(PL;NEUT)	ἄφωνα
ἄφωνος	ADJ;NOM(SG;FEM)	ἄφωνη
ἄφωνος	ADJ;NOM(SG;MASC)	ἄφωνος
ἄφωνος	ADJ;VOC(DU;FEM)	ἄφωνε
ἄφωνος	ADJ;VOC(DU;MASC)	ἄφωνώ
ἄφωνος	ADJ;VOC(DU;NEUT)	ἀφώνε
ἄφωνος	ADJ;VOC(PL;MASC)	ἄφωνοι
ἄφωνος	ADJ;VOC(PL;NEUT)	ἄφωνα
ἄφωνος	ADJ;VOC(SG;MASC)	ἄφωνε
ἄφωνος	ADJ;VOC(SG;NEUT)	ἄφωνον
Ἀβδηρίτης	N;ACC(DU)	Ἀβδηρίτω
Ἀβδηρίτης	N;ACC(PL)	Ἀβδηρίτας
Ἀβδηρίτης	N;ACC(SG)	Ἀβδηρίτην
Ἀβδηρίτης	N;DAT(DU)	Ἀβδηρίτοιν
Ἀβδηρίτης	N;DAT(PL)	Ἀβδηρίταις
Ἀβδηρίτης	N;DAT(SG)	Ἀβδηρίτῃ
Ἀβδηρίτης	N;GEN(DU)	Ἀβδηρίτοιν
Ἀβδηρίτης	N;GEN(PL)	Ἀβδηριτῶν
Ἀβδηρίτης	N;GEN(SG)	Ἀβδηρίτου
Ἀβδηρίτης	N;NOM(DU)	Ἀβδηρίτε
Ἀβδηρίτης	N;NOM(PL)	Ἀβδηρίται
Ἀβδηρίτης	N;NOM(SG)	Ἀβδηρίτης
Ἀβδηρίτης	N;VOC(DU)	Ἀβδηρίτω
Ἀβδηρίτης	N;VOC(PL)	Ἀβδηρίται
Ἀβδηρίτης	N;VOC(SG)	Ἀβδηρίτη
Ἀσεάτης	N;ACC(DU)	Ἀσεάτε
Ἀσεάτης	N;ACC(PL)	Ἀσεάτας
Ἀσεάτης	N;ACC(SG)	Ἀσεάτην
Ἀσεάτης	N;DAT(DU)	Ἀσεάτοιν
Ἀσεάτης	N;DAT(PL)	Ἀσεάταις
Ἀσεάτης	N;DAT(SG)	Ἀσεάτῃ
Ἀσεάτης	N;GEN(PL)	Ἀσεατῶν
Ἀσεάτης	N;GEN(SG)	Ἀσεάτου
Ἀσεάτης	N;NOM(DU)	Ἀσεάτην
Ἀσεάτης	N;NOM(PL)	Ἀσεάται
Ἀσεάτης	N;NOM(SG)	Ἀσεάτης
Ἀσεάτης	N;VOC(DU)	Ἀσεάτοι
Ἀσεάτης	N;VOC(PL)	Ἀσεάται
Ἀσεάτης	N;VOC(SG)	Ἀσεάτα
ἐμπρακτικός	ADJ;ACC(DU;FEM)	ἐμπρακτικά
ἐμπρακτικός	ADJ;ACC(DU;MASC)	ἐμπρακτικώ
ἐμπρακτικός	ADJ;ACC(DU;NEUT)	ἐμπρακτικά
ἐμπρακτικός	ADJ;ACC(PL;FEM)	ἐμπρακτικὰς
ἐμπρακτικός	ADJ;ACC(PL;MASC)	ἐμπρακτικούς
ἐμπρακτικός	ADJ;ACC(PL;NEUT)	ἐμπρακτικά
ἐμπρακτικός	ADJ;ACC(SG;FEM)	ἐμπρακτικήν
ἐμπρακτικός	ADJ;ACC(SG;MASC)	ἐμπρακτικόν
ἐμπρακτικός	ADJ;DAT(DU;MASC)	ἐμπρακτικοῖς
ἐμπρακτικός	ADJ;DAT(DU;NEUT)	ἐμπρακτικοῖ
ἐμπρακτικός	ADJ;DAT(SG;FEM)	ἐμπρακτικῇ
ἐμπρακτικός	ADJ;DAT(SG;MASC)	ἐμπρακτικῷ
ἐμπρακτικός	ADJ;DAT(SG;NEUT)	ἐμπρακτικῷ
ἐμπρακτικός	ADJ;GEN(DU;FEM)	ἐμπρακτικῆν
ἐμπρακτικός	ADJ;GEN(DU;MASC)	ἐμπρακτικοῖν
ἐμπρακτικός	ADJ;GEN(DU;NEUT)	ἐμπρακτικοῦ
ἐμπρακτικός	ADJ;GEN(PL;FEM)	ἐμπρακτικῶν
ἐμπρακτικός	ADJ;GEN(PL;MASC)	ἐμπρακτικῶν
ἐμπρακτικός	ADJ;GEN(SG;MASC)	ἐμπρακτικοῦ
ἐμπρακτικός	ADJ;GEN(SG;NEUT)	ἐμπρακτικοῦ
ἐμπρακτικός	ADJ;NOM(DU;FEM)	ἐμπρακτικέ
ἐμπρακτικός	ADJ;NOM(DU;MASC)	ἐμπρακτικε
ἐμπρακτικός	ADJ;NOM(PL;FEM)	ἐμπρακτικαί
ἐμπρακτικός	ADJ;NOM(PL;MASC)	ἐμπρακτικοί
ἐμπρακτικός	ADJ;NOM(PL;NEUT)	ἐμπρακτικά
ἐμπρακτικός	ADJ;NOM(SG;FEM)	ἐμπρακτική
ἐμπρακτικός	ADJ;VOC(DU;FEM)	ἐμπρακτική
ἐμπρακτικός	ADJ;VOC(DU;MASC)	ἐμπρακτικῶ
ἐμπρακτικός	ADJ;VOC(DU;NEUT)	ἐμπρακτικά
ἐμπρακτικός	ADJ;VOC(PL;MASC)	ἐμπρακτικοί
ἐμπρακτικός	ADJ;VOC(PL;NEUT)	ἐμπρακτικά
ἐμπρακτικός	ADJ;VOC(SG;MASC)	ἐμπρακτικέ
ἐμπρακτικός	ADJ;VOC(SG;NEUT)	ἐμπρακτικόν
ἐξομολογητικός	ADJ;ACC(DU;MASC)	ἐξομολογητικοί
ἐξομολογητικός	ADJ;ACC(DU;NEUT)	ἐξομολογητικά
ἐξομολογητικός	ADJ;ACC(PL;MASC)	ἐξομολογητικούς
ἐξομολογητικός	ADJ;ACC(PL;NEUT)	ἐξομολογητικά
ἐξομολογητικός	ADJ;ACC(SG;FEM)	ἐξομολογητικήν
ἐξομολογητικός	ADJ;ACC(SG;MASC)	ἐξομολογητικόν
ἐξομολογητικός	ADJ;DAT(DU;MASC)	ἐξομολογητικοιν
ἐξομολογητικός	ADJ;DAT(DU;NEUT)	ἐξομολογητικοῖν
ἐξομολογητικός	ADJ;DAT(PL;FEM)	ἐξομολογητικαῖς
ἐξομολογητικός	ADJ;DAT(PL;MASC)	ἐξομολογητικοῖς
ἐξομολογητικός	ADJ;DAT(PL;NEUT)	ἐξομολογητικοῖς
ἐξομολογητικός	ADJ;DAT(SG;FEM)	ἐξομολογητῇ
ἐξομολογητικός	ADJ;DAT(SG;MASC)	ἐξομολογητῷ
ἐξομολογητικός	ADJ;DAT(SG;NEUT)	ἐξομολογητικῷ
ἐξομολογητικός	ADJ;GEN(DU;MASC)	ἐξομολογητικοῖν
ἐξομολογητικός	ADJ;GEN(DU;NEUT)	ἐξομολογητικῶ
ἐξομολογητικός	ADJ;GEN(PL;MASC)	ἐξομολογητικῶν
ἐξομολογητικός	ADJ;GEN(PL;NEUT)	ἐξομολογητικῶν
ἐξομολογητικός	ADJ;GEN(SG;FEM)	ἐξομολογητικῆς
ἐξομολογητικός	ADJ;GEN(SG;MASC)	ἐξομολογητικοῦ
ἐξομολογητικός	ADJ;NOM(DU;FEM)	ἐξομολογητικά
ἐξομολογητικός	ADJ;NOM(DU;MASC)	ἐξομολογητικῶ
ἐξομολογητικός	ADJ;NOM(DU;NEUT)	ἐξομολογητικά
ἐξομολογητικός	ADJ;NOM(PL;FEM)	ἐξομολογητικαί
ἐξομολογητικός	ADJ;NOM(PL;NEUT)	ἐξομολογητικά
ἐξομολογητικός	ADJ;NOM(SG;NEUT)	ἐξομολογητικόν
ἐξομολογητικός	ADJ;VOC(DU;FEM)	ἐξομολογητικᾱ
ἐξομολογητικός	ADJ;VOC(DU;MASC)	ἐξομολογητικοίν
ἐξομολογητικός	ADJ;VOC(PL;FEM)	ἐξομολογητικαί
ἐξομολογητικός	ADJ;VOC(PL;MASC)	ἐξομολογητικοί
ἐξομολογητικός	ADJ;VOC(SG;FEM)	ἐξομολογητική
ἐξομολογητικός	ADJ;VOC(SG;MASC)	ἐξομολογητικέ
ἐξομολογητικός	ADJ;VOC(SG;NEUT)	ἐξομολογητικόν
Ἑλληνικός	ADJ;ACC(DU;FEM)	Ἑλληνικήτα
Ἑλληνικός	ADJ;ACC(DU;NEUT)	Ἑλληνικόν
Ἑλληνικός	ADJ;ACC(PL;FEM)	Ἑλληνικάς
Ἑλληνικός	ADJ;ACC(PL;MASC)	Ἑλληνικούς
Ἑλληνικός	ADJ;ACC(SG;MASC)	Ἑλληνικόν
Ἑλληνικός	ADJ;ACC(SG;NEUT)	Ἑλληνικόν
Ἑλληνικός	ADJ;DAT(DU;FEM)	Ἑλληνικοῖν
Ἑλληνικός	ADJ;DAT(DU;MASC)	Ἑλληνικοῖν
Ἑλληνικός	ADJ;DAT(DU;NEUT)	Ἑλληνικοῖν
Ἑλληνικός	ADJ;DAT(PL;FEM)	Ἑλληνικαῖς
Ἑλληνικός	ADJ;DAT(SG;NEUT)	Ἑλληνικῷ
Ἑλληνικός	ADJ;GEN(DU;FEM)	Ἑλληνικῶν
Ἑλληνικός	ADJ;GEN(DU;MASC)	Ἑλληνικοῖν
Ἑλληνικός	ADJ;GEN(DU;NEUT)	Ἑλληνικοῖν
Ἑλληνικός	ADJ;GEN(PL;FEM)	Ἑλληνικῶν
Ἑλληνικός	ADJ;GEN(PL;MASC)	Ἑλληνικῶν
Ἑλληνικός	ADJ;GEN(PL;NEUT)	Ἑλληνικῶν
Ἑλληνικός	ADJ;GEN(SG;MASC)	Ἑλληνικοῦ
Ἑλληνικός	ADJ;GEN(SG;NEUT)	Ἑλληνικοῦ
Ἑλληνικός	ADJ;NOM(DU;FEM)	Ἑλληνικώ
Ἑλληνικός	ADJ;NOM(DU;MASC)	Ἑλληνικέ
Ἑλληνικός	ADJ;NOM(DU;NEUT)	Ἑλληνικά
Ἑλληνικός	ADJ;NOM(PL;FEM)	Ἑλληνικαί
Ἑλληνικός	ADJ;NOM(PL;MASC)	Ἑλληνικοί
Ἑλληνικός	ADJ;NOM(PL;NEUT)	Ἑλληνικά
Ἑλληνικός	ADJ;NOM(SG;FEM)	Ἑλληνική
Ἑλληνικός	ADJ;NOM(SG;MASC)	Ἑλληνικός
Ἑλληνικός	ADJ;NOM(SG;NEUT)	Ἑλληνικόν
Ἑλληνικός	ADJ;VOC(DU;FEM)	Ἑλληνικῆ.
Ἑλληνικός	ADJ;VOC(DU;MASC)	Ἑλληνικώ
Ἑλληνικός	ADJ;VOC(DU;NEUT)	Ἑλληνικά
Ἑλληνικός	ADJ;VOC(PL;NEUT)	Ἑλληνικά
Ἑλληνικός	ADJ;VOC(SG;FEM)	Ἑλληνική
Ἔλυμος	N;ACC(DU)	ἔλυμοι
Ἔλυμος	N;ACC(PL)	ἔλυμους
Ἔλυμος	N;ACC(SG)	ἔλυμον
Ἔλυμος	N;DAT(DU)	ἔλυμοῖν
Ἔλυμος	N;DAT(PL)	ἔλυμοις
Ἔλυμος	N;DAT(SG)	Ἔλυμῳ
Ἔλυμος	N;GEN(DU)	Ἔλυμων
Ἔλυμος	N;GEN(PL)	ἔλυμων
Ἔλυμος	N;GEN(SG)	ἔλυμου
Ἔλυμος	N;NOM(DU)	ἔλυμοι
Ἔλυμος	N;NOM(PL)	ἔλυμοι
Ἔλυμος	N;NOM(SG)	ἔλυμος
Ἔλυμος	N;VOC(DU)	ἔλυμοι
Ἔλυμος	N;VOC(PL)	ἔλυμοι
Ἔλυμος	N;VOC(SG)	ἔλυμε
ἡστικός	ADJ;ACC(DU;MASC)	ἡστικε
ἡστικός	ADJ;ACC(PL;FEM)	ἡστικάς
ἡστικός	ADJ;ACC(PL;NEUT)	ἡστικά
ἡστικός	ADJ;ACC(SG;FEM)	ἡστικήν
ἡστικός	ADJ;ACC(SG;MASC)	ἡστικόν
ἡστικός	ADJ;ACC(SG;NEUT)	ἡστικόν
ἡστικός	ADJ;DAT(DU;FEM)	ἡστικῇ
ἡστικός	ADJ;DAT(DU;MASC)	ἡστικοί
ἡστικός	ADJ;DAT(DU;NEUT)	ἡστικοί
ἡστικός	ADJ;DAT(PL;FEM)	ἡστικαῖς
ἡστικός	ADJ;DAT(PL;MASC)	ἡστικοῖς
ἡστικός	ADJ;DAT(PL;NEUT)	ἡστικοῖς
ἡστικός	ADJ;DAT(SG;FEM)	ἡστικῇ
ἡστικός	ADJ;DAT(SG;NEUT)	ἡστικῷ
ἡστικός	ADJ;GEN(DU;MASC)	ἡστικοιν
ἡστικός	ADJ;GEN(DU;NEUT)	ἡστικῶν
ἡστικός	ADJ;GEN(PL;FEM)	ἡστικῶν
ἡστικός	ADJ;GEN(PL;NEUT)	ἡστικῶν
ἡστικός	ADJ;GEN(SG;MASC)	ἡστικοῦ
ἡστικός	ADJ;NOM(DU;FEM)	ἡστικε
ἡστικός	ADJ;NOM(DU;MASC)	ἡστικοί
ἡστικός	ADJ;NOM(DU;NEUT)	ἡστικά
ἡστικός	ADJ;NOM(PL;FEM)	ἡστικαί
ἡστικός	ADJ;NOM(PL;MASC)	ἡστικοί
ἡστικός	ADJ;NOM(PL;NEUT)	ἡστικά
ἡστικός	ADJ;NOM(SG;FEM)	ἡστική
ἡστικός	ADJ;NOM(SG;NEUT)	ἡστικόν
ἡστικός	ADJ;VOC(DU;MASC)	ἡστικε
ἡστικός	ADJ;VOC(DU;NEUT)	ἡστικά
ἡστικός	ADJ;VOC(PL;MASC)	ἡστικοί
ἡστικός	ADJ;VOC(PL;NEUT)	ἡστικά
ἡστικός	ADJ;VOC(SG;MASC)	ἡστικέ
ἡστικός	ADJ;VOC(SG;NEUT)	ἡστικόν
Ἠπειρώτης	N;ACC(DU)	Ἠπειρωτοί
Ἠπειρώτης	N;ACC(PL)	ἠπειρωτάς
Ἠπειρώτης	N;ACC(SG)	Ἠπειρώτην
Ἠπειρώτης	N;DAT(DU)	Ἠπειρωτῷ
Ἠπειρώτης	N;DAT(PL)	ἠπειρωταῖς
Ἠπειρώτης	N;DAT(SG)	Ἠπειρωτῇ
Ἠπειρώτης	N;GEN(DU)	Ἠπειρωτοιν
Ἠπειρώτης	N;GEN(PL)	Ἠπειρωτῶν
Ἠπειρώτης	N;GEN(SG)	Ἠπειρώτου
Ἠπειρώτης	N;NOM(DU)	Ἠπειρωτήε
Ἠπειρώτης	N;NOM(PL)	Ἠπειρώται
Ἠπειρώτης	N;NOM(SG)	Ἠπειρώτης
Ἠπειρώτης	N;VOC(DU)	Ἠπειρωτέ
Ἠπειρώτης	N;VOC(PL)	Ἠπειρώται
Ἠπειρώτης	N;VOC(SG)	Ἠπειρώτα
ὀνοματοποιία	N;ACC(DU)	ὀνοματοποιίαι
ὀνοματοποιία	N;ACC(PL)	ὀνοματοποιίας
ὀνοματοποιία	N;ACC(SG)	ὀνοματοποιίαν
ὀνοματοποιία	N;DAT(DU)	ὀνοματοποιίοιν
ὀνοματοποιία	N;DAT(PL)	ὀνοματοποιίαις
ὀνοματοποιία	N;DAT(SG)	ὀνοματοποιίᾳ
ὀνοματοποιία	N;GEN(DU)	ὀνοματοποιιαἰν
ὀνοματοποιία	N;GEN(PL)	ὀνοματοποιιῶν
ὀνοματοποιία	N;GEN(SG)	ὀνοματοποιίας
ὀνοματοποιία	N;NOM(DU)	ὀνοματοποιία
ὀνοματοποιία	N;NOM(PL)	ὀνοματοποιίαι
ὀνοματοποιία	N;NOM(SG)	ὀνοματοποιία
ὀνοματοποιία	N;VOC(DU)	ὀνοματοποιία
ὀνοματοποιία	N;VOC(PL)	ὀνοματοποιίαι
ὀνοματοποιία	N;VOC(SG)	ὀνοματοποιία
ὀστοῦν	N;ACC(DU)	ὀστοῦ
ὀστοῦν	N;ACC(PL)	ὀστά
ὀστοῦν	N;ACC(SG)	ὀστοῦν
ὀστοῦν	N;DAT(DU)	ὀστοῖν
ὀστοῦν	N;DAT(PL)	ὀστοῦσιν
ὀστοῦν	N;DAT(SG)	ὀστοῦι
ὀστοῦν	N;GEN(DU)	ὀστοῦν
ὀστοῦν	N;GEN(PL)	ὀστούνων
ὀστοῦν	N;GEN(SG)	ὀστοῦ
ὀστοῦν	N;NOM(DU)	ὀστοῦε
ὀστοῦν	N;NOM(PL)	ὀστά
ὀστοῦν	N;NOM(SG)	ὀστοῦν
ὀστοῦν	N;VOC(DU)	ὀστο
ὀστοῦν	N;VOC(PL)	ὀστᾶ
ὀστοῦν	N;VOC(SG)	ὀστοῦν
ὁμόγραφος	ADJ;ACC(DU;FEM)	ὁμόγραφε
ὁμόγραφος	ADJ;ACC(DU;NEUT)	ὁμόγραφα
ὁμόγραφος	ADJ;ACC(PL;MASC)	ὁμόγραφους
ὁμόγραφος	ADJ;ACC(PL;NEUT)	ὁμόγραφα
ὁμόγραφος	ADJ;ACC(SG;MASC)	ὁμόγραφον
ὁμόγραφος	ADJ;ACC(SG;NEUT)	ὁμόγραφον
ὁμόγραφος	ADJ;DAT(DU;FEM)	ὁμόγραφοιν
ὁμόγραφος	ADJ;DAT(DU;MASC)	ὁμόγραφοῖν
ὁμόγραφος	ADJ;DAT(DU;NEUT)	ὁμογραφοιν
ὁμόγραφος	ADJ;DAT(PL;FEM)	ὁμογραφαῖς
ὁμόγραφος	ADJ;DAT(PL;MASC)	ὁμογραφοῖς
ὁμόγραφος	ADJ;DAT(PL;NEUT)	ὁμόγραφοις
ὁμόγραφος	ADJ;DAT(SG;FEM)	ὁμόγραφῇ
ὁμόγραφος	ADJ;DAT(SG;MASC)	ὁμόγραφῳ
ὁμόγραφος	ADJ;GEN(DU;MASC)	ὁμογραφό
ὁμόγραφος	ADJ;GEN(DU;NEUT)	ὁμογραφῶν
ὁμόγραφος	ADJ;GEN(PL;FEM)	ὁμογραφῶν
ὁμόγραφος	ADJ;GEN(PL;NEUT)	ὁμογραφῶν
ὁμόγραφος	ADJ;GEN(SG;FEM)	ὁμόγραφῆς
ὁμόγραφος	ADJ;GEN(SG;NEUT)	ὁμογράϕου
ὁμόγραφος	ADJ;NOM(DU;FEM)	ὁμογράφοι
ὁμόγραφος	ADJ;NOM(DU;MASC)	ὁμόγραφε
ὁμόγραφος	ADJ;NOM(DU;NEUT)	ὁμόγραφον
ὁμόγραφος	ADJ;NOM(PL;MASC)	ὁμόγραφοι
ὁμόγραφος	ADJ;NOM(SG;NEUT)	ὁμόγραφον
ὁμόγραφος	ADJ;VOC(DU;FEM)	ὁμόγραφα
ὁμόγραφος	ADJ;VOC(DU;MASC)	ὁμογραφοί
ὁμόγραφος	ADJ;VOC(DU;NEUT)	ὁμόγραμμα
ὁμόγραφος	ADJ;VOC(PL;FEM)	ὁμόγραφαι
ὁμόγραφος	ADJ;VOC(PL;MASC)	ὁμόγραφοι
ὁμόγραφος	ADJ;VOC(PL;NEUT)	ὁμόγραφα
ὁμόγραφος	ADJ;VOC(SG;FEM)	ὁμόγραφη
ὁμόγραφος	ADJ;VOC(SG;MASC)	ὁμόγραφε
ὅμιλος	N;ACC(DU)	ὁμίλε
ὅμιλος	N;ACC(PL)	ὅμιλους
ὅμιλος	N;ACC(SG)	ὅμιλον
ὅμιλος	N;DAT(DU)	ὁμιλοῖν
ὅμιλος	N;DAT(PL)	ὅμιλοῖς
ὅμιλος	N;DAT(SG)	ὁμίλῳ
ὅμιλος	N;GEN(DU)	ὁμιλοιν
ὅμιλος	N;GEN(PL)	ὁμιλιῶν
ὅμιλος	N;GEN(SG)	ὁμιλοῦ
ὅμιλος	N;NOM(DU)	ὁμιλοί
ὅμιλος	N;NOM(PL)	ὅμιλοι
ὅμιλος	N;NOM(SG)	ὅμιλος
ὅμιλος	N;VOC(DU)	ὁμίλοι
ὅμιλος	N;VOC(PL)	ὅμιλοι
ὅμιλος	N;VOC(SG)	ὁμιλε
ῥάδιξ	N;ACC(DU)	ῥάδικε
ῥάδιξ	N;ACC(PL)	ῥάδικας
ῥάδιξ	N;ACC(SG)	ῥάδιν
ῥάδιξ	N;DAT(DU)	ῥάδικοιν
ῥάδιξ	N;DAT(PL)	ῥάδισιν
ῥάδιξ	N;DAT(SG)	ῥάδι
ῥάδιξ	N;GEN(DU)	ῥάδοιν
ῥάδιξ	N;GEN(PL)	ῥαδιδῶν
ῥάδιξ	N;GEN(SG)	ῥάδικος
ῥάδιξ	N;NOM(DU)	ῥάδε
ῥάδιξ	N;NOM(PL)	ῥάδικοί
ῥάδιξ	N;NOM(SG)	ῥάδιξ
ῥάδιξ	N;VOC(DU)	ῥάδιδε
ῥάδιξ	N;VOC(PL)	ῥάδικοι
ῥάδιξ	N;VOC(SG)	ῥάδιξ
ῥητίνη	N;ACC(DU)	ῥητίναιν
ῥητίνη	N;ACC(PL)	ῥητίνας
ῥητίνη	N;ACC(SG)	ῥητίνην
ῥητίνη	N;DAT(DU)	ῥητίναιν
ῥητίνη	N;DAT(PL)	ῥητίναις
ῥητίνη	N;DAT(SG)	ῥητίνῃ
ῥητίνη	N;GEN(DU)	ῥητίνοιν
ῥητίνη	N;GEN(PL)	ῥητινῶν
ῥητίνη	N;GEN(SG)	ῥητίνης
ῥητίνη	N;NOM(DU)	ῥητίνᾳ
ῥητίνη	N;NOM(PL)	ῥητίναι
ῥητίνη	N;NOM(SG)	ῥητίνη
ῥητίνη	N;VOC(DU)	ῥητίνε
ῥητίνη	N;VOC(PL)	ῥητίναι
ῥητίνη	N;VOC(SG)	ῥητίνη
test acc Ancient Greek 0.257
