blaŋt	V;IMP;NEG;TR;ABS(2,SG);ERG(3,SG)	mablaŋt‑i‑si
blaŋt	V;PRS;NEG;REFL;ABS(1,SG)	mablaŋtreŋ
blaŋt	V;PRS;NEG;REFL;ABS(2,SG)	blaŋt‑ŋi‑na
blaŋt	V;PRS;NEG;TR;ABS(1,EXCL,DU);ERG(3,SG)	maablaŋtmi
blaŋt	V;PRS;NEG;TR;ABS(1,INCL,DU);ERG(3,DU)	maiblaŋtŋi
blaŋt	V;PRS;NEG;TR;ABS(3,DU);ERG(1,INCL,DU)	makeblaŋtisu
blaŋt	V;PRS;NEG;TR;ABS(3,PL);ERG(1,EXCL,DU)	mablaŋtign
blaŋt	V;PRS;NEG;TR;ABS(3,PL);ERG(3,DU)	ma-blaŋt-ŋi
blaŋt	V;PRS;NEG;TR;ABS(3,SG);ERG(1,SG)	maŋablaŋt
blaŋt	V;PRS;POS;TR;ABS(1,EXCL,DU);ERG(3,DU)	blaŋtsimi
blaŋt	V;PRS;POS;TR;ABS(1,SG);ERG(2,SG,FORM)	ke-blaŋt
blaŋt	V;PRS;POS;TR;ABS(3,DU);ERG(1,SG)	blaŋtŋa
blaŋt	V;PRS;POS;TR;ABS(3,PL);ERG(3,SG)	blaŋtia
blaŋt	V;PRS;POS;TR;ABS(3,SG);ERG(3,SG)	blaŋti
blaŋt	V;PST;NEG;TR;ABS(1,EXCL,PL);ERG(2,DU)	ma-blaŋt-ŋu-jam
blaŋt	V;PST;NEG;TR;ABS(2,DU);ERG(3,SG)	mablaŋtik
blaŋt	V;PST;POS;TR;ABS(1,EXCL,DU);ERG(2,SG,FORM)	ma‑blaŋt‑i‑ŋ
blaŋt	V;PST;POS;TR;ABS(2,PL);ERG(1,EXCL,DU)	blaŋtŋaki
blaŋt	V;PST;POS;TR;ABS(3,DU);ERG(3,DU)	blaŋt
blaŋt	V;PST;POS;TR;ABS(3,SG);ERG(2,DU)	blaŋtŋɨi
bɛnt	V;IMP;NEG;TR;ABS(2,DU);ERG(3,PL)	ma‑bɛntŋŋ
bɛnt	V;IMP;NEG;TR;ABS(2,PL);ERG(1,EXCL,DU)	mabɛntnate
bɛnt	V;IMP;POS;TR;ABS(2,DU);ERG(3,DU)	bɛntŋaria
bɛnt	V;IMP;POS;TR;ABS(2,PL);ERG(1,EXCL,PL)	ŋabɛnti
bɛnt	V;PRS;NEG;TR;ABS(1,EXCL,DU);ERG(3,DU)	maŋabɛntik
bɛnt	V;PRS;NEG;TR;ABS(1,EXCL,PL);ERG(2,DU)	mabɛntina
bɛnt	V;PRS;NEG;TR;ABS(1,INCL,PL);ERG(3,PL)	masibɛntim
bɛnt	V;PRS;NEG;TR;ABS(2,SG);ERG(1,EXCL,PL)	i‑ma‑bɛnt‑k
bɛnt	V;PRS;NEG;TR;ABS(2,SG);ERG(3,SG)	mabɛntai
bɛnt	V;PRS;NEG;TR;ABS(3,SG);ERG(1,INCL,DU)	ŋabɛntima
bɛnt	V;PRS;POS;TR;ABS(3,SG);ERG(1,SG)	ŋabɛnti
bɛnt	V;PRS;POS;TR;ABS(3,SG);ERG(2,SG,FORM)	bɛntta
bɛnt	V;PST;NEG;TR;ABS(3,DU);ERG(2,DU)	bɛntɬsu
bɛnt	V;PST;NEG;TR;ABS(3,SG);ERG(1,INCL,DU)	ma‑bɛnta‑du‑s
bɛnt	V;PST;NEG;TR;ABS(3,SG);ERG(2,SG,FORM)	mabɛntaŋ
bɛnt	V;PST;POS;TR;ABS(1,EXCL,DU);ERG(2,PL)	bɛntə
bɛnt	V;PST;POS;TR;ABS(1,INCL,DU);ERG(3,SG)	bɛntitŋa
bɛnt	V;PST;POS;TR;ABS(1,INCL,PL);ERG(3,DU)	nbɛntsi
bɛnt	V;PST;POS;TR;ABS(2,PL);ERG(1,EXCL,PL)	bɛntŋi
bɛnt	V;PST;POS;TR;ABS(3,SG);ERG(1,INCL,PL)	bɛntmi
bʰlept	V;IMP;NEG;TR;ABS(2,SG);ERG(1,EXCL,PL)	maŋabʰlepti
bʰlept	V;IMP;NEG;TR;ABS(2,SG);ERG(3,DU)	maŋobʰleptasi
bʰlept	V;PRS;NEG;TR;ABS(2,PL);ERG(3,PL)	ma‑bʰlept‑ti‑mi
bʰlept	V;PRS;NEG;TR;ABS(3,DU);ERG(1,EXCL,PL)	ma‑bʰlept‑i‑ŋ‑ū
bʰlept	V;PRS;NEG;TR;ABS(3,PL);ERG(3,PL)	maabʰlepta
bʰlept	V;PRS;NEG;TR;ABS(3,SG);ERG(2,DU)	ŋemabʰlepti
bʰlept	V;PRS;POS;TR;ABS(1,EXCL,DU);ERG(2,SG,FORM)	ŋa-bʰlept-na
bʰlept	V;PRS;POS;TR;ABS(1,EXCL,DU);ERG(3,DU)	naibʰleptni
bʰlept	V;PRS;POS;TR;ABS(2,DU);ERG(3,PL)	sibʰleptna
bʰlept	V;PRS;POS;TR;ABS(3,DU);ERG(1,EXCL,DU)	bʰleptuŋ
bʰlept	V;PRS;POS;TR;ABS(3,PL);ERG(1,INCL,DU)	ŋibʰleptan
bʰlept	V;PST;NEG;TR;ABS(1,EXCL,DU);ERG(3,SG)	ma‑bʰlept‑du‑g
bʰlept	V;PST;NEG;TR;ABS(2,PL);ERG(3,PL)	bʰleptəŋɲ
bʰlept	V;PST;NEG;TR;ABS(3,DU);ERG(1,EXCL,PL)	ŋabʰleptnaŋ
bʰlept	V;PST;NEG;TR;ABS(3,PL);ERG(1,INCL,PL)	maŋabʰleptia
bʰlept	V;PST;POS;TR;ABS(1,EXCL,PL);ERG(2,DU)	mibʰleptaŋi
bʰlept	V;PST;POS;TR;ABS(1,EXCL,PL);ERG(3,PL)	abʰleptmen
bʰlept	V;PST;POS;TR;ABS(1,SG);ERG(3,SG)	bʰleptŋ
bʰlept	V;PST;POS;TR;ABS(2,PL);ERG(3,SG)	bʰleptōŋu
bʰlept	V;PST;POS;TR;ABS(2,SG);ERG(3,PL)	kaibʰleptni
deŋt	V;IMP;POS;TR;ABS(2,DU);ERG(1,EXCL,DU)	ma‑deŋt‑iti
deŋt	V;PRS;NEG;TR;ABS(1,EXCL,DU);ERG(2,SG,FORM)	na‑ma‑deŋt‑ɲi
deŋt	V;PRS;NEG;TR;ABS(2,PL);ERG(1,EXCL,DU)	madeŋtkiŋa
deŋt	V;PRS;NEG;TR;ABS(3,SG);ERG(1,SG)	ŋadeŋtina
deŋt	V;PRS;POS;TR;ABS(1,EXCL,DU);ERG(3,SG)	ŋadeŋti
deŋt	V;PRS;POS;TR;ABS(1,EXCL,PL);ERG(2,PL)	deŋtsiŋ
deŋt	V;PRS;POS;TR;ABS(1,EXCL,PL);ERG(3,SG)	answer: adeŋtki.adeŋtki
deŋt	V;PRS;POS;TR;ABS(1,SG);ERG(2,SG,FORM)	deŋttŋa
deŋt	V;PRS;POS;TR;ABS(2,SG);ERG(1,SG)	ŋadeŋti
deŋt	V;PRS;POS;TR;ABS(3,PL);ERG(2,DU)	deŋtŋu
deŋt	V;PRS;POS;TR;ABS(3,SG);ERG(1,INCL,DU)	ŋadeŋti
deŋt	V;PRS;POS;TR;ABS(3,SG);ERG(3,PL)	deŋtinga
deŋt	V;PST;NEG;TR;ABS(3,DU);ERG(1,EXCL,PL)	madeŋtpaŋadu
deŋt	V;PST;NEG;TR;ABS(3,PL);ERG(1,INCL,DU)	maŋadeŋtini
deŋt	V;PST;NEG;TR;ABS(3,SG);ERG(3,DU)	deŋtna
deŋt	V;PST;POS;TR;ABS(1,EXCL,DU);ERG(3,PL)	ŋadeŋtiŋ
deŋt	V;PST;POS;TR;ABS(3,DU);ERG(2,PL)	nideŋtal
deŋt	V;PST;POS;TR;ABS(3,PL);ERG(1,EXCL,DU)	deŋtapaŋ
deŋt	V;PST;POS;TR;ABS(3,PL);ERG(3,PL)	deŋtŋ
deŋt	V;PST;POS;TR;ABS(3,SG);ERG(1,EXCL,PL)	deŋtmaŋi
duŋt	V;IMP;POS;TR;ABS(2,DU);ERG(1,SG)	ŋaduŋtke
duŋt	V;PRS;NEG;TR;ABS(3,DU);ERG(1,EXCL,PL)	ŋaduŋtnam
duŋt	V;PRS;NEG;TR;ABS(3,PL);ERG(2,PL)	miduŋtnaŋ
duŋt	V;PRS;NEG;TR;ABS(3,PL);ERG(3,DU)	ma‑duŋt‑i‑ŋ‑ra
duŋt	V;PRS;NEG;TR;ABS(3,SG);ERG(2,SG,FORM)	madǔŋtɲi
duŋt	V;PRS;POS;TR;ABS(1,EXCL,DU);ERG(3,PL)	baduŋtŋ
duŋt	V;PRS;POS;TR;ABS(1,EXCL,PL);ERG(2,DU)	miduŋtŋi
duŋt	V;PRS;POS;TR;ABS(1,INCL,DU);ERG(3,DU)	kaduŋtim
duŋt	V;PRS;POS;TR;ABS(2,DU);ERG(1,SG)	duŋt‑ŋi
duŋt	V;PRS;POS;TR;ABS(3,DU);ERG(1,SG)	duŋtŋi
duŋt	V;PST;NEG;TR;ABS(1,EXCL,DU);ERG(3,PL)	duŋtrimaiŋa
duŋt	V;PST;NEG;TR;ABS(1,SG);ERG(2,DU)	madungtna
duŋt	V;PST;NEG;TR;ABS(1,SG);ERG(3,PL)	ba-duŋt-na-ŋ
duŋt	V;PST;NEG;TR;ABS(2,PL);ERG(3,SG)	ma‑duŋt‑a‑ɲe‑ŋə
duŋt	V;PST;NEG;TR;ABS(2,SG);ERG(3,SG)	duŋtansi
duŋt	V;PST;NEG;TR;ABS(3,DU);ERG(3,PL)	duŋtnaŋi
duŋt	V;PST;NEG;TR;ABS(3,DU);ERG(3,SG)	madungtɲrɨ
duŋt	V;PST;POS;TR;ABS(1,SG);ERG(2,DU)	duŋtpangi
duŋt	V;PST;POS;TR;ABS(2,PL);ERG(3,SG)	ka‑duŋt‑na
duŋt	V;PST;POS;TR;ABS(3,SG);ERG(1,SG)	duŋtpa
gup	V;IMP;NEG;REFL;ABS(2,DU)	nagupidu
gup	V;IMP;NEG;TR;ABS(2,DU);ERG(1,EXCL,DU)	magupniki
gup	V;IMP;POS;TR;ABS(2,DU);ERG(3,SG)	gupka
gup	V;PRS;NEG;REFL;ABS(2,PL)	nagupsi
gup	V;PRS;NEG;REFL;ABS(3,DU)	magupnani
gup	V;PRS;NEG;TR;ABS(1,EXCL,DU);ERG(2,SG,FORM)	magupkeng'i
gup	V;PRS;NEG;TR;ABS(3,PL);ERG(2,DU)	ma‑gup‑du‑ŋa
gup	V;PRS;NEG;TR;ABS(3,PL);ERG(3,PL)	maŋgupŋ
gup	V;PRS;POS;TR;ABS(2,PL);ERG(1,EXCL,PL)	gupŋana
gup	V;PRS;POS;TR;ABS(3,DU);ERG(1,EXCL,DU)	ŋaŋgupi
gup	V;PST;NEG;REFL;ABS(2,SG)	na‑gup‑i‑ŋ
gup	V;PST;NEG;TR;ABS(1,EXCL,PL);ERG(3,DU)	mabagupnga
gup	V;PST;NEG;TR;ABS(2,PL);ERG(1,EXCL,PL)	magupnami
gup	V;PST;NEG;TR;ABS(2,SG);ERG(1,EXCL,PL)	gup-ŋa-ɲ
gup	V;PST;NEG;TR;ABS(3,DU);ERG(1,INCL,PL)	ma‑gup‑na‑du‑pl‑inc
gup	V;PST;POS;REFL;ABS(1,SG)	gupnaŋ
gup	V;PST;POS;TR;ABS(1,SG);ERG(3,DU)	gupanga
gup	V;PST;POS;TR;ABS(3,DU);ERG(3,DU)	guptang
gup	V;PST;POS;TR;ABS(3,SG);ERG(2,DU)	nigupd
gup	V;PST;POS;TR;ABS(3,SG);ERG(3,SG)	gupik
gʰlaŋ	V;IMP;NEG;INTR;ABS(2,PL)	magʰlaŋmi
gʰlaŋ	V;IMP;POS;INTR;ABS(2,DU)	gʰlaŋna
gʰlaŋ	V;IMP;POS;INTR;ABS(2,SG)	gʰlaŋ
gʰlaŋ	V;NFIN;POS;INTR	gʰlaŋa
gʰlaŋ	V;PRS;NEG;INTR;ABS(3,DU)	gʰlaŋjɲma
gʰlaŋ	V;PRS;NEG;INTR;ABS(3,PL)	ma-gʰlaŋna
gʰlaŋ	V;PRS;NEG;INTR;ABS(3,SG)	ma‑gʰlaŋ
gʰlaŋ	V;PRS;POS;INTR;ABS(1,EXCL,PL)	gʰlaŋma
gʰlaŋ	V;PRS;POS;INTR;ABS(1,SG)	gʰlaŋŋ
gʰlaŋ	V;PRS;POS;INTR;ABS(2,DU)	gʰlaŋŋa
gʰlaŋ	V;PRS;POS;INTR;ABS(2,SG)	gʰlaŋki
gʰlaŋ	V;PRS;POS;INTR;ABS(3,PL)	gʰlaŋa
gʰlaŋ	V;PST;NEG;INTR;ABS(1,EXCL,PL)	kemagʰlaŋa
gʰlaŋ	V;PST;NEG;INTR;ABS(1,INCL,PL)	ma‑gʰlaŋmiŋen
gʰlaŋ	V;PST;NEG;INTR;ABS(1,SG)	magʰlaŋa
gʰlaŋ	V;PST;NEG;INTR;ABS(2,PL)	ma‑gʰlaŋ‑ŋa
gʰlaŋ	V;PST;POS;INTR;ABS(1,EXCL,DU)	gʰlaŋtir
gʰlaŋ	V;PST;POS;INTR;ABS(1,INCL,PL)	gʰlaŋima
gʰlaŋ	V;PST;POS;INTR;ABS(2,DU)	gʰlaŋninai
gʰlaŋ	V;PST;POS;INTR;ABS(3,DU)	gʰlaŋpɨŋ
gʰum	V;IMP;POS;TR;ABS(2,DU);ERG(1,EXCL,DU)	gʰumŋi‑kʰa
gʰum	V;PRS;NEG;TR;ABS(1,EXCL,DU);ERG(3,DU)	magʰumkāi
gʰum	V;PRS;NEG;TR;ABS(1,INCL,PL);ERG(3,PL)	magʰumŋina
gʰum	V;PRS;NEG;TR;ABS(2,DU);ERG(1,SG)	ma‑gʰum‑ŋa‑re
gʰum	V;PRS;NEG;TR;ABS(2,SG);ERG(1,EXCL,PL)	ma‑gʰum‑ŋa
gʰum	V;PRS;NEG;TR;ABS(3,DU);ERG(3,PL)	matgʰuma
gʰum	V;PRS;NEG;TR;ABS(3,PL);ERG(2,DU)	ma‑gʰum‑mi‑ŋ
gʰum	V;PRS;POS;TR;ABS(1,EXCL,PL);ERG(2,SG,FORM)	gʰumkŋ
gʰum	V;PRS;POS;TR;ABS(1,EXCL,PL);ERG(3,SG)	gʰumeami
gʰum	V;PRS;POS;TR;ABS(2,DU);ERG(3,DU)	ŋi‑gʰum‑ɲa
gʰum	V;PRS;POS;TR;ABS(3,PL);ERG(1,INCL,PL)	ŋa‑gʰum‑a
gʰum	V;PRS;POS;TR;ABS(3,SG);ERG(1,INCL,PL)	gʰumnʊ
gʰum	V;PRS;POS;TR;ABS(3,SG);ERG(2,PL)	ŋagʰum
gʰum	V;PST;NEG;TR;ABS(1,INCL,DU);ERG(3,SG)	maigʰumska
gʰum	V;PST;NEG;TR;ABS(2,PL);ERG(1,EXCL,DU)	ŋagʰumnani
gʰum	V;PST;NEG;TR;ABS(3,SG);ERG(2,PL)	kigʰumŋma
gʰum	V;PST;POS;TR;ABS(1,SG);ERG(2,DU)	kugʰumŋi
gʰum	V;PST;POS;TR;ABS(3,PL);ERG(1,EXCL,PL)	ŋamgʰumai
gʰum	V;PST;POS;TR;ABS(3,SG);ERG(1,INCL,PL)	gʰumŋa
gʰum	V;PST;POS;TR;ABS(3,SG);ERG(2,SG,FORM)	gʰumkā
jokt	V;IMP;NEG;TR;ABS(2,PL);ERG(3,PL)	maɲijokttɕi
jokt	V;IMP;NEG;TR;ABS(2,SG);ERG(1,EXCL,DU)	majokduina
jokt	V;IMP;POS;TR;ABS(2,SG);ERG(1,EXCL,PL)	ŋajokti
jokt	V;NFIN;POS;TR	jokt
jokt	V;PRS;NEG;TR;ABS(1,EXCL,DU);ERG(2,DU)	majoktŋaŋi
jokt	V;PRS;NEG;TR;ABS(1,INCL,DU);ERG(3,PL)	mi-mojokta
jokt	V;PRS;NEG;TR;ABS(1,INCL,DU);ERG(3,SG)	majoktŋami
jokt	V;PRS;NEG;TR;ABS(1,SG);ERG(3,DU)	majokt iŋni
jokt	V;PRS;NEG;TR;ABS(2,SG);ERG(3,DU)	maŋujokti
jokt	V;PRS;NEG;TR;ABS(3,DU);ERG(3,PL)	majoktïŋ
jokt	V;PRS;NEG;TR;ABS(3,PL);ERG(2,SG,FORM)	mijoktmili
jokt	V;PRS;POS;TR;ABS(2,PL);ERG(1,EXCL,PL)	ŋamjoktŋi
jokt	V;PRS;POS;TR;ABS(2,SG);ERG(3,DU)	joktin
jokt	V;PRS;POS;TR;ABS(3,DU);ERG(2,SG,FORM)	joktkáŋ
jokt	V;PRS;POS;TR;ABS(3,PL);ERG(1,EXCL,DU)	ŋajokt‑i
jokt	V;PRS;POS;TR;ABS(3,SG);ERG(1,INCL,DU)	ŋajokti
jokt	V;PST;NEG;TR;ABS(1,EXCL,PL);ERG(2,DU)	joktmiriga
jokt	V;PST;NEG;TR;ABS(3,SG);ERG(1,EXCL,PL)	ŋajoktnka
jokt	V;PST;POS;TR;ABS(1,EXCL,PL);ERG(3,SG)	joktasiŋ
jokt	V;PST;POS;TR;ABS(2,PL);ERG(3,SG)	joktelŋmi
kik	V;PRS;NEG;REFL;ABS(3,PL)	kik‑a‑na‑mi
kik	V;PRS;NEG;TR;ABS(1,EXCL,PL);ERG(3,DU)	makiknaningi
kik	V;PRS;NEG;TR;ABS(2,PL);ERG(1,EXCL,DU)	maŋakikŋna
kik	V;PRS;NEG;TR;ABS(2,SG);ERG(3,SG)	ma‑kik‑an
kik	V;PRS;NEG;TR;ABS(3,SG);ERG(2,PL)	ma‑kik‑ga
kik	V;PRS;NEG;TR;ABS(3,SG);ERG(3,PL)	makiksi
kik	V;PRS;POS;TR;ABS(1,EXCL,DU);ERG(3,DU)	pəkikne
kik	V;PRS;POS;TR;ABS(1,EXCL,PL);ERG(2,PL)	si‑kik‑ŋ
kik	V;PRS;POS;TR;ABS(3,PL);ERG(2,DU)	kiknaŋi
kik	V;PST;NEG;REFL;ABS(2,PL)	makiksini
kik	V;PST;NEG;TR;ABS(1,SG);ERG(2,DU)	kiknadŋmi
kik	V;PST;NEG;TR;ABS(1,SG);ERG(3,DU)	marekikpaŋ
kik	V;PST;NEG;TR;ABS(2,SG);ERG(1,EXCL,PL)	maŋakiksit
kik	V;PST;POS;TR;ABS(1,EXCL,DU);ERG(2,PL)	rakikja
kik	V;PST;POS;TR;ABS(1,EXCL,PL);ERG(2,PL)	mikikŋna
kik	V;PST;POS;TR;ABS(1,INCL,DU);ERG(3,DU)	kikgidna
kik	V;PST;POS;TR;ABS(1,SG);ERG(3,DU)	nakikdŋ
kik	V;PST;POS;TR;ABS(2,SG);ERG(1,EXCL,DU)	kik‑in‑ŋa‑d
kik	V;PST;POS;TR;ABS(3,DU);ERG(3,SG)	kikpani
kik	V;PST;POS;TR;ABS(3,SG);ERG(3,PL)	kikŋi
kopt	V;IMP;NEG;TR;ABS(2,SG);ERG(1,EXCL,DU)	madakopti
kopt	V;IMP;NEG;TR;ABS(2,SG);ERG(1,EXCL,PL)	koptmajaŋk
kopt	V;IMP;POS;TR;ABS(2,PL);ERG(1,EXCL,DU)	ŋakoptinit
kopt	V;IMP;POS;TR;ABS(2,SG);ERG(1,SG)	koptŋaŋi
kopt	V;IMP;POS;TR;ABS(2,SG);ERG(3,DU)	koptimni
kopt	V;PRS;NEG;TR;ABS(1,EXCL,DU);ERG(3,DU)	makopttŋi
kopt	V;PRS;NEG;TR;ABS(1,EXCL,PL);ERG(2,SG,FORM)	makoptingana
kopt	V;PRS;NEG;TR;ABS(1,INCL,PL);ERG(3,DU)	mikoptiring
kopt	V;PRS;POS;TR;ABS(1,EXCL,DU);ERG(2,PL)	koptmiaŋŋ
kopt	V;PRS;POS;TR;ABS(1,EXCL,DU);ERG(2,SG,FORM)	nakoptiŋ
kopt	V;PRS;POS;TR;ABS(1,EXCL,PL);ERG(3,DU)	ma‑kopt‑si
kopt	V;PRS;POS;TR;ABS(1,INCL,DU);ERG(3,SG)	koptang
kopt	V;PRS;POS;TR;ABS(1,SG);ERG(2,PL)	koptua
kopt	V;PRS;POS;TR;ABS(1,SG);ERG(3,SG)	koptangi
kopt	V;PST;NEG;TR;ABS(1,SG);ERG(2,PL)	koptŋabimi
kopt	V;PST;NEG;TR;ABS(2,SG);ERG(1,EXCL,DU)	ŋimakoptasi
kopt	V;PST;POS;TR;ABS(1,EXCL,PL);ERG(3,DU)	koptagmu
kopt	V;PST;POS;TR;ABS(1,SG);ERG(3,SG)	koptminai
kopt	V;PST;POS;TR;ABS(2,DU);ERG(3,SG)	ŋakoptiŋ
kopt	V;PST;POS;TR;ABS(3,DU);ERG(2,SG,FORM)	nikoptai
kott	V;IMP;NEG;TR;ABS(2,DU);ERG(1,EXCL,PL)	makottarira
kott	V;PRS;NEG;TR;ABS(1,INCL,PL);ERG(3,SG)	makottuimi
kott	V;PRS;NEG;TR;ABS(3,SG);ERG(3,SG)	maŋikotti
kott	V;PRS;POS;TR;ABS(1,EXCL,DU);ERG(2,PL)	mikottun
kott	V;PRS;POS;TR;ABS(1,EXCL,PL);ERG(3,DU)	tekottami
kott	V;PRS;POS;TR;ABS(2,SG);ERG(1,SG)	kottŋai
kott	V;PRS;POS;TR;ABS(3,PL);ERG(3,DU)	kottamŋa
kott	V;PRS;POS;TR;ABS(3,SG);ERG(3,PL)	kottia
kott	V;PST;NEG;TR;ABS(1,EXCL,DU);ERG(2,DU)	nakottmakani
kott	V;PST;NEG;TR;ABS(1,EXCL,DU);ERG(3,DU)	makottnamigi
kott	V;PST;NEG;TR;ABS(2,DU);ERG(1,EXCL,PL)	kottmaŋakə
kott	V;PST;NEG;TR;ABS(2,SG);ERG(1,EXCL,PL)	na‑kott‑ma‑si‑a
kott	V;PST;NEG;TR;ABS(3,DU);ERG(2,DU)	ŋi‑ma‑kott‑du‑na
kott	V;PST;NEG;TR;ABS(3,SG);ERG(2,DU)	manikottā
kott	V;PST;POS;TR;ABS(1,EXCL,DU);ERG(2,SG,FORM)	nikotengmo
kott	V;PST;POS;TR;ABS(1,EXCL,PL);ERG(2,DU)	kottnyìŋua
kott	V;PST;POS;TR;ABS(1,INCL,DU);ERG(3,SG)	kottani
kott	V;PST;POS;TR;ABS(1,SG);ERG(2,PL)	mikottin
kott	V;PST;POS;TR;ABS(2,DU);ERG(1,EXCL,DU)	ŋaŋkottasi
kott	V;PST;POS;TR;ABS(3,SG);ERG(1,EXCL,DU)	ŋikottsa
kʰe	V;PRS;NEG;TR;ABS(1,INCL,DU);ERG(3,SG)	maʔkʰeɲ
kʰe	V;PRS;NEG;TR;ABS(2,PL);ERG(3,PL)	makʰeŋra
kʰe	V;PRS;NEG;TR;ABS(2,SG);ERG(3,DU)	makʰeŋaipa
kʰe	V;PRS;NEG;TR;ABS(3,DU);ERG(1,INCL,DU)	makʰeŋadu
kʰe	V;PRS;NEG;TR;ABS(3,DU);ERG(3,PL)	maikʰesi
kʰe	V;PRS;NEG;TR;ABS(3,PL);ERG(1,INCL,PL)	maŋikʰeɲ
kʰe	V;PRS;POS;TR;ABS(1,EXCL,DU);ERG(2,DU)	nakʰeiŋa
kʰe	V;PRS;POS;TR;ABS(1,INCL,DU);ERG(3,SG)	kʰewi
kʰe	V;PRS;POS;TR;ABS(3,PL);ERG(1,SG)	ŋakʰe‑i
kʰe	V;PRS;POS;TR;ABS(3,SG);ERG(3,SG)	akʰee
kʰe	V;PST;NEG;TR;ABS(2,DU);ERG(1,EXCL,PL)	ŋakʰenani
kʰe	V;PST;NEG;TR;ABS(3,PL);ERG(1,INCL,PL)	makʰeŋsiʔ
kʰe	V;PST;NEG;TR;ABS(3,SG);ERG(3,SG)	ma‑kʰe‑ng‑no
kʰe	V;PST;POS;INTR;ABS(2,SG)	kʰen
kʰe	V;PST;POS;TR;ABS(1,EXCL,PL);ERG(2,PL)	kʰeŋisaŋa
kʰe	V;PST;POS;TR;ABS(1,EXCL,PL);ERG(3,PL)	kʰesimija
kʰe	V;PST;POS;TR;ABS(1,INCL,PL);ERG(3,PL)	kʰe‑ŋa‑ni
kʰe	V;PST;POS;TR;ABS(1,SG);ERG(3,DU)	ŋikʰeaŋ
kʰe	V;PST;POS;TR;ABS(2,PL);ERG(3,DU)	kʰeŋɲmi
kʰe	V;PST;POS;TR;ABS(3,SG);ERG(1,EXCL,DU)	ŋakʰet
kʰipt	V;IMP;NEG;TR;ABS(2,SG);ERG(1,EXCL,DU)	ŋma kʰipt‑i
kʰipt	V;IMP;NEG;TR;ABS(2,SG);ERG(3,PL)	makʰiptaŋi
kʰipt	V;PRS;NEG;TR;ABS(1,EXCL,PL);ERG(2,DU)	kʰiptmaiŋ
kʰipt	V;PRS;NEG;TR;ABS(2,PL);ERG(3,SG)	maʔkʰiptasi
kʰipt	V;PRS;NEG;TR;ABS(2,SG);ERG(3,DU)	maŋakʰiptsi
kʰipt	V;PRS;NEG;TR;ABS(2,SG);ERG(3,PL)	masikʰiptka
kʰipt	V;PRS;NEG;TR;ABS(3,PL);ERG(1,EXCL,PL)	maŋakʰiptɲ
kʰipt	V;PRS;NEG;TR;ABS(3,SG);ERG(1,SG)	maŋakʰipta
kʰipt	V;PRS;POS;TR;ABS(1,EXCL,DU);ERG(3,DU)	kʰiptgi
kʰipt	V;PRS;POS;TR;ABS(1,INCL,DU);ERG(3,DU)	nakʰipti
kʰipt	V;PRS;POS;TR;ABS(2,DU);ERG(1,EXCL,PL)	ŋakʰiptasi
kʰipt	V;PRS;POS;TR;ABS(2,PL);ERG(3,SG)	kʰiptsuŋ
kʰipt	V;PRS;POS;TR;ABS(3,DU);ERG(1,INCL,PL)	ŋukʰiptt
kʰipt	V;PRS;POS;TR;ABS(3,SG);ERG(1,SG)	kʰiptŋa
kʰipt	V;PRS;POS;TR;ABS(3,SG);ERG(2,DU)	kʰipte
kʰipt	V;PST;NEG;TR;ABS(1,EXCL,DU);ERG(2,SG,FORM)	maŋikʰiptiŋu
kʰipt	V;PST;NEG;TR;ABS(3,SG);ERG(2,PL)	makʰiptai
kʰipt	V;PST;POS;TR;ABS(3,DU);ERG(2,DU)	nikʰiptdup
kʰipt	V;PST;POS;TR;ABS(3,PL);ERG(1,EXCL,PL)	tekʰiptmia
kʰipt	V;PST;POS;TR;ABS(3,PL);ERG(3,DU)	ɲikʰiptŋ
kʰok	V;IMP;NEG;TR;ABS(2,DU);ERG(1,SG)	makʰokŋɲna
kʰok	V;PRS;NEG;TR;ABS(1,EXCL,PL);ERG(3,PL)	ma‑kʰok‑i‑ŋ
kʰok	V;PRS;NEG;TR;ABS(2,PL);ERG(3,SG)	kʰokŋina
kʰok	V;PRS;NEG;TR;ABS(3,SG);ERG(1,EXCL,PL)	ŋamakoŋ
kʰok	V;PRS;POS;TR;ABS(1,EXCL,DU);ERG(3,SG)	a‑kʰok‑gi
kʰok	V;PRS;POS;TR;ABS(1,INCL,PL);ERG(3,PL)	kʰok‑pa‑na‑i
kʰok	V;PRS;POS;TR;ABS(2,DU);ERG(3,DU)	ŋakʰokmi
kʰok	V;PRS;POS;TR;ABS(3,DU);ERG(2,SG,FORM)	ŋi‑kʰok‑a
kʰok	V;PRS;POS;TR;ABS(3,DU);ERG(3,PL)	kʰokpana
kʰok	V;PRS;POS;TR;ABS(3,PL);ERG(2,PL)	kʰokŋi
kʰok	V;PST;NEG;TR;ABS(1,EXCL,DU);ERG(3,DU)	maʔakʰokʔi
kʰok	V;PST;NEG;TR;ABS(1,EXCL,DU);ERG(3,PL)	imakʰoknadu
kʰok	V;PST;NEG;TR;ABS(2,SG);ERG(1,EXCL,DU)	ma‑kʰok‑du‑si‑i
kʰok	V;PST;NEG;TR;ABS(3,PL);ERG(3,SG)	ŋkʰokpmiŋ
kʰok	V;PST;NEG;TR;ABS(3,SG);ERG(2,SG,FORM)	maʔkʰokara
kʰok	V;PST;POS;TR;ABS(1,INCL,PL);ERG(3,SG)	kʰokibúna
kʰok	V;PST;POS;TR;ABS(1,SG);ERG(3,PL)	kʰokangai
kʰok	V;PST;POS;TR;ABS(2,DU);ERG(3,PL)	kʰokŋɲ
kʰok	V;PST;POS;TR;ABS(3,DU);ERG(1,INCL,DU)	nikʰokáun
kʰok	V;PST;POS;TR;ABS(3,DU);ERG(2,SG,FORM)	kʰoknaning
kʰop	V;IMP;NEG;REFL;ABS(2,PL)	ma‑kʰop‑ŋ‑tɕi
kʰop	V;IMP;POS;TR;ABS(2,DU);ERG(3,PL)	kʰopŋanim
kʰop	V;IMP;POS;TR;ABS(2,PL);ERG(1,EXCL,DU)	na‑kʰop‑ki
kʰop	V;IMP;POS;TR;ABS(2,PL);ERG(3,PL)	kʰopŋat
kʰop	V;PRS;NEG;REFL;ABS(2,DU)	naʔkʰopiká
kʰop	V;PRS;NEG;TR;ABS(1,SG);ERG(3,DU)	kʰopɲai
kʰop	V;PRS;NEG;TR;ABS(2,SG);ERG(3,SG)	maŋkʰopai
kʰop	V;PRS;NEG;TR;ABS(3,DU);ERG(1,INCL,DU)	makʰopiŋ
kʰop	V;PRS;NEG;TR;ABS(3,SG);ERG(3,DU)	makʰopidu
kʰop	V;PRS;POS;REFL;ABS(1,INCL,DU)	kʰopmidu
kʰop	V;PRS;POS;TR;ABS(1,INCL,PL);ERG(3,SG)	kʰopen
kʰop	V;PRS;POS;TR;ABS(2,DU);ERG(3,DU)	kʰopɲiɲa
kʰop	V;PRS;POS;TR;ABS(2,SG);ERG(3,PL)	kʰop‑i
kʰop	V;PRS;POS;TR;ABS(2,SG);ERG(3,SG)	kʰopil
kʰop	V;PRS;POS;TR;ABS(3,PL);ERG(3,SG)	kʰopsia
kʰop	V;PST;NEG;TR;ABS(3,PL);ERG(3,PL)	makʰopŋamini
kʰop	V;PST;NEG;TR;ABS(3,SG);ERG(2,PL)	kʰopmaimina
kʰop	V;PST;POS;TR;ABS(2,SG);ERG(3,SG)	ŋakʰopä
kʰop	V;PST;POS;TR;ABS(3,PL);ERG(1,INCL,DU)	ŋikʰopama
kʰop	V;PST;POS;TR;ABS(3,SG);ERG(2,PL)	kʰopŋmi
kʰoŋt	V;IMP;NEG;TR;ABS(2,PL);ERG(1,SG)	maŋakʰoŋtina
kʰoŋt	V;IMP;POS;TR;ABS(2,DU);ERG(3,SG)	nakʰoŋttyi
kʰoŋt	V;PRS;NEG;TR;ABS(1,EXCL,DU);ERG(2,PL)	mimakʰoŋtŋa
kʰoŋt	V;PRS;NEG;TR;ABS(1,EXCL,PL);ERG(3,SG)	ma‑kʰoŋt‑ŋi
kʰoŋt	V;PRS;NEG;TR;ABS(1,SG);ERG(2,SG,FORM)	ma‑nikʰoŋt‑ŋ
kʰoŋt	V;PRS;NEG;TR;ABS(1,SG);ERG(3,SG)	makʰoŋtmiŋana
kʰoŋt	V;PRS;NEG;TR;ABS(2,PL);ERG(1,EXCL,PL)	maɲikʰoŋta
kʰoŋt	V;PRS;NEG;TR;ABS(2,SG);ERG(1,EXCL,PL)	maŋakʰoŋti
kʰoŋt	V;PRS;NEG;TR;ABS(3,DU);ERG(1,EXCL,DU)	maŋikʰoŋtib
kʰoŋt	V;PRS;POS;TR;ABS(3,DU);ERG(1,EXCL,PL)	kʰoŋtmai
kʰoŋt	V;PRS;POS;TR;ABS(3,DU);ERG(1,INCL,DU)	nakʰoŋtí
kʰoŋt	V;PST;NEG;TR;ABS(2,DU);ERG(1,EXCL,PL)	kʰoŋtŋaisik
kʰoŋt	V;PST;NEG;TR;ABS(2,PL);ERG(3,SG)	maŋakʰoŋtŋipa
kʰoŋt	V;PST;NEG;TR;ABS(2,SG);ERG(1,EXCL,DU)	kʰoŋtna‑i‑ɲi‑ŋ
kʰoŋt	V;PST;NEG;TR;ABS(3,PL);ERG(1,INCL,PL)	ŋirakʰoŋtena
kʰoŋt	V;PST;NEG;TR;ABS(3,SG);ERG(1,SG)	maŋakʰoŋtiŋ
kʰoŋt	V;PST;POS;TR;ABS(1,SG);ERG(3,PL)	kʰoŋtbaŋ
kʰoŋt	V;PST;POS;TR;ABS(1,SG);ERG(3,SG)	kʰoŋtpa'i
kʰoŋt	V;PST;POS;TR;ABS(3,DU);ERG(1,EXCL,DU)	ŋa‑kʰoŋt‑i‑na
kʰoŋt	V;PST;POS;TR;ABS(3,SG);ERG(1,INCL,PL)	kʰoŋtŋmia
kʰunt	V;IMP;NEG;REFL;ABS(2,PL)	kʰuntiŋa‑mi
kʰunt	V;IMP;POS;TR;ABS(2,DU);ERG(1,EXCL,DU)	kʰuntŋicina
kʰunt	V;PRS;NEG;TR;ABS(1,INCL,PL);ERG(3,PL)	ma‑kʰunt‑ŋi‑mi‑na
kʰunt	V;PRS;NEG;TR;ABS(2,PL);ERG(1,SG)	naŋakʰuntsi
kʰunt	V;PRS;NEG;TR;ABS(3,PL);ERG(1,INCL,DU)	ŋi‑ma‑kʰunt‑i
kʰunt	V;PRS;POS;TR;ABS(1,EXCL,DU);ERG(3,DU)	i‑kʰunt‑ɲi
kʰunt	V;PRS;POS;TR;ABS(1,EXCL,PL);ERG(2,PL)	mikʰuntai
kʰunt	V;PRS;POS;TR;ABS(1,EXCL,PL);ERG(2,SG,FORM)	kʰunteŋ
kʰunt	V;PRS;POS;TR;ABS(2,PL);ERG(3,PL)	mikʰuntni
kʰunt	V;PRS;POS;TR;ABS(2,SG);ERG(1,SG)	ŋakʰuntɲa
kʰunt	V;PST;NEG;REFL;ABS(2,SG)	makʰuntisŋa
kʰunt	V;PST;NEG;TR;ABS(1,EXCL,PL);ERG(2,DU)	makʰunthŋasyati
kʰunt	V;PST;NEG;TR;ABS(1,SG);ERG(3,SG)	makʰuntpaŋɲ
kʰunt	V;PST;NEG;TR;ABS(2,PL);ERG(3,DU)	na‑kʰunt‑cɲkəŋ
kʰunt	V;PST;NEG;TR;ABS(2,PL);ERG(3,PL)	maʔkʰuntpaɲi
kʰunt	V;PST;NEG;TR;ABS(3,PL);ERG(1,SG)	kʰuntmaiŋs
kʰunt	V;PST;NEG;TR;ABS(3,SG);ERG(3,DU)	kʰuntnaŋsi
kʰunt	V;PST;POS;REFL;ABS(1,EXCL,PL)	kʰuntisi
kʰunt	V;PST;POS;TR;ABS(1,INCL,PL);ERG(3,DU)	kʰuntakŋma
kʰunt	V;PST;POS;TR;ABS(3,PL);ERG(1,SG)	kʰuntaiŋ
kʰɛl	V;IMP;NEG;TR;ABS(2,DU);ERG(1,EXCL,DU)	maŋikʰɛlnia
kʰɛl	V;IMP;POS;TR;ABS(2,PL);ERG(1,EXCL,PL)	kʰɛlŋtɕa
kʰɛl	V;PRS;NEG;TR;ABS(1,EXCL,PL);ERG(2,DU)	ma‑kʰukʰɛl‑mi
kʰɛl	V;PRS;NEG;TR;ABS(2,SG);ERG(1,EXCL,PL)	maŋakʰɛlŋ
kʰɛl	V;PRS;NEG;TR;ABS(3,PL);ERG(2,SG,FORM)	maŋakʰɛlisi
kʰɛl	V;PRS;NEG;TR;ABS(3,SG);ERG(1,SG)	makʰɛlŋ
kʰɛl	V;PRS;POS;TR;ABS(1,EXCL,DU);ERG(2,DU)	nikʰɛlri
kʰɛl	V;PRS;POS;TR;ABS(1,EXCL,PL);ERG(2,PL)	kʰɛlɖuŋa
kʰɛl	V;PRS;POS;TR;ABS(3,DU);ERG(2,SG,FORM)	kʰɛliu
kʰɛl	V;PRS;POS;TR;ABS(3,DU);ERG(3,PL)	ŋakʰɛli
kʰɛl	V;PRS;POS;TR;ABS(3,SG);ERG(3,SG)	kʰɛli
kʰɛl	V;PST;NEG;TR;ABS(2,DU);ERG(1,EXCL,PL)	ŋakʰɛlni̤ma
kʰɛl	V;PST;NEG;TR;ABS(3,DU);ERG(3,PL)	ma‑kʰɛl‑a‑ʔ‑ŋ
kʰɛl	V;PST;NEG;TR;ABS(3,PL);ERG(3,PL)	naakʰɛld
kʰɛl	V;PST;POS;TR;ABS(1,INCL,DU);ERG(3,DU)	akʰɛliŋ
kʰɛl	V;PST;POS;TR;ABS(1,INCL,DU);ERG(3,SG)	ikʰɛliŋ
kʰɛl	V;PST;POS;TR;ABS(2,PL);ERG(3,PL)	kʰɛlnamasi
kʰɛl	V;PST;POS;TR;ABS(3,PL);ERG(1,INCL,DU)	ŋakʰɛlmai
kʰɛl	V;PST;POS;TR;ABS(3,PL);ERG(2,PL)	niŋkʰɛlaŋ
kʰɛl	V;PST;POS;TR;ABS(3,SG);ERG(1,EXCL,PL)	kʰɛlŋaipa
nott	V;IMP;POS;TR;ABS(2,DU);ERG(3,DU)	nott‑su‑ra
nott	V;IMP;POS;TR;ABS(2,PL);ERG(1,EXCL,DU)	kinottngana
nott	V;PRS;NEG;TR;ABS(2,SG);ERG(1,EXCL,PL)	maŋanottka
nott	V;PRS;NEG;TR;ABS(3,DU);ERG(2,DU)	manottŋiŋu
nott	V;PRS;NEG;TR;ABS(3,DU);ERG(2,SG,FORM)	kemanottdui
nott	V;PRS;NEG;TR;ABS(3,DU);ERG(3,SG)	nott
nott	V;PRS;POS;TR;ABS(1,EXCL,DU);ERG(3,SG)	nottina
nott	V;PRS;POS;TR;ABS(1,SG);ERG(3,DU)	nottŋa
nott	V;PRS;POS;TR;ABS(3,SG);ERG(1,EXCL,PL)	nottŋai
nott	V;PRS;POS;TR;ABS(3,SG);ERG(2,SG,FORM)	nottá
nott	V;PRS;POS;TR;ABS(3,SG);ERG(3,DU)	su‑nott‑ŋa
nott	V;PST;NEG;TR;ABS(1,INCL,DU);ERG(3,SG)	manottinŋa
nott	V;PST;NEG;TR;ABS(3,SG);ERG(1,INCL,PL)	ma-nottŋi
nott	V;PST;NEG;TR;ABS(3,SG);ERG(3,DU)	inottkona
nott	V;PST;POS;TR;ABS(1,EXCL,DU);ERG(2,DU)	nottimna
nott	V;PST;POS;TR;ABS(1,EXCL,PL);ERG(3,PL)	nottimān
nott	V;PST;POS;TR;ABS(1,INCL,PL);ERG(3,PL)	nottiŋmo
nott	V;PST;POS;TR;ABS(1,SG);ERG(2,SG,FORM)	nottsiŋpa
nott	V;PST;POS;TR;ABS(3,DU);ERG(1,EXCL,DU)	ŋi‑nott‑ka‑i
nott	V;PST;POS;TR;ABS(3,DU);ERG(1,SG)	ŋanottkaming
nu	V;IMP;NEG;INTR;ABS(2,SG)	numa
nu	V;PRS;NEG;INTR;ABS(1,EXCL,PL)	manumi
nu	V;PRS;NEG;INTR;ABS(1,INCL,DU)	ma‑nu‑i‑du
nu	V;PRS;NEG;INTR;ABS(1,INCL,PL)	ma-nu-ɲi
nu	V;PRS;NEG;INTR;ABS(1,SG)	ma‑nu
nu	V;PRS;NEG;INTR;ABS(3,PL)	manuni
nu	V;PRS;NEG;INTR;ABS(3,SG)	ma‑nu
nu	V;PRS;POS;INTR;ABS(1,EXCL,PL)	nuŋi
nu	V;PRS;POS;INTR;ABS(1,INCL,DU)	nuina
nu	V;PRS;POS;INTR;ABS(2,PL)	nusi
nu	V;PRS;POS;INTR;ABS(3,DU)	nuŋ
nu	V;PRS;POS;INTR;ABS(3,SG)	nu
nu	V;PST;NEG;INTR;ABS(1,EXCL,DU)	manuŋ
nu	V;PST;NEG;INTR;ABS(1,INCL,PL)	manutòŋu
nu	V;PST;NEG;INTR;ABS(2,SG)	ma-nuŋ
nu	V;PST;NEG;INTR;ABS(3,DU)	manuɦari
nu	V;PST;POS;INTR;ABS(1,INCL,PL)	nuŋka
nu	V;PST;POS;INTR;ABS(3,DU)	nugi
nu	V;PST;POS;INTR;ABS(3,PL)	nuin
nu	V;PST;POS;INTR;ABS(3,SG)	nuŋ
nuk	V;IMP;POS;REFL;ABS(2,DU)	nukna
nuk	V;IMP;POS;TR;ABS(2,DU);ERG(1,EXCL,DU)	ŋa‑nuk‑du
nuk	V;IMP;POS;TR;ABS(2,DU);ERG(1,SG)	nukŋsuma
nuk	V;PRS;NEG;REFL;ABS(2,SG)	minukang
nuk	V;PRS;NEG;TR;ABS(1,EXCL,PL);ERG(3,PL)	ma-nuk-si-ŋi-ti
nuk	V;PRS;POS;TR;ABS(2,DU);ERG(1,EXCL,DU)	ŋanukmi
nuk	V;PRS;POS;TR;ABS(2,PL);ERG(1,EXCL,PL)	nukmini
nuk	V;PRS;POS;TR;ABS(2,SG);ERG(1,EXCL,DU)	nuk-ŋiŋ
nuk	V;PRS;POS;TR;ABS(3,DU);ERG(1,EXCL,PL)	ŋanukri
nuk	V;PST;NEG;REFL;ABS(1,INCL,DU)	nuknamaridu
nuk	V;PST;NEG;TR;ABS(1,EXCL,DU);ERG(2,PL)	maminkuksini
nuk	V;PST;NEG;TR;ABS(1,EXCL,DU);ERG(3,PL)	mi‑nuk‑a‑so‑na
nuk	V;PST;NEG;TR;ABS(1,SG);ERG(3,DU)	nuktan
nuk	V;PST;NEG;TR;ABS(2,SG);ERG(3,PL)	minanukang
nuk	V;PST;NEG;TR;ABS(3,DU);ERG(1,EXCL,PL)	ma-nuk‑ni‑ŋa
nuk	V;PST;POS;REFL;ABS(1,EXCL,PL)	nukparim
nuk	V;PST;POS;TR;ABS(1,EXCL,DU);ERG(2,DU)	nukisab
nuk	V;PST;POS;TR;ABS(3,DU);ERG(3,PL)	nukdi
nuk	V;PST;POS;TR;ABS(3,PL);ERG(3,DU)	nukriŋ
nuk	V;PST;POS;TR;ABS(3,SG);ERG(1,SG)	ŋanuk
nɛl	V;IMP;NEG;TR;ABS(2,PL);ERG(1,EXCL,PL)	maŋanɛlŋ
nɛl	V;IMP;POS;TR;ABS(2,SG);ERG(1,SG)	nɛl‑ni
nɛl	V;IMP;POS;TR;ABS(2,SG);ERG(3,SG)	ka‑nɛl‑i
nɛl	V;PRS;NEG;TR;ABS(2,SG);ERG(3,DU)	manɛlaŋi
nɛl	V;PRS;NEG;TR;ABS(2,SG);ERG(3,PL)	maŋnɛli
nɛl	V;PRS;POS;TR;ABS(1,INCL,PL);ERG(3,SG)	nɛldi
nɛl	V;PRS;POS;TR;ABS(2,SG);ERG(1,EXCL,DU)	kənɛli
nɛl	V;PRS;POS;TR;ABS(3,DU);ERG(1,EXCL,PL)	nɛlmiri
nɛl	V;PRS;POS;TR;ABS(3,PL);ERG(3,SG)	nɛlaŋ
nɛl	V;PST;NEG;INTR;ABS(1,SG)	nɛlpama
nɛl	V;PST;NEG;TR;ABS(1,INCL,DU);ERG(3,PL)	banɛlri
nɛl	V;PST;NEG;TR;ABS(1,INCL,DU);ERG(3,SG)	manɛltni
nɛl	V;PST;NEG;TR;ABS(1,INCL,PL);ERG(3,SG)	manɛliŋaŋ
nɛl	V;PST;NEG;TR;ABS(2,PL);ERG(1,EXCL,PL)	mənɛltŋapə
nɛl	V;PST;NEG;TR;ABS(3,PL);ERG(2,DU)	manɛlanuɲ
nɛl	V;PST;NEG;TR;ABS(3,SG);ERG(1,INCL,DU)	kɨnɛlɲna
nɛl	V;PST;NEG;TR;ABS(3,SG);ERG(1,INCL,PL)	maŋi‑nɛl‑a
nɛl	V;PST;NEG;TR;ABS(3,SG);ERG(3,SG)	ma‑nɛl‑ŋɨ
nɛl	V;PST;POS;TR;ABS(1,EXCL,PL);ERG(3,PL)	nɛltai
nɛl	V;PST;POS;TR;ABS(3,PL);ERG(2,SG,FORM)	nɛlkomia
paŋ	V;IMP;NEG;INTR;ABS(2,PL)	ma‑paŋ‑gu
paŋ	V;PRS;NEG;INTR;ABS(1,EXCL,PL)	ma‑paŋ‑re
paŋ	V;PRS;NEG;INTR;ABS(1,INCL,DU)	ma‑paŋi
paŋ	V;PRS;NEG;INTR;ABS(1,INCL,PL)	mapaŋu
paŋ	V;PRS;NEG;INTR;ABS(1,SG)	mapaŋda
paŋ	V;PRS;NEG;INTR;ABS(2,PL)	ma‑paŋ‑ŋi
paŋ	V;PRS;NEG;INTR;ABS(3,DU)	mi‑paŋna
paŋ	V;PRS;NEG;INTR;ABS(3,SG)	ma‑paŋ
paŋ	V;PRS;POS;INTR;ABS(1,EXCL,DU)	paŋi
paŋ	V;PRS;POS;INTR;ABS(1,INCL,DU)	paŋma
paŋ	V;PRS;POS;INTR;ABS(1,SG)	ŋapaŋ
paŋ	V;PRS;POS;INTR;ABS(3,DU)	paŋma
paŋ	V;PST;NEG;INTR;ABS(2,PL)	paŋmaŋ
paŋ	V;PST;NEG;INTR;ABS(3,DU)	paŋnaradu
paŋ	V;PST;NEG;INTR;ABS(3,PL)	mapaŋaŋ
paŋ	V;PST;POS;INTR;ABS(2,DU)	paŋdu
paŋ	V;PST;POS;INTR;ABS(2,PL)	paŋmi
paŋ	V;PST;POS;INTR;ABS(2,SG)	paŋi
paŋ	V;PST;POS;INTR;ABS(3,DU)	paŋgi
paŋ	V;PST;POS;INTR;ABS(3,PL)	paŋti
pʰaŋt	V;IMP;NEG;TR;ABS(2,PL);ERG(3,SG)	mapʰaŋtŋ
pʰaŋt	V;IMP;NEG;TR;ABS(2,SG);ERG(1,SG)	maŋapʰaŋtŋ
pʰaŋt	V;PRS;NEG;TR;ABS(1,EXCL,PL);ERG(2,PL)	mimapʰaŋti
pʰaŋt	V;PRS;NEG;TR;ABS(1,INCL,PL);ERG(3,SG)	mapʰaŋtŋ
pʰaŋt	V;PRS;NEG;TR;ABS(3,SG);ERG(1,EXCL,PL)	maŋapʰaŋti
pʰaŋt	V;PRS;NEG;TR;ABS(3,SG);ERG(2,SG,FORM)	mapʰaŋtni
pʰaŋt	V;PRS;POS;TR;ABS(1,EXCL,PL);ERG(3,SG)	pʰaŋtipa
pʰaŋt	V;PRS;POS;TR;ABS(2,DU);ERG(1,EXCL,DU)	pʰaŋt
pʰaŋt	V;PRS;POS;TR;ABS(2,PL);ERG(1,EXCL,PL)	pʰaŋtŋiŋa
pʰaŋt	V;PRS;POS;TR;ABS(3,PL);ERG(2,DU)	pʰaŋtɲeŋui
pʰaŋt	V;PRS;POS;TR;ABS(3,SG);ERG(1,INCL,PL)	ŋapʰaŋti
pʰaŋt	V;PRS;POS;TR;ABS(3,SG);ERG(2,SG,FORM)	ŋi‑pʰaŋt‑ŋ
pʰaŋt	V;PRS;POS;TR;ABS(3,SG);ERG(3,DU)	ŋipʰaŋti
pʰaŋt	V;PST;NEG;TR;ABS(1,EXCL,PL);ERG(3,SG)	mapʰaŋtiŋmi
pʰaŋt	V;PST;NEG;TR;ABS(1,SG);ERG(3,DU)	mapʰaŋtŋa
pʰaŋt	V;PST;NEG;TR;ABS(3,DU);ERG(2,DU)	nanpʰaŋtin-an
pʰaŋt	V;PST;NEG;TR;ABS(3,PL);ERG(2,DU)	ma-pʰaŋt-ŋ-na-ko
pʰaŋt	V;PST;POS;TR;ABS(2,SG);ERG(3,SG)	pʰaŋtŋk
pʰaŋt	V;PST;POS;TR;ABS(3,PL);ERG(2,DU)	kepʰaŋtŋi
pʰaŋt	V;PST;POS;TR;ABS(3,SG);ERG(1,INCL,PL)	pʰaŋtiniŋ
pʰer	V;IMP;NEG;TR;ABS(2,PL);ERG(3,PL)	maapʰeriŋ
pʰer	V;IMP;POS;INTR;ABS(2,DU)	pʰerka
pʰer	V;IMP;POS;TR;ABS(2,PL);ERG(3,PL)	pʰerŋi
pʰer	V;PRS;NEG;INTR;ABS(3,SG)	ma-pʰer‑k
pʰer	V;PRS;NEG;TR;ABS(1,EXCL,PL);ERG(3,SG)	naopʰerina
pʰer	V;PRS;NEG;TR;ABS(3,SG);ERG(2,DU)	ma-pʰer
pʰer	V;PRS;NEG;TR;ABS(3,SG);ERG(2,PL)	mapʰeriŋaŋ
pʰer	V;PRS;POS;TR;ABS(1,EXCL,DU);ERG(3,SG)	pʰeriŋa
pʰer	V;PRS;POS;TR;ABS(1,SG);ERG(2,PL)	ŋapʰer‑ra
pʰer	V;PST;NEG;TR;ABS(2,DU);ERG(1,EXCL,DU)	kapʰernaŋ
pʰer	V;PST;NEG;TR;ABS(2,DU);ERG(3,SG)	mapʰerismi
pʰer	V;PST;NEG;TR;ABS(3,PL);ERG(1,SG)	maʔpʰerŋs
pʰer	V;PST;NEG;TR;ABS(3,PL);ERG(3,SG)	pʰer‑i‑na‑k‑s
pʰer	V;PST;NEG;TR;ABS(3,SG);ERG(3,SG)	mapʰeri
pʰer	V;PST;POS;INTR;ABS(3,DU)	pʰerāŋ
pʰer	V;PST;POS;TR;ABS(1,INCL,PL);ERG(3,PL)	ñpʰer‑nara
pʰer	V;PST;POS;TR;ABS(3,DU);ERG(2,PL)	pʰerungi
pʰer	V;PST;POS;TR;ABS(3,PL);ERG(1,SG)	ŋapʰerŋsi
pʰer	V;PST;POS;TR;ABS(3,PL);ERG(3,PL)	pʰergi
pʰer	V;PST;POS;TR;ABS(3,SG);ERG(1,SG)	pʰerŋ
pʰrɛpt	V;IMP;NEG;TR;ABS(2,PL);ERG(3,SG)	maŋapʰrɛptmi
pʰrɛpt	V;IMP;POS;TR;ABS(2,DU);ERG(1,EXCL,PL)	na-pʰrɛpt-mi
pʰrɛpt	V;PRS;NEG;TR;ABS(1,EXCL,PL);ERG(2,PL)	miapʰrɛptmi
pʰrɛpt	V;PRS;NEG;TR;ABS(1,INCL,DU);ERG(3,SG)	mapʰrɛptiŋ
pʰrɛpt	V;PRS;NEG;TR;ABS(2,PL);ERG(1,EXCL,PL)	napʰrɛptɲikami
pʰrɛpt	V;PRS;NEG;TR;ABS(2,PL);ERG(3,SG)	maŋa-pʰrɛpt-ki
pʰrɛpt	V;PRS;NEG;TR;ABS(3,DU);ERG(2,DU)	bamapʰrɛpti
pʰrɛpt	V;PRS;NEG;TR;ABS(3,PL);ERG(2,PL)	mapʰrɛptimiki
pʰrɛpt	V;PRS;NEG;TR;ABS(3,SG);ERG(1,EXCL,DU)	ŋimapʰrɛpt
pʰrɛpt	V;PRS;NEG;TR;ABS(3,SG);ERG(2,PL)	ma-pʰrɛpt-im
pʰrɛpt	V;PRS;POS;TR;ABS(1,EXCL,PL);ERG(3,DU)	pʰrɛptsi
pʰrɛpt	V;PRS;POS;TR;ABS(1,INCL,DU);ERG(3,SG)	pʰrɛptŋa
pʰrɛpt	V;PRS;POS;TR;ABS(2,DU);ERG(3,DU)	ŋupʰrɛpti
pʰrɛpt	V;PRS;POS;TR;ABS(2,PL);ERG(1,SG)	ŋapʰrɛptŋ
pʰrɛpt	V;PRS;POS;TR;ABS(2,PL);ERG(3,SG)	pʰrɛptʃi
pʰrɛpt	V;PRS;POS;TR;ABS(3,DU);ERG(1,EXCL,PL)	epʰrɛpti
pʰrɛpt	V;PRS;POS;TR;ABS(3,DU);ERG(1,SG)	ŋapʰrɛptŋ
pʰrɛpt	V;PST;NEG;TR;ABS(2,DU);ERG(3,SG)	makeŋpʰrɛpti
pʰrɛpt	V;PST;POS;TR;ABS(3,PL);ERG(2,SG,FORM)	pʰrɛptəŋi
pʰrɛpt	V;PST;POS;TR;ABS(3,SG);ERG(3,DU)	pʰrɛptŋaʔi
pʰɛm	V;IMP;NEG;INTR;ABS(2,PL)	ma‑pʰɛm‑ŋ
pʰɛm	V;IMP;POS;INTR;ABS(2,SG)	pʰɛmk
pʰɛm	V;PRS;NEG;INTR;ABS(1,EXCL,DU)	mapʰɛmŋ
pʰɛm	V;PRS;NEG;INTR;ABS(1,EXCL,PL)	mapʰɛmm
pʰɛm	V;PRS;NEG;INTR;ABS(1,SG)	maŋpʰɛmi
pʰɛm	V;PRS;NEG;INTR;ABS(2,DU)	mapʰɛmke
pʰɛm	V;PRS;NEG;INTR;ABS(2,SG)	mapʰɛmsi
pʰɛm	V;PRS;POS;INTR;ABS(1,EXCL,PL)	pʰɛmiŋ
pʰɛm	V;PRS;POS;INTR;ABS(2,DU)	pʰɛmsinu
pʰɛm	V;PST;NEG;INTR;ABS(1,EXCL,PL)	ma-pʰɛm-na-ŋŋ
pʰɛm	V;PST;NEG;INTR;ABS(1,SG)	mapʰɛmɲaŋ
pʰɛm	V;PST;NEG;INTR;ABS(2,DU)	maʔpʰɛmŋa
pʰɛm	V;PST;NEG;INTR;ABS(2,PL)	mapʰɛmaŋ
pʰɛm	V;PST;NEG;INTR;ABS(3,DU)	mapʰɛma-mi
pʰɛm	V;PST;NEG;INTR;ABS(3,PL)	pʰɛmmaŋ
pʰɛm	V;PST;NEG;INTR;ABS(3,SG)	mapʰɛmt
pʰɛm	V;PST;POS;INTR;ABS(1,INCL,DU)	pʰɛmaŋi
pʰɛm	V;PST;POS;INTR;ABS(2,DU)	pʰɛm­tɕu
pʰɛm	V;PST;POS;INTR;ABS(2,SG)	pʰɛma
pʰɛm	V;PST;POS;INTR;ABS(3,SG)	pʰɛmi
rekt	V;IMP;NEG;TR;ABS(2,DU);ERG(1,EXCL,DU)	ma‑rekt‑du
rekt	V;IMP;NEG;TR;ABS(2,SG);ERG(3,SG)	ma‑ukrektna
rekt	V;IMP;POS;TR;ABS(2,PL);ERG(3,SG)	rektika
rekt	V;IMP;POS;TR;ABS(2,SG);ERG(3,SG)	rektŋmai
rekt	V;PRS;NEG;TR;ABS(1,EXCL,PL);ERG(3,PL)	kaŋirektna
rekt	V;PRS;NEG;TR;ABS(2,DU);ERG(1,EXCL,PL)	madarektne
rekt	V;PRS;NEG;TR;ABS(3,DU);ERG(1,INCL,PL)	ma-rekt-ŋi‑ŋ
rekt	V;PRS;NEG;TR;ABS(3,PL);ERG(1,EXCL,PL)	marektin
rekt	V;PRS;POS;TR;ABS(1,EXCL,DU);ERG(3,PL)	rektŋana
rekt	V;PRS;POS;TR;ABS(2,DU);ERG(3,PL)	karektna
rekt	V;PRS;POS;TR;ABS(3,SG);ERG(2,DU)	norekti
rekt	V;PST;NEG;TR;ABS(3,DU);ERG(3,SG)	rektaŋ
rekt	V;PST;NEG;TR;ABS(3,PL);ERG(1,INCL,DU)	ŋa-rekt‑na
rekt	V;PST;NEG;TR;ABS(3,PL);ERG(2,PL)	mamirekteɲ
rekt	V;PST;NEG;TR;ABS(3,PL);ERG(3,DU)	mamirektai
rekt	V;PST;NEG;TR;ABS(3,PL);ERG(3,SG)	maŋrektmi
rekt	V;PST;NEG;TR;ABS(3,SG);ERG(2,SG,FORM)	na-rekt-i
rekt	V;PST;POS;TR;ABS(1,SG);ERG(2,PL)	rektmadŋ
rekt	V;PST;POS;TR;ABS(2,SG);ERG(1,EXCL,DU)	rekta
rekt	V;PST;POS;TR;ABS(2,SG);ERG(1,EXCL,PL)	rektakan
reŋt	V;IMP;NEG;TR;ABS(2,SG);ERG(3,DU)	ma-reŋt‑ra‑i
reŋt	V;IMP;POS;TR;ABS(2,PL);ERG(3,DU)	matreŋtkani
reŋt	V;PRS;NEG;TR;ABS(1,EXCL,DU);ERG(3,PL)	ma‑reŋt‑ŋa‑ni
reŋt	V;PRS;NEG;TR;ABS(2,DU);ERG(1,EXCL,DU)	maŋareŋtŋ
reŋt	V;PRS;NEG;TR;ABS(2,DU);ERG(1,SG)	maŋareŋtka
reŋt	V;PRS;NEG;TR;ABS(3,DU);ERG(1,INCL,PL)	maŋareŋtnu
reŋt	V;PRS;NEG;TR;ABS(3,DU);ERG(2,SG,FORM)	mareŋtmiŋa
reŋt	V;PRS;POS;TR;ABS(1,EXCL,DU);ERG(2,PL)	reŋtŋuŋia
reŋt	V;PRS;POS;TR;ABS(3,DU);ERG(1,EXCL,DU)	ŋareŋti
reŋt	V;PRS;POS;TR;ABS(3,DU);ERG(1,INCL,PL)	ŋireŋtu
reŋt	V;PRS;POS;TR;ABS(3,DU);ERG(1,SG)	reŋtŋaŋia
reŋt	V;PRS;POS;TR;ABS(3,PL);ERG(1,SG)	reŋtmina
reŋt	V;PST;NEG;TR;ABS(3,DU);ERG(1,EXCL,PL)	ŋanareŋti
reŋt	V;PST;NEG;TR;ABS(3,DU);ERG(2,PL)	mareŋtpaohar
reŋt	V;PST;NEG;TR;ABS(3,DU);ERG(3,SG)	mareŋtangi
reŋt	V;PST;NEG;TR;ABS(3,SG);ERG(1,SG)	maŋareŋtina
reŋt	V;PST;POS;TR;ABS(1,EXCL,PL);ERG(2,PL)	reŋtpacɯni
reŋt	V;PST;POS;TR;ABS(1,SG);ERG(3,SG)	reŋtaŋ
reŋt	V;PST;POS;TR;ABS(3,DU);ERG(2,SG,FORM)	reŋteŋa
reŋt	V;PST;POS;TR;ABS(3,SG);ERG(1,EXCL,DU)	ŋireŋtŋd
ritt	V;IMP;NEG;TR;ABS(2,DU);ERG(1,SG)	ma-ritt-ŋatsi
ritt	V;IMP;NEG;TR;ABS(2,SG);ERG(1,SG)	ŋa‑ritt‑ma‑sin
ritt	V;IMP;POS;TR;ABS(2,DU);ERG(3,SG)	rittbaja
ritt	V;PRS;NEG;TR;ABS(1,EXCL,DU);ERG(3,DU)	ma‑ritt‑ŋ‑ɲi
ritt	V;PRS;NEG;TR;ABS(2,PL);ERG(1,EXCL,PL)	ma-ritt-ŋn
ritt	V;PRS;NEG;TR;ABS(3,PL);ERG(2,PL)	ma-i-ritt-ŋ
ritt	V;PRS;POS;TR;ABS(1,EXCL,PL);ERG(2,PL)	rittanama
ritt	V;PRS;POS;TR;ABS(1,SG);ERG(3,SG)	ŋrittŋ
ritt	V;PRS;POS;TR;ABS(2,PL);ERG(3,SG)	rittny
ritt	V;PRS;POS;TR;ABS(2,SG);ERG(3,DU)	urittmina
ritt	V;PRS;POS;TR;ABS(3,PL);ERG(2,SG,FORM)	rittipina
ritt	V;PST;NEG;TR;ABS(1,INCL,DU);ERG(3,PL)	mrittanriwo
ritt	V;PST;NEG;TR;ABS(1,INCL,PL);ERG(3,PL)	na‑rittibā
ritt	V;PST;NEG;TR;ABS(1,SG);ERG(3,PL)	ma‑girittŋa
ritt	V;PST;NEG;TR;ABS(2,SG);ERG(1,EXCL,DU)	ma-ritt-dnei
ritt	V;PST;NEG;TR;ABS(2,SG);ERG(3,SG)	ma‑ritt‑ŋmi
ritt	V;PST;POS;TR;ABS(2,DU);ERG(3,SG)	urittna
ritt	V;PST;POS;TR;ABS(2,PL);ERG(1,EXCL,PL)	rittŋayari
ritt	V;PST;POS;TR;ABS(3,DU);ERG(1,EXCL,DU)	rittamŋ
ritt	V;PST;POS;TR;ABS(3,SG);ERG(1,EXCL,PL)	rittŋi
rol	V;IMP;NEG;TR;ABS(2,PL);ERG(3,DU)	marolsidu
rol	V;IMP;NEG;TR;ABS(2,SG);ERG(3,DU)	maŋorolŋga
rol	V;IMP;POS;TR;ABS(2,DU);ERG(1,EXCL,DU)	ngarolsi
rol	V;PRS;NEG;TR;ABS(1,EXCL,DU);ERG(3,SG)	rol3sg1exclduPRSNEGTR
rol	V;PRS;NEG;TR;ABS(1,SG);ERG(3,DU)	makizrolang
rol	V;PRS;NEG;TR;ABS(2,DU);ERG(1,EXCL,PL)	maŋarolŋ
rol	V;PRS;POS;TR;ABS(1,INCL,DU);ERG(3,DU)	na‑rol‑mua
rol	V;PRS;POS;TR;ABS(2,SG);ERG(1,EXCL,DU)	ŋarolna
rol	V;PRS;POS;TR;ABS(3,DU);ERG(3,PL)	adroln
rol	V;PST;NEG;TR;ABS(1,EXCL,DU);ERG(2,SG,FORM)	ma-narol-ŋi
rol	V;PST;NEG;TR;ABS(1,EXCL,DU);ERG(3,PL)	ŋirolkinapa
rol	V;PST;NEG;TR;ABS(1,SG);ERG(3,PL)	marolpaing
rol	V;PST;NEG;TR;ABS(2,SG);ERG(1,EXCL,PL)	marolpangina
rol	V;PST;NEG;TR;ABS(2,SG);ERG(3,SG)	ma-rol-dŋ
rol	V;PST;NEG;TR;ABS(3,PL);ERG(1,INCL,PL)	ŋarolmis
rol	V;PST;NEG;TR;ABS(3,PL);ERG(3,DU)	marolnsiŋ
rol	V;PST;NEG;TR;ABS(3,SG);ERG(2,SG,FORM)	marolpango
rol	V;PST;POS;TR;ABS(1,SG);ERG(2,PL)	rolmiŋna
rol	V;PST;POS;TR;ABS(3,DU);ERG(1,INCL,DU)	ŋirol‑i
rol	V;PST;POS;TR;ABS(3,SG);ERG(2,PL)	mirolŋna
rot	V;IMP;POS;TR;ABS(2,SG);ERG(1,EXCL,PL)	ŋa‑rot‑i
rot	V;PRS;NEG;TR;ABS(1,SG);ERG(2,DU)	rotna
rot	V;PRS;NEG;TR;ABS(2,DU);ERG(1,EXCL,DU)	maŋirotnasi
rot	V;PRS;NEG;TR;ABS(2,DU);ERG(3,DU)	mirotama
rot	V;PRS;NEG;TR;ABS(2,DU);ERG(3,PL)	rotŋta
rot	V;PRS;NEG;TR;ABS(3,SG);ERG(2,PL)	ŋinmarot
rot	V;PRS;POS;TR;ABS(2,PL);ERG(1,EXCL,PL)	ŋarotami
rot	V;PRS;POS;TR;ABS(3,DU);ERG(3,SG)	rotdu
rot	V;PST;NEG;TR;ABS(1,EXCL,PL);ERG(3,PL)	mairotŋi
rot	V;PST;NEG;TR;ABS(2,PL);ERG(1,EXCL,DU)	marotkangi‑mi
rot	V;PST;NEG;TR;ABS(2,PL);ERG(3,SG)	marotima
rot	V;PST;NEG;TR;ABS(3,PL);ERG(3,DU)	ma‑rot‑ŋa‑ɲ
rot	V;PST;POS;TR;ABS(1,EXCL,DU);ERG(2,DU)	rotnaid
rot	V;PST;POS;TR;ABS(1,EXCL,DU);ERG(3,PL)	rotsimada
rot	V;PST;POS;TR;ABS(1,EXCL,DU);ERG(3,SG)	irotŋdu
rot	V;PST;POS;TR;ABS(1,INCL,PL);ERG(3,DU)	rotnka
rot	V;PST;POS;TR;ABS(2,DU);ERG(3,PL)	barotawim
rot	V;PST;POS;TR;ABS(2,SG);ERG(1,EXCL,PL)	rotriva
rot	V;PST;POS;TR;ABS(3,PL);ERG(3,DU)	rotkana
rot	V;PST;POS;TR;ABS(3,SG);ERG(1,INCL,PL)	ŋarotai
set	V;IMP;NEG;TR;ABS(2,DU);ERG(1,EXCL,DU)	masetidu
set	V;IMP;POS;TR;ABS(2,SG);ERG(3,DU)	ka‑set‑u‑i
set	V;IMP;POS;TR;ABS(2,SG);ERG(3,SG)	setik
set	V;PRS;NEG;TR;ABS(1,INCL,DU);ERG(3,SG)	maŋatimi
set	V;PRS;NEG;TR;ABS(2,DU);ERG(3,DU)	ma-set-gi-ni
set	V;PRS;NEG;TR;ABS(2,SG);ERG(3,PL)	masetiin
set	V;PRS;NEG;TR;ABS(3,PL);ERG(2,DU)	maniseti
set	V;PRS;POS;TR;ABS(1,EXCL,PL);ERG(2,SG,FORM)	isetmi
set	V;PRS;POS;TR;ABS(1,INCL,DU);ERG(3,SG)	nɨsetaki
set	V;PRS;POS;TR;ABS(1,SG);ERG(2,SG,FORM)	setpŋ
set	V;PST;NEG;TR;ABS(1,EXCL,PL);ERG(2,SG,FORM)	masetaniŋi
set	V;PST;NEG;TR;ABS(1,INCL,DU);ERG(3,DU)	ma‑set‑i‑du‑na
set	V;PST;POS;TR;ABS(1,INCL,DU);ERG(3,PL)	setnaŋi
set	V;PST;POS;TR;ABS(2,PL);ERG(3,SG)	setaŋ
set	V;PST;POS;TR;ABS(2,SG);ERG(3,SG)	ŋsetis
set	V;PST;POS;TR;ABS(3,DU);ERG(1,EXCL,PL)	ŋasetpadu
set	V;PST;POS;TR;ABS(3,DU);ERG(3,DU)	setáŋŋ
set	V;PST;POS;TR;ABS(3,PL);ERG(1,EXCL,DU)	ŋasetnai
set	V;PST;POS;TR;ABS(3,PL);ERG(1,INCL,DU)	msetat
set	V;PST;POS;TR;ABS(3,PL);ERG(2,PL)	setra‑nai
sit	V;IMP;NEG;TR;ABS(2,PL);ERG(3,PL)	masitiga
sit	V;IMP;POS;TR;ABS(2,PL);ERG(3,PL)	sit3plERG2plABSimp
sit	V;PRS;NEG;TR;ABS(1,EXCL,DU);ERG(2,SG,FORM)	masitknyi
sit	V;PRS;NEG;TR;ABS(1,EXCL,DU);ERG(3,DU)	ma‑i‑sit‑ŋe
sit	V;PRS;NEG;TR;ABS(2,DU);ERG(3,SG)	masitki
sit	V;PRS;NEG;TR;ABS(2,PL);ERG(1,EXCL,PL)	maŋasitina
sit	V;PRS;NEG;TR;ABS(3,DU);ERG(1,EXCL,DU)	ma-ki-sit-ni
sit	V;PRS;NEG;TR;ABS(3,DU);ERG(3,DU)	ma‑
sit	V;PRS;NEG;TR;ABS(3,SG);ERG(1,INCL,DU)	ma‑ɲi‑sit‑i
sit	V;PRS;POS;TR;ABS(1,EXCL,PL);ERG(2,PL)	sitna
sit	V;PRS;POS;TR;ABS(2,SG);ERG(3,SG)	sitma
sit	V;PST;NEG;TR;ABS(1,EXCL,DU);ERG(2,SG,FORM)	masituke
sit	V;PST;NEG;TR;ABS(1,EXCL,PL);ERG(3,PL)	ma‑sit‑mu‑ni
sit	V;PST;NEG;TR;ABS(2,DU);ERG(1,EXCL,DU)	maŋasitaʔi
sit	V;PST;NEG;TR;ABS(2,DU);ERG(3,DU)	masitpa
sit	V;PST;NEG;TR;ABS(2,PL);ERG(3,SG)	ma‑a‑sit‑ŋ‑d
sit	V;PST;NEG;TR;ABS(3,DU);ERG(1,EXCL,DU)	ŋadusimari
sit	V;PST;NEG;TR;ABS(3,DU);ERG(1,EXCL,PL)	sit‑neg‑pst‑tr‑1exclpl‑3du
sit	V;PST;NEG;TR;ABS(3,PL);ERG(3,SG)	masitdpa
sit	V;PST;POS;TR;ABS(2,PL);ERG(3,SG)	sit_pst_pos_tr_erg3sg_abs2pl
tɛm	V;PRS;NEG;TR;ABS(1,EXCL,PL);ERG(2,SG,FORM)	ŋitɛmaŋ
tɛm	V;PRS;NEG;TR;ABS(2,DU);ERG(1,EXCL,DU)	maŋitɛmi
tɛm	V;PRS;NEG;TR;ABS(2,DU);ERG(3,PL)	matɛmsb
tɛm	V;PRS;NEG;TR;ABS(2,PL);ERG(1,EXCL,DU)	I’m sorry, but I don’t have enough information to produce the requested inflected form.
tɛm	V;PRS;NEG;TR;ABS(2,PL);ERG(3,SG)	ma‑nə‑tɛm‑gi‑i
tɛm	V;PRS;NEG;TR;ABS(3,DU);ERG(1,INCL,PL)	nanɨtɛmba
tɛm	V;PRS;NEG;TR;ABS(3,PL);ERG(1,INCL,DU)	maatɛmi
tɛm	V;PRS;POS;TR;ABS(1,EXCL,PL);ERG(2,DU)	tɛmŋi
tɛm	V;PRS;POS;TR;ABS(1,EXCL,PL);ERG(3,DU)	tɛmaŋŋ
tɛm	V;PRS;POS;TR;ABS(2,PL);ERG(1,SG)	tɛmŋchi
tɛm	V;PRS;POS;TR;ABS(2,PL);ERG(3,PL)	mitɛmni
tɛm	V;PRS;POS;TR;ABS(2,SG);ERG(3,PL)	tɛmŋak
tɛm	V;PRS;POS;TR;ABS(3,DU);ERG(3,DU)	tɛmnia
tɛm	V;PST;NEG;TR;ABS(3,DU);ERG(3,PL)	matɛmaŋi
tɛm	V;PST;NEG;TR;ABS(3,PL);ERG(2,SG,FORM)	maŋitɛmpa
tɛm	V;PST;POS;TR;ABS(1,EXCL,DU);ERG(2,PL)	mitɛmwi
tɛm	V;PST;POS;TR;ABS(1,INCL,DU);ERG(3,DU)	tɛmŋam
tɛm	V;PST;POS;TR;ABS(1,INCL,PL);ERG(3,DU)	tɛmikŋa
tɛm	V;PST;POS;TR;ABS(3,DU);ERG(1,INCL,DU)	ŋatɛmŋ
tɛm	V;PST;POS;TR;ABS(3,DU);ERG(2,PL)	nitɛmpadu
tʰint	V;IMP;NEG;TR;ABS(2,DU);ERG(1,EXCL,DU)	maŋadutʰintduna
tʰint	V;IMP;NEG;TR;ABS(2,DU);ERG(3,DU)	ma‑tʰint‑i‑ŋu
tʰint	V;IMP;NEG;TR;ABS(2,PL);ERG(3,DU)	tʰint-3DU-2PL-IMP-NEG
tʰint	V;IMP;NEG;TR;ABS(2,SG);ERG(3,PL)	maitʰintni
tʰint	V;IMP;NEG;TR;ABS(2,SG);ERG(3,SG)	matʰintɲ
tʰint	V;PRS;NEG;TR;ABS(1,SG);ERG(3,DU)	maʔtʰintraŋa
tʰint	V;PRS;NEG;TR;ABS(1,SG);ERG(3,SG)	maʔtʰintinge
tʰint	V;PRS;NEG;TR;ABS(3,DU);ERG(1,INCL,PL)	maŋi‑tʰint‑e
tʰint	V;PRS;NEG;TR;ABS(3,DU);ERG(2,DU)	manatʰintrɩ
tʰint	V;PRS;NEG;TR;ABS(3,PL);ERG(3,SG)	ma‑tʰintu
tʰint	V;PRS;NEG;TR;ABS(3,SG);ERG(3,DU)	madutʰinta
tʰint	V;PRS;POS;TR;ABS(1,EXCL,PL);ERG(3,SG)	tʰintgana
tʰint	V;PRS;POS;TR;ABS(1,INCL,PL);ERG(3,SG)	tʰintmi
tʰint	V;PRS;POS;TR;ABS(1,SG);ERG(3,SG)	i‑tʰint‑a‑ŋ
tʰint	V;PST;NEG;TR;ABS(3,DU);ERG(2,PL)	mimatʰintiap
tʰint	V;PST;NEG;TR;ABS(3,PL);ERG(2,DU)	ma‑tʰint‑ŋani‑du
tʰint	V;PST;POS;TR;ABS(1,EXCL,DU);ERG(2,DU)	tʰintimna
tʰint	V;PST;POS;TR;ABS(3,DU);ERG(1,EXCL,DU)	tʰintəŋraŋ
tʰint	V;PST;POS;TR;ABS(3,DU);ERG(2,SG,FORM)	tʰintmaŋ
tʰint	V;PST;POS;TR;ABS(3,PL);ERG(3,SG)	tʰintaŋi
tʰol	V;IMP;NEG;TR;ABS(2,PL);ERG(1,EXCL,DU)	ma‑tʰol‑ŋ‑du‑u
tʰol	V;IMP;NEG;TR;ABS(2,SG);ERG(3,PL)	matʰolŋasi
tʰol	V;PRS;NEG;TR;ABS(1,EXCL,DU);ERG(3,PL)	matʰoliŋ
tʰol	V;PRS;NEG;TR;ABS(1,SG);ERG(3,SG)	maatʰolŋi
tʰol	V;PRS;NEG;TR;ABS(2,DU);ERG(1,EXCL,DU)	maŋitʰolaki
tʰol	V;PRS;POS;TR;ABS(1,EXCL,DU);ERG(3,SG)	tʰolin
tʰol	V;PRS;POS;TR;ABS(1,INCL,DU);ERG(3,DU)	ŋitʰola
tʰol	V;PRS;POS;TR;ABS(1,INCL,DU);ERG(3,PL)	nitʰolŋ
tʰol	V;PRS;POS;TR;ABS(1,SG);ERG(3,PL)	itʰolá
tʰol	V;PRS;POS;TR;ABS(3,DU);ERG(3,SG)	ŋtʰol‑i
tʰol	V;PRS;POS;TR;ABS(3,PL);ERG(2,DU)	tʰolpa
tʰol	V;PST;NEG;TR;ABS(1,EXCL,DU);ERG(3,PL)	makatʰoliŋ
tʰol	V;PST;NEG;TR;ABS(2,PL);ERG(1,EXCL,DU)	tʰolnakŋi
tʰol	V;PST;NEG;TR;ABS(3,DU);ERG(1,INCL,DU)	ma‑tʰol‑i‑ŋa
tʰol	V;PST;NEG;TR;ABS(3,SG);ERG(2,PL)	maʔtʰolisi
tʰol	V;PST;POS;TR;ABS(1,EXCL,PL);ERG(2,DU)	ŋatʰolŋi
tʰol	V;PST;POS;TR;ABS(1,INCL,PL);ERG(3,DU)	ŋitʰolmad
tʰol	V;PST;POS;TR;ABS(2,PL);ERG(3,SG)	itʰolani
tʰol	V;PST;POS;TR;ABS(3,DU);ERG(1,INCL,PL)	tʰolŋirika
tʰol	V;PST;POS;TR;ABS(3,DU);ERG(1,SG)	tʰolŋdup
tʰɛpt	V;IMP;POS;TR;ABS(2,SG);ERG(3,DU)	tʰɛpt‑i
tʰɛpt	V;PRS;NEG;TR;ABS(1,EXCL,PL);ERG(2,PL)	maŋatʰɛptŋ
tʰɛpt	V;PRS;NEG;TR;ABS(3,DU);ERG(1,INCL,PL)	ŋi‑tʰɛpt‑ra‑ma
tʰɛpt	V;PRS;NEG;TR;ABS(3,SG);ERG(1,INCL,DU)	maŋitʰɛpt
tʰɛpt	V;PRS;POS;TR;ABS(1,EXCL,PL);ERG(3,SG)	itʰɛptami
tʰɛpt	V;PRS;POS;TR;ABS(2,DU);ERG(1,SG)	tʰɛptminia
tʰɛpt	V;PRS;POS;TR;ABS(2,PL);ERG(3,SG)	ŋtʰɛptni
tʰɛpt	V;PRS;POS;TR;ABS(3,DU);ERG(1,INCL,PL)	ɲi‑tʰɛpɲi
tʰɛpt	V;PRS;POS;TR;ABS(3,SG);ERG(1,EXCL,PL)	tʰɛptiŋə
tʰɛpt	V;PRS;POS;TR;ABS(3,SG);ERG(1,INCL,DU)	tʰɛptdi
tʰɛpt	V;PST;NEG;TR;ABS(1,EXCL,DU);ERG(3,PL)	tʰɛpt‑nə‑ŋi
tʰɛpt	V;PST;NEG;TR;ABS(1,INCL,DU);ERG(3,SG)	ma‑tʰɛpt‑gu‑iŋ
tʰɛpt	V;PST;NEG;TR;ABS(3,PL);ERG(2,SG,FORM)	tʰɛptinaka
tʰɛpt	V;PST;POS;TR;ABS(1,EXCL,DU);ERG(3,SG)	tʰɛptɕiŋ
tʰɛpt	V;PST;POS;TR;ABS(1,SG);ERG(3,DU)	dutʰɛptik
tʰɛpt	V;PST;POS;TR;ABS(2,PL);ERG(3,PL)	aŋtʰɛptimi
tʰɛpt	V;PST;POS;TR;ABS(3,DU);ERG(3,DU)	tʰɛptadu
tʰɛpt	V;PST;POS;TR;ABS(3,PL);ERG(1,EXCL,DU)	tʰɛptŋi
tʰɛpt	V;PST;POS;TR;ABS(3,PL);ERG(2,SG,FORM)	tʰɛptmasi
tʰɛpt	V;PST;POS;TR;ABS(3,SG);ERG(1,EXCL,PL)	ŋa‑tʰɛpt‑i‑a
wɛn	V;IMP;NEG;INTR;ABS(2,SG)	mawɛnna
wɛn	V;IMP;POS;INTR;ABS(2,DU)	wɛne
wɛn	V;NFIN;POS;INTR	wɛn
wɛn	V;PRS;NEG;INTR;ABS(1,EXCL,DU)	mawɛnmi
wɛn	V;PRS;NEG;INTR;ABS(1,EXCL,PL)	mawɛnni
wɛn	V;PRS;NEG;INTR;ABS(1,INCL,DU)	mawɛŋi
wɛn	V;PRS;NEG;INTR;ABS(2,SG)	mawɛ
wɛn	V;PRS;NEG;INTR;ABS(3,DU)	mawɛn
wɛn	V;PRS;POS;INTR;ABS(1,EXCL,PL)	wɛniŋ
wɛn	V;PRS;POS;INTR;ABS(1,INCL,PL)	wɛnaŋi
wɛn	V;PRS;POS;INTR;ABS(3,DU)	I’m sorry, but I don’t have enough information to generate the requested inflected form.
wɛn	V;PRS;POS;INTR;ABS(3,PL)	wɛna
wɛn	V;PST;NEG;INTR;ABS(1,INCL,DU)	mawɛnəŋ
wɛn	V;PST;NEG;INTR;ABS(2,SG)	mawɛnti
wɛn	V;PST;POS;INTR;ABS(1,INCL,DU)	wɛni
wɛn	V;PST;POS;INTR;ABS(1,SG)	wɛnpaŋa
wɛn	V;PST;POS;INTR;ABS(2,PL)	wɛniŋʔ
wɛn	V;PST;POS;INTR;ABS(2,SG)	wɛni
wɛn	V;PST;POS;INTR;ABS(3,DU)	wɛniŋ
wɛn	V;PST;POS;INTR;ABS(3,SG)	wɛna
ɦip	V;IMP;NEG;TR;ABS(2,DU);ERG(1,EXCL,DU)	maŋiɦipra
ɦip	V;IMP;POS;TR;ABS(2,DU);ERG(3,SG)	ɦipirana
ɦip	V;PRS;NEG;TR;ABS(1,SG);ERG(2,SG,FORM)	ŋiŋaɦipna
ɦip	V;PRS;NEG;TR;ABS(3,SG);ERG(1,EXCL,DU)	maɦipŋa
ɦip	V;PRS;NEG;TR;ABS(3,SG);ERG(2,DU)	niɦipna
ɦip	V;PRS;NEG;TR;ABS(3,SG);ERG(3,SG)	maɦipna
ɦip	V;PRS;POS;TR;ABS(1,EXCL,DU);ERG(2,DU)	nuɦipmpu
ɦip	V;PRS;POS;TR;ABS(1,EXCL,PL);ERG(2,DU)	ɦipniŋa
ɦip	V;PRS;POS;TR;ABS(2,DU);ERG(1,SG)	ŋɦip-ɲi
ɦip	V;PST;NEG;TR;ABS(1,INCL,PL);ERG(3,SG)	ɦipmaŋai
ɦip	V;PST;NEG;TR;ABS(1,SG);ERG(3,DU)	miŋɦipna
ɦip	V;PST;NEG;TR;ABS(2,SG);ERG(3,PL)	maŋaɦipŋi
ɦip	V;PST;NEG;TR;ABS(3,DU);ERG(3,DU)	du‑ma‑ɦip‑na‑du
ɦip	V;PST;NEG;TR;ABS(3,PL);ERG(3,DU)	maɦipreŋka
ɦip	V;PST;NEG;TR;ABS(3,SG);ERG(1,EXCL,DU)	maŋiɦipʔa
ɦip	V;PST;NEG;TR;ABS(3,SG);ERG(2,DU)	maɦipaŋt
ɦip	V;PST;POS;TR;ABS(1,EXCL,DU);ERG(3,PL)	kaɦipiŋk
ɦip	V;PST;POS;TR;ABS(1,EXCL,PL);ERG(2,DU)	ɦipmakana
ɦip	V;PST;POS;TR;ABS(1,EXCL,PL);ERG(3,DU)	ɦipŋik
ɦip	V;PST;POS;TR;ABS(3,DU);ERG(2,PL)	ɦipkŋi
ɦont	V;IMP;POS;TR;ABS(2,SG);ERG(3,SG)	ɦontŋi
ɦont	V;PRS;NEG;TR;ABS(1,EXCL,DU);ERG(2,DU)	makiŋaɦonta
ɦont	V;PRS;NEG;TR;ABS(1,SG);ERG(2,DU)	maɦontiŋa
ɦont	V;PRS;NEG;TR;ABS(2,SG);ERG(3,SG)	ɦontmanmi
ɦont	V;PRS;NEG;TR;ABS(3,DU);ERG(1,EXCL,DU)	maŋaɦonti
ɦont	V;PRS;NEG;TR;ABS(3,DU);ERG(1,INCL,DU)	maŋaɦonti
ɦont	V;PRS;NEG;TR;ABS(3,DU);ERG(2,SG,FORM)	maɦontŋkɨ
ɦont	V;PRS;NEG;TR;ABS(3,SG);ERG(1,SG)	maŋaɦont
ɦont	V;PRS;POS;TR;ABS(1,EXCL,PL);ERG(2,DU)	ɦaɦontiŋ
ɦont	V;PRS;POS;TR;ABS(2,PL);ERG(1,EXCL,DU)	ŋaɦontɬi
ɦont	V;PRS;POS;TR;ABS(2,PL);ERG(3,DU)	ŋaɦontsi
ɦont	V;PRS;POS;TR;ABS(2,SG);ERG(1,EXCL,PL)	ŋaɦonti
ɦont	V;PRS;POS;TR;ABS(2,SG);ERG(3,DU)	oɦontki
ɦont	V;PRS;POS;TR;ABS(3,PL);ERG(2,DU)	ɦonttsiʔtɕɲi
ɦont	V;PST;NEG;TR;ABS(2,PL);ERG(3,PL)	ɦontŋkina
ɦont	V;PST;NEG;TR;ABS(2,SG);ERG(1,EXCL,PL)	ɦontŋaɲi
ɦont	V;PST;NEG;TR;ABS(3,DU);ERG(1,EXCL,PL)	maɦontdŋaki
ɦont	V;PST;POS;TR;ABS(2,SG);ERG(1,EXCL,DU)	ɦontniteko
ɦont	V;PST;POS;TR;ABS(3,PL);ERG(2,PL)	I’m sorry, but I don’t have enough information about the specific Khaling inflectional patterns to reliably generate that form.
ɦont	V;PST;POS;TR;ABS(3,SG);ERG(3,SG)	iɦontak
ɦɛm	V;IMP;NEG;TR;ABS(2,PL);ERG(1,EXCL,DU)	maŋaɦɛmɲi
ɦɛm	V;IMP;NEG;TR;ABS(2,SG);ERG(3,SG)	ma-uɦɛmba
ɦɛm	V;IMP;POS;TR;ABS(2,PL);ERG(3,SG)	ɦɛmŋ
ɦɛm	V;PRS;NEG;TR;ABS(1,EXCL,DU);ERG(3,DU)	maɦɛmŋimi
ɦɛm	V;PRS;NEG;TR;ABS(1,SG);ERG(2,SG,FORM)	maɦɛmisiŋ
ɦɛm	V;PRS;NEG;TR;ABS(2,DU);ERG(1,EXCL,PL)	maɦɛmɨŋta
ɦɛm	V;PRS;NEG;TR;ABS(3,DU);ERG(1,EXCL,DU)	ɦɛmiauŋ
ɦɛm	V;PRS;NEG;TR;ABS(3,DU);ERG(1,EXCL,PL)	maɦɛmkani
ɦɛm	V;PRS;NEG;TR;ABS(3,DU);ERG(1,INCL,DU)	maɦɛm-iŋ
ɦɛm	V;PRS;NEG;TR;ABS(3,SG);ERG(2,SG,FORM)	ma-na-ɦɛm-i
ɦɛm	V;PRS;POS;TR;ABS(1,SG);ERG(2,PL)	kŋaɦɛmi
ɦɛm	V;PRS;POS;TR;ABS(2,PL);ERG(3,DU)	ɦɛmkasia
ɦɛm	V;PST;NEG;TR;ABS(1,INCL,PL);ERG(3,PL)	maɦɛmiriŋ
ɦɛm	V;PST;NEG;TR;ABS(1,SG);ERG(3,DU)	maɦɛm‑na‑ŋ‑kʰa
ɦɛm	V;PST;NEG;TR;ABS(3,DU);ERG(1,INCL,DU)	maɦɛmkaŋupa
ɦɛm	V;PST;NEG;TR;ABS(3,SG);ERG(1,EXCL,DU)	maɦɛmɲkəi
ɦɛm	V;PST;POS;TR;ABS(1,EXCL,PL);ERG(2,DU)	iɦɛmna
ɦɛm	V;PST;POS;TR;ABS(1,INCL,DU);ERG(3,SG)	ɦɛmia
ɦɛm	V;PST;POS;TR;ABS(2,PL);ERG(1,EXCL,PL)	ŋɦɛmtɕiŋ
ɦɛm	V;PST;POS;TR;ABS(3,DU);ERG(2,PL)	ɦɛmŋa
ʔi	V;IMP;NEG;INTR;ABS(2,PL)	maʔi-nɨ
ʔi	V;IMP;NEG;INTR;ABS(2,SG)	maʔiŋ
ʔi	V;IMP;POS;INTR;ABS(2,DU)	ʔi‑du
ʔi	V;IMP;POS;INTR;ABS(2,SG)	ʔina
ʔi	V;NFIN;POS;INTR	ʔi
ʔi	V;PRS;NEG;INTR;ABS(1,EXCL,PL)	maʔi‑na
ʔi	V;PRS;NEG;INTR;ABS(1,INCL,DU)	maʔiŋi
ʔi	V;PRS;NEG;INTR;ABS(1,INCL,PL)	maʔiŋ
ʔi	V;PRS;NEG;INTR;ABS(2,SG)	ʔi‑ma
ʔi	V;PRS;NEG;INTR;ABS(3,PL)	ʔimara
ʔi	V;PRS;POS;INTR;ABS(1,EXCL,PL)	ʔiŋ
ʔi	V;PRS;POS;INTR;ABS(1,INCL,DU)	ʔimi
ʔi	V;PRS;POS;INTR;ABS(2,PL)	ʔik
ʔi	V;PRS;POS;INTR;ABS(2,SG)	ʔii
ʔi	V;PRS;POS;INTR;ABS(3,PL)	ʔiŋ
ʔi	V;PST;NEG;INTR;ABS(1,EXCL,PL)	maʔi‑na
ʔi	V;PST;NEG;INTR;ABS(3,SG)	maʔiŋ
ʔi	V;PST;POS;INTR;ABS(1,EXCL,PL)	ʔiŋka
ʔi	V;PST;POS;INTR;ABS(1,SG)	ʔiŋ
ʔi	V;PST;POS;INTR;ABS(2,DU)	ʔiŋ
ʔok	V;IMP;NEG;INTR;ABS(2,SG)	maʔoki
ʔok	V;NFIN;POS;INTR	ʔoki
ʔok	V;PRS;NEG;INTR;ABS(1,INCL,PL)	ʔokmaŋ
ʔok	V;PRS;NEG;INTR;ABS(2,DU)	maʔokɲu
ʔok	V;PRS;NEG;INTR;ABS(2,PL)	naʔokna
ʔok	V;PRS;NEG;INTR;ABS(2,SG)	maʔokɲ
ʔok	V;PRS;NEG;INTR;ABS(3,DU)	imaʔok
ʔok	V;PRS;POS;INTR;ABS(1,INCL,DU)	ʔokma
ʔok	V;PRS;POS;INTR;ABS(1,INCL,PL)	kaʔok
ʔok	V;PRS;POS;INTR;ABS(2,DU)	ʔokini
ʔok	V;PRS;POS;INTR;ABS(3,PL)	ʔok-iŋ
ʔok	V;PRS;POS;INTR;ABS(3,SG)	ʔok
ʔok	V;PST;NEG;INTR;ABS(1,INCL,PL)	maʔokiɂa
ʔok	V;PST;NEG;INTR;ABS(2,DU)	maʔokina
ʔok	V;PST;NEG;INTR;ABS(2,PL)	maʔoknaŋ
ʔok	V;PST;POS;INTR;ABS(1,EXCL,DU)	ʔokŋa
ʔok	V;PST;POS;INTR;ABS(1,SG)	ʔokŋpa
ʔok	V;PST;POS;INTR;ABS(2,PL)	niʔokd
ʔok	V;PST;POS;INTR;ABS(3,DU)	ʔokdi
ʔok	V;PST;POS;INTR;ABS(3,SG)	ʔoki
ʔont	V;IMP;NEG;TR;ABS(2,PL);ERG(1,EXCL,PL)	manʔonti
ʔont	V;IMP;POS;TR;ABS(2,DU);ERG(1,EXCL,PL)	ɲiʔontŋu
ʔont	V;IMP;POS;TR;ABS(2,PL);ERG(3,SG)	ʔontimija
ʔont	V;IMP;POS;TR;ABS(2,SG);ERG(3,SG)	ʔontk
ʔont	V;PRS;NEG;TR;ABS(2,SG);ERG(3,SG)	maŋʔontŋ
ʔont	V;PRS;NEG;TR;ABS(3,DU);ERG(1,EXCL,PL)	maʔontŋna
ʔont	V;PRS;NEG;TR;ABS(3,DU);ERG(2,DU)	mamʔonti
ʔont	V;PRS;NEG;TR;ABS(3,PL);ERG(3,DU)	maʔontŋĩ
ʔont	V;PRS;NEG;TR;ABS(3,SG);ERG(3,SG)	maʔonti
ʔont	V;PRS;POS;TR;ABS(1,EXCL,DU);ERG(2,DU)	ʔontniŋa
ʔont	V;PRS;POS;TR;ABS(1,EXCL,PL);ERG(2,PL)	miʔontana
ʔont	V;PRS;POS;TR;ABS(1,SG);ERG(2,PL)	ŋaʔontina
ʔont	V;PRS;POS;TR;ABS(1,SG);ERG(3,DU)	miʔonti
ʔont	V;PRS;POS;TR;ABS(3,DU);ERG(3,SG)	ʔontari
ʔont	V;PRS;POS;TR;ABS(3,PL);ERG(1,EXCL,DU)	ŋiʔonta
ʔont	V;PST;NEG;TR;ABS(1,EXCL,PL);ERG(2,DU)	maʔontikŋ
ʔont	V;PST;NEG;TR;ABS(1,SG);ERG(2,PL)	ʔontpamareŋa
ʔont	V;PST;NEG;TR;ABS(3,DU);ERG(2,PL)	maʔont-ŋ-ɲ
ʔont	V;PST;POS;TR;ABS(2,SG);ERG(3,SG)	ʔontdŋi
ʔont	V;PST;POS;TR;ABS(3,PL);ERG(2,SG,FORM)	ʔontŋmaba
ʦik	V;IMP;NEG;INTR;ABS(2,PL)	maʦikŋ
ʦik	V;NFIN;POS;INTR	ʦik
ʦik	V;PRS;NEG;INTR;ABS(1,EXCL,PL)	maʦikŋ
ʦik	V;PRS;NEG;INTR;ABS(1,SG)	maʦikŋ
ʦik	V;PRS;NEG;INTR;ABS(2,DU)	maʦikaba
ʦik	V;PRS;NEG;INTR;ABS(2,SG)	maʦikna
ʦik	V;PRS;NEG;INTR;ABS(3,DU)	maʦikŋi
ʦik	V;PRS;POS;INTR;ABS(1,EXCL,DU)	ʦikŋi
ʦik	V;PRS;POS;INTR;ABS(1,EXCL,PL)	ʦikŋu
ʦik	V;PRS;POS;INTR;ABS(1,INCL,PL)	ʦikmi
ʦik	V;PRS;POS;INTR;ABS(2,SG)	naʦik
ʦik	V;PRS;POS;INTR;ABS(3,DU)	ʦikŋa
ʦik	V;PRS;POS;INTR;ABS(3,SG)	ʦik
ʦik	V;PST;NEG;INTR;ABS(1,EXCL,DU)	maʦikŋi
ʦik	V;PST;NEG;INTR;ABS(1,INCL,DU)	ʦiknaare
ʦik	V;PST;NEG;INTR;ABS(1,INCL,PL)	maʦikiŋ
ʦik	V;PST;NEG;INTR;ABS(2,PL)	maʦikni
ʦik	V;PST;NEG;INTR;ABS(2,SG)	maʦiklmi
ʦik	V;PST;POS;INTR;ABS(1,EXCL,PL)	ʦikŋa
ʦik	V;PST;POS;INTR;ABS(3,PL)	ʦik-iŋ
ʦir	V;IMP;NEG;TR;ABS(2,PL);ERG(3,DU)	maʦirke‑si
ʦir	V;PRS;NEG;REFL;ABS(1,EXCL,DU)	maʦirilaŋa
ʦir	V;PRS;NEG;REFL;ABS(1,EXCL,PL)	maʦirami
ʦir	V;PRS;NEG;REFL;ABS(1,INCL,DU)	maʦiriŋ
ʦir	V;PRS;NEG;TR;ABS(1,EXCL,DU);ERG(2,PL)	ma-miʦir-i
ʦir	V;PRS;NEG;TR;ABS(3,PL);ERG(3,DU)	ŋamaʦirŋ
ʦir	V;PRS;POS;TR;ABS(1,EXCL,DU);ERG(2,PL)	ɦiʦiranj
ʦir	V;PRS;POS;TR;ABS(2,DU);ERG(1,EXCL,DU)	ʦirŋaɲi
ʦir	V;PRS;POS;TR;ABS(2,SG);ERG(1,EXCL,DU)	ŋa-ʦir-ŋi
ʦir	V;PRS;POS;TR;ABS(3,DU);ERG(1,INCL,PL)	ʦirmiŋ
ʦir	V;PRS;POS;TR;ABS(3,SG);ERG(1,EXCL,PL)	ʦirŋi
ʦir	V;PRS;POS;TR;ABS(3,SG);ERG(3,PL)	naʦir
ʦir	V;PST;NEG;TR;ABS(2,DU);ERG(3,PL)	maʦirpaiba
ʦir	V;PST;NEG;TR;ABS(3,DU);ERG(3,DU)	maʦirlaŋa
ʦir	V;PST;NEG;TR;ABS(3,PL);ERG(3,DU)	maʦirrduŋa
ʦir	V;PST;POS;TR;ABS(1,EXCL,DU);ERG(3,SG)	sʦiraʔa
ʦir	V;PST;POS;TR;ABS(1,INCL,PL);ERG(3,DU)	iʦirmeŋ
ʦir	V;PST;POS;TR;ABS(1,SG);ERG(2,PL)	miʦiraŋ
ʦir	V;PST;POS;TR;ABS(1,SG);ERG(3,PL)	ʦirangaŋ
ʦir	V;PST;POS;TR;ABS(3,PL);ERG(1,EXCL,PL)	ʦirŋai
ʦʰop	V;IMP;NEG;TR;ABS(2,DU);ERG(3,SG)	maʦʰopnaŋdu
ʦʰop	V;PRS;NEG;TR;ABS(1,EXCL,DU);ERG(3,SG)	maʦʰopai
ʦʰop	V;PRS;NEG;TR;ABS(2,DU);ERG(1,EXCL,DU)	maʦʰopŋŋi
ʦʰop	V;PRS;NEG;TR;ABS(2,PL);ERG(1,EXCL,PL)	maʦʰopŋɚŋi
ʦʰop	V;PRS;NEG;TR;ABS(3,DU);ERG(2,SG,FORM)	maʦʰopsini
ʦʰop	V;PRS;NEG;TR;ABS(3,DU);ERG(3,PL)	naʦʰopŋi
ʦʰop	V;PRS;POS;TR;ABS(1,EXCL,PL);ERG(2,DU)	kaʦʰop‑ci
ʦʰop	V;PRS;POS;TR;ABS(1,EXCL,PL);ERG(2,PL)	ʦʰopnimi
ʦʰop	V;PRS;POS;TR;ABS(1,INCL,PL);ERG(3,PL)	baʦʰopna
ʦʰop	V;PRS;POS;TR;ABS(3,DU);ERG(3,PL)	ŋaʦʰopiŋ
ʦʰop	V;PRS;POS;TR;ABS(3,PL);ERG(1,INCL,PL)	ʦʰop‑ŋa‑na‑m
ʦʰop	V;PRS;POS;TR;ABS(3,SG);ERG(1,INCL,PL)	ʦʰopŋa
ʦʰop	V;PRS;POS;TR;ABS(3,SG);ERG(3,SG)	ʦʰopŋi
ʦʰop	V;PST;NEG;TR;ABS(1,EXCL,DU);ERG(2,SG,FORM)	maʦʰop-pʰi-ra-la
ʦʰop	V;PST;NEG;TR;ABS(3,DU);ERG(1,INCL,DU)	ma-ŋaʦʰop‑ɲ
ʦʰop	V;PST;NEG;TR;ABS(3,DU);ERG(3,PL)	ʦʰopni‑si‑ŋ‑ma
ʦʰop	V;PST;NEG;TR;ABS(3,PL);ERG(1,SG)	ŋiʦʰopa‑na‑i
ʦʰop	V;PST;POS;TR;ABS(1,EXCL,PL);ERG(3,PL)	iʦʰopŋmo
ʦʰop	V;PST;POS;TR;ABS(1,SG);ERG(2,PL)	ʦʰopŋiŋaka
ʦʰop	V;PST;POS;TR;ABS(3,PL);ERG(3,SG)	ʦʰopaŋi
ʦʰɛtt	V;IMP;NEG;REFL;ABS(2,PL)	maʦʰɛttresi
ʦʰɛtt	V;IMP;POS;TR;ABS(2,PL);ERG(1,EXCL,PL)	ŋaʦʰɛttni
ʦʰɛtt	V;IMP;POS;TR;ABS(2,PL);ERG(1,SG)	ʦʰɛttpaŋmi
ʦʰɛtt	V;PRS;NEG;TR;ABS(1,EXCL,PL);ERG(3,SG)	maʦʰɛttimu
ʦʰɛtt	V;PRS;POS;TR;ABS(1,EXCL,PL);ERG(3,DU)	ʦʰɛttanaŋi
ʦʰɛtt	V;PRS;POS;TR;ABS(1,INCL,PL);ERG(3,PL)	ʦʰɛttiŋ
ʦʰɛtt	V;PRS;POS;TR;ABS(2,DU);ERG(1,EXCL,PL)	ŋiʦʰɛtti
ʦʰɛtt	V;PRS;POS;TR;ABS(2,SG);ERG(3,DU)	ŋaʦʰɛttj
ʦʰɛtt	V;PRS;POS;TR;ABS(3,DU);ERG(2,PL)	ʦʰɛttsiŋ
ʦʰɛtt	V;PRS;POS;TR;ABS(3,PL);ERG(3,PL)	ʦʰɛttŋiŋa
ʦʰɛtt	V;PST;NEG;TR;ABS(1,INCL,PL);ERG(3,PL)	maʦʰɛttkangi
ʦʰɛtt	V;PST;NEG;TR;ABS(3,SG);ERG(3,DU)	maʦʰɛttidu
ʦʰɛtt	V;PST;POS;REFL;ABS(1,EXCL,PL)	ʦʰɛttʔi
ʦʰɛtt	V;PST;POS;TR;ABS(1,EXCL,DU);ERG(2,PL)	ʦʰɛttmiŋit
ʦʰɛtt	V;PST;POS;TR;ABS(1,EXCL,PL);ERG(2,SG,FORM)	ʦʰɛttsiŋi
ʦʰɛtt	V;PST;POS;TR;ABS(1,SG);ERG(2,PL)	ʦʰɛttŋɲi
ʦʰɛtt	V;PST;POS;TR;ABS(2,PL);ERG(3,PL)	ʦʰɛtt-ɲŋ
ʦʰɛtt	V;PST;POS;TR;ABS(3,DU);ERG(3,PL)	ʦʰɛttkuni
ʦʰɛtt	V;PST;POS;TR;ABS(3,PL);ERG(1,EXCL,DU)	ʦʰɛttpaŋaŋi
ʦʰɛtt	V;PST;POS;TR;ABS(3,PL);ERG(1,INCL,PL)	ŋʦʰɛtti
test acc Khaling 0.0
