adiníłdíín	V;IND;PFV;NOM(1,GRPL)	adiníłdíín
adiníłdíín	V;IND;PFV;NOM(1,PL)	adiníłdíín
adiníłdíín	V;IND;PFV;NOM(1,SG)	adiníłdíín
adiníłdíín	V;IND;PFV;NOM(2,GRPL)	adiníłdíín
adiníłdíín	V;IND;PFV;NOM(2,PL)	niihníłdíín
adiníłdíín	V;IND;PFV;NOM(2,SG)	adiníłdíín
adiníłdíín	V;IND;PFV;NOM(3,GRPL)	adiníłdíín
adiníłdíín	V;IND;PFV;NOM(3,PL)	wiadiníłdíín
adiníłdíín	V;IND;PFV;NOM(3,SG)	adiníłdíín
adiníłdíín	V;IND;PFV;NOM(4,GRPL)	adiníłdíín
adiníłdíín	V;IND;PFV;NOM(4,PL)	adíníłdííníł
adiníłdíín	V;IND;PFV;NOM(4,SG)	yidiníłdíín
aheełtʼé	V;IND;PFV;NOM(1,GRPL)	aheełtʼé
aheełtʼé	V;IND;PFV;NOM(1,PL)	nihaheełtʼé
aheełtʼé	V;IND;PFV;NOM(1,SG)	shiaheełtʼé
aheełtʼé	V;IND;PFV;NOM(2,GRPL)	daheełtʼé
aheełtʼé	V;IND;PFV;NOM(2,PL)	híaheełtʼé
aheełtʼé	V;IND;PFV;NOM(2,SG)	ni‑aheełtʼé
aheełtʼé	V;IND;PFV;NOM(3,GRPL)	aheełtʼé
aheełtʼé	V;IND;PFV;NOM(3,PL)	aheełtʼé
aheełtʼé	V;IND;PFV;NOM(3,SG)	aheełtʼé
aheełtʼé	V;IND;PFV;NOM(4,GRPL)	yiʼaheełtʼé
aheełtʼé	V;IND;PFV;NOM(4,PL)	naheełtʼé
aheełtʼé	V;IND;PFV;NOM(4,SG)	haheełtʼé
diłhił	V;IND;PFV;NOM(1,GRPL)	nihłhił
diłhił	V;IND;PFV;NOM(1,PL)	niłhił
diłhił	V;IND;PFV;NOM(1,SG)	shidiłhił
diłhił	V;IND;PFV;NOM(2,GRPL)	níłhił
diłhił	V;IND;PFV;NOM(2,PL)	doołhił
diłhił	V;IND;PFV;NOM(2,SG)	diłhił
diłhił	V;IND;PFV;NOM(3,GRPL)	dałhił
diłhił	V;IND;PFV;NOM(3,PL)	idiłhił
diłhił	V;IND;PFV;NOM(3,SG)	diłhił
diłhił	V;IND;PFV;NOM(4,GRPL)	diłhiłígíí
diłhił	V;IND;PFV;NOM(4,PL)	diiłhił
diłhił	V;IND;PFV;NOM(4,SG)	diłhił
diʼil	V;IND;PFV;NOM(1,GRPL)	nidiʼil
diʼil	V;IND;PFV;NOM(1,PL)	nidííl
diʼil	V;IND;PFV;NOM(1,SG)	shidiʼil
diʼil	V;IND;PFV;NOM(2,GRPL)	níłdiʼil
diʼil	V;IND;PFV;NOM(2,PL)	giʼil
diʼil	V;IND;PFV;NOM(2,SG)	nidiʼil
diʼil	V;IND;PFV;NOM(3,GRPL)	diʼilkáá
diʼil	V;IND;PFV;NOM(3,PL)	bidiʼil
diʼil	V;IND;PFV;NOM(3,SG)	diʼil
diʼil	V;IND;PFV;NOM(4,GRPL)	diʼil
diʼil	V;IND;PFV;NOM(4,PL)	diʼilígíí
diʼil	V;IND;PFV;NOM(4,SG)	dadiʼil
hashké	V;IND;IPFV;NOM(1,GRPL)	díyihashké
hashké	V;IND;IPFV;NOM(1,PL)	nihashké
hashké	V;IND;IPFV;NOM(1,SG)	shashké
hashké	V;IND;IPFV;NOM(2,GRPL)	niłhashké
hashké	V;IND;IPFV;NOM(2,PL)	níihashké
hashké	V;IND;IPFV;NOM(2,SG)	hashké
hashké	V;IND;IPFV;NOM(3,GRPL)	hashkéeł
hashké	V;IND;IPFV;NOM(3,PL)	báhashké
hashké	V;IND;IPFV;NOM(3,SG)	hashké
hashké	V;IND;IPFV;NOM(4,GRPL)	dihashké
hashké	V;IND;IPFV;NOM(4,PL)	híhashké
hashké	V;IND;IPFV;NOM(4,SG)	hishké
hashké	V;IND;PFV;NOM(1,GRPL)	nashké
hashké	V;IND;PFV;NOM(1,PL)	niháshké
hashké	V;IND;PFV;NOM(1,SG)	shihashké
hashké	V;IND;PFV;NOM(2,GRPL)	hashké
hashké	V;IND;PFV;NOM(2,PL)	nihashké
hashké	V;IND;PFV;NOM(2,SG)	hashké
hashké	V;IND;PFV;NOM(3,GRPL)	bihashké
hashké	V;IND;PFV;NOM(3,PL)	gihashké
hashké	V;IND;PFV;NOM(3,SG)	hashké
hashké	V;IND;PFV;NOM(4,GRPL)	hashké
hashké	V;IND;PFV;NOM(4,PL)	hashkéígíí
hashké	V;IND;PFV;NOM(4,SG)	hashké
iildlóósh	V;IND;IPFV;NOM(1,GRPL)	niildlóósh
iildlóósh	V;IND;IPFV;NOM(2,GRPL)	iildlóósh
iildlóósh	V;IND;IPFV;NOM(2,PL)	biildlóósh
iildlóósh	V;IND;IPFV;NOM(2,SG)	iildlóósh
iildlóósh	V;IND;IPFV;NOM(3,PL)	iildlóósh
iildlóósh	V;IND;IPFV;NOM(3,SG)	iildlóósh
iildlóósh	V;IND;IPFV;NOM(4,GRPL)	iildlóósh
iildlóósh	V;IND;IPFV;NOM(4,PL)	áiildlóósh
iildlóósh	V;IND;PFV;NOM(1,GRPL)	áiildlóósh
iildlóósh	V;IND;PFV;NOM(1,SG)	shiildlóósh
iildlóósh	V;IND;PFV;NOM(2,GRPL)	iildlóóshí
iildlóósh	V;IND;PFV;NOM(2,PL)	iildlóóní
iildlóósh	V;IND;PFV;NOM(3,GRPL)	iildlóósh
iildlóósh	V;IND;PFV;NOM(3,PL)	iildlóósh
iildlóósh	V;IND;PFV;NOM(3,SG)	iildlóósh
iildlóósh	V;IND;PFV;NOM(4,PL)	iildlóóshígíí
iildlóósh	V;IND;PFV;NOM(4,SG)	yiildlóósh
iildlóósh	V;IND;PROSP;NOM(1,PL)	iildlóósh
iildlóósh	V;IND;PROSP;NOM(1,SG)	iildlóósh
iildlóósh	V;IND;PROSP;NOM(2,SG)	nidiiildlóósh
iildlóósh	V;IND;PROSP;NOM(3,PL)	diildlóósh
iildlóósh	V;IND;PROSP;NOM(4,PL)	híildlóóshígíí
iizǫ́ǫ́s	V;IND;IPFV;NOM(1,GRPL)	nizǫ́ǫ́s
iizǫ́ǫ́s	V;IND;IPFV;NOM(1,PL)	nihíizǫ́ǫ́s
iizǫ́ǫ́s	V;IND;IPFV;NOM(1,SG)	shiizǫ́ǫ́s
iizǫ́ǫ́s	V;IND;IPFV;NOM(2,GRPL)	niizǫ́ǫ́s
iizǫ́ǫ́s	V;IND;IPFV;NOM(3,GRPL)	da'iizǫ́ǫ́s
iizǫ́ǫ́s	V;IND;IPFV;NOM(3,SG)	iizǫ́ǫ́s
iizǫ́ǫ́s	V;IND;IPFV;NOM(4,GRPL)	iizǫ́ǫ́ígíí
iizǫ́ǫ́s	V;IND;IPFV;NOM(4,PL)	iizǫ́ǫ́s
iizǫ́ǫ́s	V;IND;PFV;NOM(1,SG)	shiizǫ́ǫ́s
iizǫ́ǫ́s	V;IND;PFV;NOM(2,GRPL)	niizǫ́ǫ́łį́h
iizǫ́ǫ́s	V;IND;PFV;NOM(2,SG)	nizǫ́ǫ́s
iizǫ́ǫ́s	V;IND;PFV;NOM(3,GRPL)	iizǫ́ǫ́ígíí
iizǫ́ǫ́s	V;IND;PFV;NOM(3,SG)	iizǫ́ǫ́gíí
iizǫ́ǫ́s	V;IND;PFV;NOM(4,GRPL)	ha’iizǫ́ǫ́s
iizǫ́ǫ́s	V;IND;PFV;NOM(4,SG)	yiizǫ́ǫ́s
iizǫ́ǫ́s	V;IND;PROSP;NOM(1,PL)	nihíizǫ́ǫ́s
iizǫ́ǫ́s	V;IND;PROSP;NOM(1,SG)	shi‑iizǫ́ǫ́s
iizǫ́ǫ́s	V;IND;PROSP;NOM(2,GRPL)	iizǫ́ǫ́s
iizǫ́ǫ́s	V;IND;PROSP;NOM(3,GRPL)	iizǫ́ǫ́h
iizǫ́ǫ́s	V;IND;PROSP;NOM(3,SG)	shiizǫ́ǐ́s
iizǫ́ǫ́s	V;IND;PROSP;NOM(4,GRPL)	iizǫ́ǫ́s
iizǫ́ǫ́s	V;IND;PROSP;NOM(4,PL)	iizǫ́ǫ́sh
iizǫ́ǫ́s	V;IND;PROSP;NOM(4,SG)	iizǫ́ǫ́sí
naadá	V;IND;IPFV;NOM(1,GRPL)	dináádá
naadá	V;IND;IPFV;NOM(2,GRPL)	níínaadá
naadá	V;IND;IPFV;NOM(2,SG)	ninaadá
naadá	V;IND;IPFV;NOM(3,GRPL)	naadá
naadá	V;IND;IPFV;NOM(4,SG)	danaadá
naadá	V;IND;PFV;NOM(1,PL)	daadá
naadá	V;IND;PFV;NOM(2,GRPL)	nihiłnaadá
naadá	V;IND;PFV;NOM(2,PL)	kínáadá
naadá	V;IND;PFV;NOM(2,SG)	nínaadá
naadá	V;IND;PFV;NOM(3,GRPL)	danáadá
naadá	V;IND;PFV;NOM(3,PL)	naadá
naadá	V;IND;PFV;NOM(3,SG)	naadá
naadá	V;IND;PFV;NOM(4,GRPL)	naadá
naadá	V;IND;PFV;NOM(4,PL)	naadáłii
naadá	V;IND;PFV;NOM(4,SG)	naadá
naadá	V;IND;PROSP;NOM(1,GRPL)	niyinaadá
naadá	V;IND;PROSP;NOM(1,PL)	nidinaadá
naadá	V;IND;PROSP;NOM(2,GRPL)	naadá
naadá	V;IND;PROSP;NOM(2,SG)	nínaadá
naadá	V;IND;PROSP;NOM(3,GRPL)	yi-naadáá
naadá	V;IND;PROSP;NOM(3,SG)	dinaadá
naadá	V;IND;PROSP;NOM(4,GRPL)	naadá
naadá	V;IND;PROSP;NOM(4,PL)	diyinaadá
naaljooł	V;IND;IPFV;NOM(1,GRPL)	daaljooł
naaljooł	V;IND;IPFV;NOM(1,PL)	daaljooł
naaljooł	V;IND;IPFV;NOM(1,SG)	naaljooł
naaljooł	V;IND;IPFV;NOM(2,GRPL)	naaljooł
naaljooł	V;IND;IPFV;NOM(2,PL)	ninaaljooł
naaljooł	V;IND;IPFV;NOM(3,GRPL)	naaljoołígíí
naaljooł	V;IND;IPFV;NOM(3,SG)	naaljooł
naaljooł	V;IND;IPFV;NOM(4,GRPL)	daaljooł
naaljooł	V;IND;IPFV;NOM(4,PL)	dayinaaljooł
naaljooł	V;IND;PFV;NOM(1,GRPL)	daaljooł
naaljooł	V;IND;PFV;NOM(1,SG)	naaljooł
naaljooł	V;IND;PFV;NOM(2,GRPL)	niáljoołí
naaljooł	V;IND;PFV;NOM(2,PL)	niłááljooł
naaljooł	V;IND;PFV;NOM(3,GRPL)	naaljoołígíí
naaljooł	V;IND;PFV;NOM(3,PL)	naaljooł
naaljooł	V;IND;PFV;NOM(4,PL)	daaljooł
naaljooł	V;IND;PFV;NOM(4,SG)	łaljooł
naaljooł	V;IND;PROSP;NOM(1,GRPL)	daaljooł
naaljooł	V;IND;PROSP;NOM(2,PL)	niłnaaljooł
naaljooł	V;IND;PROSP;NOM(3,PL)	daaljooł
naaljooł	V;IND;PROSP;NOM(3,SG)	naaljooł
naaljooł	V;IND;PROSP;NOM(4,GRPL)	daaljooł
naaljooł	V;IND;PROSP;NOM(4,PL)	daaljooł
naamaas	V;IND;IPFV;NOM(1,GRPL)	naamaas
naamaas	V;IND;IPFV;NOM(1,PL)	niamaas
naamaas	V;IND;IPFV;NOM(1,SG)	shinaamaas
naamaas	V;IND;IPFV;NOM(2,PL)	yiniłnaamaas
naamaas	V;IND;IPFV;NOM(3,PL)	yinamaasł
naamaas	V;IND;IPFV;NOM(3,SG)	naamaas
naamaas	V;IND;IPFV;NOM(4,GRPL)	naamaasígí
naamaas	V;IND;IPFV;NOM(4,PL)	naamaasí
naamaas	V;IND;IPFV;NOM(4,SG)	daamaas
naamaas	V;IND;PFV;NOM(1,PL)	niináamaas
naamaas	V;IND;PFV;NOM(1,SG)	shínaamaas
naamaas	V;IND;PFV;NOM(2,GRPL)	niinaamas
naamaas	V;IND;PFV;NOM(3,GRPL)	naamaasdi
naamaas	V;IND;PFV;NOM(3,PL)	naamaas
naamaas	V;IND;PFV;NOM(3,SG)	naamaas
naamaas	V;IND;PFV;NOM(4,GRPL)	nihinaamaas
naamaas	V;IND;PROSP;NOM(1,PL)	nínaamaasí
naamaas	V;IND;PROSP;NOM(1,SG)	shinaamaas
naamaas	V;IND;PROSP;NOM(2,SG)	ninaamaas
naamaas	V;IND;PROSP;NOM(3,SG)	naamaas
naamaas	V;IND;PROSP;NOM(4,PL)	naamaasí
naamaas	V;IND;PROSP;NOM(4,SG)	naamaas
naataz	V;IND;IPFV;NOM(1,GRPL)	dínaataz
naataz	V;IND;IPFV;NOM(1,SG)	shi‑naataz
naataz	V;IND;IPFV;NOM(2,GRPL)	niinaataz
naataz	V;IND;IPFV;NOM(2,PL)	ni‑naataz
naataz	V;IND;IPFV;NOM(2,SG)	níítaaz
naataz	V;IND;IPFV;NOM(3,GRPL)	naataz
naataz	V;IND;IPFV;NOM(3,PL)	yinaataz
naataz	V;IND;IPFV;NOM(3,SG)	naataz
naataz	V;IND;IPFV;NOM(4,PL)	danaataz
naataz	V;IND;IPFV;NOM(4,SG)	yinaataz
naataz	V;IND;PFV;NOM(1,SG)	shinaataz
naataz	V;IND;PFV;NOM(2,GRPL)	ni‑naataz
naataz	V;IND;PFV;NOM(2,PL)	nianáatz
naataz	V;IND;PFV;NOM(2,SG)	niłnaataz
naataz	V;IND;PFV;NOM(3,GRPL)	naat’áázh
naataz	V;IND;PFV;NOM(3,PL)	yiłnaataz
naataz	V;IND;PFV;NOM(3,SG)	naataz
naataz	V;IND;PROSP;NOM(1,GRPL)	niináátaz
naataz	V;IND;PROSP;NOM(2,GRPL)	nihnaataz
naataz	V;IND;PROSP;NOM(3,PL)	dínaataz
naataz	V;IND;PROSP;NOM(3,SG)	dinaataz
naataz	V;IND;PROSP;NOM(4,GRPL)	dinaatazh
naataz	V;IND;PROSP;NOM(4,SG)	naatazí
neitłeeh	V;IND;IPFV;NOM(1,GRPL)	neitłeeh
neitłeeh	V;IND;IPFV;NOM(1,PL)	neitłeeh
neitłeeh	V;IND;IPFV;NOM(1,SG)	shi‑neetłeeh
neitłeeh	V;IND;IPFV;NOM(2,GRPL)	neitłeeh
neitłeeh	V;IND;IPFV;NOM(2,PL)	niitłeeh
neitłeeh	V;IND;IPFV;NOM(3,GRPL)	yineitłeeh
neitłeeh	V;IND;IPFV;NOM(3,SG)	neitłeeh
neitłeeh	V;IND;IPFV;NOM(4,GRPL)	neitłeeh
neitłeeh	V;IND;IPFV;NOM(4,PL)	neitłeeh
neitłeeh	V;IND;IPFV;NOM(4,SG)	yitłeeh
neitłeeh	V;IND;PFV;NOM(1,PL)	niitłeeh
neitłeeh	V;IND;PFV;NOM(2,GRPL)	neitłeeh
neitłeeh	V;IND;PFV;NOM(2,SG)	neitłeeh
neitłeeh	V;IND;PFV;NOM(3,GRPL)	neitłeehí
neitłeeh	V;IND;PFV;NOM(4,SG)	neitłeeh
neitłeeh	V;IND;PROSP;NOM(1,GRPL)	dítłeeh
neitłeeh	V;IND;PROSP;NOM(1,PL)	niitłeeh
neitłeeh	V;IND;PROSP;NOM(2,PL)	didootłeeh
neitłeeh	V;IND;PROSP;NOM(2,SG)	nítłeeh
neitłeeh	V;IND;PROSP;NOM(3,GRPL)	neitłeeh
neitłeeh	V;IND;PROSP;NOM(4,GRPL)	neitłeeh
neitłeeh	V;IND;PROSP;NOM(4,PL)	shi neitłeeh
neitłeeh	V;IND;PROSP;NOM(4,SG)	díneitłeeh
neiłbąąs	V;IND;IPFV;NOM(1,GRPL)	niłbąąs
neiłbąąs	V;IND;IPFV;NOM(3,GRPL)	dineiłbąąs
neiłbąąs	V;IND;IPFV;NOM(3,PL)	yiłbąąs
neiłbąąs	V;IND;IPFV;NOM(4,PL)	neiłbąąs
neiłbąąs	V;IND;PFV;NOM(1,GRPL)	neiłbąąs
neiłbąąs	V;IND;PFV;NOM(1,PL)	nihį́łbą́ąs
neiłbąąs	V;IND;PFV;NOM(1,SG)	shiłbąąs
neiłbąąs	V;IND;PFV;NOM(2,GRPL)	neiłbąąsi
neiłbąąs	V;IND;PFV;NOM(2,PL)	ji-neiłbąąs
neiłbąąs	V;IND;PFV;NOM(2,SG)	niłbąąs
neiłbąąs	V;IND;PFV;NOM(3,GRPL)	neiłbąąs
neiłbąąs	V;IND;PFV;NOM(3,PL)	di-neiłbąąs
neiłbąąs	V;IND;PFV;NOM(3,SG)	neiłbąąs
neiłbąąs	V;IND;PFV;NOM(4,GRPL)	neiłbąąsh
neiłbąąs	V;IND;PFV;NOM(4,SG)	yi-neiłbąąs
neiłbąąs	V;IND;PROSP;NOM(1,PL)	neiłbąąs
neiłbąąs	V;IND;PROSP;NOM(2,GRPL)	nidiłbąąs
neiłbąąs	V;IND;PROSP;NOM(2,PL)	jiniłbąąs
neiłbąąs	V;IND;PROSP;NOM(3,PL)	neiłbąąs
neiłbąąs	V;IND;PROSP;NOM(3,SG)	neiłbąąs
neiłbąąs	V;IND;PROSP;NOM(4,GRPL)	da-neiłbąąs
neiłbąąs	V;IND;PROSP;NOM(4,PL)	yi-neiłbąąs
neiłbąąs	V;IND;PROSP;NOM(4,SG)	yi-neiłbąąs
neiłgizh	V;IND;IPFV;NOM(2,GRPL)	neiłgizh
neiłgizh	V;IND;IPFV;NOM(2,PL)	neiłgizh
neiłgizh	V;IND;IPFV;NOM(3,PL)	neiłgizh
neiłgizh	V;IND;IPFV;NOM(3,SG)	neiłgizh
neiłgizh	V;IND;IPFV;NOM(4,GRPL)	díłgizh
neiłgizh	V;IND;IPFV;NOM(4,SG)	neiłgizh
neiłgizh	V;IND;PFV;NOM(1,PL)	nihíneiłgizh
neiłgizh	V;IND;PFV;NOM(1,SG)	shiłgizh
neiłgizh	V;IND;PFV;NOM(2,GRPL)	neiłgizhígí
neiłgizh	V;IND;PFV;NOM(2,PL)	niłgizh
neiłgizh	V;IND;PFV;NOM(2,SG)	niłgizh
neiłgizh	V;IND;PFV;NOM(3,GRPL)	neiłgizh
neiłgizh	V;IND;PFV;NOM(3,SG)	neiłgizh
neiłgizh	V;IND;PFV;NOM(4,SG)	yiłgizh
neiłgizh	V;IND;PROSP;NOM(1,GRPL)	neiłgizh
neiłgizh	V;IND;PROSP;NOM(1,PL)	niłgizh
neiłgizh	V;IND;PROSP;NOM(2,GRPL)	gineiłgizh
neiłgizh	V;IND;PROSP;NOM(2,PL)	neiłgizh
neiłgizh	V;IND;PROSP;NOM(2,SG)	nidineiłgizh
neiłgizh	V;IND;PROSP;NOM(3,GRPL)	neiłgizhígíí
neiłgizh	V;IND;PROSP;NOM(3,SG)	yineiłgizh
neiłgizh	V;IND;PROSP;NOM(4,GRPL)	neiłgizhí
neiłgizh	V;IND;PROSP;NOM(4,SG)	yineiłgizh
neiłmaas	V;IND;IPFV;NOM(1,SG)	shiłmaas
neiłmaas	V;IND;IPFV;NOM(2,GRPL)	gáiłmaas
neiłmaas	V;IND;IPFV;NOM(2,SG)	niłmaas
neiłmaas	V;IND;IPFV;NOM(3,GRPL)	hiłmaas
neiłmaas	V;IND;IPFV;NOM(3,PL)	dayiłmaas
neiłmaas	V;IND;IPFV;NOM(3,SG)	neiłmaas
neiłmaas	V;IND;IPFV;NOM(4,PL)	neiłmaas
neiłmaas	V;IND;IPFV;NOM(4,SG)	hnaneiłmaas
neiłmaas	V;IND;PFV;NOM(1,PL)	niiłneiłmaas
neiłmaas	V;IND;PFV;NOM(2,GRPL)	da'neiłmaas
neiłmaas	V;IND;PFV;NOM(2,PL)	niłmaas
neiłmaas	V;IND;PFV;NOM(2,SG)	níłmaas
neiłmaas	V;IND;PFV;NOM(3,GRPL)	neiłmaas
neiłmaas	V;IND;PFV;NOM(3,PL)	ááneiłmaas
neiłmaas	V;IND;PFV;NOM(3,SG)	neiłmaas
neiłmaas	V;IND;PFV;NOM(4,GRPL)	neiłmaasí
neiłmaas	V;IND;PROSP;NOM(1,GRPL)	neiłmaas
neiłmaas	V;IND;PROSP;NOM(1,PL)	nihíneiłmaas
neiłmaas	V;IND;PROSP;NOM(2,GRPL)	dinimaas
neiłmaas	V;IND;PROSP;NOM(2,SG)	ndiłmaas
neiłmaas	V;IND;PROSP;NOM(3,GRPL)	yi‑di‑neiłmaas
neiłmaas	V;IND;PROSP;NOM(3,SG)	neiłmaas
neiłmaas	V;IND;PROSP;NOM(4,SG)	yiłmaas
neiłtseed	V;IND;IPFV;NOM(1,GRPL)	nihíłtseed
neiłtseed	V;IND;IPFV;NOM(1,PL)	shiłtseed
neiłtseed	V;IND;IPFV;NOM(2,GRPL)	niłtseed
neiłtseed	V;IND;IPFV;NOM(2,PL)	niháłtseed
neiłtseed	V;IND;IPFV;NOM(4,PL)	neiłtseed
neiłtseed	V;IND;IPFV;NOM(4,SG)	neiłtseed
neiłtseed	V;IND;PFV;NOM(1,GRPL)	niiltseed
neiłtseed	V;IND;PFV;NOM(1,PL)	niłtseed
neiłtseed	V;IND;PFV;NOM(1,SG)	shineiłtseed
neiłtseed	V;IND;PFV;NOM(2,GRPL)	niłtseed
neiłtseed	V;IND;PFV;NOM(3,GRPL)	neiłtseed
neiłtseed	V;IND;PFV;NOM(3,PL)	neiłtseed
neiłtseed	V;IND;PFV;NOM(3,SG)	neiłtseed
neiłtseed	V;IND;PFV;NOM(4,GRPL)	neiłtseedł
neiłtseed	V;IND;PFV;NOM(4,PL)	biłtseed
neiłtseed	V;IND;PROSP;NOM(1,GRPL)	niłtseed
neiłtseed	V;IND;PROSP;NOM(1,PL)	neiłtseed
neiłtseed	V;IND;PROSP;NOM(1,SG)	shi-neiłtseed
neiłtseed	V;IND;PROSP;NOM(2,GRPL)	neiłtseed
neiłtseed	V;IND;PROSP;NOM(2,SG)	neiłtseed
neiłtseed	V;IND;PROSP;NOM(3,PL)	neiłtseed
neiłtseed	V;IND;PROSP;NOM(3,SG)	neiłtseed
neiłtseed	V;IND;PROSP;NOM(4,SG)	neiłtseed
neiłtʼiʼ	V;IND;IPFV;NOM(1,GRPL)	níiłtʼiʼ
neiłtʼiʼ	V;IND;IPFV;NOM(1,PL)	nízhneiłtʼiʼ
neiłtʼiʼ	V;IND;IPFV;NOM(2,GRPL)	neiłtʼiʼ
neiłtʼiʼ	V;IND;IPFV;NOM(3,GRPL)	yi‑neiłtʼiʼ
neiłtʼiʼ	V;IND;IPFV;NOM(3,PL)	yiłtʼiʼ
neiłtʼiʼ	V;IND;IPFV;NOM(3,SG)	neiłtʼiʼ
neiłtʼiʼ	V;IND;IPFV;NOM(4,PL)	yineiłtʼiʼ
neiłtʼiʼ	V;IND;PFV;NOM(1,GRPL)	neiłtʼiʼ
neiłtʼiʼ	V;IND;PFV;NOM(1,SG)	shineiłtʼiʼł
neiłtʼiʼ	V;IND;PFV;NOM(2,GRPL)	niihiłtʼiʼ
neiłtʼiʼ	V;IND;PFV;NOM(2,PL)	nishłtʼiʼ
neiłtʼiʼ	V;IND;PFV;NOM(2,SG)	neiłtʼiʼ
neiłtʼiʼ	V;IND;PFV;NOM(3,SG)	yiłtʼiʼ
neiłtʼiʼ	V;IND;PFV;NOM(4,PL)	yiłtʼiʼ
neiłtʼiʼ	V;IND;PFV;NOM(4,SG)	yineiłtʼiʼ
neiłtʼiʼ	V;IND;PROSP;NOM(1,GRPL)	neiłtʼiʼ
neiłtʼiʼ	V;IND;PROSP;NOM(1,PL)	neiłtʼił
neiłtʼiʼ	V;IND;PROSP;NOM(1,SG)	shidineiłtʼiʼ
neiłtʼiʼ	V;IND;PROSP;NOM(2,PL)	niłtʼiʼ
neiłtʼiʼ	V;IND;PROSP;NOM(2,SG)	niłtʼiʼ
neiłtʼiʼ	V;IND;PROSP;NOM(3,PL)	yi-neiłtʼiʼ
neiłtʼiʼ	V;IND;PROSP;NOM(4,PL)	neiłtʼiʼ
neiłtʼiʼ	V;IND;PROSP;NOM(4,SG)	neiłtʼiʼ
neiʼeesh	V;IND;IPFV;NOM(1,PL)	niʼeesh
neiʼeesh	V;IND;IPFV;NOM(1,SG)	shi‑neʼeesh
neiʼeesh	V;IND;IPFV;NOM(2,GRPL)	niłiʼeesh
neiʼeesh	V;IND;IPFV;NOM(2,PL)	niihʼeesh
neiʼeesh	V;IND;IPFV;NOM(2,SG)	níʼeesh
neiʼeesh	V;IND;IPFV;NOM(3,PL)	yiʼeesh
neiʼeesh	V;IND;IPFV;NOM(4,SG)	neiʼeesh
neiʼeesh	V;IND;PFV;NOM(1,PL)	neiʼeesh
neiʼeesh	V;IND;PFV;NOM(1,SG)	shineiʼeesh
neiʼeesh	V;IND;PFV;NOM(2,GRPL)	niinéésí
neiʼeesh	V;IND;PFV;NOM(2,PL)	neiʼeesh
neiʼeesh	V;IND;PFV;NOM(2,SG)	niʼeesh
neiʼeesh	V;IND;PFV;NOM(3,GRPL)	neiʼeesh
neiʼeesh	V;IND;PFV;NOM(4,GRPL)	neiʼeeshígíí
neiʼeesh	V;IND;PROSP;NOM(1,GRPL)	nihíneiʼeesh
neiʼeesh	V;IND;PROSP;NOM(1,SG)	shiʼeesh
neiʼeesh	V;IND;PROSP;NOM(2,GRPL)	niʼeesh
neiʼeesh	V;IND;PROSP;NOM(2,SG)	nineiʼeesh
neiʼeesh	V;IND;PROSP;NOM(3,GRPL)	yiʼneiʼeesh
neiʼeesh	V;IND;PROSP;NOM(3,PL)	dadíneiʼéesh
neiʼeesh	V;IND;PROSP;NOM(4,GRPL)	daʼneiʼeeshł
neiʼeesh	V;IND;PROSP;NOM(4,PL)	niʼeesh
neiʼeesh	V;IND;PROSP;NOM(4,SG)	hiniiʼeesh
noodǫ́ǫ́z	V;IND;PFV;NOM(1,GRPL)	ninoodǫ́ǫz
noodǫ́ǫ́z	V;IND;PFV;NOM(1,PL)	nihnoodǫ́ǫ́z
noodǫ́ǫ́z	V;IND;PFV;NOM(1,SG)	shínoodǫ́ǫ́z
noodǫ́ǫ́z	V;IND;PFV;NOM(2,GRPL)	niidóóz
noodǫ́ǫ́z	V;IND;PFV;NOM(2,PL)	ni-noodǫ́ǫz
noodǫ́ǫ́z	V;IND;PFV;NOM(2,SG)	ni-noodǫ́ǫz
noodǫ́ǫ́z	V;IND;PFV;NOM(3,GRPL)	danoodǫ́ǫ́z
noodǫ́ǫ́z	V;IND;PFV;NOM(3,PL)	noodǫ́ǫ́z
noodǫ́ǫ́z	V;IND;PFV;NOM(3,SG)	binoodǫ́ǫz
noodǫ́ǫ́z	V;IND;PFV;NOM(4,GRPL)	noodǫ́ǫ́zh
noodǫ́ǫ́z	V;IND;PFV;NOM(4,PL)	yiihnoodǫ́ǫ́z
noodǫ́ǫ́z	V;IND;PFV;NOM(4,SG)	noodǫ́ǫ́z
yichʼid	V;IND;IPFV;NOM(1,GRPL)	nichʼid
yichʼid	V;IND;IPFV;NOM(1,SG)	shichʼid
yichʼid	V;IND;IPFV;NOM(2,GRPL)	yichʼid
yichʼid	V;IND;IPFV;NOM(2,PL)	niichʼid
yichʼid	V;IND;IPFV;NOM(3,GRPL)	yichʼid
yichʼid	V;IND;IPFV;NOM(3,PL)	bichʼid
yichʼid	V;IND;IPFV;NOM(3,SG)	yichʼid
yichʼid	V;IND;IPFV;NOM(4,GRPL)	bichʼid
yichʼid	V;IND;IPFV;NOM(4,SG)	yichʼid
yichʼid	V;IND;PFV;NOM(1,SG)	shichʼid
yichʼid	V;IND;PFV;NOM(2,GRPL)	yichʼid
yichʼid	V;IND;PFV;NOM(2,PL)	yichʼid
yichʼid	V;IND;PFV;NOM(2,SG)	nichʼid
yichʼid	V;IND;PFV;NOM(3,GRPL)	yichʼid
yichʼid	V;IND;PFV;NOM(3,SG)	yichʼid
yichʼid	V;IND;PFV;NOM(4,PL)	hachʼidił
yichʼid	V;IND;PROSP;NOM(1,GRPL)	dichʼid
yichʼid	V;IND;PROSP;NOM(1,PL)	dichʼid
yichʼid	V;IND;PROSP;NOM(2,PL)	nidichʼid
yichʼid	V;IND;PROSP;NOM(2,SG)	nichʼid
yichʼid	V;IND;PROSP;NOM(3,GRPL)	yichʼid
yichʼid	V;IND;PROSP;NOM(3,SG)	yidichʼid
yichʼid	V;IND;PROSP;NOM(4,PL)	yichʼidił
yidiitsʼį́į́h	V;IND;IPFV;NOM(1,GRPL)	yidiitsʼį́į́h
yidiitsʼį́į́h	V;IND;IPFV;NOM(1,PL)	nidii tsʼį́į́h
yidiitsʼį́į́h	V;IND;IPFV;NOM(1,SG)	shiditsʼį́į́h
yidiitsʼį́į́h	V;IND;IPFV;NOM(2,PL)	didiitsʼį́įh
yidiitsʼį́į́h	V;IND;IPFV;NOM(2,SG)	yidiitsʼį́į́h
yidiitsʼį́į́h	V;IND;IPFV;NOM(3,SG)	yidiitsʼį́į́h
yidiitsʼį́į́h	V;IND;IPFV;NOM(4,GRPL)	hadiitsʼį́į́h
yidiitsʼį́į́h	V;IND;PFV;NOM(1,GRPL)	nidiitsʼį́į́h
yidiitsʼį́į́h	V;IND;PFV;NOM(1,PL)	nidiitsʼį́į́h
yidiitsʼį́į́h	V;IND;PFV;NOM(1,SG)	shidiitsʼį́į́h
yidiitsʼį́į́h	V;IND;PFV;NOM(2,PL)	yidiitsʼį́į́h
yidiitsʼį́į́h	V;IND;PFV;NOM(2,SG)	yidiitsʼį́į́h
yidiitsʼį́į́h	V;IND;PFV;NOM(3,GRPL)	yidiitsʼį́į́h
yidiitsʼį́į́h	V;IND;PFV;NOM(3,SG)	yidiitsʼį́į́h
yidiitsʼį́į́h	V;IND;PFV;NOM(4,GRPL)	yidiitsʼį́į́hígíí
yidiitsʼį́į́h	V;IND;PFV;NOM(4,PL)	yidiitsʼį́į́h
yidiitsʼį́į́h	V;IND;PFV;NOM(4,SG)	yidiitsʼį́į́h
yidiitsʼį́į́h	V;IND;PROSP;NOM(1,GRPL)	nidiitsʼį́į́h
yidiitsʼį́į́h	V;IND;PROSP;NOM(1,SG)	shidiitsʼį́į́h
yidiitsʼį́į́h	V;IND;PROSP;NOM(2,GRPL)	nidiitsʼį́į́h
yidiitsʼį́į́h	V;IND;PROSP;NOM(2,PL)	yidiitsʼį́į́h
yidiitsʼį́į́h	V;IND;PROSP;NOM(3,GRPL)	yidiitsʼį́į́h
yidiitsʼį́į́h	V;IND;PROSP;NOM(4,GRPL)	yidiitsʼį́į́h
yigeeh	V;IND;IPFV;NOM(1,GRPL)	yigeeh
yigeeh	V;IND;IPFV;NOM(1,SG)	shigeeh
yigeeh	V;IND;IPFV;NOM(2,GRPL)	ʼáyigeeh
yigeeh	V;IND;IPFV;NOM(2,SG)	nigeeh
yigeeh	V;IND;IPFV;NOM(3,GRPL)	yigeeh
yigeeh	V;IND;IPFV;NOM(3,PL)	yigeeh
yigeeh	V;IND;IPFV;NOM(3,SG)	yigeeh
yigeeh	V;IND;IPFV;NOM(4,GRPL)	yigeeh
yigeeh	V;IND;IPFV;NOM(4,SG)	diyigeeh
yigeeh	V;IND;PFV;NOM(1,GRPL)	nihígeeh
yigeeh	V;IND;PFV;NOM(1,PL)	niyigeeh
yigeeh	V;IND;PFV;NOM(2,GRPL)	yigeeh
yigeeh	V;IND;PFV;NOM(2,PL)	niihgeeh
yigeeh	V;IND;PFV;NOM(3,PL)	yigeeh
yigeeh	V;IND;PFV;NOM(3,SG)	yigeeh
yigeeh	V;IND;PROSP;NOM(1,SG)	shiyigeeh
yigeeh	V;IND;PROSP;NOM(2,GRPL)	niyigeeh
yigeeh	V;IND;PROSP;NOM(3,GRPL)	yigeeh
yigeeh	V;IND;PROSP;NOM(3,PL)	yigeeh
yigeeh	V;IND;PROSP;NOM(4,GRPL)	yigeeh
yigeeh	V;IND;PROSP;NOM(4,PL)	áyigeeh
yigeeh	V;IND;PROSP;NOM(4,SG)	yiłgeeh
yighááh	V;IND;IPFV;NOM(1,GRPL)	iighááh
yighááh	V;IND;IPFV;NOM(1,SG)	shiyighááh
yighááh	V;IND;IPFV;NOM(2,GRPL)	díghááh
yighááh	V;IND;IPFV;NOM(2,PL)	niigááh
yighááh	V;IND;IPFV;NOM(2,SG)	nighááh
yighááh	V;IND;IPFV;NOM(3,PL)	yíghááh
yighááh	V;IND;IPFV;NOM(3,SG)	yighááh
yighááh	V;IND;IPFV;NOM(4,GRPL)	iighááh
yighááh	V;IND;IPFV;NOM(4,PL)	yighááh
yighááh	V;IND;PFV;NOM(1,GRPL)	nighááh
yighááh	V;IND;PFV;NOM(1,PL)	nihghááh
yighááh	V;IND;PFV;NOM(1,SG)	shiyighááh
yighááh	V;IND;PFV;NOM(2,GRPL)	gighááh
yighááh	V;IND;PFV;NOM(3,GRPL)	yighááhígí
yighááh	V;IND;PFV;NOM(4,GRPL)	yighááhígíí
yighááh	V;IND;PFV;NOM(4,SG)	ghááh
yighááh	V;IND;PROSP;NOM(1,GRPL)	yighááh
yighááh	V;IND;PROSP;NOM(1,PL)	nihidiyighááh
yighááh	V;IND;PROSP;NOM(2,GRPL)	dayighááh
yighááh	V;IND;PROSP;NOM(3,PL)	díghááh
yighááh	V;IND;PROSP;NOM(3,SG)	yighááh
yighááh	V;IND;PROSP;NOM(4,PL)	yidighááh
yighááh	V;IND;PROSP;NOM(4,SG)	yighááh
yigoh	V;IND;PFV;NOM(1,GRPL)	nihígoh
yigoh	V;IND;PFV;NOM(1,PL)	nihigoh
yigoh	V;IND;PFV;NOM(1,SG)	shigoh
yigoh	V;IND;PFV;NOM(2,GRPL)	bagoh
yigoh	V;IND;PFV;NOM(2,PL)	niigoh
yigoh	V;IND;PFV;NOM(2,SG)	yigoh
yigoh	V;IND;PFV;NOM(3,GRPL)	yigoh
yigoh	V;IND;PFV;NOM(3,PL)	yigoh
yigoh	V;IND;PFV;NOM(3,SG)	yigoh
yigoh	V;IND;PFV;NOM(4,GRPL)	yigoh
yigoh	V;IND;PFV;NOM(4,PL)	yigoh
yigoh	V;IND;PFV;NOM(4,SG)	yigoh
yijeeh	V;IND;IPFV;NOM(1,GRPL)	sijeeh
yijeeh	V;IND;IPFV;NOM(1,PL)	nijeeh
yijeeh	V;IND;IPFV;NOM(1,SG)	shijeeh
yijeeh	V;IND;IPFV;NOM(2,GRPL)	nijeeh
yijeeh	V;IND;IPFV;NOM(2,PL)	tijééh
yijeeh	V;IND;IPFV;NOM(3,PL)	yijééʼ
yijeeh	V;IND;IPFV;NOM(3,SG)	yijeeh
yijeeh	V;IND;IPFV;NOM(4,PL)	yijeeh
yijeeh	V;IND;IPFV;NOM(4,SG)	hijeeh
yijeeh	V;IND;PFV;NOM(1,PL)	nijeeh
yijeeh	V;IND;PFV;NOM(1,SG)	shijeeh
yijeeh	V;IND;PFV;NOM(2,GRPL)	hijijeehí
yijeeh	V;IND;PFV;NOM(2,PL)	yijeeh
yijeeh	V;IND;PFV;NOM(3,PL)	dijeeh
yijeeh	V;IND;PFV;NOM(3,SG)	yijééh
yijeeh	V;IND;PFV;NOM(4,SG)	jéeh
yijeeh	V;IND;PROSP;NOM(1,GRPL)	níjééh
yijeeh	V;IND;PROSP;NOM(1,PL)	yijíh
yijeeh	V;IND;PROSP;NOM(1,SG)	shidijeeh
yijeeh	V;IND;PROSP;NOM(2,GRPL)	yijeeh
yijeeh	V;IND;PROSP;NOM(2,SG)	nidijééh
yijeeh	V;IND;PROSP;NOM(4,GRPL)	yijeehígíí
yijeeh	V;IND;PROSP;NOM(4,PL)	yijeehí
yijį́į́ł	V;IND;PFV;NOM(1,GRPL)	ijį́į́ł
yijį́į́ł	V;IND;PFV;NOM(1,PL)	nijį́į́ł
yijį́į́ł	V;IND;PFV;NOM(1,SG)	shijį́į́ł
yijį́į́ł	V;IND;PFV;NOM(2,GRPL)	yijį́į́ł
yijį́į́ł	V;IND;PFV;NOM(2,PL)	nijį́į́ł
yijį́į́ł	V;IND;PFV;NOM(2,SG)	yijį́į́ł
yijį́į́ł	V;IND;PFV;NOM(3,GRPL)	yijį́į́ł
yijį́į́ł	V;IND;PFV;NOM(3,PL)	yijį́į́ł
yijį́į́ł	V;IND;PFV;NOM(3,SG)	yijį́į́ł
yijį́į́ł	V;IND;PFV;NOM(4,GRPL)	yijį́į́łígíí
yijį́į́ł	V;IND;PFV;NOM(4,PL)	yijį́į́ł
yijį́į́ł	V;IND;PFV;NOM(4,SG)	hijį́į́ł
yiltłʼééł	V;IND;PFV;NOM(1,GRPL)	niltłʼééłígíí
yiltłʼééł	V;IND;PFV;NOM(1,PL)	nitłʼééł
yiltłʼééł	V;IND;PFV;NOM(1,SG)	shiltłʼééł
yiltłʼééł	V;IND;PFV;NOM(2,GRPL)	niltłʼééł
yiltłʼééł	V;IND;PFV;NOM(2,PL)	níiltłʼééł
yiltłʼééł	V;IND;PFV;NOM(2,SG)	nítłʼééł
yiltłʼééł	V;IND;PFV;NOM(3,GRPL)	yiltłʼééł
yiltłʼééł	V;IND;PFV;NOM(3,PL)	yiltłʼééł
yiltłʼééł	V;IND;PFV;NOM(3,SG)	yiltłʼééł
yiltłʼééł	V;IND;PFV;NOM(4,GRPL)	yiltłʼééł
yiltłʼééł	V;IND;PFV;NOM(4,PL)	hiltłʼééł
yiltłʼééł	V;IND;PFV;NOM(4,SG)	siltłʼééł
yilʼaah	V;IND;IPFV;NOM(1,PL)	nihilʼaah
yilʼaah	V;IND;IPFV;NOM(1,SG)	yilʼaah
yilʼaah	V;IND;IPFV;NOM(2,GRPL)	jilʼaah
yilʼaah	V;IND;IPFV;NOM(2,PL)	dilʼaah
yilʼaah	V;IND;IPFV;NOM(2,SG)	nilʼaah
yilʼaah	V;IND;IPFV;NOM(3,GRPL)	yilʼaah
yilʼaah	V;IND;IPFV;NOM(3,PL)	yilʼaah
yilʼaah	V;IND;IPFV;NOM(4,GRPL)	yilʼáhígíí
yilʼaah	V;IND;IPFV;NOM(4,PL)	yilʼaah
yilʼaah	V;IND;IPFV;NOM(4,SG)	yilʼaah
yilʼaah	V;IND;PFV;NOM(1,GRPL)	nílʼááh
yilʼaah	V;IND;PFV;NOM(1,PL)	nihilʼáh
yilʼaah	V;IND;PFV;NOM(2,GRPL)	doolʼaah
yilʼaah	V;IND;PFV;NOM(2,PL)	nilʼaah
yilʼaah	V;IND;PFV;NOM(2,SG)	nilʼaah
yilʼaah	V;IND;PFV;NOM(3,GRPL)	yilʼaah
yilʼaah	V;IND;PFV;NOM(3,PL)	yiłááh
yilʼaah	V;IND;PFV;NOM(4,SG)	yilʼaah
yilʼaah	V;IND;PROSP;NOM(1,SG)	shiyilʼaah
yilʼaah	V;IND;PROSP;NOM(2,PL)	dilʼaah
yilʼaah	V;IND;PROSP;NOM(3,GRPL)	yilʼaahígíí
yilʼaah	V;IND;PROSP;NOM(4,PL)	diyilʼaah
yishood	V;IND;IPFV;NOM(1,GRPL)	yishood
yishood	V;IND;IPFV;NOM(1,PL)	nihshood
yishood	V;IND;IPFV;NOM(1,SG)	yishood
yishood	V;IND;IPFV;NOM(2,GRPL)	nidshood
yishood	V;IND;IPFV;NOM(2,PL)	nishood
yishood	V;IND;IPFV;NOM(2,SG)	nihood
yishood	V;IND;IPFV;NOM(3,GRPL)	yishood
yishood	V;IND;IPFV;NOM(3,PL)	yishood
yishood	V;IND;IPFV;NOM(3,SG)	yishood
yishood	V;IND;IPFV;NOM(4,GRPL)	yishood
yishood	V;IND;IPFV;NOM(4,PL)	yishood
yishood	V;IND;IPFV;NOM(4,SG)	bishood
yishood	V;IND;PFV;NOM(1,GRPL)	nishood
yishood	V;IND;PFV;NOM(1,PL)	níshood
yishood	V;IND;PFV;NOM(1,SG)	shishood
yishood	V;IND;PFV;NOM(2,GRPL)	niishood
yishood	V;IND;PFV;NOM(2,PL)	níshood
yishood	V;IND;PFV;NOM(2,SG)	yishood
yishood	V;IND;PFV;NOM(3,GRPL)	díshood
yishood	V;IND;PFV;NOM(3,PL)	gishood
yishood	V;IND;PFV;NOM(3,SG)	yishood
yishood	V;IND;PFV;NOM(4,GRPL)	yishood
yishood	V;IND;PFV;NOM(4,PL)	hoshood
yishood	V;IND;PFV;NOM(4,SG)	bishood
yishóósh	V;IND;IPFV;NOM(1,GRPL)	niishóósh
yishóósh	V;IND;IPFV;NOM(1,PL)	dashóósh
yishóósh	V;IND;IPFV;NOM(1,SG)	yishóósh
yishóósh	V;IND;IPFV;NOM(2,GRPL)	gishóósh
yishóósh	V;IND;IPFV;NOM(2,PL)	niishóósh
yishóósh	V;IND;IPFV;NOM(2,SG)	nishóósh
yishóósh	V;IND;IPFV;NOM(3,GRPL)	yishóósh
yishóósh	V;IND;IPFV;NOM(3,PL)	yishóósh
yishóósh	V;IND;IPFV;NOM(3,SG)	yishóósh
yishóósh	V;IND;IPFV;NOM(4,GRPL)	yishóósh
yishóósh	V;IND;IPFV;NOM(4,PL)	híshóósh
yishóósh	V;IND;IPFV;NOM(4,SG)	
yishóósh	V;IND;PFV;NOM(1,GRPL)	yishóósh
yishóósh	V;IND;PFV;NOM(1,PL)	nishóósh
yishóósh	V;IND;PFV;NOM(1,SG)	shishóósh
yishóósh	V;IND;PFV;NOM(2,GRPL)	nishóósh
yishóósh	V;IND;PFV;NOM(2,PL)	giishóósh
yishóósh	V;IND;PFV;NOM(2,SG)	nishóósh
yishóósh	V;IND;PFV;NOM(3,GRPL)	yishóósh
yishóósh	V;IND;PFV;NOM(3,PL)	yishóósh
yishóósh	V;IND;PFV;NOM(3,SG)	yishóósh
yishóósh	V;IND;PFV;NOM(4,GRPL)	yishóósh
yishóósh	V;IND;PFV;NOM(4,PL)	yishóósh
yishóósh	V;IND;PFV;NOM(4,SG)	yishóósh
yitłeeh	V;IND;IPFV;NOM(1,GRPL)	nitłeeh
yitłeeh	V;IND;IPFV;NOM(1,PL)	niltłeeh
yitłeeh	V;IND;IPFV;NOM(1,SG)	shíltłeeh
yitłeeh	V;IND;IPFV;NOM(2,GRPL)	yitłeeh
yitłeeh	V;IND;IPFV;NOM(2,PL)	niihtłeeh
yitłeeh	V;IND;IPFV;NOM(2,SG)	yitłeeh
yitłeeh	V;IND;IPFV;NOM(3,GRPL)	yitłeehí
yitłeeh	V;IND;IPFV;NOM(3,PL)	yitłeeh
yitłeeh	V;IND;IPFV;NOM(3,SG)	yitłeeh
yitłeeh	V;IND;IPFV;NOM(4,GRPL)	yitłeeh
yitłeeh	V;IND;IPFV;NOM(4,PL)	yitłeehígíí
yitłeeh	V;IND;IPFV;NOM(4,SG)	bitłeeh
yitłeeh	V;IND;PFV;NOM(1,GRPL)	nitłeeh
yitłeeh	V;IND;PFV;NOM(1,PL)	dítłeeh
yitłeeh	V;IND;PFV;NOM(1,SG)	shítłeeh
yitłeeh	V;IND;PFV;NOM(2,GRPL)	niłtłeeh
yitłeeh	V;IND;PFV;NOM(2,PL)	nitłeeh
yitłeeh	V;IND;PFV;NOM(2,SG)	yitłeeh
yitłeeh	V;IND;PFV;NOM(3,GRPL)	yitłeeh
yitłeeh	V;IND;PFV;NOM(3,PL)	yitłeeh
yitłeeh	V;IND;PFV;NOM(3,SG)	yitłeeh
yitłeeh	V;IND;PFV;NOM(4,GRPL)	yitłeeh
yitłeeh	V;IND;PFV;NOM(4,PL)	yiłtłeeh
yitłeeh	V;IND;PFV;NOM(4,SG)	yitłeeh
yiyiitsʼǫs	V;IND;IPFV;NOM(1,GRPL)	nihiyiitsʼǫs
yiyiitsʼǫs	V;IND;IPFV;NOM(1,PL)	yiyiitsʼǫs
yiyiitsʼǫs	V;IND;IPFV;NOM(2,GRPL)	yiyiitsʼǫs
yiyiitsʼǫs	V;IND;IPFV;NOM(2,SG)	yiyiitsʼǫs
yiyiitsʼǫs	V;IND;IPFV;NOM(3,PL)	yiyiitsʼǫs
yiyiitsʼǫs	V;IND;IPFV;NOM(4,SG)	wiyiitsʼǫs
yiyiitsʼǫs	V;IND;PFV;NOM(2,GRPL)	niyiitsʼǫs
yiyiitsʼǫs	V;IND;PFV;NOM(2,PL)	niihiitsʼǫs
yiyiitsʼǫs	V;IND;PFV;NOM(2,SG)	niyiitsʼǫs
yiyiitsʼǫs	V;IND;PFV;NOM(3,GRPL)	diitsʼǫs
yiyiitsʼǫs	V;IND;PFV;NOM(3,PL)	yiyiitsʼǫs
yiyiitsʼǫs	V;IND;PFV;NOM(3,SG)	yiyiitsʼǫs
yiyiitsʼǫs	V;IND;PFV;NOM(4,GRPL)	yiyiitsʼǫsh
yiyiitsʼǫs	V;IND;PFV;NOM(4,PL)	yiłiitsʼǫs
yiyiitsʼǫs	V;IND;PFV;NOM(4,SG)	shiiyiitsʼǫs
yiyiitsʼǫs	V;IND;PROSP;NOM(1,GRPL)	diyiyiitsʼǫsáí
yiyiitsʼǫs	V;IND;PROSP;NOM(1,SG)	shiyiyiitsʼǫs
yiyiitsʼǫs	V;IND;PROSP;NOM(2,PL)	niłiitsʼǫs
yiyiitsʼǫs	V;IND;PROSP;NOM(2,SG)	niyiitsʼǫs
yiyiitsʼǫs	V;IND;PROSP;NOM(3,GRPL)	yiyiitsʼǫs
yiyiitsʼǫs	V;IND;PROSP;NOM(3,PL)	yiyiitsʼǫs
yiyiitsʼǫs	V;IND;PROSP;NOM(4,GRPL)	yiyiitsʼǫsígíí
yiyiitsʼǫs	V;IND;PROSP;NOM(4,SG)	yiyiitsʼǫs
yiyiiłtsééh	V;IND;IPFV;NOM(1,GRPL)	niyiłtsééh
yiyiiłtsééh	V;IND;IPFV;NOM(1,PL)	shiniiłtsééh
yiyiiłtsééh	V;IND;IPFV;NOM(1,SG)	shiyiiłtsééh
yiyiiłtsééh	V;IND;IPFV;NOM(2,GRPL)	niyiiłtsééh
yiyiiłtsééh	V;IND;IPFV;NOM(2,SG)	niyiiłtsééh
yiyiiłtsééh	V;IND;IPFV;NOM(3,GRPL)	yiyiiłtsééh
yiyiiłtsééh	V;IND;IPFV;NOM(3,PL)	yiyiiłtsééh
yiyiiłtsééh	V;IND;IPFV;NOM(3,SG)	yiyiiłtsééh
yiyiiłtsééh	V;IND;IPFV;NOM(4,GRPL)	yiyiiłtsééhígíí
yiyiiłtsééh	V;IND;IPFV;NOM(4,SG)	yiyiiłtsééh
yiyiiłtsééh	V;IND;PFV;NOM(1,PL)	yiyiiłtsééh
yiyiiłtsééh	V;IND;PFV;NOM(1,SG)	shiyiiłtsééh
yiyiiłtsééh	V;IND;PFV;NOM(2,PL)	yiyiiłtsééh
yiyiiłtsééh	V;IND;PFV;NOM(2,SG)	yiyiiłtsééh
yiyiiłtsééh	V;IND;PFV;NOM(3,SG)	yiyiiłtsééh
yiyiiłtsééh	V;IND;PFV;NOM(4,GRPL)	iyiyiiłtsééh
yiyiiłtsééh	V;IND;PFV;NOM(4,PL)	yiyiiłtsééhígíí
yiyiiłtsééh	V;IND;PFV;NOM(4,SG)	yiyiiłtsééh
yiyiiłtsééh	V;IND;PROSP;NOM(1,GRPL)	níyiiłtsééh
yiyiiłtsééh	V;IND;PROSP;NOM(1,SG)	shiyiiłtsééh
yiyiiłtsééh	V;IND;PROSP;NOM(2,GRPL)	yiyiiłtsééh
yiyiiłtsééh	V;IND;PROSP;NOM(2,PL)	yiyiiłtsééh
yiyiiłtsééh	V;IND;PROSP;NOM(4,GRPL)	híyiiłtsééh
yiyiiłtsóóh	V;IND;IPFV;NOM(1,GRPL)	yiyiiłtsóóh
yiyiiłtsóóh	V;IND;IPFV;NOM(1,PL)	niyiiłtsóóh
yiyiiłtsóóh	V;IND;IPFV;NOM(1,SG)	shiyiiłtsóóh
yiyiiłtsóóh	V;IND;IPFV;NOM(2,GRPL)	yiyiiłtsóóh
yiyiiłtsóóh	V;IND;IPFV;NOM(2,PL)	yibíłtsóóh
yiyiiłtsóóh	V;IND;IPFV;NOM(2,SG)	niyiiłtsóóh
yiyiiłtsóóh	V;IND;IPFV;NOM(3,GRPL)	yiyiiłtsóóh
yiyiiłtsóóh	V;IND;IPFV;NOM(3,PL)	yiyiiłtsóóh
yiyiiłtsóóh	V;IND;IPFV;NOM(3,SG)	yiyiiłtsóóh
yiyiiłtsóóh	V;IND;IPFV;NOM(4,GRPL)	yiyiiłtsóóh
yiyiiłtsóóh	V;IND;IPFV;NOM(4,PL)	yiyiiłtsóóhígíí
yiyiiłtsóóh	V;IND;IPFV;NOM(4,SG)	yiyiiłtsóóhígíí
yiyiiłtsóóh	V;IND;PFV;NOM(1,GRPL)	diyiiłtsóóh
yiyiiłtsóóh	V;IND;PFV;NOM(1,PL)	nihiiłtsóóh
yiyiiłtsóóh	V;IND;PFV;NOM(1,SG)	shiyiiłtsóóh
yiyiiłtsóóh	V;IND;PFV;NOM(2,GRPL)	díyiiłtsóóh
yiyiiłtsóóh	V;IND;PFV;NOM(2,PL)	yiyiiłtsóóh
yiyiiłtsóóh	V;IND;PFV;NOM(2,SG)	nitsóóh
yiyiiłtsóóh	V;IND;PFV;NOM(3,GRPL)	yiyiiłtsóóhígíí
yiyiiłtsóóh	V;IND;PFV;NOM(3,PL)	yiyiiłtsóóh
yiyiiłtsóóh	V;IND;PFV;NOM(3,SG)	biyiiłtsóóh
yiyiiłtsóóh	V;IND;PFV;NOM(4,GRPL)	biyiłtsóóh
yiyiiłtsóóh	V;IND;PFV;NOM(4,PL)	hiiłtsóóh
yiyiiłtsóóh	V;IND;PFV;NOM(4,SG)	yiyiiłtsóóh
yiłchʼal	V;IND;IPFV;NOM(1,GRPL)	niłchʼal
yiłchʼal	V;IND;IPFV;NOM(2,PL)	niłchʼal
yiłchʼal	V;IND;IPFV;NOM(2,SG)	niłchʼal
yiłchʼal	V;IND;IPFV;NOM(3,SG)	yiłchʼááł
yiłchʼal	V;IND;IPFV;NOM(4,GRPL)	yiłchʼalígíí
yiłchʼal	V;IND;IPFV;NOM(4,SG)	yiłchʼal
yiłchʼal	V;IND;PFV;NOM(1,GRPL)	nihłchʼal
yiłchʼal	V;IND;PFV;NOM(1,SG)	shiłchʼal
yiłchʼal	V;IND;PFV;NOM(2,GRPL)	niłchʼal
yiłchʼal	V;IND;PFV;NOM(2,PL)	nihłchʼal
yiłchʼal	V;IND;PFV;NOM(2,SG)	niłchʼal
yiłchʼal	V;IND;PFV;NOM(3,PL)	yiłchʼal
yiłchʼal	V;IND;PFV;NOM(3,SG)	yiłchʼá
yiłchʼal	V;IND;PFV;NOM(4,GRPL)	niłchʼal
yiłchʼal	V;IND;PFV;NOM(4,PL)	biłchʼal
yiłchʼal	V;IND;PFV;NOM(4,SG)	yiłchʼal
yiłchʼal	V;IND;PROSP;NOM(1,SG)	shiłchʼal
yiłchʼal	V;IND;PROSP;NOM(3,GRPL)	diłchʼal
yiłchʼal	V;IND;PROSP;NOM(3,PL)	diłchʼal
yiłchʼal	V;IND;PROSP;NOM(3,SG)	yiłchʼal
yiłchʼal	V;IND;PROSP;NOM(4,GRPL)	hiyłchʼal
yiłchʼal	V;IND;PROSP;NOM(4,PL)	yiłchʼal
yiłchʼal	V;IND;PROSP;NOM(4,SG)	diłchʼal
yiłdin	V;IND;IPFV;NOM(1,GRPL)	nihłdin
yiłdin	V;IND;IPFV;NOM(1,PL)	niłdin
yiłdin	V;IND;IPFV;NOM(1,SG)	shiłdin
yiłdin	V;IND;IPFV;NOM(2,GRPL)	niłdin
yiłdin	V;IND;IPFV;NOM(2,PL)	díłdin
yiłdin	V;IND;IPFV;NOM(2,SG)	níłdin
yiłdin	V;IND;IPFV;NOM(3,GRPL)	yiłdin
yiłdin	V;IND;IPFV;NOM(3,PL)	yiłdin
yiłdin	V;IND;IPFV;NOM(3,SG)	yiłdin
yiłdin	V;IND;IPFV;NOM(4,GRPL)	
yiłdin	V;IND;IPFV;NOM(4,PL)	yiłdin
yiłdin	V;IND;IPFV;NOM(4,SG)	iłdin
yiłdin	V;IND;PFV;NOM(1,GRPL)	dałdiní
yiłdin	V;IND;PFV;NOM(1,PL)	niłdin
yiłdin	V;IND;PFV;NOM(1,SG)	shiłdin
yiłdin	V;IND;PFV;NOM(2,GRPL)	yiłdiní
yiłdin	V;IND;PFV;NOM(2,PL)	wiłdin
yiłdin	V;IND;PFV;NOM(2,SG)	níłdin
yiłdin	V;IND;PFV;NOM(3,GRPL)	yiłdin
yiłdin	V;IND;PFV;NOM(3,SG)	yiłdin
yiłdin	V;IND;PFV;NOM(4,GRPL)	yiłdin
yiłdin	V;IND;PFV;NOM(4,PL)	híłdin
yiłdin	V;IND;PFV;NOM(4,SG)	yiłdin
yiłhaał	V;IND;IPFV;NOM(1,GRPL)	dałhaał
yiłhaał	V;IND;IPFV;NOM(1,PL)	díłhaał
yiłhaał	V;IND;IPFV;NOM(1,SG)	shiłhaał
yiłhaał	V;IND;IPFV;NOM(2,GRPL)	niłhaał
yiłhaał	V;IND;IPFV;NOM(2,PL)	niłhaał
yiłhaał	V;IND;IPFV;NOM(2,SG)	niłhaał
yiłhaał	V;IND;IPFV;NOM(3,GRPL)	yiłhaałí
yiłhaał	V;IND;IPFV;NOM(3,PL)	yiłhaał
yiłhaał	V;IND;IPFV;NOM(3,SG)	yiłhaał
yiłhaał	V;IND;IPFV;NOM(4,GRPL)	yiłhaałígíí
yiłhaał	V;IND;IPFV;NOM(4,PL)	yiłhaał
yiłhaał	V;IND;IPFV;NOM(4,SG)	yiłhaał
yiłhaał	V;IND;PFV;NOM(1,GRPL)	diłhaał
yiłhaał	V;IND;PFV;NOM(1,PL)	dayiłhaał
yiłhaał	V;IND;PFV;NOM(1,SG)	shihaał
yiłhaał	V;IND;PFV;NOM(2,GRPL)	kíłhaał
yiłhaał	V;IND;PFV;NOM(2,PL)	niłhaał
yiłhaał	V;IND;PFV;NOM(2,SG)	niłhaał
yiłhaał	V;IND;PFV;NOM(3,GRPL)	yiłhaał
yiłhaał	V;IND;PFV;NOM(3,PL)	yiłhaał
yiłhaał	V;IND;PFV;NOM(3,SG)	yiłhaał
yiłhaał	V;IND;PFV;NOM(4,GRPL)	yiłhaał
yiłhaał	V;IND;PFV;NOM(4,PL)	yiłhaał
yiłhaał	V;IND;PFV;NOM(4,SG)	yiłhaał
yiłnaad	V;IND;IPFV;NOM(1,GRPL)	giłnaad
yiłnaad	V;IND;IPFV;NOM(1,PL)	diłnaad
yiłnaad	V;IND;IPFV;NOM(1,SG)	shiłnaad
yiłnaad	V;IND;IPFV;NOM(2,SG)	niłnaad
yiłnaad	V;IND;IPFV;NOM(3,PL)	yiłnaad
yiłnaad	V;IND;IPFV;NOM(4,GRPL)	yiłnaad
yiłnaad	V;IND;IPFV;NOM(4,PL)	yiłnaad
yiłnaad	V;IND;IPFV;NOM(4,SG)	yiłnaad
yiłnaad	V;IND;PFV;NOM(1,GRPL)	nihłnaad
yiłnaad	V;IND;PFV;NOM(1,PL)	niłnaad
yiłnaad	V;IND;PFV;NOM(1,SG)	shiłnaad
yiłnaad	V;IND;PFV;NOM(2,SG)	yiłnaad
yiłnaad	V;IND;PFV;NOM(3,GRPL)	yiłnaad
yiłnaad	V;IND;PFV;NOM(3,SG)	yiłnaad
yiłnaad	V;IND;PFV;NOM(4,GRPL)	biłnaad
yiłnaad	V;IND;PFV;NOM(4,PL)	yiłnaad
yiłnaad	V;IND;PFV;NOM(4,SG)	yiłnaad
yiłnaad	V;IND;PROSP;NOM(1,PL)	níłnaad
yiłnaad	V;IND;PROSP;NOM(1,SG)	shiłnaad
yiłnaad	V;IND;PROSP;NOM(2,PL)	díłnaad
yiłnaad	V;IND;PROSP;NOM(3,GRPL)	yiłnaad
yiłnaad	V;IND;PROSP;NOM(4,SG)	biłnaad
yiłneʼ	V;IND;IPFV;NOM(1,GRPL)	nihłneʼ
yiłneʼ	V;IND;IPFV;NOM(1,PL)	niłneʼ
yiłneʼ	V;IND;IPFV;NOM(1,SG)	shiłneʼ
yiłneʼ	V;IND;IPFV;NOM(2,GRPL)	áłneʼ
yiłneʼ	V;IND;IPFV;NOM(2,PL)	giłneʼ
yiłneʼ	V;IND;IPFV;NOM(2,SG)	niłneʼ
yiłneʼ	V;IND;IPFV;NOM(3,GRPL)	yiłneʼ
yiłneʼ	V;IND;IPFV;NOM(3,PL)	yiłneʼ
yiłneʼ	V;IND;IPFV;NOM(3,SG)	yiłneʼ
yiłneʼ	V;IND;IPFV;NOM(4,GRPL)	yiłneʼ
yiłneʼ	V;IND;IPFV;NOM(4,PL)	híłneʼ
yiłneʼ	V;IND;IPFV;NOM(4,SG)	yiłneʼ
yiłneʼ	V;IND;PFV;NOM(1,GRPL)	nihíłneʼ
yiłneʼ	V;IND;PFV;NOM(1,PL)	niłneʼ
yiłneʼ	V;IND;PFV;NOM(1,SG)	shiłneʼ
yiłneʼ	V;IND;PFV;NOM(2,GRPL)	yiłneʼ
yiłneʼ	V;IND;PFV;NOM(2,PL)	niłneʼ
yiłneʼ	V;IND;PFV;NOM(2,SG)	niłneʼ
yiłneʼ	V;IND;PFV;NOM(3,GRPL)	yiłneʼ
yiłneʼ	V;IND;PFV;NOM(3,PL)	yiłneʼ
yiłneʼ	V;IND;PFV;NOM(3,SG)	yiłneʼ
yiłneʼ	V;IND;PFV;NOM(4,GRPL)	yiłneʼígíí
yiłneʼ	V;IND;PFV;NOM(4,PL)	yiłneʼł
yiłneʼ	V;IND;PFV;NOM(4,SG)	iłneʼ
yiłtin	V;IND;IPFV;NOM(1,GRPL)	hiłtin
yiłtin	V;IND;IPFV;NOM(1,PL)	nihiyłtin
yiłtin	V;IND;IPFV;NOM(1,SG)	shiyłtín
yiłtin	V;IND;IPFV;NOM(2,GRPL)	niłtin
yiłtin	V;IND;IPFV;NOM(2,PL)	yiłtin
yiłtin	V;IND;IPFV;NOM(2,SG)	niłtin
yiłtin	V;IND;IPFV;NOM(3,GRPL)	yiłtín
yiłtin	V;IND;IPFV;NOM(3,PL)	yiłtin
yiłtin	V;IND;IPFV;NOM(3,SG)	yiłtin
yiłtin	V;IND;IPFV;NOM(4,GRPL)	hiłtinígíí
yiłtin	V;IND;IPFV;NOM(4,PL)	iłtin
yiłtin	V;IND;IPFV;NOM(4,SG)	yiłtin
yiłtin	V;IND;PFV;NOM(1,GRPL)	yiłtin
yiłtin	V;IND;PFV;NOM(1,PL)	niyiłtin
yiłtin	V;IND;PFV;NOM(1,SG)	shiłtin
yiłtin	V;IND;PFV;NOM(2,GRPL)	yiłtin
yiłtin	V;IND;PFV;NOM(2,PL)	niłtin
yiłtin	V;IND;PFV;NOM(2,SG)	niłtin
yiłtin	V;IND;PFV;NOM(3,GRPL)	yiłtin
yiłtin	V;IND;PFV;NOM(3,PL)	yiłtin
yiłtin	V;IND;PFV;NOM(3,SG)	yiłtinł
yiłtin	V;IND;PFV;NOM(4,GRPL)	yiłtin
yiłtin	V;IND;PFV;NOM(4,PL)	diłtin
yiłtin	V;IND;PFV;NOM(4,SG)	yiłtin
yiłtsʼééh	V;IND;IPFV;NOM(1,GRPL)	nihłtsʼééh
yiłtsʼééh	V;IND;IPFV;NOM(1,PL)	nihítsʼééh
yiłtsʼééh	V;IND;IPFV;NOM(1,SG)	shiłtsʼééh
yiłtsʼééh	V;IND;IPFV;NOM(2,GRPL)	níłtsʼééh
yiłtsʼééh	V;IND;IPFV;NOM(2,PL)	yiłtsʼééh
yiłtsʼééh	V;IND;IPFV;NOM(2,SG)	niłtsʼééh
yiłtsʼééh	V;IND;IPFV;NOM(3,GRPL)	yiłtsʼééh
yiłtsʼééh	V;IND;IPFV;NOM(3,PL)	yiłtsʼééh
yiłtsʼééh	V;IND;IPFV;NOM(3,SG)	yiłtsʼééh
yiłtsʼééh	V;IND;IPFV;NOM(4,GRPL)	dałtsʼééh
yiłtsʼééh	V;IND;IPFV;NOM(4,PL)	wiłtsʼééh
yiłtsʼééh	V;IND;IPFV;NOM(4,SG)	híłtsʼééh
yiłtsʼééh	V;IND;PFV;NOM(1,GRPL)	nihłtsʼééh
yiłtsʼééh	V;IND;PFV;NOM(1,PL)	níłtsʼééh
yiłtsʼééh	V;IND;PFV;NOM(1,SG)	shiłtsʼééh
yiłtsʼééh	V;IND;PFV;NOM(2,GRPL)	áłtsʼééh
yiłtsʼééh	V;IND;PFV;NOM(2,PL)	niihłtsʼééh
yiłtsʼééh	V;IND;PFV;NOM(2,SG)	niłtsʼééh
yiłtsʼééh	V;IND;PFV;NOM(3,GRPL)	yiłtsʼééh
yiłtsʼééh	V;IND;PFV;NOM(3,PL)	yiłtsʼééh
yiłtsʼééh	V;IND;PFV;NOM(3,SG)	yiłtsʼééhi
yiłtsʼééh	V;IND;PFV;NOM(4,GRPL)	yiłtsʼééh
yiłtsʼééh	V;IND;PFV;NOM(4,PL)	diłtsʼééh
yiłtsʼééh	V;IND;PFV;NOM(4,SG)	yiłtsʼééh
yiłtʼees	V;IND;IPFV;NOM(1,GRPL)	yiłtʼees
yiłtʼees	V;IND;IPFV;NOM(1,PL)	biłtʼees
yiłtʼees	V;IND;IPFV;NOM(1,SG)	shiłtʼees
yiłtʼees	V;IND;IPFV;NOM(2,GRPL)	yiłtʼees
yiłtʼees	V;IND;IPFV;NOM(2,PL)	niihłtʼees
yiłtʼees	V;IND;IPFV;NOM(3,GRPL)	yiłtʼees
yiłtʼees	V;IND;IPFV;NOM(4,SG)	yiłtʼees
yiłtʼees	V;IND;PFV;NOM(1,PL)	niłtʼees
yiłtʼees	V;IND;PFV;NOM(2,GRPL)	niłtʼees
yiłtʼees	V;IND;PFV;NOM(2,PL)	jitʼees
yiłtʼees	V;IND;PFV;NOM(3,GRPL)	yiłtʼees
yiłtʼees	V;IND;PFV;NOM(3,PL)	yiłtʼees
yiłtʼees	V;IND;PFV;NOM(3,SG)	łtʼees
yiłtʼees	V;IND;PROSP;NOM(1,PL)	nihdiłtʼees
yiłtʼees	V;IND;PROSP;NOM(2,GRPL)	yiłtʼees
yiłtʼees	V;IND;PROSP;NOM(2,PL)	jiłtʼees
yiłtʼees	V;IND;PROSP;NOM(2,SG)	niłtʼees
yiłtʼees	V;IND;PROSP;NOM(3,GRPL)	yiłtʼés
yiłtʼees	V;IND;PROSP;NOM(3,PL)	yiłtʼees
yiłtʼees	V;IND;PROSP;NOM(3,SG)	yiłtʼees
yiłtʼees	V;IND;PROSP;NOM(4,PL)	siłtʼeesí
yiłtʼees	V;IND;PROSP;NOM(4,SG)	diłtʼees
yootʼááł	V;IND;PFV;NOM(1,GRPL)	diyootʼááł
yootʼááł	V;IND;PFV;NOM(1,PL)	niłyootʼááł
yootʼááł	V;IND;PFV;NOM(1,SG)	shiyootʼááł
yootʼááł	V;IND;PFV;NOM(2,GRPL)	yootʼááłígí
yootʼááł	V;IND;PFV;NOM(2,PL)	nihyootʼááł
yootʼááł	V;IND;PFV;NOM(2,SG)	niyootʼááł
yootʼááł	V;IND;PFV;NOM(3,GRPL)	yootʼááł
yootʼááł	V;IND;PFV;NOM(3,PL)	yootʼááł
yootʼááł	V;IND;PFV;NOM(3,SG)	yootʼááł
yootʼááł	V;IND;PFV;NOM(4,GRPL)	ł-yootʼááł
yootʼááł	V;IND;PFV;NOM(4,PL)	yootʼááł
yootʼááł	V;IND;PFV;NOM(4,SG)	siyootʼááł
yooznah	V;IND;IPFV;NOM(2,SG)	yóoznáh
yooznah	V;IND;IPFV;NOM(4,GRPL)	díyooznáh
yooznah	V;IND;ITER;NOM(1,GRPL)	nihiyooznah
yooznah	V;IND;ITER;NOM(1,PL)	gíiyooznáh
yooznah	V;IND;ITER;NOM(1,SG)	shiyooznáh
yooznah	V;IND;ITER;NOM(2,PL)	ginyóoznah
yooznah	V;IND;ITER;NOM(3,PL)	yoozin
yooznah	V;IND;ITER;NOM(4,PL)	yiyooznáhí
yooznah	V;IND;ITER;NOM(4,SG)	ghayooznahígíí
yooznah	V;IND;PFV;NOM(2,PL)	niyooznah
yooznah	V;IND;PFV;NOM(3,PL)	ibiyooznáh
yooznah	V;IND;PFV;NOM(3,SG)	yooznah
yooznah	V;IND;PROSP;NOM(1,GRPL)	nishoozná
yooznah	V;IND;PROSP;NOM(2,GRPL)	dííyooznáh
yooznah	V;IND;PROSP;NOM(2,SG)	niyooznah
yooznah	V;IND;PROSP;NOM(3,GRPL)	yooznah
yooznah	V;IND;PROSP;NOM(3,SG)	diyooznáh
yooznah	V;IND;PROSP;NOM(4,GRPL)	yooznah
yooznah	V;IND;PROSP;NOM(4,SG)	báyooznáh
yooznah	V;OPT;NOM(3,GRPL)	yi‑yooznáh
yooznah	V;OPT;NOM(3,SG)	yóoznáh
yooznah	V;OPT;NOM(4,GRPL)	yi‑yoozná
yooznah	V;OPT;NOM(4,SG)	yooznáh
yoozǫ́ǫ́s	V;IND;PFV;NOM(1,GRPL)	yoozǫ́ǫ́sin
yoozǫ́ǫ́s	V;IND;PFV;NOM(1,PL)	niizǫ́ǫ́s
yoozǫ́ǫ́s	V;IND;PFV;NOM(1,SG)	shiyoozǫ́ǫ́s
yoozǫ́ǫ́s	V;IND;PFV;NOM(2,GRPL)	yoozǫ́ǫ́s
yoozǫ́ǫ́s	V;IND;PFV;NOM(2,PL)	yoozǫ́ǫ́s
yoozǫ́ǫ́s	V;IND;PFV;NOM(2,SG)	yoozǫ́ǫ́s
yoozǫ́ǫ́s	V;IND;PFV;NOM(3,GRPL)	doozǫ́ǫ́s
yoozǫ́ǫ́s	V;IND;PFV;NOM(3,PL)	yoozǫ́ǫ́s
yoozǫ́ǫ́s	V;IND;PFV;NOM(3,SG)	yoozǫ́ǫ́s
yoozǫ́ǫ́s	V;IND;PFV;NOM(4,GRPL)	yoozǫ́ǫ́sh
yoozǫ́ǫ́s	V;IND;PFV;NOM(4,PL)	yoozǫ́ǫ́sh
yoozǫ́ǫ́s	V;IND;PFV;NOM(4,SG)	díozǫ́ǫ́s
yoołbąs	V;IND;PFV;NOM(1,GRPL)	yoołbąs
yoołbąs	V;IND;PFV;NOM(1,PL)	níyoołbąs
yoołbąs	V;IND;PFV;NOM(1,SG)	shiyoołbąs
yoołbąs	V;IND;PFV;NOM(2,GRPL)	yoołbąs
yoołbąs	V;IND;PFV;NOM(2,PL)	ninyoołbąs
yoołbąs	V;IND;PFV;NOM(2,SG)	niyoołbąs
yoołbąs	V;IND;PFV;NOM(3,GRPL)	yoołbąs
yoołbąs	V;IND;PFV;NOM(3,PL)	yiáyoołbąs
yoołbąs	V;IND;PFV;NOM(3,SG)	yoołbąs
yoołbąs	V;IND;PFV;NOM(4,GRPL)	yoołbąs
yoołbąs	V;IND;PFV;NOM(4,PL)	diyoołbąs
yoołbąs	V;IND;PFV;NOM(4,SG)	yoołbąs
yoołtʼah	V;IND;PFV;NOM(1,GRPL)	nihyoołtʼah
yoołtʼah	V;IND;PFV;NOM(1,PL)	nihiyoołtʼah
yoołtʼah	V;IND;PFV;NOM(1,SG)	shiłtʼah
yoołtʼah	V;IND;PFV;NOM(2,GRPL)	niyoołtʼahí
yoołtʼah	V;IND;PFV;NOM(2,PL)	niihyoołtʼah
yoołtʼah	V;IND;PFV;NOM(2,SG)	niłtʼah
yoołtʼah	V;IND;PFV;NOM(3,GRPL)	yoołtʼahígíí
yoołtʼah	V;IND;PFV;NOM(3,PL)	díyoołtʼah
yoołtʼah	V;IND;PFV;NOM(3,SG)	yoołtʼah
yoołtʼah	V;IND;PFV;NOM(4,GRPL)	yiyóóltʼah
yoołtʼah	V;IND;PFV;NOM(4,PL)	doołtʼah
yoołtʼah	V;IND;PFV;NOM(4,SG)	díyoołtʼah
yólgę́ę́zh	V;IND;PFV;NOM(1,GRPL)	diyólgę́ę́zh
yólgę́ę́zh	V;IND;PFV;NOM(1,PL)	dáyólgę́ę́zh
yólgę́ę́zh	V;IND;PFV;NOM(1,SG)	shiyólgę́ę́ł
yólgę́ę́zh	V;IND;PFV;NOM(2,GRPL)	niyólgę́ę́zh
yólgę́ę́zh	V;IND;PFV;NOM(2,PL)	yólgę́ę́zh
yólgę́ę́zh	V;IND;PFV;NOM(2,SG)	yólgę́ę́zh
yólgę́ę́zh	V;IND;PFV;NOM(3,GRPL)	yólgę́ę́zhígíí
yólgę́ę́zh	V;IND;PFV;NOM(3,PL)	da‑yólgę́ę́ł
yólgę́ę́zh	V;IND;PFV;NOM(3,SG)	yólgę́ę́zh
yólgę́ę́zh	V;IND;PFV;NOM(4,GRPL)	yólgę́ęzh
yólgę́ę́zh	V;IND;PFV;NOM(4,PL)	híí-yólgę́ę́zh
yólgę́ę́zh	V;IND;PFV;NOM(4,SG)	yólgę́ęzh
łitsxo	V;IND;PFV;NOM(1,GRPL)	niłitsxo
łitsxo	V;IND;PFV;NOM(1,PL)	niłitsxo
łitsxo	V;IND;PFV;NOM(1,SG)	shiłitsxo
łitsxo	V;IND;PFV;NOM(2,GRPL)	níłitsxo
łitsxo	V;IND;PFV;NOM(2,PL)	kíłitsxo
łitsxo	V;IND;PFV;NOM(2,SG)	níłitsxo
łitsxo	V;IND;PFV;NOM(3,GRPL)	yiłitsxo
łitsxo	V;IND;PFV;NOM(3,PL)	łitsxo
łitsxo	V;IND;PFV;NOM(3,SG)	łitsxó
łitsxo	V;IND;PFV;NOM(4,GRPL)	łitsxół
łitsxo	V;IND;PFV;NOM(4,PL)	yiłitsxóó
łitsxo	V;IND;PFV;NOM(4,SG)	łitsxo
łíidilchí	V;IND;IPFV;NOM(1,GRPL)	łíidilchí
łíidilchí	V;IND;IPFV;NOM(1,PL)	nihíłíidilchí
łíidilchí	V;IND;IPFV;NOM(1,SG)	shiłíidilchí
łíidilchí	V;IND;IPFV;NOM(2,GRPL)	niłíidilchí
łíidilchí	V;IND;IPFV;NOM(2,PL)	díidilchí
łíidilchí	V;IND;IPFV;NOM(2,SG)	łíidilchí
łíidilchí	V;IND;IPFV;NOM(3,GRPL)	łíidilchí
łíidilchí	V;IND;IPFV;NOM(3,PL)	łíidilchí
łíidilchí	V;IND;IPFV;NOM(3,SG)	łíidilchí
łíidilchí	V;IND;IPFV;NOM(4,GRPL)	łíidilchí
łíidilchí	V;IND;IPFV;NOM(4,PL)	łíidilchí
łíidilchí	V;IND;IPFV;NOM(4,SG)	łíidilchí
łíidilchí	V;IND;PFV;NOM(1,GRPL)	łíidilchí
łíidilchí	V;IND;PFV;NOM(1,PL)	díłidilchí
łíidilchí	V;IND;PFV;NOM(1,SG)	shiłíidilchí
łíidilchí	V;IND;PFV;NOM(2,GRPL)	łíidilchíní
łíidilchí	V;IND;PFV;NOM(2,PL)	łíidilchíní
łíidilchí	V;IND;PFV;NOM(2,SG)	níłíidilchí
łíidilchí	V;IND;PFV;NOM(3,GRPL)	łíidilchí
łíidilchí	V;IND;PFV;NOM(3,PL)	łíidilchí
łíidilchí	V;IND;PFV;NOM(3,SG)	łíidilchí
łíidilchí	V;IND;PFV;NOM(4,GRPL)	łíidilchí
łíidilchí	V;IND;PFV;NOM(4,PL)	yiłidilchí
łíidilchí	V;IND;PFV;NOM(4,SG)	łíidilchí
test acc Navajo 0.075
