xi²ki	V;IPFV;PST;1;SG	naxi²ki
xi²ki	V;IPFV;PST;2;SG	mxi²ki
xi²ki	V;IPFV;PST;3;SG	xi²ki
xi²ki	V;PRF;PRS;1;SG	nixi²ki
xi²ki	V;PRF;PST;1	nixi²ki
xi²ki	V;PRF;PST;2	xi²ki
xi²ki	V;PRF;PST;3	xi²kɨ
xi²ki	V;IRR;2;SG	maxi²ki
xi²ki	V;IRR;3;SG	xi²kih
xọ²ʔta²-za¹²	V;IPFV;PRS;3;SG	xọ²ʔta²-za¹²
xọ²ʔta²-za¹²	V;IPFV;PST;1;SG	na-xọ²ʔta²-za¹²
xọ²ʔta²-za¹²	V;IPFV;PST;2;SG	xọ²ʔta²‑bá²
xọ²ʔta²-za¹²	V;IPFV;PST;3;SG	xọ²ʔta²-za¹²ni
xọ²ʔta²-za¹²	V;PFV;1;SG	ni-xọ²ʔta²-za¹²
xọ²ʔta²-za¹²	V;PFV;2;SG	ma-xọ²ʔta²-za¹²
xọ²ʔta²-za¹²	V;PFV;3;SG	i‑xọ²ʔta²‑za¹²
xọ²ʔta²-za¹²	V;PRF;PRS;2;SG	xọ²ʔta²-b¹
xọ²ʔta²-za¹²	V;PRF;PRS;3;SG	xọ²ʔta²-za¹²
xọ²ʔta²-za¹²	V;IRR;1;SG	na‑xọ²ʔta²-za¹²
aki	V;IPFV;PRS;1;SG	naaki
aki	V;IPFV;PRS;2;SG	haki
aki	V;IPFV;PRS;3;SG	aki
aki	V;IPFV;PST;1;SG	naaki
aki	V;IPFV;PST;2;SG	hadiaki
aki	V;PFV;1;SG	naaki
aki	V;PFV;3;SG	aki
aki	V;PRF;PRS;1;SG	naki
aki	V;PRF;PRS;2;SG	akí
aki	V;PRF;PST;1	akí
aki	V;PRF;PST;3	akí
aki	V;IRR;1;SG	nakí
aki	V;IRR;2;SG	kaki
aki	V;IRR;3;SG	aki
ai	V;IPFV;PRS;1;SG	nai
ai	V;IPFV;PRS;2;SG	hiai
ai	V;IPFV;PST;1;SG	nai
ai	V;IPFV;PST;3;SG	ai
ai	V;PFV;3;SG	ai
ai	V;PRF;PRS;1;SG	naai
ai	V;PRF;PRS;2;SG	aigih
ai	V;PRF;PST;1	naí
ai	V;PRF;PST;2	niai
ai	V;PRF;PST;3	ai
ai	V;IRR;1;SG	aí
zụ²ni	V;IPFV;PRS;3;SG	zụni
zụ²ni	V;IPFV;PST;3;SG	zụ²ni
zụ²ni	V;PRF;PRS;3;SG	zụ²nibi
jäʔtsi	V;IPFV;PRS;1;SG	najäʔtsi
jäʔtsi	V;IPFV;PST;1;SG	najäʔtsi
jäʔtsi	V;IPFV;PST;3;SG	a‑jäʔtsi
jäʔtsi	V;PFV;1;SG	jäʔtsigí
jäʔtsi	V;PFV;3;SG	gjäʔtsibi
jäʔtsi	V;PRF;PRS;2;SG	mäʔtsi
jäʔtsi	V;PRF;PRS;3;SG	jäʔtsi
jäʔtsi	V;PRF;PST;1	njäʔtsini
jäʔtsi	V;PRF;PST;3	jäʔtsini
jäʔtsi	V;IRR;1;SG	najäʔtsi
däki	V;IPFV;PRS;2;SG	dadäki
däki	V;IPFV;PST;1;SG	nda̱ki
däki	V;IPFV;PST;2;SG	däkipi
däki	V;PFV;1;SG	nadäki
däki	V;PFV;2;SG	däkib
däki	V;PFV;3;SG	gädäki
däki	V;PRF;PST;1	na-däki
däki	V;PRF;PST;3	däki
k’e	V;IPFV;PST;1;SG	k’ena
k’e	V;IPFV;PST;2;SG	mk’e
k’e	V;PFV;1;SG	nk’e
k’e	V;PFV;2;SG	k’ei
k’e	V;PFV;3;SG	k’e
k’e	V;PRF;PRS;1;SG	nik’e
k’e	V;PRF;PST;1	nk’éh
k’e	V;PRF;PST;3	k’ebí
k’e	V;IRR;1;SG	nak’ébi
k’e	V;IRR;2;SG	k’eh
a²-the	V;IPFV;PRS;1;SG	na-the
a²-the	V;IPFV;PST;1;SG	na²-the
a²-the	V;IPFV;PST;2;SG	ma‑a²‑the‑i
a²-the	V;PFV;3;SG	a²‑thebi
a²-the	V;PRF;PRS;1;SG	a²-the‑ni
a²-the	V;PRF;PRS;3;SG	gáthe
a²-the	V;PRF;PST;2	a²-the
a²-the	V;PRF;PST;3	a²-theí
a²-the	V;IRR;1;SG	na²-the
a²-the	V;IRR;2;SG	a²-theh
nxa²n-the	V;IPFV;PRS;1;SG	nxa²n-di
nxa²n-the	V;IPFV;PRS;3;SG	nxa²n-the
nxa²n-the	V;IPFV;PST;1;SG	nanxa²n-the
nxa²n-the	V;IPFV;PST;2;SG	mxa²n-the
nxa²n-the	V;IPFV;PST;3;SG	nxa²n-the
nxa²n-the	V;PFV;1;SG	nxa²n-thi
nxa²n-the	V;PFV;2;SG	gínxa²n-the
nxa²n-the	V;PFV;3;SG	nxa²nh
nxa²n-the	V;PRF;PRS;1;SG	nxa²n‑thena
nxa²n-the	V;PRF;PRS;2;SG	bnxa²n‑the
nxa²n-the	V;PRF;PRS;3;SG	nxa²n-the
nxa²n-the	V;IRR;3;SG	nxa²n‑thi
kä²-bọhai	V;IPFV;PRS;3;SG	kä²-bọhai
kä²-bọhai	V;IPFV;PST;3;SG	kä²-bọhain
kä²-bọhai	V;PFV;3;SG	kä²-bọhai-bi
kä²-bọhai	V;PRF;PRS;3;SG	kä²-bọhai
kä²-bọhai	V;IRR;3;SG	gkä-bọhai
thẹ¹²ti	V;IPFV;PRS;2;SG	mthẹ¹²ti
thẹ¹²ti	V;IPFV;PRS;3;SG	thẹ́tini
thẹ¹²ti	V;IPFV;PST;2;SG	máthẹ́ti
thẹ¹²ti	V;IPFV;PST;3;SG	thẹ¹²ti
thẹ¹²ti	V;PFV;1;SG	na-thẹ¹²ti
thẹ¹²ti	V;PFV;2;SG	thẹ¹²tih
thẹ¹²ti	V;PFV;3;SG	thẹ¹²ti
thẹ¹²ti	V;PRF;PRS;2;SG	mathẹ́ti
thẹ¹²ti	V;PRF;PRS;3;SG	thẹ́ti
thẹ¹²ti	V;PRF;PST;3	thẹ¹²i
thẹ¹²ti	V;IRR;1;SG	nthẹ¹²ti
thẹ¹²ti	V;IRR;3;SG	thẹ¹²tini
mfa²da	V;IPFV;PRS;1;SG	na‑mfa²da
mfa²da	V;IPFV;PST;1;SG	nmfa²da
mfa²da	V;PFV;3;SG	mfa²dani
mfa²da	V;PRF;PRS;1;SG	namfa²da
mfa²da	V;PRF;PRS;2;SG	mfa²dah
mfa²da	V;PRF;PST;1	namfa²da
mfa²da	V;PRF;PST;3	mfa²di
mfa²da	V;IRR;1;SG	namfada
mfa²da	V;IRR;2;SG	mfa²di
po²ʔtsi	V;IPFV;PRS;2;SG	mopoʔtsi
po²ʔtsi	V;IPFV;PST;1;SG	na‑po²ʔtsi
po²ʔtsi	V;IPFV;PST;3;SG	po²ʔtsih
po²ʔtsi	V;PFV;2;SG	mpo²ʔtsi
po²ʔtsi	V;PFV;3;SG	po²ʔtsi
po²ʔtsi	V;PRF;PRS;2;SG	po²ʔtsi
po²ʔtsi	V;PRF;PRS;3;SG	po²ʔtsi
po²ʔtsi	V;PRF;PST;1	ñopoʔtsi
po²ʔtsi	V;PRF;PST;2	po²ʔtsihɨ
po²ʔtsi	V;IRR;1;SG	poʔtsih
po²ʔtsi	V;IRR;2;SG	gpo²ʔtsi
ñäni	V;IPFV;PRS;1;SG	niñäni
ñäni	V;IPFV;PRS;2;SG	mñäni
ñäni	V;IPFV;PRS;3;SG	gañäni
ñäni	V;IPFV;PST;1;SG	ñäña
ñäni	V;IPFV;PST;2;SG	gñänih
ñäni	V;IPFV;PST;3;SG	ñäni
ñäni	V;PFV;2;SG	hñäni
ñäni	V;PRF;PRS;2;SG	gñäni
ñäni	V;PRF;PRS;3;SG	ñäni
ñäni	V;PRF;PST;2	ñäni̱
ñäni	V;IRR;3;SG	ñänibi
joʔmi	V;IPFV;PRS;1;SG	joʔmina
joʔmi	V;IPFV;PRS;2;SG	mijoʔmi
joʔmi	V;IPFV;PRS;3;SG	njoʔmi
joʔmi	V;IPFV;PST;1;SG	njoʔmi
joʔmi	V;IPFV;PST;2;SG	mjoʔmih
joʔmi	V;PFV;1;SG	naʔjomi
joʔmi	V;PFV;3;SG	biɣajoʔmi
joʔmi	V;PRF;PRS;2;SG	joʔmidh
joʔmi	V;PRF;PST;1	njomi
joʔmi	V;PRF;PST;2	joʔmih
joʔmi	V;PRF;PST;3	joʔmi
joʔmi	V;IRR;1;SG	njoʔmi
joʔmi	V;IRR;2;SG	mjoʔmi
ntsụi	V;IPFV;PRS;2;SG	ntsụh
ntsụi	V;IPFV;PRS;3;SG	ntsụi
ntsụi	V;IPFV;PST;1;SG	nantsụih
ntsụi	V;IPFV;PST;2;SG	ntsuiʔbi
ntsụi	V;PFV;2;SG	gntsụi
ntsụi	V;PRF;PRS;3;SG	ntsüih
ntsụi	V;PRF;PST;1	ntsụih
ntsụi	V;PRF;PST;3	ntsúh
ntsụi	V;IRR;2;SG	m‑ntsụi
tu²-mä²nthu¹²hu	V;IPFV;PRS;3;SG	i-mä²nthu¹²hu
tu²-mä²nthu¹²hu	V;IPFV;PST;2;SG	tu²-mä²nthu¹²bi
tu²-mä²nthu¹²hu	V;IPFV;PST;3;SG	tu²-mä²nthu¹²huho
tu²-mä²nthu¹²hu	V;PFV;1;SG	tu²-mä²nthu¹²hu
tu²-mä²nthu¹²hu	V;PFV;2;SG	tu²-mä²nthu¹²hu
tu²-mä²nthu¹²hu	V;PFV;3;SG	mä²nthu¹²hu
tu²-mä²nthu¹²hu	V;PRF;PRS;1;SG	na²-mä²nthu¹²hu
tu²-mä²nthu¹²hu	V;PRF;PRS;2;SG	tu²-mä²nthu¹²hu
tu²-mä²nthu¹²hu	V;PRF;PRS;3;SG	tu²-mä²nthu¹²huni
tu²-mä²nthu¹²hu	V;PRF;PST;1	tu²-mä²nthu¹²hu
tu²-mä²nthu¹²hu	V;IRR;1;SG	tu²-mä²nthu¹²hu
tu²-mä²nthu¹²hu	V;IRR;3;SG	i²-mä²nthu¹²hu
mu²nts’i	V;IPFV;PRS;1;SG	na‑mu²nts’i
mu²nts’i	V;IPFV;PST;1;SG	mu²nts’iñi
mu²nts’i	V;IPFV;PST;3;SG	mu²nts’i
mu²nts’i	V;PFV;1;SG	na²nts’i
mu²nts’i	V;PFV;2;SG	mu²nts’i̱
mu²nts’i	V;PRF;PRS;1;SG	mu²nts’i
mu²nts’i	V;PRF;PST;2	mu²nts’ib
mu²nts’i	V;PRF;PST;3	mu²nts’i
mu²nts’i	V;IRR;2;SG	mu²nts’i
mu²nts’i	V;IRR;3;SG	iⁿts'i
xe¹²ni	V;IPFV;PRS;1;SG	xe¹²ni
xe¹²ni	V;IPFV;PRS;2;SG	axe¹²ni
xe¹²ni	V;IPFV;PRS;3;SG	xe¹²ni
xe¹²ni	V;IPFV;PST;2;SG	xegibi
xe¹²ni	V;IPFV;PST;3;SG	¹²h".xe¹²h
xe¹²ni	V;PFV;1;SG	nxe¹²ni
xe¹²ni	V;PRF;PRS;1;SG	naxe¹²ni
xe¹²ni	V;PRF;PRS;2;SG	xe¹²hɨ
xe¹²ni	V;PRF;PST;1	xe¹²ni
xe¹²ni	V;PRF;PST;3	xe¹²ni
xe¹²ni	V;IRR;1;SG	xe¹²na
xe¹²ni	V;IRR;2;SG	gxe¹²hi
xe¹²ni	V;IRR;3;SG	xe¹²i
hän-guẹ²nda	V;IPFV;PRS;1;SG	na-hän-guẹ²nda
hän-guẹ²nda	V;IPFV;PRS;3;SG	hän‑guẹ²ndabi
hän-guẹ²nda	V;IPFV;PST;1;SG	na‑hän‑guẹ²nda
hän-guẹ²nda	V;IPFV;PST;2;SG	hän-guẹ²nda
hän-guẹ²nda	V;IPFV;PST;3;SG	hän-guẹ²nda
hän-guẹ²nda	V;PFV;1;SG	na-hän-guẹ²nda
hän-guẹ²nda	V;PFV;2;SG	hän-guẹ²nda
hän-guẹ²nda	V;PFV;3;SG	hän-guẹ²nda
hän-guẹ²nda	V;PRF;PRS;1;SG	na-hän-guẹ²nda
hän-guẹ²nda	V;PRF;PST;1	na-hän-guẹ²nda
hän-guẹ²nda	V;PRF;PST;3	hän-guẹ²nda
hän-guẹ²nda	V;IRR;1;SG	na-hän-guẹ²nda
hän-guẹ²nda	V;IRR;2;SG	ma-guẹ²nda
hän-guẹ²nda	V;IRR;3;SG	hän‑guẹ²ndi
pụ²nts’i	V;IPFV;PRS;1;SG	napụnts’i
pụ²nts’i	V;IPFV;PST;2;SG	mapụ²nts’i
pụ²nts’i	V;PFV;1;SG	pụnts’ih
pụ²nts’i	V;PFV;2;SG	pụ²nts’ih
pụ²nts’i	V;PFV;3;SG	pụ²nts’i
pụ²nts’i	V;PRF;PRS;1;SG	napụ²nts’i
pụ²nts’i	V;PRF;PRS;2;SG	hụnts’i
pụ²nts’i	V;PRF;PRS;3;SG	pụ²nts’i
pụ²nts’i	V;PRF;PST;1	na-pụnts’i
pụ²nts’i	V;IRR;2;SG	pụ²nts’ini
pụ²nts’i	V;IRR;3;SG	pụnts'ih
ho²-du	V;IPFV;PRS;1;SG	nho²a
ho²-du	V;IPFV;PST;1;SG	ho²-ni
ho²-du	V;IPFV;PST;2;SG	góhdui
ho²-du	V;PFV;2;SG	ho‑duɨ
ho²-du	V;PFV;3;SG	ho²-du
ho²-du	V;PRF;PRS;1;SG	na‑ho²‑du
ho²-du	V;PRF;PRS;3;SG	ho²-du
ho²-du	V;PRF;PST;1	nho²
ho²-du	V;PRF;PST;3	ho²-dujo
ho²-du	V;IRR;1;SG	ho²-duni
ho²-du	V;IRR;2;SG	ho²-dui
xọ²ge	V;PFV;3;SG	xọ²ge
xọ²ge	V;PRF;PST;3	xọ²gen
xọ²ge	V;IRR;3;SG	xọ²gi
mbe¹²ni	V;IPFV;PRS;1;SG	mbe¹²ni
mbe¹²ni	V;IPFV;PRS;2;SG	mbe¹²ni
mbe¹²ni	V;IPFV;PRS;3;SG	mbea
mbe¹²ni	V;IPFV;PST;1;SG	na-mbe¹²ni
mbe¹²ni	V;IPFV;PST;2;SG	mambe¹²ni
mbe¹²ni	V;IPFV;PST;3;SG	mbe¹²ni
mbe¹²ni	V;PRF;PRS;1;SG	mbe¹²ni
mbe¹²ni	V;PRF;PRS;2;SG	mbe¹²nihɨ
mbe¹²ni	V;PRF;PST;1	mbe¹²na
mbe¹²ni	V;PRF;PST;2	mambe¹²ni
mbe¹²ni	V;PRF;PST;3	mbe¹²ni
mbe¹²ni	V;IRR;2;SG	gmbe¹²ni
ʔro²ts’i	V;IPFV;PRS;1;SG	naʔro²ts’i
ʔro²ts’i	V;IPFV;PST;2;SG	gʔro²ts’i
ʔro²ts’i	V;IPFV;PST;3;SG	ʔro²ts’ib
ʔro²ts’i	V;PFV;1;SG	naʔro²ts’i
ʔro²ts’i	V;PFV;2;SG	mʔro²ts’iɨ
ʔro²ts’i	V;PFV;3;SG	ʔro²ts’i
ʔro²ts’i	V;PRF;PRS;1;SG	nʔrots’i
ʔro²ts’i	V;PRF;PRS;2;SG	mʔro²ts’i
ʔro²ts’i	V;PRF;PRS;3;SG	ʔro²ts’i
ʔro²ts’i	V;PRF;PST;2	ʔro²ts’i
ʔro²ts’i	V;PRF;PST;3	ʔro²ts’i
ʔro²ts’i	V;IRR;1;SG	naʔro²ts’i
ʔro²ts’i	V;IRR;2;SG	ʔro²ts’ia
bụnt’i	V;IPFV;PRS;2;SG	bụnt’ihɨ
bụnt’i	V;IPFV;PST;1;SG	nabụnt’ih
bụnt’i	V;IPFV;PST;3;SG	bũnt'i
bụnt’i	V;PFV;1;SG	nbụnt’i
bụnt’i	V;PFV;3;SG	bụnt’i
bụnt’i	V;PRF;PRS;2;SG	bũnt'i
bụnt’i	V;PRF;PRS;3;SG	bụnt’i
bụnt’i	V;PRF;PST;1	bụnt’in
bụnt’i	V;PRF;PST;3	bụnt’i
bụnt’i	V;IRR;3;SG	bụnt’ia
tsa²-ya	V;IPFV;PRS;1;SG	ntsa²-ya
tsa²-ya	V;IPFV;PRS;3;SG	tsa²-ya
tsa²-ya	V;IPFV;PST;1;SG	natsáyah
tsa²-ya	V;IPFV;PST;2;SG	mtsa²yan
tsa²-ya	V;PFV;1;SG	na‑tsa²‑ya
tsa²-ya	V;PFV;2;SG	tsa²-yãh
tsa²-ya	V;PRF;PRS;2;SG	tsa²-yi
tsa²-ya	V;PRF;PST;1	n‑tsa²‑ya
tsa²-ya	V;PRF;PST;2	gtsa²-ya
tsa²-ya	V;IRR;3;SG	tsa²-yara
hä²kua²bi	V;IPFV;PRS;2;SG	mahä²kua²
hä²kua²bi	V;IPFV;PST;3;SG	hä²kua²bina
hä²kua²bi	V;PFV;1;SG	hä²kua²bih
hä²kua²bi	V;PRF;PRS;2;SG	gähä²kuaa
hä²kua²bi	V;PRF;PRS;3;SG	hä²kua
hä²kua²bi	V;PRF;PST;2	hä²kua²ki
hä²kua²bi	V;PRF;PST;3	hä²kua²ga
hä²kua²bi	V;IRR;3;SG	hä²kua²bidi
po¹²nt’a²-ʔyẹ	V;IPFV;PRS;1;SG	na‑po¹²nt’a²‑ʔyẹ
po¹²nt’a²-ʔyẹ	V;IPFV;PRS;2;SG	po¹²nt’a²-ʔyá
po¹²nt’a²-ʔyẹ	V;IPFV;PST;2;SG	mi‑pónt’a‑ʔyẹ‑bí
po¹²nt’a²-ʔyẹ	V;PFV;1;SG	nopo¹²nt’a²-ʔyẹ
po¹²nt’a²-ʔyẹ	V;PFV;2;SG	mopo¹²nt’a²-ʔyẹ
po¹²nt’a²-ʔyẹ	V;PRF;PRS;1;SG	na‑po¹²nt’a²‑ʔyẹ
po¹²nt’a²-ʔyẹ	V;PRF;PRS;2;SG	po¹²nt’a²-bi
po¹²nt’a²-ʔyẹ	V;PRF;PRS;3;SG	i‑po¹²nt’a²‑ʔyẹ
po¹²nt’a²-ʔyẹ	V;IRR;2;SG	gi‑po¹²nt’a²‑ʔyẹh
hñä²mbä-ndä	V;IPFV;PRS;3;SG	hñämbä-ndä
hñä²mbä-ndä	V;IPFV;PST;1;SG	nhñä²mbä-ndä
hñä²mbä-ndä	V;IPFV;PST;3;SG	hñä²mbä-ndä
hñä²mbä-ndä	V;PFV;1;SG	hñä²mbä-ñä
hñä²mbä-ndä	V;PFV;2;SG	hñä²mbä-ndäka
hñä²mbä-ndä	V;PFV;3;SG	i hñämbä-ndä
hñä²mbä-ndä	V;PRF;PRS;1;SG	hñä²mbä-ndä
hñä²mbä-ndä	V;PRF;PRS;2;SG	mahñämbä-ndä
hñä²mbä-ndä	V;PRF;PRS;3;SG	hñä²mbä-ndä
hñä²mbä-ndä	V;PRF;PST;1	na‑hñä²mbä‑nda
hñä²mbä-ndä	V;PRF;PST;2	hñä²mbä-ndá
hñä²mbä-ndä	V;PRF;PST;3	hñä²mbä-ndä
hñä²mbä-ndä	V;IRR;3;SG	hñä²mbä-ndä
ʔui²-thä	V;IPFV;PRS;1;SG	naʔui‑thä
ʔui²-thä	V;IPFV;PRS;3;SG	ʔui²-thä
ʔui²-thä	V;IPFV;PST;1;SG	ni‑ʔui‑thä
ʔui²-thä	V;IPFV;PST;2;SG	maʔui²-thä
ʔui²-thä	V;IPFV;PST;3;SG	ʔui²-thä
ʔui²-thä	V;PFV;3;SG	ʔui²-thä
ʔui²-thä	V;PRF;PRS;3;SG	ʔui‑thäi
ʔui²-thä	V;PRF;PST;2	ʔui²-thä'i
ʔui²-thä	V;PRF;PST;3	ʔui‑thä‑i
ʔui²-thä	V;IRR;3;SG	ʔui²-thäɨ
emei	V;IPFV;PRS;2;SG	maemei
emei	V;IPFV;PRS;3;SG	iemei
emei	V;PFV;1;SG	namei
emei	V;PFV;2;SG	emeiš
emei	V;PFV;3;SG	emei
emei	V;PRF;PRS;1;SG	naemei
emei	V;PRF;PRS;3;SG	gemei
emei	V;PRF;PST;1	emeidi
emei	V;IRR;1;SG	naemei
xa²ha	V;IPFV;PRS;2;SG	mixáha
xa²ha	V;IPFV;PRS;3;SG	xa²hai
xa²ha	V;IPFV;PST;3;SG	xa²hana
xa²ha	V;PFV;1;SG	ñixa²haki
xa²ha	V;PFV;2;SG	xa²hi
xa²ha	V;PRF;PRS;1;SG	naxa²ha
xa²ha	V;PRF;PST;1	nxa²hai
xa²ha	V;PRF;PST;2	xa²hɨ
xa²ha	V;PRF;PST;3	xa²hai
xa²ha	V;IRR;2;SG	xa²hi
xa²ha	V;IRR;3;SG	göxa²ha
hẹ²ʔti	V;IPFV;PRS;1;SG	hẹ²ʔna
hẹ²ʔti	V;IPFV;PRS;3;SG	hẹ²ʔti
hẹ²ʔti	V;IPFV;PST;3;SG	ihẹ²ʔti
hẹ²ʔti	V;PFV;1;SG	hẹ²ʔtini
hẹ²ʔti	V;PFV;2;SG	hẹ²ʔtih
hẹ²ʔti	V;PRF;PRS;2;SG	mhẹ²ʔti
hẹ²ʔti	V;PRF;PST;1	na‑hẹ²ʔti
hẹ²ʔti	V;PRF;PST;2	hẹ²ʔtigi
hẹ²ʔti	V;PRF;PST;3	hẹ²ʔh
hẹ²ʔti	V;IRR;1;SG	nahẹ²ʔti
hẹ²ʔti	V;IRR;2;SG	hẹ²ʔtin
hẹ²ʔti	V;IRR;3;SG	hẹ²ʔtini
ue²ni	V;IPFV;PRS;2;SG	ue²na
ue²ni	V;IPFV;PST;1;SG	naue²ni
ue²ni	V;IPFV;PST;2;SG	ue²ni
ue²ni	V;IPFV;PST;3;SG	ue²nih
ue²ni	V;PFV;1;SG	nue²ni
ue²ni	V;PFV;3;SG	gue²ni
ue²ni	V;PRF;PRS;2;SG	ue²nihɨ
ue²ni	V;PRF;PST;2	ue²h
ue²ni	V;PRF;PST;3	ue²niga
ue²ni	V;IRR;2;SG	gue²ni
ue²ni	V;IRR;3;SG	ue²ni
ha¹²t-hmi	V;IPFV;PRS;1;SG	ha¹²t-hmi
ha¹²t-hmi	V;IPFV;PRS;2;SG	ha¹²t-hmi
ha¹²t-hmi	V;IPFV;PRS;3;SG	ha¹²t-hmi
ha¹²t-hmi	V;IPFV;PST;1;SG	na‑ha¹²t‑hi
ha¹²t-hmi	V;IPFV;PST;3;SG	ha¹²t-hmi
ha¹²t-hmi	V;PFV;1;SG	ha¹²t-hmi-n
ha¹²t-hmi	V;PFV;3;SG	ha¹²t-hmibi
ha¹²t-hmi	V;PRF;PRS;2;SG	ha¹²t-hmi
ha¹²t-hmi	V;PRF;PST;2	ha¹²t-hni
ha¹²t-hmi	V;PRF;PST;3	ha¹²t
ha¹²t-hmi	V;IRR;2;SG	ba¹²t-hmi
ä²t’i	V;IPFV;PRS;2;SG	hä²t’i
ä²t’i	V;IPFV;PRS;3;SG	ä²t’i
ä²t’i	V;IPFV;PST;1;SG	naä²t’imi
ä²t’i	V;IPFV;PST;3;SG	ä²t’i
ä²t’i	V;PFV;1;SG	nä²t’i
ä²t’i	V;PFV;2;SG	ä²t’ihi
ä²t’i	V;PRF;PST;1	ä²t’ini
ä²t’i	V;PRF;PST;2	mä²t’i
ä²t’i	V;PRF;PST;3	ä²t’i
ä²t’i	V;IRR;2;SG	ä²t’
ä²t’i	V;IRR;3;SG	ä²t’ih
nt’ọʔtse	V;IPFV;PRS;1;SG	nt’ọʔtse
nt’ọʔtse	V;IPFV;PRS;3;SG	nt’ọʔtse
nt’ọʔtse	V;IPFV;PST;1;SG	nt’ọʔtseɨ
nt’ọʔtse	V;IPFV;PST;2;SG	hɨnt’ọʔtse
nt’ọʔtse	V;PFV;1;SG	nt’ọʔtse
nt’ọʔtse	V;PFV;2;SG	mt’ọʔtse
nt’ọʔtse	V;PRF;PRS;1;SG	nt’ọʔtse
nt’ọʔtse	V;PRF;PRS;2;SG	hɨnt’ọʔtse
nt’ọʔtse	V;PRF;PRS;3;SG	t’ọʔtse
nt’ọʔtse	V;PRF;PST;1	nt’ọʔtseh
nt’ọʔtse	V;PRF;PST;2	mt’ọʔtsebi
nt’ọʔtse	V;IRR;2;SG	mt’ọʔtse
nt’ọʔtse	V;IRR;3;SG	nt’ọʔtse
nä¹²-nä	V;IPFV;PRS;3;SG	nä¹²-nä
nä¹²-nä	V;IPFV;PST;1;SG	nänä
nä¹²-nä	V;IPFV;PST;2;SG	gänä
nä¹²-nä	V;IPFV;PST;3;SG	näma
nä¹²-nä	V;PFV;1;SG	na‑nä¹²-nä
nä¹²-nä	V;PRF;PRS;1;SG	nä¹²-näi
nä¹²-nä	V;PRF;PRS;2;SG	hi‑nä
nä¹²-nä	V;PRF;PRS;3;SG	dänä
nä¹²-nä	V;PRF;PST;1	nä¹²-näi
nä¹²-nä	V;PRF;PST;2	ganäbi
nä¹²-nä	V;PRF;PST;3	nä¹²-näki
nä¹²-nä	V;IRR;1;SG	nä¹²-ná
nä¹²-nä	V;IRR;2;SG	näⁿ.
nä¹²-nä	V;IRR;3;SG	nä¹²-nä
thụ²t’i	V;IPFV;PRS;1;SG	nəthụ²t’i
thụ²t’i	V;IPFV;PST;1;SG	nthút’i
thụ²t’i	V;IPFV;PST;2;SG	a‑thụ²t’i
thụ²t’i	V;PRF;PRS;2;SG	thụ²t’in
thụ²t’i	V;PRF;PST;1	nathụt’i
thụ²t’i	V;PRF;PST;2	thụ²t’ibí
thụ²t’i	V;PRF;PST;3	thụ²t’ih
thụ²t’i	V;IRR;1;SG	nthụ²t’i
thụ²t’i	V;IRR;2;SG	mthụ²t’i
xoʔti	V;IPFV;PRS;1;SG	nxoʔti
xoʔti	V;IPFV;PRS;2;SG	xoʔtih
xoʔti	V;IPFV;PRS;3;SG	xoʔti
xoʔti	V;IPFV;PST;2;SG	mxoʔti
xoʔti	V;IPFV;PST;3;SG	xoʔti
xoʔti	V;PFV;2;SG	tíxoʔti
xoʔti	V;PRF;PRS;1;SG	xoʔtin
xoʔti	V;PRF;PST;2	xoʔtini
xoʔti	V;PRF;PST;3	dixoʔti
xoʔti	V;IRR;1;SG	noxóti
o²di	V;IPFV;PRS;1;SG	na²di
o²di	V;IPFV;PRS;2;SG	módi
o²di	V;IPFV;PRS;3;SG	o²di
o²di	V;IPFV;PST;3;SG	odibi
o²di	V;PFV;3;SG	o²dibi
o²di	V;PRF;PRS;1;SG	no²di
o²di	V;PRF;PRS;2;SG	maodi
o²di	V;PRF;PRS;3;SG	o²di
o²di	V;PRF;PST;1	nódi
o²di	V;PRF;PST;3	o²dib
k’ẹ²ʔti	V;IPFV;PRS;1;SG	nak’ẹʔti
k’ẹ²ʔti	V;IPFV;PRS;3;SG	k’ẹ²ʔti
k’ẹ²ʔti	V;IPFV;PST;3;SG	k’ẹ²ʔti
k’ẹ²ʔti	V;PFV;1;SG	k’ẹ²ʔtini
k’ẹ²ʔti	V;PFV;2;SG	mak’ẹʔti
k’ẹ²ʔti	V;PRF;PRS;2;SG	k’ẹ́ʔtibá
k’ẹ²ʔti	V;PRF;PRS;3;SG	k’ẹ²ʔti
k’ẹ²ʔti	V;PRF;PST;1	nk’ẹ²ʔti
k’ẹ²ʔti	V;PRF;PST;3	k’ẹ²ʔtin
k’ẹ²ʔti	V;IRR;1;SG	na‑k’ẹʔti
k’ẹ²ʔti	V;IRR;2;SG	bk’ẹ²ʔtih
k’ẹ²ʔti	V;IRR;3;SG	k’ẹ²ʔti
tsu¹²st’i	V;IPFV;PRS;2;SG	tsu¹²st’ibi
tsu¹²st’i	V;IPFV;PRS;3;SG	tsu¹²st’i
tsu¹²st’i	V;IPFV;PST;1;SG	natsúst’i
tsu¹²st’i	V;IPFV;PST;2;SG	tsu¹²st’ih
tsu¹²st’i	V;IPFV;PST;3;SG	tsu¹²st’ih
tsu¹²st’i	V;PFV;1;SG	na-tsu¹²st’i
tsu¹²st’i	V;PFV;3;SG	tsu¹²st’ihɨ
tsu¹²st’i	V;PRF;PRS;1;SG	tsu¹²st’ini
tsu¹²st’i	V;PRF;PRS;3;SG	tsu¹²st’i
tsu¹²st’i	V;IRR;3;SG	tsu¹²st’ih
be¹²he	V;IPFV;PST;3;SG	i‑behe
be¹²he	V;PFV;2;SG	be¹²heni
be¹²he	V;PRF;PST;1	na¹²behe
be¹²he	V;PRF;PST;2	bëhí
be¹²he	V;PRF;PST;3	be¹²hen
be¹²he	V;IRR;1;SG	nabe¹²he
be¹²he	V;IRR;2;SG	ma-be¹²he
xi²s-te¹²he	V;IPFV;PRS;1;SG	xi²s-te¹²heni
xi²s-te¹²he	V;IPFV;PRS;2;SG	thi‑xi²s‑te¹²he
xi²s-te¹²he	V;IPFV;PST;2;SG	xi²s-te¹²hi
xi²s-te¹²he	V;IPFV;PST;3;SG	xi²s-te¹²hebi
xi²s-te¹²he	V;PFV;1;SG	naxi²s‑te¹²he
xi²s-te¹²he	V;PFV;2;SG	xi²s-te¹²he
xi²s-te¹²he	V;PFV;3;SG	xi²s-te¹²
xi²s-te¹²he	V;PRF;PRS;3;SG	xi²s-te¹²he
xi²s-te¹²he	V;PRF;PST;2	xi²s‑te¹²hen
xi²s-te¹²he	V;IRR;3;SG	xi²s-te¹²he
xä¹²ki	V;IPFV;PRS;3;SG	xä¹²ki
xä¹²ki	V;IPFV;PST;2;SG	gixäki
xä¹²ki	V;IPFV;PST;3;SG	xäkin
xä¹²ki	V;PFV;1;SG	na‑xäki
xä¹²ki	V;PFV;2;SG	mxäki
xä¹²ki	V;PFV;3;SG	xä¹²ki
xä¹²ki	V;PRF;PRS;1;SG	xä¹²kini
xä¹²ki	V;PRF;PRS;2;SG	xä¹²kih
xä¹²ki	V;PRF;PRS;3;SG	xä¹²ki
xä¹²ki	V;PRF;PST;2	maxä¹²ki
xä¹²ki	V;PRF;PST;3	xäkiʔi
xä¹²ki	V;IRR;1;SG	naxäki
xä¹²ki	V;IRR;2;SG	mxäkibi
xä¹²ki	V;IRR;3;SG	xä
xä¹²ki	V;IPFV;PRS;2;SG	xäkih
xä¹²ki	V;IPFV;PRS;3;SG	xä¹²ki
xä¹²ki	V;IPFV;PST;1;SG	na‑xäki
xä¹²ki	V;IPFV;PST;2;SG	xäkih
xä¹²ki	V;PFV;1;SG	nxäki
xä¹²ki	V;PFV;2;SG	mxä
xä¹²ki	V;PFV;3;SG	xäki
xä¹²ki	V;PRF;PRS;1;SG	nxäki
xä¹²ki	V;PRF;PRS;3;SG	xä¹²ka
xä¹²ki	V;PRF;PST;2	mxäki
xä¹²ki	V;IRR;1;SG	nxäki
heki	V;IPFV;PRS;1;SG	nheki
heki	V;IPFV;PRS;2;SG	hekiti
heki	V;IPFV;PRS;3;SG	hek
heki	V;IPFV;PST;2;SG	hekini
heki	V;IPFV;PST;3;SG	heka
heki	V;PFV;1;SG	naheki
heki	V;PFV;2;SG	mheki
heki	V;PFV;3;SG	heki
heki	V;PRF;PRS;2;SG	hekiti
heki	V;PRF;PRS;3;SG	hekia
heki	V;PRF;PST;1	nheki
heki	V;PRF;PST;3	heki
heki	V;IRR;1;SG	nahekia
heki	V;IRR;2;SG	maheki
heki	V;IRR;3;SG	heki
họ²x-yä	V;IPFV;PRS;1;SG	na-họ²x-yä
họ²x-yä	V;IPFV;PRS;2;SG	ma‑họ²x‑yä
họ²x-yä	V;IPFV;PST;2;SG	họ²x-yäni
họ²x-yä	V;PFV;1;SG	na-họ²x-yä
họ²x-yä	V;PFV;2;SG	găhọx
họ²x-yä	V;PRF;PRS;2;SG	họ²x-yämi
họ²x-yä	V;PRF;PRS;3;SG	ga-họ²x-yä
họ²x-yä	V;PRF;PST;1	na-họ²x-yä
họ²x-yä	V;PRF;PST;2	họ²x-yäbi
họ²x-yä	V;PRF;PST;3	họ²x
hño¹²ga²-ñʔọde	V;IPFV;PST;2;SG	m‑hño¹²ga²‑ñʔọde
hño¹²ga²-ñʔọde	V;IPFV;PST;3;SG	hño¹²ga²-ñʔọdehɨ
hño¹²ga²-ñʔọde	V;PFV;2;SG	hño¹²ga²-ñʔọdeka
hño¹²ga²-ñʔọde	V;PFV;3;SG	ghño¹²ga²-ñʔọde
hño¹²ga²-ñʔọde	V;PRF;PRS;1;SG	na-hño¹²ga²-ñʔọde
hño¹²ga²-ñʔọde	V;PRF;PRS;2;SG	hño¹²ga²-ñʔọde
hño¹²ga²-ñʔọde	V;PRF;PRS;3;SG	hño¹²ga²-ñʔọde
hño¹²ga²-ñʔọde	V;PRF;PST;2	hño¹²ga²-ñʔọdebi
hño¹²ga²-ñʔọde	V;PRF;PST;3	hño¹²ga²-ñʔọbi
hño¹²ga²-ñʔọde	V;IRR;1;SG	ho‑hño¹²ga²‑ñʔọde
hño¹²ga²-ñʔọde	V;IRR;3;SG	hño¹²ga²-ñʔọdebi
mfọ²hni	V;IPFV;PRS;3;SG	mfọ²hni
mfọ²hni	V;IPFV;PST;3;SG	mfọ²hni
mfọ²hni	V;PRF;PRS;3;SG	mfọ²hni
mfọ²hni	V;PRF;PST;3	mfọ²hni
mbọ-t’o	V;PFV;3;SG	mbọ-t’o
mbọ-t’o	V;PRF;PST;3	mbọ-t’o
hya²ʔnga	V;IPFV;PRS;1;SG	nahya²ʔ
hya²ʔnga	V;IPFV;PRS;2;SG	hya²ʔngi
hya²ʔnga	V;IPFV;PST;2;SG	mhyaʔngá
hya²ʔnga	V;PFV;1;SG	hya²ʔngbina
hya²ʔnga	V;PFV;2;SG	hya²ʔngah
hya²ʔnga	V;PRF;PRS;1;SG	nahyaʔnga
hya²ʔnga	V;PRF;PRS;2;SG	mhya²ʔnga
hya²ʔnga	V;PRF;PST;1	nhya²ʔnga
hya²ʔnga	V;IRR;3;SG	hya²ʔngah
ti¹²hi	V;IPFV;PRS;2;SG	ati¹²hi
ti¹²hi	V;IPFV;PRS;3;SG	ti¹²hi
ti¹²hi	V;IPFV;PST;1;SG	na‑ti¹²hi
ti¹²hi	V;IPFV;PST;2;SG	ti¹²hin
ti¹²hi	V;PFV;2;SG	mi¹²hi
ti¹²hi	V;PFV;3;SG	hiho
ti¹²hi	V;PRF;PRS;1;SG	nti¹²hi
ti¹²hi	V;PRF;PRS;2;SG	ti¹²hi
ti¹²hi	V;PRF;PRS;3;SG	iti¹²hi
ti¹²hi	V;PRF;PST;2	tihí
ti¹²hi	V;PRF;PST;3	ti¹²hi
ti¹²hi	V;IRR;1;SG	na‑ti¹²hi
ti¹²hi	V;IRR;2;SG	ti¹²hi
ti¹²hi	V;IRR;3;SG	ti¹²he
dụ²-zụ	V;IPFV;PRS;1;SG	ndụ²-zụ
dụ²-zụ	V;IPFV;PRS;2;SG	dụ́zɨ
dụ²-zụ	V;IPFV;PRS;3;SG	dụ²-zụ
dụ²-zụ	V;IPFV;PST;2;SG	dụ²‑zụni
dụ²-zụ	V;PFV;1;SG	dadụ²z
dụ²-zụ	V;PRF;PRS;1;SG	dụzuni
dụ²-zụ	V;PRF;PRS;3;SG	dụz
dụ²-zụ	V;PRF;PST;1	dụ́zúna
dụ²-zụ	V;PRF;PST;2	dụ́-zúmi
dụ²-zụ	V;IRR;1;SG	dụ²‑zụni
dụ²-zụ	V;IRR;2;SG	ma-dụz
dụ²-zụ	V;IRR;3;SG	dụ²-zú
nthụ²ni	V;IPFV;PST;3;SG	nthụni
nthụ²ni	V;PRF;PRS;3;SG	nthụ²ni
nja	V;IPFV;PST;3;SG	njah
nja	V;IRR;3;SG	njab
ya¹²ʔtsi	V;IPFV;PRS;1;SG	nayaʔtsi
ya¹²ʔtsi	V;IPFV;PRS;2;SG	na‑ya¹²ʔtsi
ya¹²ʔtsi	V;IPFV;PST;1;SG	na‑ya¹²ʔtsi
ya¹²ʔtsi	V;IPFV;PST;3;SG	ya¹²ʔtsi
ya¹²ʔtsi	V;PFV;1;SG	nayaʔtsi
ya¹²ʔtsi	V;PRF;PRS;2;SG	ma‑ya¹²ʔtsi
ya¹²ʔtsi	V;PRF;PRS;3;SG	ya¹²ʔtsi
ya¹²ʔtsi	V;PRF;PST;1	nya¹²ʔtsik
ya¹²ʔtsi	V;PRF;PST;3	ya¹²ʔtsik
ya¹²ʔtsi	V;IRR;1;SG	na‑yaʔtsi
ya¹²ʔtsi	V;IRR;3;SG	ya¹²ʔtsa
bä²tsi	V;IPFV;PRS;1;SG	nabätsi
bä²tsi	V;IPFV;PRS;2;SG	ɨbä²tsi
bä²tsi	V;IPFV;PRS;3;SG	bä²tsi
bä²tsi	V;IPFV;PST;3;SG	ibätsi
bä²tsi	V;PFV;1;SG	na‑bätsi
bä²tsi	V;PFV;2;SG	bätsik
bä²tsi	V;PFV;3;SG	bä²tsih
bä²tsi	V;PRF;PRS;1;SG	nabä²tsi
bä²tsi	V;PRF;PRS;3;SG	bä²tsi
bä²tsi	V;PRF;PST;2	ma-bä²tsi
bä²tsi	V;IRR;1;SG	bä²tsih
ʔna²-ʔyo	V;IPFV;PRS;1;SG	ʔna²-ʔyo
ʔna²-ʔyo	V;IPFV;PRS;2;SG	ma²-ʔyo
ʔna²-ʔyo	V;IPFV;PRS;3;SG	iʔna²-ʔyo
ʔna²-ʔyo	V;IPFV;PST;1;SG	nʔna‑ʔyo‑hí
ʔna²-ʔyo	V;IPFV;PST;2;SG	ʔka‑ʔyo
ʔna²-ʔyo	V;IPFV;PST;3;SG	ʔna²-ʔyo
ʔna²-ʔyo	V;PFV;1;SG	ʔna²-ʔyoʔ
ʔna²-ʔyo	V;PFV;2;SG	tiʔna²-ʔyo
ʔna²-ʔyo	V;PRF;PRS;3;SG	ʔna²-ʔyo
ʔna²-ʔyo	V;PRF;PST;3	ʔna²-ʔyo
ʔra²-nxu	V;IPFV;PRS;2;SG	ʔra²‑hnxu
ʔra²-nxu	V;IPFV;PST;2;SG	mʔra²-nxu
ʔra²-nxu	V;IPFV;PST;3;SG	ʔra²-nxi
ʔra²-nxu	V;PFV;2;SG	ʔra²-mxu
ʔra²-nxu	V;PRF;PRS;1;SG	naʔra²‑nxu
ʔra²-nxu	V;PRF;PRS;2;SG	ʔra²-nxu
ʔra²-nxu	V;PRF;PST;2	ʔra²-nxui
ʔra²-nxu	V;PRF;PST;3	ʔra²-nxu
ʔra²-nxu	V;IRR;1;SG	ʔra²-nxuni
ʔra²-nxu	V;IRR;2;SG	maʔra‑nxu
ʔra²-nxu	V;IRR;3;SG	ʔra²-nxui
fọt’e	V;IPFV;PST;1;SG	na-fọt’e
fọt’e	V;IPFV;PST;2;SG	mfọt’e
fọt’e	V;PFV;3;SG	gfọt’e
fọt’e	V;PRF;PRS;1;SG	nafọt’e
fọt’e	V;PRF;PRS;2;SG	fọ́th
fọt’e	V;PRF;PRS;3;SG	fọt’e
fọt’e	V;PRF;PST;1	nafọt’e
fọt’e	V;IRR;1;SG	na-fọt’e
fọt’e	V;IRR;2;SG	fọt’ehɨ
foti	V;IPFV;PRS;1;SG	nafoti
foti	V;IPFV;PRS;3;SG	foti
foti	V;PFV;1;SG	nafoti
foti	V;PFV;3;SG	afoti
foti	V;PRF;PRS;2;SG	afoti
foti	V;PRF;PRS;3;SG	ifoti
foti	V;IRR;1;SG	nifoti
foti	V;IRR;2;SG	fotih
tai	V;IPFV;PRS;1;SG	natai
tai	V;IPFV;PRS;2;SG	taih
tai	V;IPFV;PRS;3;SG	tai
tai	V;IPFV;PST;2;SG	mtáibi
tai	V;PFV;3;SG	taini
tai	V;PRF;PRS;1;SG	ntaih
tai	V;PRF;PRS;3;SG	taí
tai	V;PRF;PST;3	taibá
tai	V;IRR;3;SG	tai
nthu²ki	V;IPFV;PRS;1;SG	nanthu²ki
nthu²ki	V;IPFV;PRS;2;SG	mithu²ki
nthu²ki	V;IPFV;PST;1;SG	nthu²ki
nthu²ki	V;IPFV;PST;2;SG	nthu²kiñi
nthu²ki	V;IPFV;PST;3;SG	gthu²ki
nthu²ki	V;PFV;1;SG	nthu²kini
nthu²ki	V;PRF;PRS;1;SG	nanthu²ki
nthu²ki	V;PRF;PRS;2;SG	nthu²ki
nthu²ki	V;PRF;PST;1	nanthu²ki
nthu²ki	V;PRF;PST;3	nthu²ka
nthu²ki	V;IRR;1;SG	nthu²kí
nthu²ki	V;IRR;3;SG	thu²ki
tsụ²-t’yụi	V;IPFV;PRS;1;SG	n‑tsụ²‑t’yụi
tsụ²-t’yụi	V;IPFV;PRS;3;SG	tsụ²-t’yụ
tsụ²-t’yụi	V;IPFV;PST;1;SG	ntsụ²‑t’yụi
tsụ²-t’yụi	V;PFV;3;SG	tsụ²-t’yụi
tsụ²-t’yụi	V;PRF;PRS;1;SG	na-tsụ²-t’yụi
tsụ²-t’yụi	V;PRF;PRS;2;SG	tsụ²-m’t’yụi
tsụ²-t’yụi	V;PRF;PRS;3;SG	i‑tsụ²‑t’yụi
tsụ²-t’yụi	V;PRF;PST;1	ntsụ²-t’yụi
tsụ²-t’yụi	V;IRR;1;SG	n-tsụ²-t’yụi
tsụ²-t’yụi	V;IRR;2;SG	bim‑tsụ²‑t’yụi
tsụ²-t’yụi	V;IRR;3;SG	tsụ²-t’yụi‑bɨ
kä¹²	V;IPFV;PST;3;SG	kä¹²
kä¹²	V;PFV;3;SG	käi
kä¹²	V;PRF;PST;3	kä¹²i
kä¹²	V;PRF;PRS;3;SG	kä¹²
kä¹²	V;PRF;PST;3	käbi
kä¹²	V;IRR;3;SG	käi
njot’i	V;IPFV;PRS;1;SG	njot’i
njot’i	V;IPFV;PRS;2;SG	mjot’i
njot’i	V;IPFV;PRS;3;SG	njot’i
njot’i	V;IPFV;PST;1;SG	njot’ih
njot’i	V;IPFV;PST;2;SG	hajot’i
njot’i	V;PFV;1;SG	njot’ih
njot’i	V;PFV;3;SG	njot’i
njot’i	V;PRF;PRS;3;SG	njot’i
njot’i	V;IRR;2;SG	ma‑njot’i
njot’i	V;IRR;3;SG	jot’i
hño²-sẹ	V;IPFV;PRS;1;SG	na-hño²-sẹ
hño²-sẹ	V;IPFV;PRS;2;SG	ma-hño²-sẹ
hño²-sẹ	V;IPFV;PRS;3;SG	hño²-sẹ
hño²-sẹ	V;IPFV;PST;1;SG	nhño²-sẹ
hño²-sẹ	V;IPFV;PST;2;SG	hño²-sëni
hño²-sẹ	V;PFV;2;SG	hño²-h
hño²-sẹ	V;PFV;3;SG	hño²
hño²-sẹ	V;PRF;PRS;1;SG	nhño²-sẹ
hño²-sẹ	V;PRF;PST;1	hño²‑sen
hño²-sẹ	V;PRF;PST;3	hño²-sẹɨ
hño²-sẹ	V;IRR;3;SG	hño²-sẹ
thẹ¹²nt’i	V;IPFV;PRS;3;SG	thẹ¹²nt’i
thẹ¹²nt’i	V;PFV;3;SG	thẹ¹²nt’i
thẹ¹²nt’i	V;PRF;PRS;3;SG	thẹ¹²nt’i
thẹ¹²nt’i	V;PRF;PST;3	thẹ¹²nt’i
thẹ¹²nt’i	V;IRR;3;SG	thẹ¹²nt’i
pẹ²xni	V;IPFV;PRS;1;SG	napẹ²xni
pẹ²xni	V;IPFV;PST;2;SG	ma‑pẹ²xni
pẹ²xni	V;IPFV;PST;3;SG	pẹ²xni
pẹ²xni	V;PFV;1;SG	npẹ²xnih
pẹ²xni	V;PFV;2;SG	pẹ²xniti
pẹ²xni	V;PFV;3;SG	pẹ²xni
pẹ²xni	V;PRF;PRS;1;SG	napẹ²xni
pẹ²xni	V;PRF;PRS;3;SG	pẹ²xni
pẹ²xni	V;PRF;PST;1	pẹ²xbi
pẹ²xni	V;IRR;2;SG	mpẹ²xnibi
to²t’i	V;IPFV;PRS;3;SG	dto²t’i
to²t’i	V;IPFV;PST;3;SG	to²t’i
to²t’i	V;PFV;3;SG	to²t’i
to²t’i	V;PRF;PST;3	gó̱t’i
to²t’i	V;IRR;3;SG	gëto²t’i
tsụ¹²	V;IPFV;PRS;1;SG	nitsụ
tsụ¹²	V;IPFV;PRS;2;SG	mtsụ
tsụ¹²	V;IPFV;PST;1;SG	ntsụi
tsụ¹²	V;PFV;1;SG	na‑tsụ
tsụ¹²	V;PFV;2;SG	gtsụ¹²ni
tsụ¹²	V;PRF;PRS;1;SG	tsụ́ni
tsụ¹²	V;PRF;PRS;2;SG	tsụmi
tsụ¹²	V;PRF;PST;1	ntsụ¹²
tsụ¹²	V;PRF;PST;3	tsụ¹²
tsụ¹²	V;IRR;1;SG	ntsụ¹²b¹
tsụ¹²	V;IRR;2;SG	matsụ¹²
ʔui²	V;IPFV;PST;1;SG	naʔui
ʔui²	V;IPFV;PST;2;SG	hʔuibi
ʔui²	V;IPFV;PST;3;SG	ʔui
ʔui²	V;PFV;1;SG	naʔui
ʔui²	V;PFV;3;SG	ʔuí
ʔui²	V;PRF;PRS;1;SG	naʔui
ʔui²	V;PRF;PRS;3;SG	ʔui²
tho²ʔtsi	V;IPFV;PRS;1;SG	na‑thoʔtsi
tho²ʔtsi	V;IPFV;PRS;3;SG	tho²ʔtsi
tho²ʔtsi	V;PFV;2;SG	gtho²ʔtsimi
tho²ʔtsi	V;PFV;3;SG	tho²ʔtsi
tho²ʔtsi	V;PRF;PST;2	tho²ʔtsima
tho²ʔtsi	V;IRR;2;SG	tho²ʔtsibi
ʔyọ²ke	V;IPFV;PRS;1;SG	naʔyọke
ʔyọ²ke	V;IPFV;PST;2;SG	maʔyọ²ke
ʔyọ²ke	V;IPFV;PST;3;SG	ʔyọkeni
ʔyọ²ke	V;PFV;3;SG	ʔyọ²ke
ʔyọ²ke	V;PRF;PRS;1;SG	nʔyọ²ke
ʔyọ²ke	V;PRF;PRS;2;SG	mʔyọke
ʔyọ²ke	V;PRF;PRS;3;SG	ʔyọkebi
ʔyọ²ke	V;PRF;PST;1	ʔyọ²gí
ʔyọ²ke	V;PRF;PST;3	ʔyọbi
ʔyọ²ke	V;IRR;1;SG	naʔyọke
ʔyọ²ke	V;IRR;2;SG	mʔyọke
nxu²tsi	V;IPFV;PRS;1;SG	nxu²tsi
nxu²tsi	V;IPFV;PRS;2;SG	mxu²tsi
nxu²tsi	V;IPFV;PRS;3;SG	xu²tsi
nxu²tsi	V;IPFV;PST;2;SG	nxúhɨ
nxu²tsi	V;IPFV;PST;3;SG	nxu²tsi
nxu²tsi	V;PFV;1;SG	nxu²tsa
nxu²tsi	V;PFV;2;SG	nxu²tsih
nxu²tsi	V;PFV;3;SG	xu²tsi
nxu²tsi	V;PRF;PRS;3;SG	nxu²tsi
nxu²tsi	V;PRF;PST;2	nxu²tsih
nxu²tsi	V;IRR;1;SG	nxu²hni
nxu²tsi	V;IRR;2;SG	gxu²tsi
nxu²tsi	V;IRR;3;SG	nxu²tsa
njo-ne	V;IPFV;PST;1;SG	njo-yo
njo-ne	V;IPFV;PST;2;SG	gi‑njo
njo-ne	V;IPFV;PST;3;SG	ni‑njo‑ne
njo-ne	V;PFV;2;SG	njo-ne
njo-ne	V;PFV;3;SG	g‑njo‑ne
njo-ne	V;PRF;PRS;1;SG	njo‑na
njo-ne	V;PRF;PST;1	na‑njo‑ne
njo-ne	V;PRF;PST;2	gí njoh
njo-ne	V;PRF;PST;3	njo-ni
njo-ne	V;IRR;3;SG	njoi
nji	V;IPFV;PRS;3;SG	nji
nji	V;IPFV;PST;3;SG	injí
nji	V;PRF;PST;3	nji
nji	V;IRR;3;SG	njingo
tsọ²ni	V;IPFV;PRS;2;SG	hítsọni
tsọ²ni	V;IPFV;PRS;3;SG	tsọni
tsọ²ni	V;IPFV;PST;1;SG	ntsọni
tsọ²ni	V;IPFV;PST;2;SG	tsọgí
tsọ²ni	V;IPFV;PST;3;SG	tsọni
tsọ²ni	V;PFV;1;SG	na‑tsọni
tsọ²ni	V;PRF;PST;1	tsọniɨ
tsọ²ni	V;PRF;PST;2	tsọniña
tsọ²ni	V;PRF;PST;3	tsọ²ni
tsọ²ni	V;IRR;1;SG	ntsọ²ni
tsọ²ni	V;IRR;3;SG	tsọ²na
uä²hi	V;IPFV;PRS;3;SG	uä²hi
uä²hi	V;IPFV;PST;1;SG	naü²hi
uä²hi	V;IPFV;PST;2;SG	maüähi
uä²hi	V;IPFV;PST;3;SG	uähibi
uä²hi	V;PFV;1;SG	nuä²hi
uä²hi	V;PFV;3;SG	guähi
uä²hi	V;PRF;PRS;3;SG	uä²hi
uä²hi	V;PRF;PST;1	uä²hin
uä²hi	V;PRF;PST;3	uä²hi
uä²hi	V;IRR;2;SG	uä²he
uä²hi	V;IRR;3;SG	uä²hik
heni	V;IPFV;PRS;2;SG	gaheni
heni	V;IPFV;PST;1;SG	naheni
heni	V;PFV;1;SG	nhenini
heni	V;PFV;3;SG	henih
heni	V;PRF;PRS;1;SG	nheni
heni	V;PRF;PRS;2;SG	hení
heni	V;PRF;PST;2	henibi
heni	V;PRF;PST;3	ghenbi
heni	V;IRR;1;SG	heni
heni	V;IRR;3;SG	hení
tsa²st’i	V;IPFV;PRS;1;SG	ñitsa²st’i
tsa²st’i	V;IPFV;PST;1;SG	ntsa²st’ini
tsa²st’i	V;IPFV;PST;3;SG	tsa'st'iñä
tsa²st’i	V;PFV;3;SG	tsa²st’i
tsa²st’i	V;PRF;PRS;2;SG	ma‑tsa²st’i
tsa²st’i	V;PRF;PRS;3;SG	tsa²st’i
tsa²st’i	V;PRF;PST;1	tsa²st’ini
tsa²st’i	V;IRR;1;SG	natsa²st’i
tsa²st’i	V;IRR;2;SG	mtsa²st’i
tsa²st’i	V;IRR;3;SG	tsa²st’i
eni	V;IPFV;PRS;2;SG	meni
eni	V;IPFV;PST;1;SG	ení
eni	V;IPFV;PST;2;SG	mēni
eni	V;IPFV;PST;3;SG	geni
eni	V;PFV;1;SG	neni
eni	V;PFV;3;SG	enib
eni	V;PRF;PRS;1;SG	neni
eni	V;PRF;PRS;2;SG	gíni
eni	V;IRR;1;SG	naeni
eni	V;IRR;2;SG	meniti
muhni	V;IPFV;PRS;1;SG	muhni
muhni	V;IPFV;PRS;3;SG	muhni
muhni	V;IPFV;PST;1;SG	ni‑muhni
muhni	V;IPFV;PST;3;SG	muhni'i
muhni	V;PFV;2;SG	muhthi
muhni	V;PRF;PRS;1;SG	muhni
muhni	V;PRF;PRS;3;SG	muhna
muhni	V;PRF;PST;1	muhni
muhni	V;PRF;PST;2	muhni
muhni	V;PRF;PST;3	gi‑muhni
muhni	V;IRR;1;SG	muhni
muhni	V;IRR;2;SG	muhni
muhni	V;IRR;3;SG	muhni
te¹²de	V;IPFV;PRS;3;SG	te¹²de
te¹²de	V;IPFV;PST;2;SG	hite¹²de
te¹²de	V;IPFV;PST;3;SG	ite¹²debä
te¹²de	V;PFV;2;SG	matei
te¹²de	V;PFV;3;SG	te¹²da
te¹²de	V;PRF;PRS;1;SG	na‑te¹²de
te¹²de	V;PRF;PRS;2;SG	mate¹²de
te¹²de	V;PRF;PRS;3;SG	te¹²de
te¹²de	V;PRF;PST;1	te¹²deg
te¹²de	V;IRR;1;SG	na‑te¹²de
te¹²de	V;IRR;2;SG	te¹²debë
nọ²xke	V;IPFV;PRS;1;SG	nọ²xke
nọ²xke	V;IPFV;PRS;2;SG	inọ²xke
nọ²xke	V;IPFV;PRS;3;SG	nọ²xka
nọ²xke	V;IPFV;PST;1;SG	na-nọ²xke
nọ²xke	V;PFV;1;SG	nọ²xki
nọ²xke	V;PFV;2;SG	nọ²xkeh
nọ²xke	V;PFV;3;SG	nọ²xko
nọ²xke	V;PRF;PRS;1;SG	nọ²xki
nọ²xke	V;PRF;PRS;2;SG	nọ²xkeni
nọ²xke	V;IRR;1;SG	nọ²xkena
họ²x-gi²ni	V;IPFV;PRS;1;SG	họ²x-gi²ni
họ²x-gi²ni	V;IPFV;PRS;3;SG	họ²x-gi²
họ²x-gi²ni	V;IPFV;PST;1;SG	n­họ²x‑gi²ni
họ²x-gi²ni	V;IPFV;PST;2;SG	họ²x-gi²ni-bí
họ²x-gi²ni	V;PFV;1;SG	na-họ²x-gi²ni
họ²x-gi²ni	V;PFV;3;SG	họ²x-gi²ni
họ²x-gi²ni	V;PRF;PRS;1;SG	họ²x-gi²ni
họ²x-gi²ni	V;PRF;PRS;3;SG	họ²x-gi²ni
họ²x-gi²ni	V;PRF;PST;1	họ²x-gi²ni
họ²x-gi²ni	V;PRF;PST;2	họ²x-gi²na
họ²x-gi²ni	V;PRF;PST;3	họ²x-gi²b
họ²x-gi²ni	V;IRR;1;SG	họ²x-ni
họ²x-gi²ni	V;IRR;2;SG	họ²x-gi²bi
agi	V;IPFV;PRS;2;SG	bagi
agi	V;IPFV;PST;1;SG	n'ági
agi	V;PFV;1;SG	niagi
agi	V;PFV;2;SG	magi
agi	V;PFV;3;SG	agi
agi	V;PRF;PRS;2;SG	hagi
agi	V;PRF;PRS;3;SG	agi
agi	V;PRF;PST;2	gi
agi	V;IRR;1;SG	nagi
agi	V;IRR;3;SG	iagi
nko²mfo²rme	V;IPFV;PRS;1;SG	nko²mfo²rmi
nko²mfo²rme	V;IPFV;PST;1;SG	nko²mfo²rbi
nko²mfo²rme	V;PFV;1;SG	nko²mfo²rmi
nko²mfo²rme	V;PRF;PST;2	nko²mfo²rmi
nko²mfo²rme	V;PRF;PST;3	nko²mfo²rme
nko²mfo²rme	V;IRR;2;SG	nko²mfo²rmi
nko²mfo²rme	V;IRR;3;SG	nko²mfo²rmi
ụi	V;IPFV;PST;1;SG	nụi
ụi	V;PFV;1;SG	nụi
ụi	V;PFV;2;SG	ụih
ụi	V;PFV;3;SG	ụi
ụi	V;PRF;PRS;1;SG	naúi
ụi	V;PRF;PRS;2;SG	ụih
ụi	V;PRF;PRS;3;SG	ụi
ụi	V;PRF;PST;1	ụini
ụi	V;PRF;PST;3	ụi
ụi	V;IRR;3;SG	ụihɨ
thẹ-nde	V;IPFV;PRS;3;SG	thẹ-nde
thẹ-nde	V;PFV;3;SG	thẹ-nde
thẹ-nde	V;PRF;PRS;3;SG	thẹ-nde
thẹ-nde	V;PRF;PST;3	thẹ-nde-bi
thẹ-nde	V;IRR;3;SG	thẹndeni
thi¹²nt’i	V;IPFV;PRS;1;SG	thi¹²nt’in
thi¹²nt’i	V;IPFV;PRS;2;SG	thi¹²ntha
thi¹²nt’i	V;IPFV;PST;2;SG	mathi¹²nt’i
thi¹²nt’i	V;PFV;2;SG	thi¹²nt’i
thi¹²nt’i	V;PFV;3;SG	thi¹²nt’i
thi¹²nt’i	V;PRF;PRS;1;SG	na thi¹²nt’i
thi¹²nt’i	V;PRF;PRS;3;SG	thi¹²nt’i
thi¹²nt’i	V;PRF;PST;2	thint’ina
thi¹²nt’i	V;IRR;1;SG	na‑thi¹²nt’i
ambi	V;IPFV;PRS;2;SG	maambi
ambi	V;IPFV;PRS;3;SG	gambi
ambi	V;IPFV;PST;1;SG	nambi
ambi	V;IPFV;PST;2;SG	miambi
ambi	V;PFV;1;SG	ambigí
ambi	V;PFV;2;SG	hambi
ambi	V;PFV;3;SG	ambigo
ambi	V;PRF;PRS;1;SG	naambi
ambi	V;PRF;PST;1	ambehí
ambi	V;PRF;PST;2	ambí
ambi	V;IRR;1;SG	ambí
ambi	V;IRR;2;SG	mambi
ambi	V;IRR;3;SG	bambi
a²ʔtsi	V;IPFV;PRS;3;SG	a²ʔtsi
a²ʔtsi	V;IPFV;PST;1;SG	na’a²ʔtsi
a²ʔtsi	V;IPFV;PST;3;SG	a²ʔtsibä
a²ʔtsi	V;PFV;1;SG	a²ʔtsini
a²ʔtsi	V;PFV;3;SG	a²ʔtsiɨ
a²ʔtsi	V;PRF;PRS;1;SG	naʔtsi
a²ʔtsi	V;PRF;PRS;2;SG	ga²ʔtsi
a²ʔtsi	V;PRF;PST;1	naʔtsi
a²ʔtsi	V;PRF;PST;2	maʔtsí
a²ʔtsi	V;IRR;3;SG	a²ʔtse
ʔra	V;PFV;1;SG	naʔra
ʔra	V;PRF;PRS;1;SG	naʔra
ʔra	V;PRF;PRS;3;SG	iʔra
ʔra	V;PRF;PST;1	naʔra
ʔra	V;PRF;PST;2	ʔrabɨ
ʔra	V;IRR;1;SG	naʔra
ʔra	V;IRR;2;SG	maʔra
e¹²mbi	V;IPFV;PRS;1;SG	nae¹²mbi
e¹²mbi	V;IPFV;PRS;2;SG	me¹²mbi
e¹²mbi	V;IPFV;PRS;3;SG	e¹²mbi
e¹²mbi	V;IPFV;PST;1;SG	nae¹²mbi
e¹²mbi	V;IPFV;PST;3;SG	bëmbi
e¹²mbi	V;PFV;2;SG	e¹²mbih
e¹²mbi	V;PFV;3;SG	e¹²mbo
e¹²mbi	V;PRF;PRS;2;SG	me¹²mbi
e¹²mbi	V;PRF;PRS;3;SG	e¹²mbi
e¹²mbi	V;PRF;PST;3	e¹²mbi
fụ²ki	V;IPFV;PRS;2;SG	mafụki
fụ²ki	V;IPFV;PRS;3;SG	fụ²ki
fụ²ki	V;IPFV;PST;1;SG	na‑fụki
fụ²ki	V;IPFV;PST;2;SG	fụ²kidi
fụ²ki	V;IPFV;PST;3;SG	i-fụ²ki
fụ²ki	V;PFV;1;SG	nafụ²ki
fụ²ki	V;PFV;2;SG	fụkí
fụ²ki	V;PFV;3;SG	fụ²ki
fụ²ki	V;PRF;PRS;1;SG	nafụ²ki
fụ²ki	V;PRF;PRS;3;SG	fụ²ki
fụ²ki	V;PRF;PST;1	nafụ²ki
fụ²ki	V;PRF;PST;3	fụkini
fụ²ki	V;IRR;1;SG	ni-fụki
fụ²ki	V;IRR;2;SG	mafụ²ki
fụ²ki	V;IRR;3;SG	fụ²ki
hñuʔmba-mụi	V;IPFV;PRS;2;SG	hñuʔmba-mụi
hñuʔmba-mụi	V;IPFV;PST;1;SG	na‑hñuʔmba‑gi
hñuʔmba-mụi	V;IPFV;PST;3;SG	hñuʔmba-nɨ
hñuʔmba-mụi	V;PFV;1;SG	na‑hñuʔmba‑mui
hñuʔmba-mụi	V;PFV;3;SG	hñuʔbmai
hñuʔmba-mụi	V;PRF;PRS;1;SG	na‑hñuʔmba‑mụi
hñuʔmba-mụi	V;PRF;PRS;3;SG	hñuʔmba-mụi
hñuʔmba-mụi	V;PRF;PST;1	hñuʔmba-mụi-na
hñuʔmba-mụi	V;PRF;PST;2	hñuʔmba-mụih
hñuʔmba-mụi	V;PRF;PST;3	hñuʔmba-mụi
hñuʔmba-mụi	V;IRR;1;SG	ɨna‑hñuʔmba‑mɨ
hñuʔmba-mụi	V;IRR;3;SG	hñuʔmba-mụi
test acc Otomi 0.01
