narzãdzôcz	N;NOM(PL)	narzódzócze
narzãdzôcz	N;DAT(PL)	narzódzóczom
narzãdzôcz	N;VOC(SG)	narzãdzôczu
narzãdzôcz	N;INS(PL)	narzãdzóczami
narzãdzôcz	N;ESS(SG)	narzãdzóczu
narzãdzôcz	N;DAT(SG)	narzãdzóczowi
narzãdzôcz	N;GEN(SG)	narzãdzócza
narzãdzôcz	N;ESS(PL)	narzãdzóczach
narzãdzôcz	N;GEN(PL)	narzódzócz
narzãdzôcz	N;INS(SG)	narzãdzóczem
narzãdzôcz	N;ACC(PL)	narzódzócze
narzãdzôcz	N;ACC(SG)	narzãdzôcz
narzãdzôcz	N;NOM(SG)	narzãdzôcz
narzãdzôcz	N;VOC(PL)	narzódzócze
Jastrë	N;VOC(PL)	Jastry
Jastrë	N;ESS(PL)	Jastrach
Jastrë	N;DAT(PL)	Jastrom
Jastrë	N;GEN(PL)	Jastrów
Jastrë	N;ACC(PL)	Jastrów
Jastrë	N;ACC(PL)	Jastrów
Jastrë	N;NOM(PL)	Jastry
pòniedzôłk	N;NOM(PL)	pòniedzółki
pòniedzôłk	N;DAT(PL)	pòniedzółkom
pòniedzôłk	N;VOC(SG)	pòniedzôłku
pòniedzôłk	N;INS(PL)	pòniedzółkami
pòniedzôłk	N;ESS(SG)	pòniedzôłcu
pòniedzôłk	N;DAT(SG)	pòniedzôłcowi
pòniedzôłk	N;GEN(SG)	pòniedzôłka
pòniedzôłk	N;ESS(PL)	pòniedzôłkach
pòniedzôłk	N;GEN(PL)	pòniedzółków
pòniedzôłk	N;INS(SG)	pòniedzôłkiem
pòniedzôłk	N;ACC(PL)	pòniedzółki
pòniedzôłk	N;ACC(SG)	pòniedzôłk
pòniedzôłk	N;NOM(SG)	pòniedzôłk
pòniedzôłk	N;VOC(PL)	pòniedzółki
pùjk	N;NOM(PL)	pùjki
pùjk	N;DAT(PL)	pùjkom
pùjk	N;VOC(SG)	pùjku
pùjk	N;INS(PL)	pùjkami
pùjk	N;ESS(SG)	pùjku
pùjk	N;DAT(SG)	pùjkowi
pùjk	N;GEN(SG)	pùjka
pùjk	N;ESS(PL)	pùjkach
pùjk	N;GEN(PL)	pùjków
pùjk	N;INS(SG)	pùjkiem
pùjk	N;ACC(PL)	pùjki
pùjk	N;ACC(SG)	pùjk
pùjk	N;NOM(SG)	pùjk
pùjk	N;VOC(PL)	pùjki
môlnik	N;NOM(PL)	môlniki
môlnik	N;DAT(PL)	môlnikom
môlnik	N;VOC(SG)	môlniku
môlnik	N;INS(PL)	môlnikami
môlnik	N;ESS(SG)	môlniku
môlnik	N;DAT(SG)	môlnikowi
môlnik	N;GEN(SG)	môlnika
môlnik	N;ESS(PL)	môlnikach
môlnik	N;GEN(PL)	môlników
môlnik	N;INS(SG)	môlnikiem
môlnik	N;ACC(PL)	môlniki
môlnik	N;ACC(SG)	môlnik
môlnik	N;NOM(SG)	môlnik
môlnik	N;VOC(PL)	môlniki
wòłiwôcz	N;NOM(PL)	wòłiwócze
wòłiwôcz	N;DAT(PL)	wòłiwoczom
wòłiwôcz	N;VOC(SG)	wòłiwôczu
wòłiwôcz	N;INS(PL)	wòłiwóczami
wòłiwôcz	N;ESS(SG)	wòłiwoczu
wòłiwôcz	N;DAT(SG)	wòłiwoczowi
wòłiwôcz	N;GEN(SG)	wòłiwôcza
wòłiwôcz	N;ESS(PL)	wòłiwóczach
wòłiwôcz	N;GEN(PL)	wòłiwoczów
wòłiwôcz	N;INS(SG)	wòłiwôczem
wòłiwôcz	N;ACC(PL)	wòłiwócze
wòłiwôcz	N;ACC(SG)	wòłiwôcz
wòłiwôcz	N;NOM(SG)	wòłiwôcz
wòłiwôcz	N;VOC(PL)	wòłiwócze
łżëkwiôt	N;NOM(PL)	łżëkwioty
łżëkwiôt	N;DAT(PL)	łżëkwiotom
łżëkwiôt	N;VOC(SG)	łżëkwiôt
łżëkwiôt	N;INS(PL)	łżëkwiotami
łżëkwiôt	N;ESS(SG)	łżëkwiocie
łżëkwiôt	N;DAT(SG)	łżëkwiocie
łżëkwiôt	N;GEN(SG)	łżëkwiota
łżëkwiôt	N;ESS(PL)	łżëkwiotach
łżëkwiôt	N;GEN(PL)	łżëkwiotów
łżëkwiôt	N;INS(SG)	łżëkwiotem
łżëkwiôt	N;ACC(PL)	łżëkwioty
łżëkwiôt	N;ACC(SG)	łżëkwiôt
łżëkwiôt	N;NOM(SG)	łżëkwiôt
łżëkwiôt	N;VOC(PL)	łżëkwioty
lëstopadnik	N;NOM(PL)	lëstopadniki
lëstopadnik	N;DAT(PL)	lëstopadnikom
lëstopadnik	N;VOC(SG)	lëstopadniku
lëstopadnik	N;INS(PL)	lëstopadnikami
lëstopadnik	N;ESS(SG)	lëstopadniku
lëstopadnik	N;DAT(SG)	lëstopadnikowi
lëstopadnik	N;GEN(SG)	lëstopadnika
lëstopadnik	N;ESS(PL)	lëstopadnikach
lëstopadnik	N;GEN(PL)	lëstopadników
lëstopadnik	N;INS(SG)	lëstopadnikiem
lëstopadnik	N;ACC(PL)	lëstopadniki
lëstopadnik	N;ACC(SG)	lëstopadnik
lëstopadnik	N;NOM(SG)	lëstopadnik
lëstopadnik	N;VOC(PL)	lëstopadniki
sobòta	N;NOM(PL)	sobóty
sobòta	N;DAT(PL)	sobotom
sobòta	N;VOC(SG)	sobóto
sobòta	N;INS(PL)	sobótami
sobòta	N;ESS(SG)	sobocie
sobòta	N;DAT(SG)	sobotowi
sobòta	N;GEN(SG)	sobóty
sobòta	N;ESS(PL)	sobótach
sobòta	N;GEN(PL)	sobót
sobòta	N;INS(SG)	sobótą
sobòta	N;ACC(PL)	sobóty
sobòta	N;ACC(SG)	sobótę
sobòta	N;NOM(SG)	sobóta
sobòta	N;VOC(PL)	sobóty
kóń	N;NOM(PL)	kóń
kóń	N;DAT(PL)	kóńom
kóń	N;VOC(SG)	kóń
kóń	N;INS(PL)	kóńami
kóń	N;ESS(SG)	kóńce
kóń	N;DAT(SG)	kóńowi
kóń	N;GEN(SG)	kóń
kóń	N;ESS(PL)	kóńach
kóń	N;GEN(PL)	kóń
kóń	N;INS(SG)	kóńem
kóń	N;ACC(PL)	kóń
kóń	N;ACC(SG)	kóń
kóń	N;NOM(SG)	kóń
kóń	N;VOC(PL)	kóń
nazéwôcz	N;NOM(PL)	nazéwócze
nazéwôcz	N;DAT(PL)	nazéwoczom
nazéwôcz	N;VOC(SG)	nazéwôczu
nazéwôcz	N;INS(PL)	nazéwóczami
nazéwôcz	N;ESS(SG)	nazéwoczu
nazéwôcz	N;DAT(SG)	nazéwoczowi
nazéwôcz	N;GEN(SG)	nazéwocza
nazéwôcz	N;ESS(PL)	nazéwóczach
nazéwôcz	N;GEN(PL)	nazéwócz
nazéwôcz	N;INS(SG)	nazéwôczem
nazéwôcz	N;ACC(PL)	nazéwócze
nazéwôcz	N;ACC(SG)	nazéwôcz
nazéwôcz	N;NOM(SG)	nazéwôcz
nazéwôcz	N;VOC(PL)	nazéwócze
piątk	N;NOM(PL)	piątki
piątk	N;DAT(PL)	piątkom
piątk	N;VOC(SG)	piątku
piątk	N;INS(PL)	piątkami
piątk	N;ESS(SG)	piątce
piątk	N;DAT(SG)	piątkowi
piątk	N;GEN(SG)	piątka
piątk	N;ESS(PL)	piątkach
piątk	N;GEN(PL)	piątków
piątk	N;INS(SG)	piątkiem
piątk	N;ACC(PL)	piątki
piątk	N;ACC(SG)	piątk
piątk	N;NOM(SG)	piątk
piątk	N;VOC(PL)	piątki
rënk	N;NOM(PL)	rënki
rënk	N;DAT(PL)	rënkom
rënk	N;VOC(SG)	rënku
rënk	N;INS(PL)	rënkami
rënk	N;ESS(SG)	rënku
rënk	N;DAT(SG)	rënkowi
rënk	N;GEN(SG)	rënka
rënk	N;ESS(PL)	rënkach
rënk	N;GEN(PL)	rënków
rënk	N;INS(SG)	rënkem
rënk	N;ACC(PL)	rënki
rënk	N;ACC(SG)	rënk
rënk	N;NOM(SG)	rënk
rënk	N;VOC(PL)	rënki
wtórk	N;NOM(PL)	wtórki
wtórk	N;DAT(PL)	wtórkom
wtórk	N;VOC(SG)	wtórku
wtórk	N;INS(PL)	wtórkami
wtórk	N;ESS(SG)	wtórce
wtórk	N;DAT(SG)	wtórkowi
wtórk	N;GEN(SG)	wtórka
wtórk	N;ESS(PL)	wtórkach
wtórk	N;GEN(PL)	wtórków
wtórk	N;INS(SG)	wtórkiem
wtórk	N;ACC(PL)	wtórki
wtórk	N;ACC(SG)	wtórk
wtórk	N;NOM(SG)	wtórk
wtórk	N;VOC(PL)	wtórki
winowôcz	N;NOM(PL)	winowócze
winowôcz	N;DAT(PL)	winowóczom
winowôcz	N;VOC(SG)	winowôczu
winowôcz	N;INS(PL)	winowóczami
winowôcz	N;ESS(SG)	winowoczu
winowôcz	N;DAT(SG)	winowoczowi
winowôcz	N;GEN(SG)	winowócza
winowôcz	N;ESS(PL)	winowóczach
winowôcz	N;GEN(PL)	winowócz
winowôcz	N;INS(SG)	winowóczem
winowôcz	N;ACC(PL)	winowócze
winowôcz	N;ACC(SG)	winowôcz
winowôcz	N;NOM(SG)	winowôcz
winowôcz	N;VOC(PL)	winowócze
òjc	N;NOM(PL)	òjcy
òjc	N;DAT(PL)	òjcom
òjc	N;VOC(SG)	òjcu
òjc	N;INS(PL)	òjcami
òjc	N;ESS(SG)	òjcu
òjc	N;DAT(SG)	òjcowi
òjc	N;GEN(SG)	òjca
òjc	N;ESS(PL)	òjcach
òjc	N;GEN(PL)	òjców
òjc	N;INS(SG)	òjcem
òjc	N;INS(SG)	òjcem
òjc	N;ACC(PL)	òjcy
òjc	N;ACC(SG)	òjc
òjc	N;NOM(SG)	òjc
òjc	N;VOC(PL)	òjcy
latawiskò	N;NOM(PL)	latawiski
latawiskò	N;DAT(PL)	latawiskom
latawiskò	N;VOC(SG)	latawisko
latawiskò	N;INS(PL)	latawiskami
latawiskò	N;ESS(SG)	latawisku
latawiskò	N;DAT(SG)	latawiskowi
latawiskò	N;GEN(SG)	latawiska
latawiskò	N;ESS(PL)	latawiskach
latawiskò	N;GEN(PL)	latawisków
latawiskò	N;INS(SG)	latawiskiem
latawiskò	N;ACC(PL)	latawiski
latawiskò	N;ACC(SG)	latawisko
latawiskò	N;NOM(SG)	latawisko
latawiskò	N;VOC(PL)	latawiski
Jastra	N;VOC(PL)	Jastry
Jastra	N;ESS(PL)	Jastrach
Jastra	N;DAT(PL)	Jastrom
Jastra	N;GEN(PL)	Jastrów
Jastra	N;ACC(PL)	Jastry
Jastra	N;ACC(PL)	Jastry
Jastra	N;NOM(PL)	Jastry
czerwińc	N;NOM(PL)	czerwińce
czerwińc	N;DAT(PL)	czerwińcom
czerwińc	N;VOC(SG)	czerwińcu
czerwińc	N;INS(PL)	czerwińcami
czerwińc	N;ESS(SG)	czerwińcu
czerwińc	N;DAT(SG)	czerwińcowi
czerwińc	N;GEN(SG)	czerwińca
czerwińc	N;ESS(PL)	czerwińcach
czerwińc	N;GEN(PL)	czerwińców
czerwińc	N;INS(SG)	czerwińcem
czerwińc	N;ACC(PL)	czerwińce
czerwińc	N;ACC(SG)	czerwińc
czerwińc	N;NOM(SG)	czerwińc
czerwińc	N;VOC(PL)	czerwińce
rujan	N;NOM(PL)	rujany
rujan	N;DAT(PL)	rujanom
rujan	N;VOC(SG)	rujanu
rujan	N;INS(PL)	rujanami
rujan	N;ESS(SG)	rujanie
rujan	N;DAT(SG)	rujanowi
rujan	N;GEN(SG)	rujana
rujan	N;ESS(PL)	rujanach
rujan	N;GEN(PL)	rujanów
rujan	N;INS(SG)	rujanem
rujan	N;ACC(PL)	rujany
rujan	N;ACC(SG)	rujan
rujan	N;NOM(SG)	rujan
rujan	N;VOC(PL)	rujany
dôwôcz	N;NOM(PL)	dôwôcze
dôwôcz	N;DAT(PL)	dôwoczom
dôwôcz	N;VOC(SG)	dôwôczu
dôwôcz	N;INS(PL)	dôwôczami
dôwôcz	N;ESS(SG)	dôwôczu
dôwôcz	N;DAT(SG)	dôwôczowi
dôwôcz	N;GEN(SG)	dôwôcza
dôwôcz	N;ESS(PL)	dôwôczach
dôwôcz	N;GEN(PL)	dôwôczów
dôwôcz	N;INS(SG)	dôwôczem
dôwôcz	N;ACC(PL)	dôwôcze
dôwôcz	N;ACC(SG)	dôwôcz
dôwôcz	N;NOM(SG)	dôwôcz
dôwôcz	N;VOC(PL)	dôwôcze
serce	N;NOM(PL)	serce
serce	N;DAT(PL)	sercom
serce	N;VOC(SG)	serce
serce	N;INS(PL)	sercami
serce	N;ESS(SG)	sercie
serce	N;ESS(SG)	sercie
serce	N;DAT(SG)	sercowi
serce	N;GEN(SG)	serca
serce	N;ESS(PL)	sercach
serce	N;GEN(PL)	serców
serce	N;GEN(PL)	serców
serce	N;INS(SG)	sercem
serce	N;INS(SG)	sercem
serce	N;ACC(PL)	serce
serce	N;ACC(SG)	sercę
serce	N;NOM(SG)	serce
serce	N;VOC(PL)	serce
lëpinc	N;NOM(PL)	lëpince
lëpinc	N;DAT(PL)	lëpincom
lëpinc	N;VOC(SG)	lëpincu
lëpinc	N;INS(PL)	lëpincami
lëpinc	N;ESS(SG)	lëpincu
lëpinc	N;DAT(SG)	lëpincowi
lëpinc	N;GEN(SG)	lëpinca
lëpinc	N;ESS(PL)	lëpincach
lëpinc	N;GEN(PL)	lëpinców
lëpinc	N;INS(SG)	lëpincem
lëpinc	N;ACC(PL)	lëpince
lëpinc	N;ACC(SG)	lëpinc
lëpinc	N;NOM(SG)	lëpinc
lëpinc	N;VOC(PL)	lëpince
séwnik	N;NOM(PL)	séwniki
séwnik	N;DAT(PL)	séwnikom
séwnik	N;VOC(SG)	séwniku
séwnik	N;INS(PL)	séwnikami
séwnik	N;ESS(SG)	séwniku
séwnik	N;DAT(SG)	séwnikowi
séwnik	N;GEN(SG)	séwnika
séwnik	N;ESS(PL)	séwnikach
séwnik	N;GEN(PL)	séwników
séwnik	N;INS(SG)	séwnikiem
séwnik	N;ACC(PL)	séwniki
séwnik	N;ACC(SG)	séwnik
séwnik	N;NOM(SG)	séwnik
séwnik	N;VOC(PL)	séwniki
zélnik	N;NOM(PL)	zélniki
zélnik	N;DAT(PL)	zélnikom
zélnik	N;VOC(SG)	zélniku
zélnik	N;INS(PL)	zélnikami
zélnik	N;ESS(SG)	zélniku
zélnik	N;DAT(SG)	zélnikowi
zélnik	N;GEN(SG)	zélnika
zélnik	N;ESS(PL)	zélnikach
zélnik	N;GEN(PL)	zélników
zélnik	N;INS(SG)	zélnikiem
zélnik	N;ACC(PL)	zélniki
zélnik	N;ACC(SG)	zélnik
zélnik	N;NOM(SG)	zélnik
zélnik	N;VOC(PL)	zélniki
stëcznik	N;NOM(PL)	stëczniki
stëcznik	N;DAT(PL)	stëcznikom
stëcznik	N;VOC(SG)	stëczniku
stëcznik	N;INS(PL)	stëcznikami
stëcznik	N;ESS(SG)	stëczniku
stëcznik	N;DAT(SG)	stëcznikowi
stëcznik	N;GEN(SG)	stëcznika
stëcznik	N;ESS(PL)	stëcznikach
stëcznik	N;GEN(PL)	stëczników
stëcznik	N;INS(SG)	stëcznikiem
stëcznik	N;ACC(PL)	stëczniki
stëcznik	N;ACC(SG)	stëcznik
stëcznik	N;NOM(SG)	stëcznik
stëcznik	N;VOC(PL)	stëczniki
strzoda	N;NOM(PL)	strzody
strzoda	N;DAT(PL)	strzodom
strzoda	N;VOC(SG)	strzodo
strzoda	N;INS(PL)	strzodami
strzoda	N;ESS(SG)	strzodzie
strzoda	N;DAT(SG)	strzodzie
strzoda	N;GEN(SG)	strzody
strzoda	N;ESS(PL)	strzodach
strzoda	N;GEN(PL)	strzodów
strzoda	N;INS(SG)	strzodą
strzoda	N;ACC(PL)	strzody
strzoda	N;ACC(SG)	strzodę
strzoda	N;NOM(SG)	strzoda
strzoda	N;VOC(PL)	strzody
môj	N;NOM(PL)	móje
môj	N;DAT(PL)	mojom
môj	N;VOC(SG)	môju
môj	N;INS(PL)	mójami
môj	N;ESS(SG)	moju
môj	N;DAT(SG)	mojowi
môj	N;GEN(SG)	môja
môj	N;ESS(PL)	mójach
môj	N;GEN(PL)	mój
môj	N;INS(SG)	môjem
môj	N;ACC(PL)	môje
môj	N;ACC(SG)	môj
môj	N;NOM(SG)	môj
môj	N;VOC(PL)	móje
strumiannik	N;NOM(PL)	strumianniki
strumiannik	N;DAT(PL)	strumiannikom
strumiannik	N;VOC(SG)	strumianniku
strumiannik	N;INS(PL)	strumiannikami
strumiannik	N;ESS(SG)	strumianniku
strumiannik	N;DAT(SG)	strumiannikowi
strumiannik	N;GEN(SG)	strumiannika
strumiannik	N;ESS(PL)	strumiannikach
strumiannik	N;GEN(PL)	strumianników
strumiannik	N;INS(SG)	strumiannikiem
strumiannik	N;ACC(PL)	strumianniki
strumiannik	N;ACC(SG)	strumiannik
strumiannik	N;NOM(SG)	strumiannik
strumiannik	N;VOC(PL)	strumianniki
tidzéń	N;NOM(PL)	tidzóń
tidzéń	N;DAT(PL)	tidzówom
tidzéń	N;VOC(SG)	tidzóń
tidzéń	N;INS(PL)	tidzéńmi
tidzéń	N;ESS(SG)	tidzeniu
tidzéń	N;DAT(SG)	tidzówce
tidzéń	N;GEN(SG)	tidzénia
tidzéń	N;ESS(PL)	tidzónach
tidzéń	N;GEN(PL)	tidzón
tidzéń	N;INS(SG)	tidzéną
tidzéń	N;ACC(PL)	tidzóny
tidzéń	N;ACC(SG)	tidzéń
tidzéń	N;NOM(SG)	tidzéń
tidzéń	N;VOC(PL)	tidzóny
czwôrtk	N;NOM(PL)	czwórtki
czwôrtk	N;DAT(PL)	czwórtkom
czwôrtk	N;VOC(SG)	czwôrtku
czwôrtk	N;INS(PL)	czwórtkami
czwôrtk	N;ESS(SG)	czwórtce
czwôrtk	N;DAT(SG)	czwórtkowi
czwôrtk	N;GEN(SG)	czwôrtka
czwôrtk	N;ESS(PL)	czwórtkach
czwôrtk	N;GEN(PL)	czwórtków
czwôrtk	N;INS(SG)	czwórtkiem
czwôrtk	N;ACC(PL)	czwórtki
czwôrtk	N;ACC(SG)	czwôrtk
czwôrtk	N;NOM(SG)	czwôrtk
czwôrtk	N;VOC(PL)	czwórtki
kòt	N;NOM(PL)	kóty
kòt	N;DAT(PL)	kótom
kòt	N;VOC(SG)	kót
kòt	N;INS(PL)	kótami
kòt	N;ESS(SG)	kocie
kòt	N;DAT(SG)	kotowi
kòt	N;DAT(SG)	kotowi
kòt	N;GEN(SG)	kòtu
kòt	N;ESS(PL)	kótach
kòt	N;GEN(PL)	kòtów
kòt	N;INS(SG)	kótem
kòt	N;ACC(PL)	kóty
kòt	N;ACC(SG)	kòt
kòt	N;NOM(SG)	kòt
kòt	N;VOC(PL)	kóty
gromicznik	N;NOM(PL)	gromiczniki
gromicznik	N;DAT(PL)	gromicznikom
gromicznik	N;VOC(SG)	gromiczniku
gromicznik	N;INS(PL)	gromicznikami
gromicznik	N;ESS(SG)	gromiczniku
gromicznik	N;DAT(SG)	gromicznikowi
gromicznik	N;GEN(SG)	gromicznika
gromicznik	N;ESS(PL)	gromicznikach
gromicznik	N;GEN(PL)	gromiczników
gromicznik	N;INS(SG)	gromicznikiem
gromicznik	N;ACC(PL)	gromiczniki
gromicznik	N;ACC(SG)	gromicznik
gromicznik	N;NOM(SG)	gromicznik
gromicznik	N;VOC(PL)	gromiczniki
rodzôcz	N;NOM(PL)	rodzócze
rodzôcz	N;DAT(PL)	rodzóczom
rodzôcz	N;VOC(SG)	rodzóczu
rodzôcz	N;INS(PL)	rodzóczami
rodzôcz	N;ESS(SG)	rodzóczu
rodzôcz	N;DAT(SG)	rodzóczowi
rodzôcz	N;GEN(SG)	rodzócza
rodzôcz	N;ESS(PL)	rodzóczach
rodzôcz	N;GEN(PL)	rodzócz
rodzôcz	N;INS(SG)	rodzóczem
rodzôcz	N;ACC(PL)	rodzócze
rodzôcz	N;ACC(SG)	rodzócz
rodzôcz	N;NOM(SG)	rodzócz
rodzôcz	N;VOC(PL)	rodzócze
niedzela	N;NOM(PL)	niedzele
niedzela	N;DAT(PL)	niedzelom
niedzela	N;VOC(SG)	niedzelo
niedzela	N;INS(PL)	niedzelami
niedzela	N;ESS(SG)	niedzeli
niedzela	N;DAT(SG)	niedzelowi
niedzela	N;GEN(SG)	niedzeli
niedzela	N;ESS(PL)	niedzelach
niedzela	N;GEN(PL)	niedzel
niedzela	N;INS(SG)	niedzelą
niedzela	N;ACC(PL)	niedzele
niedzela	N;ACC(SG)	niedzelę
niedzela	N;NOM(SG)	niedzela
niedzela	N;VOC(PL)	niedzele
gòdnik	N;NOM(PL)	gódniki
gòdnik	N;DAT(PL)	gódnikom
gòdnik	N;VOC(SG)	gódniku
gòdnik	N;INS(PL)	gódnikami
gòdnik	N;ESS(SG)	gódniku
gòdnik	N;DAT(SG)	gódnikowi
gòdnik	N;GEN(SG)	gòdnika
gòdnik	N;ESS(PL)	gódnikach
gòdnik	N;GEN(PL)	gódników
gòdnik	N;INS(SG)	gódnikiem
gòdnik	N;ACC(PL)	gódniki
gòdnik	N;ACC(SG)	gòdnik
gòdnik	N;NOM(SG)	gòdnik
gòdnik	N;VOC(PL)	gódniki
stolem	N;NOM(PL)	stolemy
stolem	N;DAT(PL)	stolemom
stolem	N;VOC(SG)	stolemu
stolem	N;INS(PL)	stolemami
stolem	N;ESS(SG)	stolemie
stolem	N;DAT(SG)	stolemowi
stolem	N;GEN(SG)	stolemu
stolem	N;ESS(PL)	stolemach
stolem	N;GEN(PL)	stolemów
stolem	N;INS(SG)	stolemem
stolem	N;ACC(PL)	stolemy
stolem	N;ACC(SG)	stolem
stolem	N;NOM(SG)	stolem
stolem	N;VOC(PL)	stolemy
accuracy:0.26129666011787817
