plěś	V;PST;1;DU	plějachmej
plěś	V;PST;1;PL	plěcachmy
plěś	V;PST;3;PL	plějachu
plěś	V;PST;2;SG	plěšo
plěś	V;PST;3;DU	plějaštej
plěś	V;PRS;1;PL	plějomy
plěś	V;PRS;2;DU	plějotej
plěś	V;PRS;3;SG	plějo
plěś	V;IMP;2;PL	plějśo
plěś	V;IMP;2;DU	plějtej
cuś	V;PST;3;PL	cujachu
cuś	V;PST;1;SG	cujom
cuś	V;PST;2;PL	cujašćo
cuś	V;PST;2;DU	cujotej
cuś	V;PST;3;DU	cujotej
cuś	V;PRS;1;DU	cujomej
cuś	V;PRS;2;PL	cujośo
cuś	V;PRS;3;DU	cujotej
cuś	V;PRS;3;SG	cujo
cuś	V;IMP;2;PL	cujśo
cuś	V;IMP;2;DU	cujtej
cuś	V;PRS;1;SG	cujom
gibanje	N;INS(PL)	gibanjami
gibanje	N;GEN(SG)	gibanje
gibanje	N;NOM(PL)	gibanje
gibanje	N;DAT(SG)	gibanjeju
gibanje	N;ACC(SG)	gibanje
gibanje	N;NOM(SG)	gibanje
gibanje	N;DAT(DU)	gibanjoma
gibanje	N;ESS(DU)	gibanjoma
gibanje	N;GEN(PL)	gibanjow
gibanje	N;ESS(SG)	gibanje
śańki	ADJ;NOM(SG,FEM)	śańke
śańki	ADJ;ACC(SG,NEUT)	śańke
śańki	ADJ;GEN(SG,NEUT)	śańkego
śańki	ADJ;DAT(SG,FEM)	śańkej
śańki	ADJ;NOM(DU)	śańkej
śańki	ADJ;INS(SG,FEM)	śańkej
śańki	ADJ;DAT(SG,MASC)	śańkemu
śańki	ADJ;NOM(SG,MASC)	śańke
śańki	ADJ;ESS(PL)	śańkich
śańki	ADJ;GEN(PL)	śańkego
śańki	ADJ;DAT(DU)	śańkima
śańki	ADJ;ESS(DU)	śańkima
śańki	ADJ;INS(SG,MASC)	śańkemu
cas	N;ESS(PL)	casach
cas	N;ACC(DU)	casa
cas	N;GEN(SG)	casa
cas	N;NOM(DU)	casa
cas	N;NOM(SG)	cas
cas	N;DAT(DU)	casoma
cas	N;ESS(DU)	casoma
cas	N;INS(DU)	casoma
cas	N;INS(SG)	casom
śichy	ADJ;ACC(SG,NEUT)	śiche
śichy	ADJ;ACC(PL,INAN)	śiche
śichy	ADJ;ACC(SG,MASC,ANIM)	śichego
śichy	ADJ;ACC(DU,INAN)	śichej
śichy	ADJ;DAT(SG,FEM)	śichej
śichy	ADJ;GEN(SG,FEM)	śicheje
śichy	ADJ;ACC(DU,ANIM)	śicheju
śichy	ADJ;ESS(SG,MASC)	śichem
śichy	ADJ;ESS(SG,NEUT)	śichem
śichy	ADJ;ACC(PL,ANIM)	śichego
śichy	ADJ;ESS(PL)	śichych
śichy	ADJ;ESS(DU)	śichyma
śichy	ADJ;INS(DU)	śichyma
śichy	ADJ;DAT(PL)	śichym
śichy	ADJ;INS(PL)	śichymi
gjardło	N;ACC(PL)	gjardły
gjardło	N;NOM(PL)	gjardły
gjardło	N;ESS(SG)	gjardłom
gjardło	N;DAT(SG)	gjardłoju
gjardło	N;INS(SG)	gjardłom
gjardło	N;NOM(SG)	gjardła
gjardło	N;GEN(PL)	gjardłow
gjardło	N;GEN(DU)	gjardłowu
bóleś	V;PST;1;DU	bólechmej
bóleś	V;PST;3;PL	bólešćo
bóleś	V;PST;1;SG	bólech
bóleś	V;PST;2;SG	bólešo
bóleś	V;PST;3;DU	bóleštej
bóleś	V;PRS;1;DU	bólemej
bóleś	V;PRS;2;PL	bóleśo
bóleś	V;PRS;2;DU	bóleśotej
bóleś	V;IMP;2;SG	bólej
kśiwy	ADJ;NOM(SG,FEM)	kśiwe
kśiwy	ADJ;ACC(SG,NEUT)	kśiwe
kśiwy	ADJ;NOM(SG,NEUT)	kśiwe
kśiwy	ADJ;ACC(SG,MASC,ANIM)	kśiwego
kśiwy	ADJ;GEN(SG,MASC)	kśiwego
kśiwy	ADJ;ACC(DU,INAN)	kśiwej
kśiwy	ADJ;ESS(SG,FEM)	kśiwej
kśiwy	ADJ;GEN(SG,FEM)	kśiweje
kśiwy	ADJ;ACC(DU,ANIM)	kśiweju
kśiwy	ADJ;GEN(DU)	kśiweju
kśiwy	ADJ;INS(SG,FEM)	kśiweju
kśiwy	ADJ;ESS(SG,NEUT)	kśiwem
kśiwy	ADJ;DAT(SG,MASC)	kśiwemu
kśiwy	ADJ;DAT(SG,NEUT)	kśiwemu
kśiwy	ADJ;ACC(SG,FEM)	kśiwej
kśiwy	ADJ;ACC(PL,ANIM)	kśiwych
kśiwy	ADJ;ESS(PL)	kśiwych
kśiwy	ADJ;INS(DU)	kśiwyma
kśiwy	ADJ;INS(PL)	kśiwymi
sykorka	N;ACC(DU)	sykorki
sykorka	N;INS(DU)	sykorkoma
sykorka	N;GEN(DU)	sykorkowu
sykorka	N;ACC(SG)	sykorku
kawka	N;ACC(DU)	kawki
kawka	N;ESS(SG)	kawku
kawka	N;NOM(DU)	kawki
kawka	N;NOM(SG)	kawku
kawka	N;NOM(PL)	kawki
kawka	N;DAT(DU)	kawkoma
kawka	N;ESS(DU)	kawkoma
kawka	N;INS(DU)	kawkoma
kawka	N;INS(SG)	kawku
brona	N;INS(PL)	bronami
brona	N;ACC(DU)	bronje
brona	N;DAT(SG)	bronje
brona	N;NOM(DU)	bronje
brona	N;INS(DU)	bronoma
brona	N;GEN(PL)	bronow
brona	N;INS(SG)	bronu
wos	N;NOM(SG)	wos
gus	N;ESS(PL)	gusach
gus	N;INS(PL)	gusami
gus	N;DAT(PL)	gusam
gus	N;NOM(SG)	gus
gus	N;ESS(DU)	gusoma
gus	N;ACC(DU)	gusa
gus	N;DAT(SG)	gusoju
gus	N;ESS(SG)	gusu
gus	N;GEN(SG)	gusa
gus	N;NOM(PL)	gusy
wodka	N;ESS(SG)	wodku
bydlenje	N;NOM(DU)	bydlenje
bydlenje	N;INS(PL)	bydlenjami
bydlenje	N;NOM(PL)	bydlenje
bydlenje	N;DAT(SG)	bydlenjeju
bydlenje	N;ACC(SG)	bydlenje
bydlenje	N;DAT(DU)	bydlenjoma
bydlenje	N;INS(DU)	bydlenjoma
bydlenje	N;GEN(PL)	bydlenjow
bydlenje	N;GEN(DU)	bydlenjowu
gotowy	ADJ;ACC(DU,ANIM)	gotoweju
bobr	N;ESS(PL)	bobrach
bobr	N;DAT(PL)	bobram
bobr	N;GEN(SG)	bobra
bobr	N;NOM(SG)	bobr
bobr	N;ESS(DU)	bobroma
bobr	N;INS(DU)	bobroma
bobr	N;INS(SG)	bobrom
bobr	N;GEN(DU)	bobrowu
bobr	N;ACC(PL)	bobry
bobr	N;NOM(PL)	bobry
kupadło	N;INS(PL)	kupadłami
kupadło	N;DAT(PL)	kupadłam
kupadło	N;ACC(PL)	kupadły
kupadło	N;GEN(SG)	kupadła
kupadło	N;NOM(PL)	kupadły
kupadło	N;DAT(DU)	kupadłoma
kupadło	N;ESS(DU)	kupadłoma
kupadło	N;INS(SG)	kupadłom
kupadło	N;ACC(SG)	kupadła
kupadło	N;NOM(SG)	kupadła
kupadło	N;GEN(PL)	kupadłow
kupadło	N;GEN(DU)	kupadłowu
mech	N;ESS(SG)	mechu
módry	ADJ;GEN(PL)	módrego
jež	N;ESS(PL)	ježach
jež	N;INS(PL)	ježami
jež	N;DAT(PL)	ježam
jež	N;ACC(SG)	jež
jež	N;GEN(SG)	ježa
jež	N;NOM(DU)	ježa
jež	N;DAT(SG)	ježoju
jež	N;DAT(DU)	ježoma
jež	N;ESS(DU)	ježoma
jež	N;INS(SG)	ježom
jež	N;ESS(SG)	ježu
mjod	N;ESS(PL)	mjodach
mjod	N;GEN(SG)	mjoda
mjod	N;NOM(SG)	mjod
mjod	N;DAT(DU)	mjodoma
mjod	N;GEN(DU)	mjodowu
mjod	N;ACC(PL)	mjody
elektrikaŕ	N;INS(PL)	elektrikarjami
elektrikaŕ	N;ACC(SG)	elektrikarj
elektrikaŕ	N;ACC(PL)	elektrikarje
elektrikaŕ	N;NOM(PL)	elektrikarje
elektrikaŕ	N;ACC(DU)	elektrikarjowu
elektrikaŕ	N;GEN(DU)	elektrikarjowu
elektrikaŕ	N;NOM(SG)	elektrikarj
lubowaś	V;PST;1;PL	lubowachmy
lubowaś	V;PST;2;SG	lubowašo
lubowaś	V;PRS;1;PL	lubujomy
lubowaś	V;PRS;2;PL	lubujośo
lubowaś	V;PRS;2;SG	lubujoš
lubowaś	V;PRS;2;DU	lubujotej
lubowaś	V;PRS;3;SG	lubujo
lubowaś	V;IMP;2;PL	lubujśo
lubowaś	V;PRS;1;SG	lubujom
syty	ADJ;NOM(PL)	syte
syty	ADJ;GEN(SG,MASC)	sytego
syty	ADJ;GEN(SG,NEUT)	sytego
syty	ADJ;ACC(DU,INAN)	sytej
syty	ADJ;DAT(SG,FEM)	sytej
syty	ADJ;ESS(SG,FEM)	sytej
syty	ADJ;ACC(DU,ANIM)	syteju
syty	ADJ;INS(SG,FEM)	sytej
syty	ADJ;ESS(SG,MASC)	sytem
syty	ADJ;ESS(SG,NEUT)	sytem
syty	ADJ;DAT(SG,MASC)	sytemu
syty	ADJ;ACC(SG,MASC,INAN)	syte
syty	ADJ;ACC(PL,ANIM)	sytych
syty	ADJ;GEN(PL)	sytego
syty	ADJ;DAT(DU)	sytyma
syty	ADJ;ESS(DU)	sytyma
syty	ADJ;INS(PL)	sytymi
kazń	N;ACC(DU)	kaznjowu
kazń	N;ACC(PL)	kaznje
kazń	N;NOM(DU)	kaznje
kazń	N;GEN(PL)	kaznjow
kazń	N;ACC(SG)	kazń
kazń	N;NOM(SG)	kaznj
chory	ADJ;ACC(DU,INAN)	chorej
minutka	N;ACC(DU)	minutki
minutka	N;NOM(DU)	minutki
minutka	N;ESS(PL)	minutkach
minutka	N;INS(PL)	minutkami
minutka	N;ACC(PL)	minutki
minutka	N;NOM(PL)	minutki
minutka	N;GEN(PL)	minutkow
minutka	N;GEN(DU)	minutkowu
minutka	N;INS(SG)	minutku
łono	N;INS(PL)	łonami
łono	N;GEN(SG)	łonow
łono	N;ACC(DU)	łonowu
łono	N;ESS(SG)	łonom
łono	N;NOM(DU)	łonje
łono	N;DAT(DU)	łonoma
łono	N;INS(SG)	łonom
łono	N;ACC(SG)	łono
powrjoz	N;ESS(PL)	powrjozach
powrjoz	N;INS(PL)	powrjozami
powrjoz	N;GEN(SG)	powrjoza
powrjoz	N;NOM(DU)	powrjoza
powrjoz	N;ACC(PL)	powrjozy
powrjoz	N;ACC(SG)	powrjoz
powrjoz	N;NOM(SG)	powrjoz
powrjoz	N;DAT(SG)	powrjozoju
powrjoz	N;DAT(DU)	powrjozoma
powrjoz	N;ESS(DU)	powrjozoma
powrjoz	N;INS(DU)	powrjozoma
powrjoz	N;INS(SG)	powrjozom
powrjoz	N;GEN(PL)	powrjozow
powrjoz	N;ESS(SG)	powrjozom
morjo	N;GEN(PL)	morjow
kócka	N;NOM(SG)	kóck
pólack	N;DAT(PL)	pólackam
syry	ADJ;NOM(SG,NEUT)	syre
syry	ADJ;NOM(PL)	syre
syry	ADJ;ACC(SG,MASC,ANIM)	syrego
syry	ADJ;GEN(SG,NEUT)	syrego
syry	ADJ;ACC(DU,INAN)	syrej
syry	ADJ;DAT(SG,FEM)	syrej
syry	ADJ;NOM(DU)	syrej
syry	ADJ;INS(SG,FEM)	syreju
syry	ADJ;ESS(SG,NEUT)	syrem
syry	ADJ;ACC(SG,FEM)	syrej
syry	ADJ;ACC(SG,MASC,INAN)	syre
syry	ADJ;ACC(PL,ANIM)	syrego
syry	ADJ;ESS(PL)	syrych
syry	ADJ;DAT(DU)	syryma
syry	ADJ;ESS(DU)	syryma
syry	ADJ;INS(DU)	syryma
syry	ADJ;INS(PL)	syrymi
crjowo	N;ESS(PL)	crjowach
crjowo	N;DAT(PL)	crjowam
crjowo	N;ACC(PL)	crjowa
crjowo	N;GEN(SG)	crjowa
crjowo	N;ACC(DU)	crjowowu
crjowo	N;ESS(DU)	crjowoma
crjowo	N;INS(SG)	crjowom
crjowo	N;ACC(SG)	crjowu
crjowo	N;GEN(DU)	crjowowu
wós	N;NOM(PL)	wósy
wusmjerśowaś	V;PST;3;PL	wusmjerśowachu
wusmjerśowaś	V;PST;2;PL	wusmjerśowašćo
wusmjerśowaś	V;PST;2;SG	wusmjerśowašo
wusmjerśowaś	V;PST;3;SG	wusmjerśowašo
wusmjerśowaś	V;PST;2;DU	wusmjerśowaštej
wusmjerśowaś	V;PST;3;DU	wusmjerśowaštej
wusmjerśowaś	V;PRS;1;DU	wusmjerśowamej
wusmjerśowaś	V;PRS;2;SG	wusmjerśowašo
wusmjerśowaś	V;IMP;2;DU	wusmjerśowaštej
wusmjerśowaś	V;PRS;1;SG	wusmjerśowach
znamje	N;NOM(PL)	znamjenje
znamje	N;DAT(DU)	znamjenjoma
znamje	N;GEN(PL)	znamjenjow
znamje	N;GEN(DU)	znamjenjowu
znamje	N;ESS(SG)	znamjenje
wósoba	N;ESS(PL)	wósobach
wósoba	N;DAT(PL)	wósobam
wósoba	N;NOM(SG)	wósobu
wósoba	N;ACC(DU)	wósobje
wósoba	N;ESS(SG)	wósobu
wósoba	N;INS(DU)	wósoboma
wósoba	N;GEN(DU)	wósobowu
wósoba	N;INS(SG)	wósobu
wósoba	N;ACC(PL)	wósoby
złoty	ADJ;ACC(PL,INAN)	złote
złoty	ADJ;NOM(PL)	złote
złoty	ADJ;ACC(SG,MASC,ANIM)	złotego
złoty	ADJ;GEN(SG,MASC)	złotego
złoty	ADJ;DAT(SG,FEM)	złotej
złoty	ADJ;NOM(DU)	złotej
złoty	ADJ;GEN(SG,FEM)	złoteje
złoty	ADJ;ACC(DU,ANIM)	złoteju
złoty	ADJ;INS(SG,FEM)	złotej
złoty	ADJ;DAT(SG,MASC)	złotemu
złoty	ADJ;ACC(SG,MASC,INAN)	złote
złoty	ADJ;ESS(DU)	złotyma
złoty	ADJ;INS(DU)	złotyma
złoty	ADJ;INS(SG,MASC)	złotemu
złoty	ADJ;INS(SG,NEUT)	złotemu
módry	ADJ;INS(DU)	módryma
kóza	N;ACC(DU)	kózy
garba	N;INS(PL)	garbami
garba	N;DAT(PL)	garbam
garba	N;NOM(SG)	garbje
garba	N;ACC(DU)	garbje
garba	N;DAT(SG)	garbje
garba	N;ESS(SG)	garbje
garba	N;ESS(DU)	garboma
garba	N;INS(DU)	garboma
garba	N;GEN(SG)	garbje
polo	N;DAT(DU)	poloma
módry	ADJ;DAT(SG,MASC)	módremu
źaržaś	V;PST;1;DU	źaržachmej
źaržaś	V;PST;1;SG	źaržach
źaržaś	V;PST;2;DU	źaržaštej
źaržaś	V;PST;3;DU	źaržaštej
źaržaś	V;IMP;2;SG	źaržaj
źaržaś	V;PRS;1;SG	źaržam
źaržaś	V;PRS;1;PL	źaržamy
źaržaś	V;PRS;2;PL	źaržaśo
źaržaś	V;PRS;2;DU	źaržatej
źaržaś	V;PRS;3;DU	źaržatej
wjas	N;ESS(PL)	wjasach
wjas	N;DAT(DU)	wjasoma
wjas	N;INS(DU)	wjasoma
wjas	N;INS(SG)	wjasom
wjas	N;DAT(SG)	wjasoju
wjas	N;ESS(SG)	wjasu
wjas	N;NOM(PL)	wjasy
woda	N;NOM(SG)	wod
mola	N;GEN(PL)	molow
wugoŕ	N;ESS(PL)	wugorjach
wugoŕ	N;ACC(SG)	wugorj
wugoŕ	N;ACC(PL)	wugorje
wugoŕ	N;NOM(PL)	wugorje
wugoŕ	N;DAT(DU)	wugorjoma
wugoŕ	N;ESS(DU)	wugorjoma
wugoŕ	N;ACC(DU)	wugorjowu
wugoŕ	N;GEN(DU)	wugorjowu
wugoŕ	N;NOM(SG)	wugorj
njebjo	N;NOM(DU)	njebja
njebjo	N;ESS(PL)	njebjach
njebjo	N;ACC(PL)	njebja
njebjo	N;GEN(SG)	njebja
njebjo	N;NOM(PL)	njebja
njebjo	N;DAT(SG)	njebjoju
njebjo	N;ESS(DU)	njebjoma
njebjo	N;INS(DU)	njebjoma
njebjo	N;ACC(SG)	njebjo
njebjo	N;GEN(DU)	njebjowu
njebjo	N;ESS(SG)	njebjom
fotografowaś	V;PST;1;PL	fotografowachmy
fotografowaś	V;PST;3;PL	fotografowachu
fotografowaś	V;PST;1;SG	fotografowach
fotografowaś	V;PST;3;SG	fotografowašo
fotografowaś	V;PRS;1;DU	fotografujomej
fotografowaś	V;PRS;2;SG	fotografujoš
fotografowaś	V;PRS;3;DU	fotografujotej
fotografowaś	V;PRS;3;SG	fotografuj
fotografowaś	V;IMP;2;DU	fotografujtej
lažčejšy	ADJ;ACC(PL,INAN)	lažčejše
lažčejšy	ADJ;DAT(SG,FEM)	lažčejšej
lažčejšy	ADJ;NOM(DU)	lažčejšej
lažčejšy	ADJ;GEN(SG,FEM)	lažčejšeje
lažčejšy	ADJ;ACC(DU,ANIM)	lažčejšeju
lažčejšy	ADJ;INS(SG,FEM)	lažčejšeju
lažčejšy	ADJ;ESS(SG,MASC)	lažčejšem
lažčejšy	ADJ;ESS(SG,NEUT)	lažčejšem
lažčejšy	ADJ;DAT(SG,NEUT)	lažčejšemu
lažčejšy	ADJ;ACC(SG,MASC,INAN)	lažčejše
lažčejšy	ADJ;NOM(SG,MASC)	lažčejše
lažčejšy	ADJ;ACC(PL,ANIM)	lažčejšych
lažčejšy	ADJ;DAT(DU)	lažčejšyma
lažčejšy	ADJ;INS(SG,MASC)	lažčejšemu
lažčejšy	ADJ;INS(SG,NEUT)	lažčejšemu
lažčejšy	ADJ;INS(PL)	lažčejšymi
běły	ADJ;ACC(PL,INAN)	běłe
běły	ADJ;NOM(SG,NEUT)	běłe
běły	ADJ;NOM(PL)	běłe
běły	ADJ;ESS(SG,FEM)	běłej
běły	ADJ;NOM(DU)	běłej
běły	ADJ;GEN(SG,FEM)	běłeje
běły	ADJ;ACC(DU,ANIM)	běłeju
běły	ADJ;DAT(SG,NEUT)	běłemu
běły	ADJ;ACC(SG,MASC,INAN)	běłe
běły	ADJ;ACC(PL,ANIM)	běłego
běły	ADJ;ESS(PL)	běłych
běły	ADJ;DAT(DU)	běłyma
běły	ADJ;INS(DU)	běłyma
běły	ADJ;INS(SG,MASC)	běłemu
běły	ADJ;INS(SG,NEUT)	běłemu
pśigótowaś	V;PST;1;PL	pśigótowachmy
pśigótowaś	V;PST;1;SG	pśigótowach
pśigótowaś	V;PST;2;PL	pśigótowašćo
pśigótowaś	V;PST;2;SG	pśigótowašo
pśigótowaś	V;PRS;1;PL	pśigótujomy
pśigótowaś	V;PRS;2;DU	pśigótujotej
pśigótowaś	V;PRS;3;DU	pśigótujotej
pśigótowaś	V;IMP;2;PL	pśigótujśo
pśigótowaś	V;IMP;2;DU	pśigótujtej
pśigótowaś	V;PRS;3;PL	pśigótujotej
radijo	N;NOM(PL)	radija
radijo	N;ACC(DU)	radijowu
radijo	N;DAT(SG)	radijoju
radijo	N;DAT(DU)	radijoma
radijo	N;NOM(SG)	radiju
radijo	N;GEN(PL)	radijow
wucabnica	N;ESS(PL)	wucabnicach
wucabnica	N;GEN(SG)	wucabnicu
wucabnica	N;NOM(PL)	wucabnicy
wucabnica	N;GEN(PL)	wucabnicow
wucabnica	N;GEN(DU)	wucabnicowu
wucabnica	N;INS(SG)	wucabnicu
wucabnica	N;ESS(SG)	wucabnicu
wucabnica	N;NOM(DU)	wucabnicy
mačka	N;ACC(DU)	mački
mačka	N;ESS(SG)	mačku
mačka	N;NOM(DU)	mački
mačka	N;ESS(PL)	mačkach
mačka	N;INS(PL)	mačkami
mačka	N;ACC(PL)	mački
mačka	N;GEN(SG)	mačku
mačka	N;ESS(DU)	mačkoma
mačka	N;GEN(PL)	mačkow
mačka	N;GEN(DU)	mačkowu
mačka	N;ACC(SG)	mačku
kocka	N;DAT(SG)	kocku
modry	ADJ;DAT(PL)	modrym
žyś	V;PST;1;DU	žyjachmej
žyś	V;PST;1;SG	žyjach
žyś	V;PST;3;SG	žyjašo
žyś	V;PST;3;DU	žyjaštej
žyś	V;PRS;1;DU	žyjomej
žyś	V;PRS;1;PL	žyjomy
žyś	V;PRS;2;PL	žyjośo
žyś	V;PRS;3;SG	žyjo
žyś	V;PRS;3;PL	žyjotej
nocka	N;ESS(PL)	nockach
nocka	N;ACC(PL)	nocki
nocka	N;NOM(PL)	nocki
nocka	N;DAT(DU)	nockoma
nocka	N;GEN(DU)	nockowu
chory	ADJ;ESS(DU)	choryma
nož	N;ESS(PL)	nožach
nož	N;DAT(PL)	nožam
nož	N;GEN(SG)	noža
nož	N;ACC(PL)	nožy
nož	N;NOM(SG)	nož
nož	N;DAT(SG)	nožoju
nož	N;INS(SG)	nožom
nož	N;GEN(DU)	nožowu
nož	N;ESS(SG)	nožu
drozn	N;ACC(SG)	drozn
drozn	N;GEN(SG)	drozna
drozn	N;ESS(SG)	droznje
drozn	N;DAT(SG)	droznoju
drozn	N;INS(DU)	droznoma
drozn	N;INS(SG)	droznom
drozn	N;GEN(DU)	droznowu
drozn	N;NOM(PL)	drozny
modry	ADJ;GEN(PL)	modrego
kóza	N;GEN(PL)	kózow
babka	N;DAT(SG)	babku
babka	N;ESS(SG)	babku
babka	N;DAT(PL)	babkam
babka	N;ACC(PL)	babki
babka	N;DAT(DU)	babkoma
babka	N;GEN(PL)	babkow
babka	N;GEN(DU)	babkowu
babka	N;INS(SG)	babku
wiki	N;GEN(PL)	wikich
student	N;ESS(PL)	studentach
student	N;INS(PL)	studentami
student	N;ACC(SG)	student
student	N;ESS(DU)	studentoma
student	N;INS(DU)	studentoma
student	N;INS(SG)	studentom
student	N;GEN(PL)	studentow
student	N;ACC(DU)	studenta
student	N;GEN(DU)	studentowu
zeger	N;ACC(DU)	zegerje
zeger	N;NOM(DU)	zegera
zeger	N;ESS(SG)	zegeru
zeger	N;DAT(SG)	zegeroju
zeger	N;DAT(DU)	zegeroma
zeger	N;ESS(DU)	zegeroma
zeger	N;GEN(DU)	zegerowu
módry	ADJ;NOM(DU)	módrej
korespondentka	N;ACC(DU)	korespondentki
korespondentka	N;NOM(DU)	korespondentki
korespondentka	N;INS(PL)	korespondentkami
korespondentka	N;DAT(PL)	korespondentkam
korespondentka	N;GEN(SG)	korespondentku
korespondentka	N;NOM(PL)	korespondentki
korespondentka	N;GEN(PL)	korespondentkow
korespondentka	N;GEN(DU)	korespondentkowu
korespondentka	N;INS(SG)	korespondentku
modry	ADJ;GEN(SG,MASC)	modrego
móla	N;INS(PL)	mólami
pólo	N;DAT(DU)	póloma
bósučki	ADJ;NOM(SG,FEM)	bósučke
bósučki	ADJ;ACC(SG,NEUT)	bósučke
bósučki	ADJ;NOM(PL)	bósučke
bósučki	ADJ;ACC(SG,MASC,ANIM)	bósučkego
bósučki	ADJ;GEN(SG,MASC)	bósučkego
bósučki	ADJ;DAT(SG,FEM)	bósučkej
bósučki	ADJ;ACC(DU,ANIM)	bósučkeju
bósučki	ADJ;GEN(DU)	bósučkeju
bósučki	ADJ;ACC(SG,MASC,INAN)	bósučke
bósučki	ADJ;ESS(PL)	bósučkich
bósučki	ADJ;DAT(DU)	bósučkima
bósučki	ADJ;INS(DU)	bósučkima
bósučki	ADJ;INS(SG,NEUT)	bósučkemu
bósučki	ADJ;INS(PL)	bósučkimi
bósučki	ADJ;ACC(SG,FEM)	bósučkej
modry	ADJ;GEN(SG,NEUT)	modrego
zły	ADJ;NOM(SG,FEM)	złe
zły	ADJ;ACC(SG,NEUT)	złe
zły	ADJ;NOM(PL)	złe
zły	ADJ;GEN(SG,MASC)	złego
zły	ADJ;GEN(SG,NEUT)	złego
zły	ADJ;INS(SG,FEM)	złeju
zły	ADJ;ESS(SG,MASC)	złem
zły	ADJ;DAT(SG,MASC)	złemu
zły	ADJ;ACC(SG,FEM)	złej
zły	ADJ;ACC(SG,MASC,INAN)	złe
zły	ADJ;NOM(SG,MASC)	złe
zły	ADJ;GEN(PL)	złego
zły	ADJ;DAT(DU)	złyma
zły	ADJ;INS(PL)	złymi
rěka	N;DAT(SG)	rěku
rěka	N;ESS(SG)	rěku
rěka	N;ESS(PL)	rěkach
rěka	N;DAT(PL)	rěkam
rěka	N;GEN(SG)	rěku
rěka	N;INS(DU)	rěkoma
rěka	N;GEN(PL)	rěkow
rěka	N;GEN(DU)	rěkowu
rěka	N;ACC(SG)	rěku
rěka	N;INS(SG)	rěku
chyliś	V;PST;1;DU	chylachmej
chyliś	V;PST;2;DU	chylištej
chyliś	V;PST;3;DU	chylištej
chyliś	V;PRS;1;DU	chylimej
chyliś	V;PRS;1;SG	chylim
chyliś	V;PRS;2;PL	chyliśo
chyliś	V;IMP;2;PL	chyliśo
chyliś	V;IMP;2;DU	chylitej
reagěrowaś	V;PST;1;PL	reagěrowachmy
reagěrowaś	V;PST;2;PL	reagěrowašćo
reagěrowaś	V;PST;2;SG	reagěrujoš
reagěrowaś	V;PST;3;SG	reagěrowašo
reagěrowaś	V;PRS;3;DU	reagěrujotej
reagěrowaś	V;PRS;3;SG	reagěrujo
reagěrowaś	V;IMP;2;PL	reagěrujśo
reagěrowaś	V;IMP;2;DU	reagěrujtej
wos	N;INS(DU)	wosoma
paśpula	N;ESS(PL)	paśpulach
paśpula	N;INS(PL)	paśpulami
paśpula	N;ACC(PL)	paśpuly
paśpula	N;NOM(PL)	paśpuly
paśpula	N;ACC(DU)	paśpulje
paśpula	N;ESS(SG)	paśpulu
paśpula	N;ESS(DU)	paśpuloma
paśpula	N;INS(DU)	paśpuloma
paśpula	N;GEN(DU)	paśpulowu
paśpula	N;ACC(SG)	paśpulu
paśpula	N;INS(SG)	paśpulu
mól	N;INS(PL)	mólami
pěta	N;ACC(DU)	pěty
pěta	N;ESS(PL)	pětach
pěta	N;DAT(PL)	pětam
pěta	N;NOM(SG)	pětu
pěta	N;DAT(DU)	pětoma
pěta	N;ESS(DU)	pětoma
pěta	N;INS(DU)	pětoma
pěta	N;ACC(SG)	pětu
pěta	N;INS(SG)	pětu
gotowy	ADJ;NOM(SG,MASC)	gotowe
serbiski	ADJ;ACC(SG,NEUT)	serbiske
serbiski	ADJ;ACC(PL,INAN)	serbiske
serbiski	ADJ;ACC(SG,MASC,ANIM)	serbiskego
serbiski	ADJ;GEN(SG,NEUT)	serbiskego
serbiski	ADJ;DAT(SG,FEM)	serbiskej
serbiski	ADJ;NOM(DU)	serbiskej
serbiski	ADJ;GEN(SG,FEM)	serbiskeje
serbiski	ADJ;GEN(DU)	serbiskeju
serbiski	ADJ;ESS(SG,MASC)	serbiskem
serbiski	ADJ;ESS(SG,NEUT)	serbiskem
serbiski	ADJ;ACC(SG,MASC,INAN)	serbiske
serbiski	ADJ;DAT(DU)	serbiskima
serbiski	ADJ;DAT(PL)	serbiskim
serbiski	ADJ;INS(SG,NEUT)	serbiskemu
ryba	N;INS(PL)	rybami
ryba	N;DAT(PL)	rybam
ryba	N;NOM(SG)	rybu
ryba	N;DAT(SG)	rybje
ryba	N;ESS(SG)	rybu
ryba	N;NOM(DU)	rybje
ryba	N;DAT(DU)	ryboma
ryba	N;ESS(DU)	ryboma
ryba	N;ACC(SG)	rybu
ryba	N;ACC(PL)	ryby
ryba	N;GEN(SG)	rybu
banana	N;ESS(PL)	bananach
banana	N;INS(PL)	bananami
banana	N;NOM(SG)	bananu
banana	N;NOM(DU)	bananje
banana	N;GEN(DU)	bananowu
banana	N;ACC(SG)	bananu
banana	N;INS(SG)	bananu
banana	N;ACC(PL)	banany
banana	N;NOM(PL)	banany
koń	N;ACC(PL)	konje
wjasć	V;PRS;3;PL	wjasćo
wjasć	V;IMP;2;PL	wjasćo
wjasć	V;PST;1;DU	wjasćomej
wjasć	V;PST;1;SG	wjasćo
wjasć	V;PST;2;PL	wjasćośo
wjasć	V;PST;3;SG	wjasćo
wjasć	V;PST;2;DU	wjasćotej
wjasć	V;PST;3;DU	wjasćotej
wjasć	V;PRS;1;DU	wjasćomej
wjasć	V;PRS;1;PL	wjasćomy
wjasć	V;PRS;2;SG	wjasćo
wjasć	V;PRS;2;DU	wjasćotej
wjasć	V;PRS;3;DU	wjasćotej
wjasć	V;IMP;2;SG	wjasćo
bok	N;ESS(PL)	bokach
bok	N;INS(PL)	bokami
bok	N;GEN(SG)	boka
bok	N;ACC(PL)	boki
bok	N;ACC(SG)	bok
bok	N;ESS(DU)	bokoma
bok	N;INS(DU)	bokoma
bok	N;INS(SG)	boku
bok	N;ESS(SG)	boku
pólack	N;ACC(PL)	pólacki
měsćański	ADJ;ACC(PL,INAN)	měsćańske
měsćański	ADJ;NOM(SG,NEUT)	měsćańske
měsćański	ADJ;NOM(PL)	měsćańske
měsćański	ADJ;ACC(SG,MASC,ANIM)	měsćańskego
měsćański	ADJ;ACC(DU,INAN)	měsćańskej
měsćański	ADJ;DAT(SG,FEM)	měsćańskej
měsćański	ADJ;ACC(DU,ANIM)	měsćańskeju
měsćański	ADJ;ESS(SG,MASC)	měsćańskem
měsćański	ADJ;ESS(SG,NEUT)	měsćańskem
měsćański	ADJ;DAT(SG,NEUT)	měsćańskemu
měsćański	ADJ;ACC(SG,MASC,INAN)	měsćańskego
měsćański	ADJ;NOM(SG,MASC)	měsćańske
měsćański	ADJ;ESS(PL)	měsćańskich
měsćański	ADJ;DAT(DU)	měsćańskima
měsćański	ADJ;DAT(PL)	měsćańskim
měsćański	ADJ;INS(SG,NEUT)	měsćańskemu
měsćański	ADJ;INS(PL)	měsćańskimi
měsćański	ADJ;ACC(SG,FEM)	měsćańskej
spański	ADJ;NOM(SG,FEM)	spańske
spański	ADJ;NOM(SG,NEUT)	spańske
spański	ADJ;ACC(SG,MASC,ANIM)	spańskego
spański	ADJ;GEN(SG,NEUT)	spańskego
spański	ADJ;DAT(SG,FEM)	spańskej
spański	ADJ;ESS(SG,FEM)	spańskej
spański	ADJ;GEN(DU)	spańskeju
spański	ADJ;INS(SG,FEM)	spańskej
spański	ADJ;ESS(SG,MASC)	spańskem
spański	ADJ;DAT(SG,MASC)	spańskemu
spański	ADJ;NOM(SG,MASC)	spańske
spański	ADJ;ACC(PL,ANIM)	spańskego
spański	ADJ;ESS(DU)	spańskima
spański	ADJ;ACC(SG,FEM)	spańskej
pólo	N;ACC(PL)	póly
měso	N;ESS(PL)	měsach
měso	N;INS(SG)	měsom
měso	N;ACC(SG)	měsu
měso	N;NOM(SG)	měsa
měso	N;GEN(PL)	měsow
měso	N;NOM(DU)	měsa
brod	N;ESS(PL)	brodach
brod	N;ACC(DU)	broda
brod	N;NOM(SG)	brod
brod	N;ACC(PL)	brody
brod	N;NOM(PL)	brody
alofon	N;ESS(PL)	alofonach
alofon	N;DAT(PL)	alofonam
alofon	N;GEN(SG)	alofona
alofon	N;ESS(SG)	alofonu
alofon	N;DAT(SG)	alofonoju
alofon	N;ESS(DU)	alofonoma
alofon	N;INS(DU)	alofonoma
alofon	N;GEN(PL)	alofonow
alofon	N;GEN(DU)	alofonowu
alofon	N;ACC(PL)	alofony
alofon	N;NOM(PL)	alofony
strowiś	V;PRS;1;DU	strowimej
strowiś	V;PRS;1;SG	strowim
strowiś	V;PRS;1;PL	strowimy
strowiś	V;PRS;3;DU	strowitej
strowiś	V;PST;2;PL	strowišćo
strowiś	V;PST;2;SG	strowišo
strowiś	V;PST;3;SG	strowiš
strowiś	V;PRS;3;PL	strowitej
strowiś	V;IMP;2;PL	strowiśo
strowiś	V;IMP;2;DU	strowijotej
strowiś	V;IMP;2;SG	strowi
kót	N;INS(PL)	kótami
tśmjeń	N;DAT(PL)	tśmjenjam
tśmjeń	N;ACC(DU)	tśmjenja
tśmjeń	N;GEN(SG)	tśmjenja
tśmjeń	N;NOM(PL)	tśmjenje
tśmjeń	N;DAT(DU)	tśmjenjoma
tśmjeń	N;INS(DU)	tśmjenjoma
tśmjeń	N;INS(SG)	tśmjenjom
tśmjeń	N;GEN(PL)	tśmjenjow
tśmjeń	N;ESS(SG)	tśmjenju
tśmjeń	N;NOM(SG)	tśmjenj
domk	N;ACC(DU)	domki
domk	N;GEN(SG)	domka
domk	N;ACC(PL)	domki
domk	N;ACC(SG)	domk
domk	N;NOM(SG)	domk
domk	N;DAT(DU)	domkoma
domk	N;ESS(DU)	domkoma
domk	N;ESS(SG)	domku
kwas	N;DAT(PL)	kwasam
kwas	N;ACC(DU)	kwasa
kwas	N;NOM(PL)	kwasy
kwas	N;ACC(SG)	kwas
kwas	N;DAT(SG)	kwasoju
kwas	N;ESS(DU)	kwasoma
kwas	N;INS(DU)	kwasoma
kwas	N;GEN(DU)	kwasowu
zeleny	ADJ;NOM(SG,FEM)	zelene
zeleny	ADJ;ACC(SG,NEUT)	zelene
zeleny	ADJ;NOM(SG,NEUT)	zelene
zeleny	ADJ;NOM(PL)	zelene
zeleny	ADJ;GEN(SG,MASC)	zelenego
zeleny	ADJ;GEN(SG,NEUT)	zelenego
zeleny	ADJ;ACC(DU,INAN)	zelenej
zeleny	ADJ;GEN(SG,FEM)	zeleneje
zeleny	ADJ;ACC(DU,ANIM)	zeleneju
zeleny	ADJ;INS(SG,FEM)	zeleneju
zeleny	ADJ;ESS(SG,MASC)	zelenem
zeleny	ADJ;DAT(SG,NEUT)	zelenemu
zeleny	ADJ;ACC(PL,ANIM)	zelenego
zeleny	ADJ;GEN(PL)	zelenego
zeleny	ADJ;DAT(DU)	zelenyma
zeleny	ADJ;ESS(DU)	zelenyma
zeleny	ADJ;INS(DU)	zelenyma
zeleny	ADJ;INS(SG,MASC)	zelenemu
zeleny	ADJ;INS(PL)	zelenymi
sadło	N;INS(PL)	sadłami
sadło	N;GEN(SG)	sadła
sadło	N;NOM(DU)	sadła
sadło	N;DAT(SG)	sadłoju
sadło	N;DAT(DU)	sadłoma
sadło	N;ESS(DU)	sadłoma
sadło	N;NOM(SG)	sadła
sadło	N;GEN(PL)	sadłow
sobota	N;ACC(DU)	soboty
sobota	N;ESS(SG)	sobotu
sobota	N;ESS(PL)	sobotach
sobota	N;DAT(PL)	sobotam
sobota	N;NOM(SG)	sobotu
sobota	N;ESS(DU)	sobotoma
sobota	N;GEN(PL)	sobotow
sobota	N;GEN(DU)	sobotowu
sobota	N;INS(SG)	sobotu
sobota	N;ACC(PL)	soboty
sobota	N;GEN(SG)	sobotu
sobota	N;NOM(PL)	soboty
rjobło	N;ACC(PL)	rjobły
rjobło	N;GEN(SG)	rjobła
rjobło	N;NOM(PL)	rjobła
rjobło	N;ESS(SG)	rjobłom
rjobło	N;NOM(DU)	rjobła
rjobło	N;DAT(SG)	rjobłoju
rjobło	N;INS(DU)	rjobłoma
rjobło	N;INS(SG)	rjobłom
rjobło	N;GEN(DU)	rjobłowu
pówětš	N;ESS(PL)	pówětšach
pówětš	N;INS(PL)	pówětšami
pówětš	N;DAT(PL)	pówětšam
pówětš	N;GEN(SG)	pówětša
pówětš	N;NOM(DU)	pówětša
pówětš	N;ACC(SG)	pówětš
pówětš	N;NOM(SG)	pówětš
pówětš	N;DAT(DU)	pówětšoma
pówětš	N;ESS(DU)	pówětšoma
pówětš	N;INS(DU)	pówětšoma
pówětš	N;INS(SG)	pówětšom
pówětš	N;GEN(PL)	pówětšow
pówětš	N;NOM(PL)	pówětšy
mjeńšy	ADJ;NOM(SG,FEM)	mjeńše
mjeńšy	ADJ;ACC(SG,NEUT)	mjeńše
mjeńšy	ADJ;NOM(SG,NEUT)	mjeńše
mjeńšy	ADJ;NOM(PL)	mjeńše
mjeńšy	ADJ;ACC(SG,MASC,ANIM)	mjeńšego
mjeńšy	ADJ;GEN(SG,MASC)	mjeńšego
mjeńšy	ADJ;GEN(SG,NEUT)	mjeńšego
mjeńšy	ADJ;ACC(DU,INAN)	mjeńšej
mjeńšy	ADJ;GEN(DU)	mjeńšeju
mjeńšy	ADJ;DAT(SG,MASC)	mjeńšemu
mjeńšy	ADJ;DAT(SG,NEUT)	mjeńšemu
mjeńšy	ADJ;ESS(DU)	mjeńšyma
mjeńšy	ADJ;INS(PL)	mjeńšymi
wjapś	N;DAT(PL)	wjapśam
wjapś	N;NOM(DU)	wjapśa
wjapś	N;ACC(PL)	wjapśi
wjapś	N;NOM(SG)	wjapś
wjapś	N;DAT(DU)	wjapśoma
wjapś	N;INS(SG)	wjapśom
wjapś	N;ESS(SG)	wjapśo
rjemjeń	N;INS(PL)	rjemjenjami
rjemjeń	N;ACC(DU)	rjemjenja
rjemjeń	N;NOM(DU)	rjemjenja
rjemjeń	N;ACC(PL)	rjemjenje
rjemjeń	N;DAT(DU)	rjemjenjoma
rjemjeń	N;GEN(PL)	rjemjenjow
cysty	ADJ;NOM(SG,FEM)	cyste
cysty	ADJ;ACC(PL,INAN)	cyste
cysty	ADJ;NOM(SG,NEUT)	cyste
cysty	ADJ;ACC(SG,MASC,ANIM)	cystego
cysty	ADJ;GEN(SG,MASC)	cystego
cysty	ADJ;DAT(SG,FEM)	cystej
cysty	ADJ;ESS(SG,FEM)	cystej
cysty	ADJ;ACC(DU,ANIM)	cysteju
cysty	ADJ;GEN(DU)	cysteju
cysty	ADJ;ESS(SG,MASC)	cystem
cysty	ADJ;DAT(SG,NEUT)	cystemu
cysty	ADJ;ESS(PL)	cystych
cysty	ADJ;DAT(PL)	cystym
cysty	ADJ;INS(SG,MASC)	cystemu
cysty	ADJ;INS(PL)	cystymi
pólo	N;DAT(PL)	pólam
kóń	N;INS(PL)	kónjami
grod	N;INS(PL)	grodami
grod	N;ACC(DU)	groda
grod	N;DAT(DU)	grodoma
grod	N;INS(SG)	grodom
grod	N;GEN(PL)	grodow
grod	N;GEN(DU)	grodowu
grod	N;ACC(PL)	grody
grod	N;NOM(PL)	grody
grod	N;ESS(SG)	grodach
granica	N;INS(PL)	granicami
granica	N;NOM(SG)	granicu
granica	N;GEN(SG)	granicu
granica	N;NOM(PL)	granicy
granica	N;ESS(DU)	granicoma
granica	N;INS(DU)	granicoma
granica	N;GEN(PL)	granicow
granica	N;GEN(DU)	granicowu
granica	N;ACC(SG)	granicu
smjaś	V;PST;1;DU	smjachmej
smjaś	V;PST;3;PL	smjachu
smjaś	V;PST;1;SG	smjach
smjaś	V;PST;2;PL	smjašćo
smjaś	V;PST;2;SG	smjašo
smjaś	V;PST;2;DU	smjaštej
smjaś	V;PST;3;DU	smjaštej
smjaś	V;PRS;1;PL	smjamy
smjaś	V;PRS;3;DU	smjatej
smjaś	V;IMP;2;DU	smjajtej
lěwy	ADJ;NOM(SG,NEUT)	lěwe
lěwy	ADJ;NOM(PL)	lěwe
lěwy	ADJ;ACC(SG,MASC,ANIM)	lěwego
lěwy	ADJ;ACC(DU,INAN)	lěwej
lěwy	ADJ;DAT(SG,FEM)	lěwej
lěwy	ADJ;ESS(SG,FEM)	lěwej
lěwy	ADJ;NOM(DU)	lěwej
lěwy	ADJ;ACC(DU,ANIM)	lěweju
lěwy	ADJ;GEN(DU)	lěweju
lěwy	ADJ;DAT(SG,MASC)	lěwemu
lěwy	ADJ;ACC(SG,MASC,INAN)	lěwe
lěwy	ADJ;ESS(DU)	lěwyma
lěwy	ADJ;DAT(PL)	lěwym
lěwy	ADJ;INS(SG,MASC)	lěwemu
lěwy	ADJ;INS(PL)	lěwymi
jabłuko	N;ACC(DU)	jabłukowu
jabłuko	N;ESS(PL)	jabłukach
jabłuko	N;DAT(PL)	jabłukam
jabłuko	N;GEN(SG)	jabłuku
jabłuko	N;DAT(SG)	jabłukoju
jabłuko	N;DAT(DU)	jabłukoma
jabłuko	N;ESS(DU)	jabłukoma
jabłuko	N;INS(SG)	jabłuku
jabłuko	N;NOM(SG)	jabłuku
jabłuko	N;GEN(PL)	jabłukow
jabłuko	N;GEN(DU)	jabłukowu
kos	N;NOM(PL)	kosy
wałtora	N;DAT(PL)	wałtoram
wałtora	N;NOM(SG)	wałtoru
wałtora	N;ACC(DU)	wałtorje
wałtora	N;ESS(SG)	wałtoru
wałtora	N;INS(DU)	wałtoroma
wałtora	N;GEN(DU)	wałtorowu
wałtora	N;INS(SG)	wałtoru
wałtora	N;ACC(PL)	wałtory
wałtora	N;GEN(SG)	wałtoru
wósk	N;DAT(DU)	wóskoma
płot	N;ESS(SG)	płotom
płot	N;ESS(PL)	płotach
płot	N;INS(PL)	płotami
płot	N;DAT(PL)	płotam
płot	N;GEN(SG)	płota
płot	N;NOM(DU)	płota
płot	N;NOM(SG)	płot
płot	N;DAT(DU)	płotoma
płot	N;INS(DU)	płotoma
płot	N;INS(SG)	płotom
płot	N;NOM(PL)	płoty
módry	ADJ;NOM(SG,MASC)	módre
maś	N;ACC(DU)	maštej
maś	N;INS(PL)	maśami
maś	N;DAT(PL)	maśam
maś	N;GEN(SG)	maśe
maś	N;DAT(DU)	maśoma
maś	N;INS(DU)	maśoma
maś	N;GEN(PL)	maśow
maś	N;INS(SG)	maśom
spóraś	V;PST;1;DU	spórachmej
spóraś	V;PST;1;SG	spórach
spóraś	V;IMP;2;PL	spórajśo
spóraś	V;PRS;3;PL	spóratej
spóraś	V;IMP;2;SG	spóraj
spóraś	V;PRS;1;SG	spóram
spóraś	V;PRS;1;PL	spóramy
spóraś	V;PST;2;PL	spórašćo
spóraś	V;PRS;2;PL	spóraśo
spóraś	V;PRS;2;DU	spóratej
spóraś	V;PRS;3;DU	spóratej
spóraś	V;PST;2;SG	spórašo
spóraś	V;PST;3;SG	spórašo
słoma	N;ESS(PL)	słomach
słoma	N;ACC(DU)	słomy
słoma	N;ESS(SG)	słomu
słoma	N;GEN(PL)	słomow
słoma	N;GEN(DU)	słomowu
słoma	N;INS(SG)	słomu
słoma	N;ACC(PL)	słomy
słoma	N;GEN(SG)	słomu
wójca	N;ESS(PL)	wójcach
wójca	N;ACC(PL)	wójcy
wójca	N;GEN(SG)	wójcu
wójca	N;GEN(DU)	wójcowu
wójca	N;ACC(DU)	wójcy
wójca	N;DAT(SG)	wójcu
serp	N;GEN(SG)	serpa
serp	N;ACC(SG)	serp
serp	N;DAT(DU)	serpoma
serp	N;ESS(DU)	serpoma
serp	N;INS(DU)	serpoma
serp	N;ACC(PL)	serpy
serp	N;NOM(PL)	serpy
njasć	V;PST;3;SG	njasćo
njasć	V;PST;2;DU	njasćotej
njasć	V;PRS;1;DU	njasćomej
njasć	V;PRS;3;SG	njasćo
njasć	V;IMP;2;DU	njasćotej
njasć	V;IMP;2;SG	njasćo
damast	N;ESS(PL)	damastach
damast	N;INS(PL)	damastami
damast	N;ACC(DU)	damastowu
damast	N;GEN(SG)	damasta
damast	N;NOM(DU)	damasta
damast	N;NOM(SG)	damast
damast	N;ESS(DU)	damastoma
damast	N;GEN(PL)	damastow
damast	N;ACC(PL)	damasty
damast	N;NOM(PL)	damasty
modry	ADJ;DAT(SG,FEM)	modrej
accuracy:0.713
