narzãdzôcz	N;NOM(PL)	narzãdzôcze
narzãdzôcz	N;DAT(PL)	narzãdzôczóm
narzãdzôcz	N;VOC(SG)	narzãdzôczu
narzãdzôcz	N;INS(PL)	narzãdzôczama
narzãdzôcz	N;ESS(SG)	narzãdzôczã
narzãdzôcz	N;DAT(SG)	narzãdzôczowi
narzãdzôcz	N;GEN(SG)	narzãdzôcza
narzãdzôcz	N;ESS(PL)	narzãdzôczama
narzãdzôcz	N;GEN(PL)	narzãdzôczów
narzãdzôcz	N;INS(SG)	narzãdzôczã
narzãdzôcz	N;ACC(PL)	narzãdzôczów
narzãdzôcz	N;ACC(SG)	narzãdzôcza
narzãdzôcz	N;NOM(SG)	narzãdzôcz
narzãdzôcz	N;VOC(PL)	narzãdzôcze
Jastrë	N;VOC(PL)	Jastre
Jastrë	N;ESS(PL)	Jastrëma
Jastrë	N;DAT(PL)	Jastrom
Jastrë	N;GEN(PL)	Jastrów
Jastrë	N;ACC(PL)	Jastrë
Jastrë	N;ACC(PL)	Jastrë
Jastrë	N;NOM(PL)	Jastropwã
pòniedzôłk	N;NOM(PL)	pòniedzôłczi
pòniedzôłk	N;DAT(PL)	pòniedzôłkóm
pòniedzôłk	N;VOC(SG)	pòniedzôłkù
pòniedzôłk	N;INS(PL)	pòniedzôłkami
pòniedzôłk	N;ESS(SG)	pòniedzôłkã
pòniedzôłk	N;DAT(SG)	pòniedzôłkù
pòniedzôłk	N;GEN(SG)	pòniedzôłkù
pòniedzôłk	N;ESS(PL)	pòniedzôłkami
pòniedzôłk	N;GEN(PL)	pòniedzôłków
pòniedzôłk	N;INS(SG)	pòniedzôłkã
pòniedzôłk	N;ACC(PL)	pòniedzélczi
pòniedzôłk	N;ACC(SG)	pòniedzôłk
pòniedzôłk	N;NOM(SG)	pòniedzôłk
pòniedzôłk	N;VOC(PL)	pòniedzôłczi
pùjk	N;NOM(PL)	pùjki
pùjk	N;DAT(PL)	pùjkóm
pùjk	N;VOC(SG)	pùjkù
pùjk	N;INS(PL)	pùjkama
pùjk	N;ESS(SG)	pùjka
pùjk	N;DAT(SG)	pùjkovi
pùjk	N;GEN(SG)	pùjka
pùjk	N;ESS(PL)	pùjkama
pùjk	N;GEN(PL)	pùjków
pùjk	N;INS(SG)	pùjkã
pùjk	N;ACC(PL)	pùjczi
pùjk	N;ACC(SG)	pùjk
pùjk	N;NOM(SG)	pùjk
pùjk	N;VOC(PL)	pùjczi
môlnik	N;NOM(PL)	môlnicë
môlnik	N;DAT(PL)	môlnikóm
môlnik	N;VOC(SG)	môlnikù
môlnik	N;INS(PL)	môlnikama
môlnik	N;ESS(SG)	môlnikã
môlnik	N;DAT(SG)	môlnikòwi
môlnik	N;GEN(SG)	môlnika
môlnik	N;ESS(PL)	môlnikama
môlnik	N;GEN(PL)	môlników
môlnik	N;INS(SG)	môlnikã
môlnik	N;ACC(PL)	môlników
môlnik	N;ACC(SG)	môlnika
môlnik	N;NOM(SG)	môlnik
môlnik	N;VOC(PL)	môlnicё
wòłiwôcz	N;NOM(PL)	wòłiwiczë
wòłiwôcz	N;DAT(PL)	wòłiwôczóm
wòłiwôcz	N;VOC(SG)	wòłiwôczu
wòłiwôcz	N;INS(PL)	wòłiwôczama
wòłiwôcz	N;ESS(SG)	wòłiwôczã
wòłiwôcz	N;DAT(SG)	wòłiwëwë
wòłiwôcz	N;GEN(SG)	wòłiwôcza
wòłiwôcz	N;ESS(PL)	wòłiwëczama
wòłiwôcz	N;GEN(PL)	wòłiwôczów
wòłiwôcz	N;INS(SG)	wòłiwôczã
wòłiwôcz	N;ACC(PL)	wòłëwôchów
wòłiwôcz	N;ACC(SG)	wòłiwôcza
wòłiwôcz	N;NOM(SG)	wòłiwôcz
wòłiwôcz	N;VOC(PL)	wòłiwiczë
łżëkwiôt	N;NOM(PL)	łżekwiôtë
łżëkwiôt	N;DAT(PL)	łżëkwiôtóm
łżëkwiôt	N;VOC(SG)	łżëkwiôce
łżëkwiôt	N;INS(PL)	łżëkwiôtama
łżëkwiôt	N;ESS(SG)	łżëkwiôtã
łżëkwiôt	N;DAT(SG)	łżëkwiatowi
łżëkwiôt	N;GEN(SG)	łżëkwiôta
łżëkwiôt	N;ESS(PL)	łżëkwiôtama
łżëkwiôt	N;GEN(PL)	łżëkwiôtów
łżëkwiôt	N;INS(SG)	łżëkwiôtã
łżëkwiôt	N;ACC(PL)	łżëkwiôtë
łżëkwiôt	N;ACC(SG)	łżëkwiôt
łżëkwiôt	N;NOM(SG)	łżëkwiôt
łżëkwiôt	N;VOC(PL)	łżëkwiôtë
lëstopadnik	N;NOM(PL)	lëstopadnicczi
lëstopadnik	N;DAT(PL)	lëstopadnikom
lëstopadnik	N;VOC(SG)	lëstopadnikù
lëstopadnik	N;INS(PL)	lëstopadnykama
lëstopadnik	N;ESS(SG)	lëstopadniku
lëstopadnik	N;DAT(SG)	lëstopadnikòwi
lëstopadnik	N;GEN(SG)	lëstopadnika
lëstopadnik	N;ESS(PL)	lëstopadnicë
lëstopadnik	N;GEN(PL)	lëstopadników
lëstopadnik	N;INS(SG)	lëstopadnikã
lëstopadnik	N;ACC(PL)	lëstopadników
lëstopadnik	N;ACC(SG)	lëstopadnika
lëstopadnik	N;NOM(SG)	lëstopadnik
lëstopadnik	N;VOC(PL)	lëstopadniccë
sobòta	N;NOM(PL)	sobòtë
sobòta	N;DAT(PL)	sobòtama
sobòta	N;VOC(SG)	sòbòto
sobòta	N;INS(PL)	sobòtama
sobòta	N;ESS(SG)	sobòta
sobòta	N;DAT(SG)	sobòce
sobòta	N;GEN(SG)	sobòtë
sobòta	N;ESS(PL)	sobòtama
sobòta	N;GEN(PL)	sobót
sobòta	N;INS(SG)	sobòtą
sobòta	N;ACC(PL)	sobòtë
sobòta	N;ACC(SG)	sobòtã
sobòta	N;NOM(SG)	sobòta
sobòta	N;VOC(PL)	sobòtë
kóń	N;NOM(PL)	kònie
kóń	N;DAT(PL)	kóniom
kóń	N;VOC(SG)	kòńcu
kóń	N;INS(PL)	kòunjama
kóń	N;ESS(SG)	kóńã
kóń	N;DAT(SG)	kòniui
kóń	N;GEN(SG)	kóńcôwégò
kóń	N;ESS(PL)	kóńma
kóń	N;GEN(PL)	kònjów
kóń	N;INS(SG)	kònim
kóń	N;ACC(PL)	kónie
kóń	N;ACC(SG)	kóńa
kóń	N;NOM(SG)	kóń
kóń	N;VOC(PL)	kóńce
nazéwôcz	N;NOM(PL)	nazéwôcze
nazéwôcz	N;DAT(PL)	nazéwôczóm
nazéwôcz	N;VOC(SG)	nazéwaczë
nazéwôcz	N;INS(PL)	nazéwôczama
nazéwôcz	N;ESS(SG)	nazéwôczã
nazéwôcz	N;DAT(SG)	nazéwôczowi
nazéwôcz	N;GEN(SG)	nazéwôcza
nazéwôcz	N;ESS(PL)	nazéwôczama
nazéwôcz	N;GEN(PL)	nazéwôczów
nazéwôcz	N;INS(SG)	nazéwôczã
nazéwôcz	N;ACC(PL)	nazéwôczów
nazéwôcz	N;ACC(SG)	nazéwôcza
nazéwôcz	N;NOM(SG)	nazéwôcz
nazéwôcz	N;VOC(PL)	nazéwôcze
piątk	N;NOM(PL)	piątczi
piątk	N;DAT(PL)	piątkóm
piątk	N;VOC(SG)	piątcze
piątk	N;INS(PL)	piãtkama
piątk	N;ESS(SG)	piątkiem
piątk	N;DAT(SG)	piątkù
piątk	N;GEN(SG)	piątku
piątk	N;ESS(PL)	piątkama
piątk	N;GEN(PL)	piątków
piątk	N;INS(SG)	piątką
piątk	N;ACC(PL)	piątków
piątk	N;ACC(SG)	piątkã
piątk	N;NOM(SG)	piątk
piątk	N;VOC(PL)	piątnicë
rënk	N;NOM(PL)	rënkowie
rënk	N;DAT(PL)	rënkom
rënk	N;VOC(SG)	rënkù
rënk	N;INS(PL)	rëńcama
rënk	N;ESS(SG)	rënkã
rënk	N;DAT(SG)	rënkòwi
rënk	N;GEN(SG)	rënkù
rënk	N;ESS(PL)	rënkach
rënk	N;GEN(PL)	rënków
rënk	N;INS(SG)	rënkã
rënk	N;ACC(PL)	rënczi
rënk	N;ACC(SG)	rënk
rënk	N;NOM(SG)	rënk
rënk	N;VOC(PL)	rënkòwie
wtórk	N;NOM(PL)	wtórtczi
wtórk	N;DAT(PL)	wtórkom
wtórk	N;VOC(SG)	wtórku
wtórk	N;INS(PL)	wtórkama
wtórk	N;ESS(SG)	wtórkã
wtórk	N;DAT(SG)	wtórkù
wtórk	N;GEN(SG)	wtórkù
wtórk	N;ESS(PL)	wtórkach
wtórk	N;GEN(PL)	wtórków
wtórk	N;INS(SG)	wtórkiem
wtórk	N;ACC(PL)	wtórec
wtórk	N;ACC(SG)	wtórk
wtórk	N;NOM(SG)	wtórk
wtórk	N;VOC(PL)	wtórczi
winowôcz	N;NOM(PL)	winowôcze
winowôcz	N;DAT(PL)	winowôczã
winowôcz	N;VOC(SG)	winowajcze
winowôcz	N;INS(PL)	winowôcznyma
winowôcz	N;ESS(SG)	winowôczã
winowôcz	N;DAT(SG)	wiramù
winowôcz	N;GEN(SG)	winowôczë
winowôcz	N;ESS(PL)	winowôczama
winowôcz	N;GEN(PL)	winowôk
winowôcz	N;INS(SG)	winowôczą
winowôcz	N;ACC(PL)	winowôzków
winowôcz	N;ACC(SG)	winowôcza
winowôcz	N;NOM(SG)	winowôcz
winowôcz	N;VOC(PL)	winowôcze!
òjc	N;NOM(PL)	òjcowie
òjc	N;DAT(PL)	òjcom
òjc	N;VOC(SG)	òjcë
òjc	N;INS(PL)	òjcama
òjc	N;ESS(SG)	òjcem
òjc	N;DAT(SG)	òjcu
òjc	N;GEN(SG)	òjca
òjc	N;ESS(PL)	òjcama
òjc	N;GEN(PL)	òjcôw
òjc	N;INS(SG)	òjcã
òjc	N;INS(SG)	òjcem
òjc	N;ACC(PL)	òjców
òjc	N;ACC(SG)	òjca
òjc	N;NOM(SG)	òjc
òjc	N;VOC(PL)	òjcowë
latawiskò	N;NOM(PL)	latawiska
latawiskò	N;DAT(PL)	latawiskóm
latawiskò	N;VOC(SG)	latawiskò
latawiskò	N;INS(PL)	latawiskama
latawiskò	N;ESS(SG)	latawiskã
latawiskò	N;DAT(SG)	latowiskù
latawiskò	N;GEN(SG)	latawiska
latawiskò	N;ESS(PL)	latawiskama
latawiskò	N;GEN(PL)	latawisków
latawiskò	N;INS(SG)	latawiskã
latawiskò	N;ACC(PL)	latawiska
latawiskò	N;ACC(SG)	latawiskò
latawiskò	N;NOM(SG)	latawiskò
latawiskò	N;VOC(PL)	latawisczi
Jastra	N;VOC(PL)	Jastrë!
Jastra	N;ESS(PL)	jastrëma
Jastra	N;DAT(PL)	Jastrom
Jastra	N;GEN(PL)	Jastrach
Jastra	N;ACC(PL)	Jastra
Jastra	N;ACC(PL)	Jastrë
Jastra	N;NOM(PL)	Jastri
czerwińc	N;NOM(PL)	czerwińce
czerwińc	N;DAT(PL)	czerwińcam
czerwińc	N;VOC(SG)	czerwińcu
czerwińc	N;INS(PL)	czerwińcama
czerwińc	N;ESS(SG)	czerwińcem
czerwińc	N;DAT(SG)	czerwińcowi
czerwińc	N;GEN(SG)	czerwińca
czerwińc	N;ESS(PL)	czerwińcamë
czerwińc	N;GEN(PL)	czerwińców
czerwińc	N;INS(SG)	czerwińcã
czerwińc	N;ACC(PL)	czerwińce
czerwińc	N;ACC(SG)	czerwińc
czerwińc	N;NOM(SG)	czerwińc
czerwińc	N;VOC(PL)	czerwińce
rujan	N;NOM(PL)	rujane
rujan	N;DAT(PL)	rujanam
rujan	N;VOC(SG)	rujanie
rujan	N;INS(PL)	rujanama
rujan	N;ESS(SG)	rujanã
rujan	N;DAT(SG)	rujanu
rujan	N;GEN(SG)	rujanu
rujan	N;ESS(PL)	rujanam
rujan	N;GEN(PL)	rujanów
rujan	N;INS(SG)	rujanã
rujan	N;ACC(PL)	rujanë
rujan	N;ACC(SG)	rujanã
rujan	N;NOM(SG)	rujan
rujan	N;VOC(PL)	rujanie
dôwôcz	N;NOM(PL)	dôwôczowie
dôwôcz	N;DAT(PL)	dôwôczóm
dôwôcz	N;VOC(SG)	dôwôczu
dôwôcz	N;INS(PL)	dôwôczama
dôwôcz	N;ESS(SG)	dôwôczã
dôwôcz	N;DAT(SG)	dôwcë
dôwôcz	N;GEN(SG)	dôwôczczi
dôwôcz	N;ESS(PL)	dôwôczama
dôwôcz	N;GEN(PL)	dôwôczów
dôwôcz	N;INS(SG)	dôwôczã
dôwôcz	N;ACC(PL)	dôwôczów
dôwôcz	N;ACC(SG)	dôwôczã
dôwôcz	N;NOM(SG)	dôwôcz
dôwôcz	N;VOC(PL)	dôwôcze
serce	N;NOM(PL)	serca
serce	N;DAT(PL)	sercom
serce	N;VOC(SG)	serce
serce	N;INS(PL)	sercami
serce	N;ESS(SG)	sercu
serce	N;ESS(SG)	sercem
serce	N;DAT(SG)	sercu
serce	N;GEN(SG)	sérca
serce	N;ESS(PL)	sërcach
serce	N;GEN(PL)	serc
serce	N;GEN(PL)	serc
serce	N;INS(SG)	serce
serce	N;INS(SG)	serca
serce	N;ACC(PL)	sërca
serce	N;ACC(SG)	serce
serce	N;NOM(SG)	serce
serce	N;VOC(PL)	serca
lëpinc	N;NOM(PL)	lëpińce
lëpinc	N;DAT(PL)	lëpińcom
lëpinc	N;VOC(SG)	lëpińcu
lëpinc	N;INS(PL)	lëpincama
lëpinc	N;ESS(SG)	lëpińcã
lëpinc	N;DAT(SG)	lëpińcowi
lëpinc	N;GEN(SG)	lëpińca
lëpinc	N;ESS(PL)	lëpińca
lëpinc	N;GEN(PL)	lëpińców
lëpinc	N;INS(SG)	lëpińcem
lëpinc	N;ACC(PL)	lëpińce
lëpinc	N;ACC(SG)	lëpińc
lëpinc	N;NOM(SG)	lëpińc
lëpinc	N;VOC(PL)	lëpińce
séwnik	N;NOM(PL)	siewnicë
séwnik	N;DAT(PL)	séwnikòma
séwnik	N;VOC(SG)	séwnikù
séwnik	N;INS(PL)	séwnikama
séwnik	N;ESS(SG)	siewnikczi
séwnik	N;DAT(SG)	séwnikòwi
séwnik	N;GEN(SG)	séwnika
séwnik	N;ESS(PL)	séwnicama
séwnik	N;GEN(PL)	séwników
séwnik	N;INS(SG)	séwnikã
séwnik	N;ACC(PL)	séwników
séwnik	N;ACC(SG)	séwnik
séwnik	N;NOM(SG)	sénik
séwnik	N;VOC(PL)	séwnicë
zélnik	N;NOM(PL)	zélnice
zélnik	N;DAT(PL)	zélnikóm
zélnik	N;VOC(SG)	zélnikù
zélnik	N;INS(PL)	zélnykama
zélnik	N;ESS(SG)	zélnikom
zélnik	N;DAT(SG)	zélnikòwi
zélnik	N;GEN(SG)	zélnika
zélnik	N;ESS(PL)	zélnikama
zélnik	N;GEN(PL)	zélników
zélnik	N;INS(SG)	zélnykã
zélnik	N;ACC(PL)	zélników
zélnik	N;ACC(SG)	zélnik
zélnik	N;NOM(SG)	zélnik
zélnik	N;VOC(PL)	zélnicë
stëcznik	N;NOM(PL)	stëcznicë
stëcznik	N;DAT(PL)	stëcznikòm
stëcznik	N;VOC(SG)	stëcznikù
stëcznik	N;INS(PL)	stëcznikama
stëcznik	N;ESS(SG)	stëcznikã
stëcznik	N;DAT(SG)	stëcznikòwi
stëcznik	N;GEN(SG)	stëcznika
stëcznik	N;ESS(PL)	stëcznikòma
stëcznik	N;GEN(PL)	stëczników
stëcznik	N;INS(SG)	stëcznikã
stëcznik	N;ACC(PL)	stëczniczi
stëcznik	N;ACC(SG)	stëcznik
stëcznik	N;NOM(SG)	stëcznik
stëcznik	N;VOC(PL)	stëcznicë
strzoda	N;NOM(PL)	strzodë
strzoda	N;DAT(PL)	strzodze
strzoda	N;VOC(SG)	strzodo
strzoda	N;INS(PL)	strzodama
strzoda	N;ESS(SG)	strzodą
strzoda	N;DAT(SG)	strzodze
strzoda	N;GEN(SG)	strzodë
strzoda	N;ESS(PL)	strzodama
strzoda	N;GEN(PL)	strzód</td>
</tr>
</tbody>
</table>
strzoda	N;INS(SG)	strzodą
strzoda	N;ACC(PL)	strzodë
strzoda	N;ACC(SG)	strzodã
strzoda	N;NOM(SG)	strzoda
strzoda	N;VOC(PL)	strzodë
môj	N;NOM(PL)	mòji
môj	N;DAT(PL)	mòjim
môj	N;VOC(SG)	mòjã
môj	N;INS(PL)	nami
môj	N;ESS(SG)	mòjim
môj	N;DAT(SG)	mù
môj	N;GEN(SG)	mòjã
môj	N;ESS(PL)	mòjima
môj	N;GEN(PL)	mòjich
môj	N;INS(SG)	mòjim
môj	N;ACC(PL)	mòjé
môj	N;ACC(SG)	môj
môj	N;NOM(SG)	mój
môj	N;VOC(PL)	mòji
strumiannik	N;NOM(PL)	strumianicë
strumiannik	N;DAT(PL)	strumiannikom
strumiannik	N;VOC(SG)	strumiônicze
strumiannik	N;INS(PL)	strumiannikama
strumiannik	N;ESS(SG)	strumiannikã
strumiannik	N;DAT(SG)	strumiannikòwi
strumiannik	N;GEN(SG)	strumiannika
strumiannik	N;ESS(PL)	strumiannikóm
strumiannik	N;GEN(PL)	strumianników
strumiannik	N;INS(SG)	strumiannikã
strumiannik	N;ACC(PL)	strumianników
strumiannik	N;ACC(SG)	strumiannika
strumiannik	N;NOM(SG)	strumiannik
strumiannik	N;VOC(PL)	strumiannicë
tidzéń	N;NOM(PL)	tidzeńé
tidzéń	N;DAT(PL)	tidzéniom
tidzéń	N;VOC(SG)	tidzniu
tidzéń	N;INS(PL)	tidzéniama
tidzéń	N;ESS(SG)	tidzénim
tidzéń	N;DAT(SG)	tidzniowi
tidzéń	N;GEN(SG)	tidznia
tidzéń	N;ESS(PL)	tidzéniach
tidzéń	N;GEN(PL)	tidzénów
tidzéń	N;INS(SG)	tidzénim
tidzéń	N;ACC(PL)	tidzénié
tidzéń	N;ACC(SG)	tidzéń
tidzéń	N;NOM(SG)	tidzéń
tidzéń	N;VOC(PL)	tidzenie
czwôrtk	N;NOM(PL)	czwarzëczi
czwôrtk	N;DAT(PL)	czwôrtkóm
czwôrtk	N;VOC(SG)	czwiôrtkù
czwôrtk	N;INS(PL)	czwôrtkama
czwôrtk	N;ESS(SG)	czwôrtkã
czwôrtk	N;DAT(SG)	czwôrtkù
czwôrtk	N;GEN(SG)	czwiôrtkù
czwôrtk	N;ESS(PL)	czwôrtkach
czwôrtk	N;GEN(PL)	czwiôrtków
czwôrtk	N;INS(SG)	czwôrtkiem
czwôrtk	N;ACC(PL)	czwiôrtczi
czwôrtk	N;ACC(SG)	czwiôrtk
czwôrtk	N;NOM(SG)	czwôrtk
czwôrtk	N;VOC(PL)	czwôrtczi
kòt	N;NOM(PL)	kòtë
kòt	N;DAT(PL)	kòtom
kòt	N;VOC(SG)	kòce
kòt	N;INS(PL)	kòtama
kòt	N;ESS(SG)	kòce
kòt	N;DAT(SG)	kòce
kòt	N;DAT(SG)	kòtowi
kòt	N;GEN(SG)	kòta
kòt	N;ESS(PL)	kòtama
kòt	N;GEN(PL)	kówãt
kòt	N;INS(SG)	kòtã
kòt	N;ACC(PL)	kòtë
kòt	N;ACC(SG)	kòta
kòt	N;NOM(SG)	kòt
kòt	N;VOC(PL)	kòtë
gromicznik	N;NOM(PL)	gromiczniki
gromicznik	N;DAT(PL)	gromicznikòwim
gromicznik	N;VOC(SG)	gromiczniče
gromicznik	N;INS(PL)	gromicznikama
gromicznik	N;ESS(SG)	gromicznikã
gromicznik	N;DAT(SG)	gromiczniku
gromicznik	N;GEN(SG)	gromicznika
gromicznik	N;ESS(PL)	gromicznykama
gromicznik	N;GEN(PL)	gromiczników
gromicznik	N;INS(SG)	gromicznikiem
gromicznik	N;ACC(PL)	gromiczniki
gromicznik	N;ACC(SG)	gromicznik
gromicznik	N;NOM(SG)	gromicznik
gromicznik	N;VOC(PL)	gromicznice
rodzôcz	N;NOM(PL)	rodzëce
rodzôcz	N;DAT(PL)	rodzëznom
rodzôcz	N;VOC(SG)	rodzëcë
rodzôcz	N;INS(PL)	rodzëznama
rodzôcz	N;ESS(SG)	rodzôczem
rodzôcz	N;DAT(SG)	rodzëcë
rodzôcz	N;GEN(SG)	rodzëcza
rodzôcz	N;ESS(PL)	rodzëznă
rodzôcz	N;GEN(PL)	rodzëców
rodzôcz	N;INS(SG)	rodzëzną
rodzôcz	N;ACC(PL)	rodzëców
rodzôcz	N;ACC(SG)	rodzëznã
rodzôcz	N;NOM(SG)	rodzëc
rodzôcz	N;VOC(PL)	rodzëcë
niedzela	N;NOM(PL)	niedzele
niedzela	N;DAT(PL)	niedzélã
niedzela	N;VOC(SG)	niedzela
niedzela	N;INS(PL)	niedzëlama
niedzela	N;ESS(SG)	niedzeli
niedzela	N;DAT(SG)	niedzelë
niedzela	N;GEN(SG)	niedzeli
niedzela	N;ESS(PL)	niedzelama
niedzela	N;GEN(PL)	niedzél
niedzela	N;INS(SG)	niedzélą
niedzela	N;ACC(PL)	niedzele
niedzela	N;ACC(SG)	niedzelã
niedzela	N;NOM(SG)	niedzela
niedzela	N;VOC(PL)	niedzeli
gòdnik	N;NOM(PL)	gòdnici
gòdnik	N;DAT(PL)	gòdnikom
gòdnik	N;VOC(SG)	gòdniku
gòdnik	N;INS(PL)	gòdnikama
gòdnik	N;ESS(SG)	gòdnicë
gòdnik	N;DAT(SG)	gòdnikòwi
gòdnik	N;GEN(SG)	gòdnika
gòdnik	N;ESS(PL)	gòdnikma
gòdnik	N;GEN(PL)	gòdnikòw
gòdnik	N;INS(SG)	gòdnikã
gòdnik	N;ACC(PL)	gòdniki
gòdnik	N;ACC(SG)	gòdnika
gòdnik	N;NOM(SG)	gòdnik
gòdnik	N;VOC(PL)	gòdniki
stolem	N;NOM(PL)	stolemë
stolem	N;DAT(PL)	stolemóm
stolem	N;VOC(SG)	stolemcze
stolem	N;INS(PL)	stolmie
stolem	N;ESS(SG)	stolemã
stolem	N;DAT(SG)	stolëma
stolem	N;GEN(SG)	stolemja
stolem	N;ESS(PL)	stolemama
stolem	N;GEN(PL)	stolemów
stolem	N;INS(SG)	stolemã
stolem	N;ACC(PL)	stolemów
stolem	N;ACC(SG)	stolma
stolem	N;NOM(SG)	stolëm
stolem	N;VOC(PL)	stolemowie
test acc Kashubian 0.3614931237721022
