Βισάλτης	N;ACC(DU)	Βισάλτα
Βισάλτης	N;ACC(PL)	Βισάλτας
Βισάλτης	N;ACC(SG)	Βισάλτην
Βισάλτης	N;DAT(DU)	Βισάλταιν
Βισάλτης	N;DAT(PL)	Βισάλταις
Βισάλτης	N;DAT(SG)	Βισάλτῃ
Βισάλτης	N;GEN(DU)	Βισάλταιν
Βισάλτης	N;GEN(PL)	Βισαλτῶν
Βισάλτης	N;GEN(SG)	Βισάλτου
Βισάλτης	N;NOM(DU)	Βισάλτα
Βισάλτης	N;NOM(PL)	Βισάλται
Βισάλτης	N;NOM(SG)	Βισάλτης
Βισάλτης	N;VOC(DU)	Βισάλτα
Βισάλτης	N;VOC(PL)	Βισάλται
Βισάλτης	N;VOC(SG)	Βισάλτᾱ
Μασσαλιώτης	N;ACC(DU)	Μασσαλιώτα
Μασσαλιώτης	N;ACC(PL)	Μασσαλιώτας
Μασσαλιώτης	N;ACC(SG)	Μασσαλιώτην
Μασσαλιώτης	N;DAT(DU)	Μασσαλιώταις
Μασσαλιώτης	N;DAT(PL)	Μασσαλιώταις
Μασσαλιώτης	N;DAT(SG)	Μασσαλιώτῃ
Μασσαλιώτης	N;GEN(DU)	Μασσαλιωτῶν
Μασσαλιώτης	N;GEN(PL)	Μασσαλιωτῶν
Μασσαλιώτης	N;GEN(SG)	Μασσαλιώτου
Μασσαλιώτης	N;NOM(DU)	Μασσαλιώτα
Μασσαλιώτης	N;NOM(PL)	Μασσαλιῶται
Μασσαλιώτης	N;NOM(SG)	Μασσαλιώτης
Μασσαλιώτης	N;VOC(DU)	Μασσαλιώτα
Μασσαλιώτης	N;VOC(PL)	Μασσαλιῶται
Μασσαλιώτης	N;VOC(SG)	Μασσαλιῶτα
Μιθριακός	ADJ;ACC(DU;MASC)	Μιθριακώ
Μιθριακός	ADJ;ACC(DU;NEUT)	Μιθριακώ
Μιθριακός	ADJ;ACC(PL;FEM)	Μιθριακάς
Μιθριακός	ADJ;ACC(PL;MASC)	Μιθριακούς
Μιθριακός	ADJ;ACC(PL;NEUT)	Μιθριακά
Μιθριακός	ADJ;ACC(SG;FEM)	Μιθριακήν
Μιθριακός	ADJ;DAT(DU;FEM)	Μιθριακαῖν
Μιθριακός	ADJ;DAT(DU;MASC)	Μιθριακοῖς
Μιθριακός	ADJ;DAT(PL;MASC)	Μιθριακοῖς
Μιθριακός	ADJ;DAT(SG;FEM)	Μιθριακῇ
Μιθριακός	ADJ;DAT(SG;MASC)	Μιθριακῷ
Μιθριακός	ADJ;DAT(SG;NEUT)	Μιθριακῷ
Μιθριακός	ADJ;GEN(DU;FEM)	Μιθριακαῖν
Μιθριακός	ADJ;GEN(DU;MASC)	Μιθριακοῖν
Μιθριακός	ADJ;GEN(DU;NEUT)	Μιθριακοῖν
Μιθριακός	ADJ;GEN(PL;MASC)	Μιθριακῶν
Μιθριακός	ADJ;GEN(PL;NEUT)	Μιθρακῶν
Μιθριακός	ADJ;GEN(SG;FEM)	Μιθριακῆς
Μιθριακός	ADJ;GEN(SG;MASC)	Μιθριακοῦ
Μιθριακός	ADJ;GEN(SG;NEUT)	Μιθριακοῦ
Μιθριακός	ADJ;NOM(DU;FEM)	Μιθριακά
Μιθριακός	ADJ;NOM(DU;MASC)	Μιθριακώ
Μιθριακός	ADJ;NOM(DU;NEUT)	Μιθριακώ
Μιθριακός	ADJ;NOM(PL;FEM)	Μιθριακαί
Μιθριακός	ADJ;NOM(PL;MASC)	Μιθριακοί
Μιθριακός	ADJ;NOM(PL;NEUT)	Μιθριακά
Μιθριακός	ADJ;NOM(SG;FEM)	Μιθριακή
Μιθριακός	ADJ;VOC(DU;MASC)	μιθριακώ
Μιθριακός	ADJ;VOC(PL;FEM)	Μιθριακαί
Μιθριακός	ADJ;VOC(PL;NEUT)	Μιθριακά
Μιθριακός	ADJ;VOC(SG;FEM)	Μιθριακή
Μιθριακός	ADJ;VOC(SG;MASC)	μιθριακέ
Μιθριακός	ADJ;VOC(SG;NEUT)	Μιθριακόν
αἴγιλος	N;ACC(DU)	αἰγίλουν
αἴγιλος	N;ACC(PL)	αἰγίλους
αἴγιλος	N;ACC(SG)	αἴγιλον
αἴγιλος	N;DAT(DU)	αἰγύλοιν
αἴγιλος	N;DAT(PL)	αἰγίλοις
αἴγιλος	N;DAT(SG)	αἰγίλῳ
αἴγιλος	N;GEN(DU)	αἰγίλοιν
αἴγιλος	N;GEN(PL)	αἰγίλων
αἴγιλος	N;GEN(SG)	αἰγίλου
αἴγιλος	N;NOM(DU)	αἰγίλῳ
αἴγιλος	N;NOM(PL)	αἴγιλοι
αἴγιλος	N;NOM(SG)	αἴγιλος
αἴγιλος	N;VOC(DU)	αἰγίλω
αἴγιλος	N;VOC(PL)	αἴγιλοι
αἴγιλος	N;VOC(SG)	αἴγιλε
αὔρα	N;ACC(DU)	αὔρα
αὔρα	N;ACC(PL)	αὔρας
αὔρα	N;ACC(SG)	αὔραν
αὔρα	N;DAT(DU)	αὔραιιν
αὔρα	N;DAT(PL)	αὔραις
αὔρα	N;DAT(SG)	αὔρᾳ
αὔρα	N;GEN(DU)	αὔραιν
αὔρα	N;GEN(PL)	αὐρῶν
αὔρα	N;GEN(SG)	αὔρας
αὔρα	N;NOM(DU)	αὔρα
αὔρα	N;NOM(PL)	αὖραι
αὔρα	N;NOM(SG)	αὔρα
αὔρα	N;VOC(DU)	αὔρα
αὔρα	N;VOC(PL)	αὔραι
αὔρα	N;VOC(SG)	αὔρα
βραχύτης	N;ACC(DU)	βραχύτητα
βραχύτης	N;ACC(PL)	βραχύτητας
βραχύτης	N;ACC(SG)	βραχύτητα
βραχύτης	N;DAT(DU)	βραχύτησιν
βραχύτης	N;DAT(PL)	βραχύτησι
βραχύτης	N;DAT(SG)	βραχύτητι
βραχύτης	N;GEN(DU)	βραχυτήτοιν
βραχύτης	N;GEN(PL)	βραχυτήτων
βραχύτης	N;GEN(SG)	βραχύτητος
βραχύτης	N;NOM(DU)	βραχύτητε
βραχύτης	N;NOM(PL)	βραχύτητες
βραχύτης	N;NOM(SG)	βραχύτης
βραχύτης	N;VOC(DU)	βραχύτητα
βραχύτης	N;VOC(PL)	βραχύτητες
βραχύτης	N;VOC(SG)	βραχύτης
γοεδνός	ADJ;ACC(DU;FEM)	γοεδνά
γοεδνός	ADJ;ACC(DU;NEUT)	γοεδνώ
γοεδνός	ADJ;ACC(PL;FEM)	γοεδνάς
γοεδνός	ADJ;ACC(PL;NEUT)	γοεδνά
γοεδνός	ADJ;ACC(SG;FEM)	γοεδνήν
γοεδνός	ADJ;ACC(SG;NEUT)	γοεδνόν
γοεδνός	ADJ;DAT(DU;MASC)	γοεδνοῖν
γοεδνός	ADJ;DAT(DU;NEUT)	γοεδνοῖν
γοεδνός	ADJ;DAT(PL;MASC)	γοεδνοῖς
γοεδνός	ADJ;DAT(SG;FEM)	γοεδνῇ
γοεδνός	ADJ;DAT(SG;MASC)	γοεδνῷ
γοεδνός	ADJ;DAT(SG;NEUT)	γοεδνῷ
γοεδνός	ADJ;GEN(DU;MASC)	γοεδνοῖν
γοεδνός	ADJ;GEN(DU;NEUT)	γοεδνοῖν
γοεδνός	ADJ;GEN(PL;FEM)	γοεδνῶν
γοεδνός	ADJ;GEN(PL;MASC)	γοεδνῶν
γοεδνός	ADJ;GEN(SG;FEM)	γοεδνῆς
γοεδνός	ADJ;GEN(SG;MASC)	γοεδνοῦ
γοεδνός	ADJ;GEN(SG;NEUT)	γοεδνοῦ
γοεδνός	ADJ;NOM(DU;FEM)	γοεδνά
γοεδνός	ADJ;NOM(DU;NEUT)	γοεδνώ
γοεδνός	ADJ;NOM(PL;FEM)	γοεδναί
γοεδνός	ADJ;NOM(PL;NEUT)	γοεδνά
γοεδνός	ADJ;NOM(SG;FEM)	γοεδνή
γοεδνός	ADJ;NOM(SG;MASC)	γοεδνός
γοεδνός	ADJ;VOC(DU;FEM)	γοεδνώ
γοεδνός	ADJ;VOC(DU;NEUT)	γοεδνώ
γοεδνός	ADJ;VOC(PL;FEM)	γοεδναί
γοεδνός	ADJ;VOC(PL;MASC)	γοεδνοὶ
γοεδνός	ADJ;VOC(PL;NEUT)	γοεδνά
γοεδνός	ADJ;VOC(SG;FEM)	γοεδνή
γοεδνός	ADJ;VOC(SG;MASC)	γοεδνέ
γοεδνός	ADJ;VOC(SG;NEUT)	γοεδνόν
διθυμία	N;ACC(DU)	διθυμίας
διθυμία	N;ACC(PL)	διθυμίας
διθυμία	N;ACC(SG)	διθυμίαν
διθυμία	N;DAT(DU)	διθυμίαισιν
διθυμία	N;DAT(PL)	διθυμίαις
διθυμία	N;DAT(SG)	διθυμίᾳ
διθυμία	N;GEN(DU)	διθυμιάων
διθυμία	N;GEN(PL)	διθυμιῶν
διθυμία	N;GEN(SG)	διθυμίας
διθυμία	N;NOM(DU)	διθυμίᾳ
διθυμία	N;NOM(PL)	διθυμίαι
διθυμία	N;NOM(SG)	διθυμία
διθυμία	N;VOC(DU)	διθυμία
διθυμία	N;VOC(PL)	διθυμίαι
διθυμία	N;VOC(SG)	διθυμία
δορκάς	N;ACC(DU)	δωρκάδε
δορκάς	N;ACC(PL)	δρκάδας
δορκάς	N;ACC(SG)	δορκάδα
δορκάς	N;DAT(DU)	δορκάσιν
δορκάς	N;DAT(PL)	δορκάσι
δορκάς	N;DAT(SG)	δορκάδι
δορκάς	N;GEN(DU)	δορκάδοιν
δορκάς	N;GEN(PL)	δορκάδων
δορκάς	N;GEN(SG)	δορκάδος
δορκάς	N;NOM(DU)	δορκάδε
δορκάς	N;NOM(PL)	δορκάδες
δορκάς	N;NOM(SG)	δορκάς
δορκάς	N;VOC(DU)	δοσκά
δορκάς	N;VOC(PL)	δορκάδες
δορκάς	N;VOC(SG)	δορκάς
θήρα	N;ACC(DU)	θήρας
θήρα	N;ACC(PL)	θήρας
θήρα	N;ACC(SG)	θήραν
θήρα	N;DAT(DU)	θήραιιν
θήρα	N;DAT(PL)	θήραις
θήρα	N;DAT(SG)	θήρᾳ
θήρα	N;GEN(DU)	θήραιιν
θήρα	N;GEN(PL)	θηρῶν
θήρα	N;GEN(SG)	θήρας
θήρα	N;NOM(DU)	θῆραι
θήρα	N;NOM(PL)	θῆραι
θήρα	N;NOM(SG)	θήρα
θήρα	N;VOC(DU)	θήρα
θήρα	N;VOC(PL)	θῆραι
θήρα	N;VOC(SG)	θήρα
θρεπτικός	ADJ;ACC(DU;FEM)	θρεπτικά
θρεπτικός	ADJ;ACC(DU;MASC)	θρεπτικούς
θρεπτικός	ADJ;ACC(DU;NEUT)	θρεπτικώ
θρεπτικός	ADJ;ACC(PL;MASC)	θρεπτικούς
θρεπτικός	ADJ;ACC(PL;NEUT)	θρεπτικά
θρεπτικός	ADJ;ACC(SG;FEM)	θρεπτικήν
θρεπτικός	ADJ;ACC(SG;MASC)	θρεπτικόν
θρεπτικός	ADJ;ACC(SG;NEUT)	θρεπτικόν
θρεπτικός	ADJ;DAT(DU;FEM)	θρεπτικαῖς
θρεπτικός	ADJ;DAT(DU;NEUT)	θρεπτικοῖν
θρεπτικός	ADJ;DAT(PL;FEM)	θρεπτικαῖς
θρεπτικός	ADJ;DAT(PL;NEUT)	θρεπτικοῖς
θρεπτικός	ADJ;DAT(SG;FEM)	θρεπτικῇ
θρεπτικός	ADJ;DAT(SG;MASC)	θρεπτικῷ
θρεπτικός	ADJ;GEN(DU;NEUT)	θρεπτικοῖν
θρεπτικός	ADJ;GEN(PL;MASC)	θρεπτικῶν
θρεπτικός	ADJ;GEN(PL;NEUT)	θρεπτικῶν
θρεπτικός	ADJ;GEN(SG;MASC)	θρεπτικοῦ
θρεπτικός	ADJ;GEN(SG;NEUT)	θρεπτικοῦ
θρεπτικός	ADJ;NOM(DU;MASC)	θρεπτικώ
θρεπτικός	ADJ;NOM(DU;NEUT)	θρεπτικώ
θρεπτικός	ADJ;NOM(PL;MASC)	θρεπτικοί
θρεπτικός	ADJ;NOM(SG;NEUT)	θρεπτικόν
θρεπτικός	ADJ;VOC(DU;FEM)	θρεπτικαί
θρεπτικός	ADJ;VOC(DU;MASC)	θρεπτικὼ
θρεπτικός	ADJ;VOC(DU;NEUT)	θρεπτικώ
θρεπτικός	ADJ;VOC(PL;FEM)	θρεπτικαί
θρεπτικός	ADJ;VOC(PL;MASC)	θρεπτικοί
θρεπτικός	ADJ;VOC(PL;NEUT)	θρεπτικά
θρεπτικός	ADJ;VOC(SG;FEM)	θρεπτική
θρεπτικός	ADJ;VOC(SG;MASC)	θρεπτικέ
θρεπτικός	ADJ;VOC(SG;NEUT)	θρεπτικέ
θυγάτηρ	N;ACC(DU)	θυγατέρε
θυγάτηρ	N;ACC(PL)	θυγατέρας
θυγάτηρ	N;ACC(SG)	θυγατέρα
θυγάτηρ	N;DAT(DU)	θυγατέροιν
θυγάτηρ	N;DAT(PL)	θυγατράσι
θυγάτηρ	N;DAT(SG)	θυγατρί
θυγάτηρ	N;GEN(DU)	θυγατέροιν
θυγάτηρ	N;GEN(PL)	θυγατέρων
θυγάτηρ	N;GEN(SG)	θυγατρός
θυγάτηρ	N;NOM(DU)	θυγατέρε
θυγάτηρ	N;NOM(PL)	θυγατέρες
θυγάτηρ	N;NOM(SG)	θυγάτηρ
θυγάτηρ	N;VOC(DU)	θυγατέρε
θυγάτηρ	N;VOC(PL)	θυγατέρες
θυγάτηρ	N;VOC(SG)	θύγατερ
καδμία	N;ACC(DU)	καδμίᾱ
καδμία	N;ACC(PL)	καδμίας
καδμία	N;ACC(SG)	καδμίαν
καδμία	N;DAT(DU)	καδμίαιν
καδμία	N;DAT(PL)	καδμίαις
καδμία	N;DAT(SG)	κα
καδμία	N;GEN(DU)	καδμίαιν
καδμία	N;GEN(PL)	κα
καδμία	N;GEN(SG)	καδμίας
καδμία	N;NOM(DU)	καδμίαι
καδμία	N;NOM(PL)	καδμίαι
καδμία	N;NOM(SG)	καδμία
καδμία	N;VOC(DU)	καδμίᾱ
καδμία	N;VOC(PL)	καδμίαι
καδμία	N;VOC(SG)	καδμία
κενταύριον	N;ACC(DU)	κενταύρω
κενταύριον	N;ACC(PL)	κενταύρια
κενταύριον	N;ACC(SG)	κενταύριον
κενταύριον	N;DAT(DU)	κενταυρίοιν
κενταύριον	N;DAT(PL)	κενταυρίοις
κενταύριον	N;DAT(SG)	κενταυρίῳ
κενταύριον	N;GEN(DU)	κενταυρίοιν
κενταύριον	N;GEN(PL)	κενταυρίων
κενταύριον	N;GEN(SG)	κενταυρίου
κενταύριον	N;NOM(DU)	κενταυρίω
κενταύριον	N;NOM(PL)	κενταύρια
κενταύριον	N;NOM(SG)	κενταύριον
κενταύριον	N;VOC(DU)	κενταύρια
κενταύριον	N;VOC(PL)	κενταύρια
κενταύριον	N;VOC(SG)	κενταύριον
κενός	ADJ;ACC(DU;FEM)	κενά
κενός	ADJ;ACC(DU;MASC)	κενοῦς
κενός	ADJ;ACC(DU;NEUT)	κενούς
κενός	ADJ;ACC(PL;FEM)	κενάς
κενός	ADJ;ACC(PL;MASC)	κενούς
κενός	ADJ;ACC(PL;NEUT)	κενά
κενός	ADJ;ACC(SG;FEM)	κενήν
κενός	ADJ;ACC(SG;MASC)	κενόν
κενός	ADJ;ACC(SG;NEUT)	κενόν
κενός	ADJ;DAT(DU;FEM)	κενῇν
κενός	ADJ;DAT(DU;MASC)	κενοῖς
κενός	ADJ;DAT(PL;FEM)	κενώις
κενός	ADJ;DAT(PL;MASC)	κενοῖς
κενός	ADJ;DAT(PL;NEUT)	κενοῖς
κενός	ADJ;DAT(SG;MASC)	κενῷ
κενός	ADJ;DAT(SG;NEUT)	κενῷ
κενός	ADJ;GEN(DU;FEM)	κεναῖν
κενός	ADJ;GEN(PL;FEM)	κενῶν
κενός	ADJ;GEN(PL;MASC)	κενῶν
κενός	ADJ;GEN(SG;NEUT)	κενοῦ
κενός	ADJ;NOM(DU;FEM)	κενά
κενός	ADJ;NOM(DU;MASC)	κενώ
κενός	ADJ;NOM(PL;NEUT)	κενά
κενός	ADJ;NOM(SG;FEM)	κενή
κενός	ADJ;NOM(SG;MASC)	κενός
κενός	ADJ;NOM(SG;NEUT)	κενόν
κενός	ADJ;VOC(DU;FEM)	κεναῖν
κενός	ADJ;VOC(DU;MASC)	κενώ
κενός	ADJ;VOC(DU;NEUT)	κενώ
κενός	ADJ;VOC(PL;MASC)	κενοί
κενός	ADJ;VOC(PL;NEUT)	κενά
κενός	ADJ;VOC(SG;FEM)	κενή
κενός	ADJ;VOC(SG;MASC)	κενέ
κωλόβαθρον	N;ACC(DU)	κωλόβαθρονε
κωλόβαθρον	N;ACC(PL)	κωλόβαθρα
κωλόβαθρον	N;ACC(SG)	κωλόβαθρον
κωλόβαθρον	N;DAT(DU)	κωλοβάθροιν
κωλόβαθρον	N;DAT(PL)	κωλοβάθροις
κωλόβαθρον	N;DAT(SG)	κωλοβάθρῳ
κωλόβαθρον	N;GEN(DU)	κωλοβάθροιν
κωλόβαθρον	N;GEN(PL)	κωλοβάθρων
κωλόβαθρον	N;GEN(SG)	κωλοβάθρου
κωλόβαθρον	N;NOM(DU)	κωλοβάθρω
κωλόβαθρον	N;NOM(PL)	κωλόβαθρα
κωλόβαθρον	N;NOM(SG)	κωλόβαθρον
κωλόβαθρον	N;VOC(DU)	κωλοβάθρω
κωλόβαθρον	N;VOC(PL)	κωλόβαθρα
κωλόβαθρον	N;VOC(SG)	κωλόβαθρον
λειμώνιον	N;ACC(DU)	λειμωνίω
λειμώνιον	N;ACC(PL)	λειμώνια
λειμώνιον	N;ACC(SG)	λειμώνιον
λειμώνιον	N;DAT(DU)	λειμωνίοιν
λειμώνιον	N;DAT(PL)	λειμωνίοις
λειμώνιον	N;DAT(SG)	λειμωνίῳ
λειμώνιον	N;GEN(DU)	λειμωνίοιν
λειμώνιον	N;GEN(PL)	λειμωνίων
λειμώνιον	N;GEN(SG)	λειμωνίου
λειμώνιον	N;NOM(DU)	λειμωνίω
λειμώνιον	N;NOM(PL)	λειμώνια
λειμώνιον	N;NOM(SG)	λειμώνιον
λειμώνιον	N;VOC(DU)	λειμωνίω
λειμώνιον	N;VOC(PL)	λειμώνια
λειμώνιον	N;VOC(SG)	λειμώνιον
μελῳδία	N;ACC(DU)	μελῳδία
μελῳδία	N;ACC(PL)	μελῳδίας
μελῳδία	N;ACC(SG)	μελῳδίαν
μελῳδία	N;DAT(DU)	μελῳδίαιν
μελῳδία	N;DAT(PL)	মেলῳδίαις
μελῳδία	N;DAT(SG)	μελῳδίᾳ
μελῳδία	N;GEN(DU)	μελῳδίαιν
μελῳδία	N;GEN(PL)	μελῳδιῶν
μελῳδία	N;GEN(SG)	μελῳδίας
μελῳδία	N;NOM(DU)	μελῳδίᾱ
μελῳδία	N;NOM(PL)	μελῳδίαι
μελῳδία	N;NOM(SG)	μελῳδία
μελῳδία	N;VOC(DU)	μελῳδίᾱ
μελῳδία	N;VOC(PL)	μελῳδίαι
μελῳδία	N;VOC(SG)	μελῳδία
οἶνος	N;ACC(DU)	οἴνω
οἶνος	N;ACC(PL)	οἴνους
οἶνος	N;ACC(SG)	οἶνον
οἶνος	N;DAT(DU)	οἴνοιν
οἶνος	N;DAT(PL)	οἴνοις
οἶνος	N;DAT(SG)	οἴνῳ
οἶνος	N;GEN(DU)	οἴνοιν
οἶνος	N;GEN(PL)	οἴνων
οἶνος	N;GEN(SG)	οἴνου
οἶνος	N;NOM(DU)	οἴνω
οἶνος	N;NOM(PL)	οἶνοι
οἶνος	N;NOM(SG)	οἶνος
οἶνος	N;VOC(DU)	οἴνω
οἶνος	N;VOC(PL)	οἶνοι
οἶνος	N;VOC(SG)	οἶνε
παλίμψηστος	ADJ;ACC(DU;FEM)	παλιμψήστω
παλίμψηστος	ADJ;ACC(DU;NEUT)	παλιμψήστω
παλίμψηστος	ADJ;ACC(PL;MASC)	παλιμψήστους
παλίμψηστος	ADJ;ACC(SG;FEM)	παλίμψηστον
παλίμψηστος	ADJ;ACC(SG;MASC)	παλίμψηστον
παλίμψηστος	ADJ;ACC(SG;NEUT)	παλίμψηστον
παλίμψηστος	ADJ;DAT(DU;FEM)	παλιμψήσταις
παλίμψηστος	ADJ;DAT(DU;MASC)	παλιμψήστοις
παλίμψηστος	ADJ;DAT(DU;NEUT)	παλιμψήστοις
παλίμψηστος	ADJ;DAT(PL;MASC)	παλιμψήστοις
παλίμψηστος	ADJ;DAT(PL;NEUT)	παλιμψηστοῖς
παλίμψηστος	ADJ;DAT(SG;MASC)	παλιμψήστῳ
παλίμψηστος	ADJ;GEN(DU;FEM)	παλιμψησταῖν
παλίμψηστος	ADJ;GEN(DU;MASC)	παλιμψήστοιν
παλίμψηστος	ADJ;GEN(DU;NEUT)	παλιμψήστοιν
παλίμψηστος	ADJ;GEN(PL;FEM)	παλιμψήστων
παλίμψηστος	ADJ;GEN(PL;MASC)	παλιμψήστων
παλίμψηστος	ADJ;GEN(PL;NEUT)	παλιμψήστων
παλίμψηστος	ADJ;GEN(SG;FEM)	παλιμψήστου
παλίμψηστος	ADJ;GEN(SG;MASC)	παλιμψήστου
παλίμψηστος	ADJ;GEN(SG;NEUT)	παλιμψήστου
παλίμψηστος	ADJ;NOM(DU;NEUT)	παλίμψηστε
παλίμψηστος	ADJ;NOM(PL;FEM)	παλίμπεστοι
παλίμψηστος	ADJ;NOM(PL;MASC)	παλίμψηστοι
παλίμψηστος	ADJ;NOM(PL;NEUT)	παλίμψηστα
παλίμψηστος	ADJ;VOC(DU;FEM)	παλίμψηστε
παλίμψηστος	ADJ;VOC(DU;MASC)	παλίμψηστοι
παλίμψηστος	ADJ;VOC(DU;NEUT)	παλίμψηστε
παλίμψηστος	ADJ;VOC(PL;MASC)	παλίμψηστοι
παλίμψηστος	ADJ;VOC(PL;NEUT)	παλίμψηστα
παλίμψηστος	ADJ;VOC(SG;FEM)	παλίμψηστε
παλίμψηστος	ADJ;VOC(SG;MASC)	παλίμψηστε
παλίμψηστος	ADJ;VOC(SG;NEUT)	παλίμψηστον
παραλυτικός	ADJ;ACC(DU;FEM)	παραλυτικά
παραλυτικός	ADJ;ACC(DU;MASC)	παραλυτικούς
παραλυτικός	ADJ;ACC(DU;NEUT)	παραλυτικώ
παραλυτικός	ADJ;ACC(PL;FEM)	παραλυτικά
παραλυτικός	ADJ;ACC(PL;MASC)	παραλυτικούς
παραλυτικός	ADJ;ACC(PL;NEUT)	παραλυτικά
παραλυτικός	ADJ;ACC(SG;FEM)	παραλυτικήν
παραλυτικός	ADJ;ACC(SG;MASC)	παραλυτικόν
παραλυτικός	ADJ;ACC(SG;NEUT)	παραλυτικόν
παραλυτικός	ADJ;DAT(DU;FEM)	παραλυτικαῖς
παραλυτικός	ADJ;DAT(DU;MASC)	παραλυτικοῖν
παραλυτικός	ADJ;DAT(DU;NEUT)	παραλυτικοῖν
παραλυτικός	ADJ;DAT(PL;FEM)	παραλυτικαῖς
παραλυτικός	ADJ;DAT(PL;MASC)	παραλυτικοῖς
παραλυτικός	ADJ;DAT(PL;NEUT)	παραλυτικοῖς
παραλυτικός	ADJ;DAT(SG;FEM)	παραλυτικῇ
παραλυτικός	ADJ;DAT(SG;MASC)	παραλυτικῷ
παραλυτικός	ADJ;GEN(DU;FEM)	παραλυτικαῖν
παραλυτικός	ADJ;GEN(PL;MASC)	παραλυτικῶν
παραλυτικός	ADJ;GEN(PL;NEUT)	παραλυτικῶν
παραλυτικός	ADJ;GEN(SG;FEM)	παραλυτικῆς
παραλυτικός	ADJ;GEN(SG;MASC)	παραλυτικοῦ
παραλυτικός	ADJ;GEN(SG;NEUT)	παραλυτικοῦ
παραλυτικός	ADJ;NOM(DU;FEM)	παραλυτικᾰ
παραλυτικός	ADJ;NOM(DU;MASC)	παραλυτικώ
παραλυτικός	ADJ;NOM(DU;NEUT)	παραλυτικώ
παραλυτικός	ADJ;NOM(PL;FEM)	παραλυτικαί
παραλυτικός	ADJ;NOM(SG;FEM)	παραλυτική
παραλυτικός	ADJ;VOC(PL;FEM)	παραλυτικαί
παραλυτικός	ADJ;VOC(PL;MASC)	παραλυτικοί
παραλυτικός	ADJ;VOC(PL;NEUT)	παραλυτικά
παραλυτικός	ADJ;VOC(SG;FEM)	παραλυτικὴ
παραλυτικός	ADJ;VOC(SG;MASC)	παραλυτικέ
ποτήριον	N;ACC(DU)	ποτηρίω
ποτήριον	N;ACC(PL)	ποτήρια
ποτήριον	N;ACC(SG)	ποτήριον
ποτήριον	N;DAT(DU)	ποτηρίοιν
ποτήριον	N;DAT(PL)	ποτηρίοις
ποτήριον	N;DAT(SG)	ποτηρίῳ
ποτήριον	N;GEN(DU)	ποτηρίοιν
ποτήριον	N;GEN(PL)	ποτηρίων
ποτήριον	N;GEN(SG)	ποτηρίου
ποτήριον	N;NOM(DU)	ποτηρίω
ποτήριον	N;NOM(PL)	ποτήρια
ποτήριον	N;NOM(SG)	ποτήριον
ποτήριον	N;VOC(DU)	ποτήρια
ποτήριον	N;VOC(PL)	ποτήρια
ποτήριον	N;VOC(SG)	ποτήριον
πτέρνη	N;ACC(DU)	πτέρνε
πτέρνη	N;ACC(PL)	πτέρνας
πτέρνη	N;ACC(SG)	πτέρ̄νην
πτέρνη	N;DAT(DU)	πτέρναιιν
πτέρνη	N;DAT(PL)	πτέρναις
πτέρνη	N;DAT(SG)	πτέρνῃ
πτέρνη	N;GEN(DU)	πτερνῶν
πτέρνη	N;GEN(PL)	πτερνῶν
πτέρνη	N;GEN(SG)	πτέρνης
πτέρνη	N;NOM(DU)	πτέρναι
πτέρνη	N;NOM(PL)	πτέρναι
πτέρνη	N;NOM(SG)	πτέρνη
πτέρνη	N;VOC(DU)	πτέρνα
πτέρνη	N;VOC(PL)	πτέρναι
πτέρνη	N;VOC(SG)	πτέρνη
πῆγμα	N;ACC(DU)	πήγματε
πῆγμα	N;ACC(PL)	πήγματα
πῆγμα	N;ACC(SG)	πῆγμα
πῆγμα	N;DAT(DU)	πήγμασιν
πῆγμα	N;DAT(PL)	πήγμασιν
πῆγμα	N;DAT(SG)	πήγματι
πῆγμα	N;GEN(DU)	πηγμάτοιν
πῆγμα	N;GEN(PL)	πηγμάτων
πῆγμα	N;GEN(SG)	πήγματος
πῆγμα	N;NOM(DU)	πήγματα
πῆγμα	N;NOM(PL)	πήγματα
πῆγμα	N;NOM(SG)	πῆγμα
πῆγμα	N;VOC(DU)	πήγματε
πῆγμα	N;VOC(PL)	πήγματα
πῆγμα	N;VOC(SG)	πῆγμα
σίραιον	N;ACC(DU)	σιραίω
σίραιον	N;ACC(PL)	σιραῖα
σίραιον	N;ACC(SG)	σίραιον
σίραιον	N;DAT(DU)	σιραίοιν
σίραιον	N;DAT(PL)	σιραίοις
σίραιον	N;DAT(SG)	σιραίῳ
σίραιον	N;GEN(DU)	σιραίοιν
σίραιον	N;GEN(PL)	σιραίων
σίραιον	N;GEN(SG)	σιραίου
σίραιον	N;NOM(DU)	σίραιε
σίραιον	N;NOM(PL)	σίραια
σίραιον	N;NOM(SG)	σίραιον
σίραιον	N;VOC(DU)	σιραίω
σίραιον	N;VOC(PL)	σιραια
σίραιον	N;VOC(SG)	σίραιον
σκέπη	N;ACC(DU)	σκέπη
σκέπη	N;ACC(PL)	σκέπας
σκέπη	N;ACC(SG)	σκέπην
σκέπη	N;DAT(DU)	σκέπαιιν
σκέπη	N;DAT(PL)	σκέπαις
σκέπη	N;DAT(SG)	σκέπῃ
σκέπη	N;GEN(DU)	σκεπῶν
σκέπη	N;GEN(PL)	σκεπῶν
σκέπη	N;GEN(SG)	σκέπης
σκέπη	N;NOM(DU)	σκέπη
σκέπη	N;NOM(PL)	σκέπαι
σκέπη	N;NOM(SG)	σκέπη
σκέπη	N;VOC(DU)	σκέπη
σκέπη	N;VOC(PL)	σκέπαι
σκέπη	N;VOC(SG)	σκέπη
σχόλιον	N;ACC(DU)	σχολίω
σχόλιον	N;ACC(PL)	σχόλια
σχόλιον	N;ACC(SG)	σχόλιον
σχόλιον	N;DAT(DU)	σχολίοιν
σχόλιον	N;DAT(PL)	σχολίοις
σχόλιον	N;DAT(SG)	σχολίῳ
σχόλιον	N;GEN(DU)	σχολίοιν
σχόλιον	N;GEN(PL)	σχολίων
σχόλιον	N;GEN(SG)	σχολίου
σχόλιον	N;NOM(DU)	σχολίω
σχόλιον	N;NOM(PL)	σχόλια
σχόλιον	N;NOM(SG)	σχόλιον
σχόλιον	N;VOC(DU)	σχολίω
σχόλιον	N;VOC(PL)	σχόλια
σχόλιον	N;VOC(SG)	σχόλιον
τακτικός	ADJ;ACC(DU;FEM)	τακτικά
τακτικός	ADJ;ACC(DU;NEUT)	τακτικώ
τακτικός	ADJ;ACC(PL;FEM)	τακτικάς
τακτικός	ADJ;ACC(SG;FEM)	τακτικήν
τακτικός	ADJ;ACC(SG;MASC)	τακτικὸν
τακτικός	ADJ;ACC(SG;NEUT)	τακτικόν
τακτικός	ADJ;DAT(DU;FEM)	τακτικαῖν
τακτικός	ADJ;DAT(DU;MASC)	τακτικοῖν
τακτικός	ADJ;DAT(DU;NEUT)	τακτικοῖν
τακτικός	ADJ;DAT(PL;FEM)	τακτικαῖς
τακτικός	ADJ;DAT(PL;MASC)	τακτικοῖς
τακτικός	ADJ;DAT(PL;NEUT)	τακτικοῖς
τακτικός	ADJ;DAT(SG;FEM)	τακτικῇ
τακτικός	ADJ;DAT(SG;MASC)	τακτικῷ
τακτικός	ADJ;GEN(DU;FEM)	τακτικαῖν
τακτικός	ADJ;GEN(PL;MASC)	τακτικῶν
τακτικός	ADJ;GEN(PL;NEUT)	τακτικῶν
τακτικός	ADJ;GEN(SG;FEM)	τακτικῆς
τακτικός	ADJ;GEN(SG;MASC)	τακτικοῦ
τακτικός	ADJ;GEN(SG;NEUT)	τακτικοῦ
τακτικός	ADJ;NOM(DU;FEM)	τακτικά
τακτικός	ADJ;NOM(DU;NEUT)	τακτικώ
τακτικός	ADJ;NOM(PL;NEUT)	τακτικά
τακτικός	ADJ;NOM(SG;NEUT)	τακτικόν
τακτικός	ADJ;VOC(DU;FEM)	τακτικά
τακτικός	ADJ;VOC(DU;MASC)	τακτικοί
τακτικός	ADJ;VOC(DU;NEUT)	τακτικώ
τακτικός	ADJ;VOC(PL;FEM)	τακτικαί
τακτικός	ADJ;VOC(PL;MASC)	τακτικοί
τακτικός	ADJ;VOC(PL;NEUT)	τακτικά
τακτικός	ADJ;VOC(SG;FEM)	τακτικὴ
τακτικός	ADJ;VOC(SG;MASC)	τακτικέ
τακτικός	ADJ;VOC(SG;NEUT)	τακτικὸν
ταπεινός	ADJ;ACC(DU;FEM)	ταπεινά
ταπεινός	ADJ;ACC(DU;MASC)	ταπεινώ
ταπεινός	ADJ;ACC(PL;MASC)	ταπεινούς
ταπεινός	ADJ;ACC(PL;NEUT)	ταπεινά
ταπεινός	ADJ;ACC(SG;MASC)	ταπεινόν
ταπεινός	ADJ;DAT(DU;FEM)	ταπειναῖν
ταπεινός	ADJ;DAT(DU;NEUT)	ταπεινοῖν
ταπεινός	ADJ;DAT(PL;FEM)	ταπειναῖς
ταπεινός	ADJ;DAT(PL;MASC)	ταπεινοῖς
ταπεινός	ADJ;DAT(SG;MASC)	ταπεινῷ
ταπεινός	ADJ;DAT(SG;NEUT)	ταπεινῷ
ταπεινός	ADJ;GEN(DU;FEM)	ταπειναῖν
ταπεινός	ADJ;GEN(DU;MASC)	ταπεινῶν
ταπεινός	ADJ;GEN(PL;FEM)	ταπεινῶν
ταπεινός	ADJ;GEN(SG;MASC)	ταπεινοῦ
ταπεινός	ADJ;GEN(SG;NEUT)	ταπεινοῦ
ταπεινός	ADJ;NOM(DU;FEM)	ταπεινά
ταπεινός	ADJ;NOM(DU;MASC)	ταπεινώ
ταπεινός	ADJ;NOM(DU;NEUT)	ταπεινώ
ταπεινός	ADJ;NOM(PL;FEM)	ταπειναί
ταπεινός	ADJ;NOM(PL;MASC)	ταπεινοί
ταπεινός	ADJ;NOM(PL;NEUT)	ταπεινά
ταπεινός	ADJ;NOM(SG;FEM)	ταπεινή
ταπεινός	ADJ;NOM(SG;MASC)	ταπεινός
ταπεινός	ADJ;NOM(SG;NEUT)	ταπεινόν
ταπεινός	ADJ;VOC(DU;FEM)	ταπεινά
ταπεινός	ADJ;VOC(DU;NEUT)	ταπεινώ
ταπεινός	ADJ;VOC(PL;FEM)	ταπειναί
ταπεινός	ADJ;VOC(PL;MASC)	ταπεινοί
ταπεινός	ADJ;VOC(PL;NEUT)	ταπεινά
ταπεινός	ADJ;VOC(SG;FEM)	ταπεινή
ταπεινός	ADJ;VOC(SG;MASC)	ταπεινέ
ταπεινός	ADJ;VOC(SG;NEUT)	ταπεινόν
ἀμέλεια	N;ACC(DU)	ἀμελείᾱ
ἀμέλεια	N;ACC(PL)	ἀμελείας
ἀμέλεια	N;ACC(SG)	ἀμέλειαν
ἀμέλεια	N;DAT(DU)	ἀμελείαιν
ἀμέλεια	N;DAT(PL)	ἀμελείαις
ἀμέλεια	N;DAT(SG)	ἀμελίᾳ
ἀμέλεια	N;GEN(DU)	ἀμελειοῖν
ἀμέλεια	N;GEN(PL)	ἀμελειῶν
ἀμέλεια	N;GEN(SG)	ἀμελείας
ἀμέλεια	N;NOM(DU)	ἀμελείᾱ
ἀμέλεια	N;NOM(PL)	ἀμέλειαι
ἀμέλεια	N;NOM(SG)	ἀμέλεια
ἀμέλεια	N;VOC(DU)	ἀμελείᾱ
ἀμέλεια	N;VOC(PL)	ἀμέλειαι
ἀμέλεια	N;VOC(SG)	ἀμέλεια
ἀμβλυωπία	N;ACC(DU)	ἀμβλυωπία
ἀμβλυωπία	N;ACC(PL)	ἀμβλυωπίας
ἀμβλυωπία	N;ACC(SG)	ἀμβλυωπίαν
ἀμβλυωπία	N;DAT(DU)	ἀμβλυωπίαιν
ἀμβλυωπία	N;DAT(PL)	ἀμβλυωπίαις
ἀμβλυωπία	N;DAT(SG)	ἀμβλυωπίᾳ
ἀμβλυωπία	N;GEN(DU)	ἀμβλυωπίαοιν
ἀμβλυωπία	N;GEN(PL)	ἀμβλυωπιῶν
ἀμβλυωπία	N;GEN(SG)	ἀμβλυωπίας
ἀμβλυωπία	N;NOM(DU)	ἀμβλυωπία
ἀμβλυωπία	N;NOM(PL)	ἀμβλυωπίαι
ἀμβλυωπία	N;NOM(SG)	ἀμβλυωπία
ἀμβλυωπία	N;VOC(DU)	ἀμβλυώπία
ἀμβλυωπία	N;VOC(PL)	ἀμβλυωπίαι
ἀμβλυωπία	N;VOC(SG)	ἀμβλυωπία
ἀναστροφή	N;ACC(DU)	ἀναστροφώ
ἀναστροφή	N;ACC(PL)	ἀναστροφάς
ἀναστροφή	N;ACC(SG)	ἀναστροφήν
ἀναστροφή	N;DAT(DU)	ἀναστροφαῖν
ἀναστροφή	N;DAT(PL)	ἀναστροφαῖς
ἀναστροφή	N;DAT(SG)	ἀναστροφῇ
ἀναστροφή	N;GEN(DU)	ἀναστροφαῖν
ἀναστροφή	N;GEN(PL)	ἀναστροφῶν
ἀναστροφή	N;GEN(SG)	ἀναστροφῆς
ἀναστροφή	N;NOM(DU)	ἀναστροφά
ἀναστροφή	N;NOM(PL)	ἀναστροφαί
ἀναστροφή	N;NOM(SG)	ἀναστροφή
ἀναστροφή	N;VOC(DU)	ἀναστροφώ
ἀναστροφή	N;VOC(PL)	ἀναστροφαί
ἀναστροφή	N;VOC(SG)	ἀναστροφή
ἀντιστοιχία	N;ACC(DU)	ἀντιστοιχίας
ἀντιστοιχία	N;ACC(PL)	ἀντιστοιχίας
ἀντιστοιχία	N;ACC(SG)	ἀντιστοιχίαν
ἀντιστοιχία	N;DAT(DU)	ἀντιστοιxίαιν
ἀντιστοιχία	N;DAT(PL)	ἀντιστοιχίαις
ἀντιστοιχία	N;DAT(SG)	ἀντιστοιχίᾳ
ἀντιστοιχία	N;GEN(DU)	ἀντιστοιχοῖν
ἀντιστοιχία	N;GEN(PL)	ἀντιστοιχιῶν
ἀντιστοιχία	N;GEN(SG)	ἀντιστοιχίας
ἀντιστοιχία	N;NOM(DU)	ἀντιστοιχίαι
ἀντιστοιχία	N;NOM(PL)	ἀντιστοιχίαι
ἀντιστοιχία	N;NOM(SG)	ἀντιστοιχία
ἀντιστοιχία	N;VOC(DU)	ἀντιστοιχία
ἀντιστοιχία	N;VOC(PL)	ἀντιστοιχίαι
ἀντιστοιχία	N;VOC(SG)	ἀντιστοιχία
ἀξίνη	N;ACC(DU)	ἀξίνᾱ
ἀξίνη	N;ACC(PL)	ἀξίνας
ἀξίνη	N;ACC(SG)	ἀξίνην
ἀξίνη	N;DAT(DU)	ἀξίναιν
ἀξίνη	N;DAT(PL)	ἀξίναις
ἀξίνη	N;DAT(SG)	ἀξίνῃ
ἀξίνη	N;GEN(DU)	ἀξίνοιν
ἀξίνη	N;GEN(PL)	ἀξινῶν
ἀξίνη	N;GEN(SG)	ἀξίνης
ἀξίνη	N;NOM(DU)	ἀξίναι
ἀξίνη	N;NOM(PL)	ἀξῖναι
ἀξίνη	N;NOM(SG)	ἀξίνη
ἀξίνη	N;VOC(DU)	ἀξίνᾱ
ἀξίνη	N;VOC(PL)	ἀξῖναι
ἀξίνη	N;VOC(SG)	ἀξίνη
ἀρχισυνάγωγος	N;ACC(DU)	ἀρχισυναγώγω
ἀρχισυνάγωγος	N;ACC(PL)	ἀρχισυναγώγους
ἀρχισυνάγωγος	N;ACC(SG)	ἀρχισυνάγωγον
ἀρχισυνάγωγος	N;DAT(DU)	ἀρχισυναγώγοιν
ἀρχισυνάγωγος	N;DAT(PL)	ἀρχισυναγώγοις
ἀρχισυνάγωγος	N;DAT(SG)	ἀρχισυναγώγῳ
ἀρχισυνάγωγος	N;GEN(DU)	ἀρχισυναγώγω
ἀρχισυνάγωγος	N;GEN(PL)	ἀρχισυναγώγων
ἀρχισυνάγωγος	N;GEN(SG)	ἀρχισυναγώγου
ἀρχισυνάγωγος	N;NOM(DU)	ἀρχισυναγώγω
ἀρχισυνάγωγος	N;NOM(PL)	ἀρχισυνάγωγοι
ἀρχισυνάγωγος	N;NOM(SG)	ἀρχισυνάγωγος
ἀρχισυνάγωγος	N;VOC(DU)	ἀρχισυνάγωγε
ἀρχισυνάγωγος	N;VOC(PL)	ἀρχισυνάγωγοι
ἀρχισυνάγωγος	N;VOC(SG)	ἀρχισυνάγωγε
ἄφωνος	ADJ;ACC(PL;FEM)	ἀφώνους
ἄφωνος	ADJ;ACC(PL;MASC)	ἀφώνους
ἄφωνος	ADJ;ACC(PL;NEUT)	ἄφωνα
ἄφωνος	ADJ;ACC(SG;FEM)	ἄφωνον
ἄφωνος	ADJ;ACC(SG;NEUT)	ἄφωνον
ἄφωνος	ADJ;DAT(DU;FEM)	ἀφώναιιν
ἄφωνος	ADJ;DAT(DU;MASC)	ἀφώνοιν
ἄφωνος	ADJ;DAT(DU;NEUT)	ἀφόνοιν
ἄφωνος	ADJ;DAT(PL;FEM)	ἀφώνοις
ἄφωνος	ADJ;DAT(PL;MASC)	ἀφώνοις
ἄφωνος	ADJ;DAT(PL;NEUT)	ἀφώνοις
ἄφωνος	ADJ;DAT(SG;FEM)	ἀφώνῳ
ἄφωνος	ADJ;DAT(SG;MASC)	ἀφώνῳ
ἄφωνος	ADJ;DAT(SG;NEUT)	ἀφώνῳ
ἄφωνος	ADJ;GEN(DU;FEM)	ἀφώνων
ἄφωνος	ADJ;GEN(PL;FEM)	ἀφώνων
ἄφωνος	ADJ;GEN(PL;MASC)	ἀφώνων
ἄφωνος	ADJ;GEN(PL;NEUT)	ἀφώνων
ἄφωνος	ADJ;GEN(SG;FEM)	ἀφώνου
ἄφωνος	ADJ;GEN(SG;MASC)	ἀφώνου
ἄφωνος	ADJ;NOM(DU;MASC)	ἀφώνω
ἄφωνος	ADJ;NOM(PL;FEM)	ἄφωνοι
ἄφωνος	ADJ;NOM(PL;MASC)	ἄφωνοι
ἄφωνος	ADJ;NOM(PL;NEUT)	ἄφωνα
ἄφωνος	ADJ;NOM(SG;FEM)	ἄφωνος
ἄφωνος	ADJ;NOM(SG;MASC)	ἄφωνος
ἄφωνος	ADJ;VOC(DU;FEM)	ἀφώνω
ἄφωνος	ADJ;VOC(DU;MASC)	ἀφώνω
ἄφωνος	ADJ;VOC(DU;NEUT)	ἀφώνω
ἄφωνος	ADJ;VOC(PL;MASC)	ἄφωνοι
ἄφωνος	ADJ;VOC(PL;NEUT)	ἄφωνα
ἄφωνος	ADJ;VOC(SG;MASC)	ἄφωνε
ἄφωνος	ADJ;VOC(SG;NEUT)	ἄφωνον
Ἀβδηρίτης	N;ACC(DU)	Ἀβδηρίτα
Ἀβδηρίτης	N;ACC(PL)	Ἀβδηρίτης
Ἀβδηρίτης	N;ACC(SG)	Ἀβδηρίτην
Ἀβδηρίτης	N;DAT(DU)	Ἀβδηρίταιν
Ἀβδηρίτης	N;DAT(PL)	Ἀβδηρίταις
Ἀβδηρίτης	N;DAT(SG)	Ἀβδηρίτῃ
Ἀβδηρίτης	N;GEN(DU)	Ἀβδηριτῶν
Ἀβδηρίτης	N;GEN(PL)	Ἀβδηριτῶν
Ἀβδηρίτης	N;GEN(SG)	Ἀβδηρίτου
Ἀβδηρίτης	N;NOM(DU)	Ἀβδηρίτα
Ἀβδηρίτης	N;NOM(PL)	Ἀβδηρῖται
Ἀβδηρίτης	N;NOM(SG)	Ἀβδηρίτης
Ἀβδηρίτης	N;VOC(DU)	Ἀβδηρῖτε
Ἀβδηρίτης	N;VOC(PL)	Ἀβδερῖται
Ἀβδηρίτης	N;VOC(SG)	Ἀβδερῖτα
Ἀσεάτης	N;ACC(DU)	Ἀσεάτα
Ἀσεάτης	N;ACC(PL)	Ἀσεάτας
Ἀσεάτης	N;ACC(SG)	Ἀσεάτην
Ἀσεάτης	N;DAT(DU)	Ἀσεάταιν
Ἀσεάτης	N;DAT(PL)	Ἀσεάταις
Ἀσεάτης	N;DAT(SG)	Ἀσεάτῃ
Ἀσεάτης	N;GEN(PL)	Ἀσεατῶν
Ἀσεάτης	N;GEN(SG)	Ἀσεάτου
Ἀσεάτης	N;NOM(DU)	Ἀσεάτα
Ἀσεάτης	N;NOM(PL)	Ἀσεᾶται
Ἀσεάτης	N;NOM(SG)	Ἀσεάτης
Ἀσεάτης	N;VOC(DU)	Ἀσεᾶτα
Ἀσεάτης	N;VOC(PL)	Ἀσεᾶται
Ἀσεάτης	N;VOC(SG)	Ἀσεᾶτα
ἐμπρακτικός	ADJ;ACC(DU;FEM)	ἐμπρακτικά
ἐμπρακτικός	ADJ;ACC(DU;MASC)	ἐμπρακτικοὺς
ἐμπρακτικός	ADJ;ACC(DU;NEUT)	ἐμπρακτικώ
ἐμπρακτικός	ADJ;ACC(PL;FEM)	ἐμπρακτικάς
ἐμπρακτικός	ADJ;ACC(PL;MASC)	ἐμπρακτικοὺς
ἐμπρακτικός	ADJ;ACC(PL;NEUT)	ἐμπρακτικά
ἐμπρακτικός	ADJ;ACC(SG;FEM)	ἐμπρακτικήν
ἐμπρακτικός	ADJ;ACC(SG;MASC)	ἐμπρακτικόν
ἐμπρακτικός	ADJ;DAT(DU;MASC)	ἐμπρακτικοῖν
ἐμπρακτικός	ADJ;DAT(DU;NEUT)	ἐμπρακτικοῖν
ἐμπρακτικός	ADJ;DAT(SG;FEM)	ἐμπρακτικῇ
ἐμπρακτικός	ADJ;DAT(SG;MASC)	ἐмпρακτικῷ
ἐμπρακτικός	ADJ;DAT(SG;NEUT)	ἐμπρακτικῷ
ἐμπρακτικός	ADJ;GEN(DU;FEM)	ἐμπρακτικαῖν
ἐμπρακτικός	ADJ;GEN(DU;MASC)	ἐμπρακτικοῖν
ἐμπρακτικός	ADJ;GEN(DU;NEUT)	ἐμπρακτικοῖν
ἐμπρακτικός	ADJ;GEN(PL;FEM)	ἐμπρακτικῶν
ἐμπρακτικός	ADJ;GEN(PL;MASC)	ἐμπρακτικῶν
ἐμπρακτικός	ADJ;GEN(SG;MASC)	ἐμπρακτικοῦ
ἐμπρακτικός	ADJ;GEN(SG;NEUT)	ἐμπρακτικοῦ
ἐμπρακτικός	ADJ;NOM(DU;FEM)	ἐμπρακτικε
ἐμπρακτικός	ADJ;NOM(DU;MASC)	ἐμπρακτικώ
ἐμπρακτικός	ADJ;NOM(PL;FEM)	ἐμπρακτικαί
ἐμπρακτικός	ADJ;NOM(PL;MASC)	ἐμπρακτικοί
ἐμπρακτικός	ADJ;NOM(PL;NEUT)	ἐμπρακτικά
ἐμπρακτικός	ADJ;NOM(SG;FEM)	ἐμπρακτική
ἐμπρακτικός	ADJ;VOC(DU;FEM)	ἐμπρακτικά
ἐμπρακτικός	ADJ;VOC(DU;MASC)	ἐμπρακτικὼ
ἐμπρακτικός	ADJ;VOC(DU;NEUT)	ἐμπρακτικώ
ἐμπρακτικός	ADJ;VOC(PL;MASC)	ἐμπρακτικοί
ἐμπρακτικός	ADJ;VOC(PL;NEUT)	ἐμπρακτικά
ἐμπρακτικός	ADJ;VOC(SG;MASC)	ἐμπρακτικέ
ἐμπρακτικός	ADJ;VOC(SG;NEUT)	ἐμπρακτικέ
ἐξομολογητικός	ADJ;ACC(DU;MASC)	ἐξομολογητικώ
ἐξομολογητικός	ADJ;ACC(DU;NEUT)	ἐξομολογητικώ
ἐξομολογητικός	ADJ;ACC(PL;MASC)	ἐξομολογητικούς
ἐξομολογητικός	ADJ;ACC(PL;NEUT)	ἐξομολογητικά
ἐξομολογητικός	ADJ;ACC(SG;FEM)	ἐξομολογητικήν
ἐξομολογητικός	ADJ;ACC(SG;MASC)	ἐξομολογητικόν
ἐξομολογητικός	ADJ;DAT(DU;MASC)	ἐξομολογητικοῖν
ἐξομολογητικός	ADJ;DAT(DU;NEUT)	ἐξομολογητικοῖν
ἐξομολογητικός	ADJ;DAT(PL;FEM)	ἐξομολογητικαῖς
ἐξομολογητικός	ADJ;DAT(PL;MASC)	ἐξομολογητικοῖς
ἐξομολογητικός	ADJ;DAT(PL;NEUT)	ἐξομολογητικοῖς
ἐξομολογητικός	ADJ;DAT(SG;FEM)	ἐξομολογητικῇ
ἐξομολογητικός	ADJ;DAT(SG;MASC)	ἐξομολογητικῷ
ἐξομολογητικός	ADJ;DAT(SG;NEUT)	ἐξομολογητικῷ
ἐξομολογητικός	ADJ;GEN(DU;MASC)	ἐξομολογητικοῖν
ἐξομολογητικός	ADJ;GEN(DU;NEUT)	ἐξομολογητικοῖν
ἐξομολογητικός	ADJ;GEN(PL;MASC)	ἐξομολογητικῶν
ἐξομολογητικός	ADJ;GEN(PL;NEUT)	ἐξομολογητικῶν
ἐξομολογητικός	ADJ;GEN(SG;FEM)	ἐξομολογητικῆς
ἐξομολογητικός	ADJ;GEN(SG;MASC)	ἐξομολογητικοῦ
ἐξομολογητικός	ADJ;NOM(DU;FEM)	ἐξομολογητικά
ἐξομολογητικός	ADJ;NOM(DU;MASC)	ἐξομολογητικώ
ἐξομολογητικός	ADJ;NOM(DU;NEUT)	ἐξομολογητικώ
ἐξομολογητικός	ADJ;NOM(PL;FEM)	ἐξομολογητικαί
ἐξομολογητικός	ADJ;NOM(PL;NEUT)	ἐξομολογητικά
ἐξομολογητικός	ADJ;NOM(SG;NEUT)	ἐξομολογητικόν
ἐξομολογητικός	ADJ;VOC(DU;FEM)	ἐξομολογητικά
ἐξομολογητικός	ADJ;VOC(DU;MASC)	ἐξομολογητικώ
ἐξομολογητικός	ADJ;VOC(PL;FEM)	ἐξομολογητικαί
ἐξομολογητικός	ADJ;VOC(PL;MASC)	ἐξομολογητικοί
ἐξομολογητικός	ADJ;VOC(SG;FEM)	ἐξομολογητική
ἐξομολογητικός	ADJ;VOC(SG;MASC)	ἐξομολογητικέ
ἐξομολογητικός	ADJ;VOC(SG;NEUT)	ἐξομολογητικὸν
Ἑλληνικός	ADJ;ACC(DU;FEM)	Ἑλληνικά
Ἑλληνικός	ADJ;ACC(DU;NEUT)	Ἑλληνικώ
Ἑλληνικός	ADJ;ACC(PL;FEM)	Ἑλληνικάς
Ἑλληνικός	ADJ;ACC(PL;MASC)	Ἑλληνικούς
Ἑλληνικός	ADJ;ACC(SG;MASC)	Ἑλληνικόν
Ἑλληνικός	ADJ;ACC(SG;NEUT)	Ἑλληνικόν
Ἑλληνικός	ADJ;DAT(DU;FEM)	Ἑλληνικαῖς
Ἑλληνικός	ADJ;DAT(DU;MASC)	Ἑλληνικοῖν
Ἑλληνικός	ADJ;DAT(DU;NEUT)	Ἑλληνικοῖν
Ἑλληνικός	ADJ;DAT(PL;FEM)	Ἑλληνικαῖς
Ἑλληνικός	ADJ;DAT(SG;NEUT)	Ἑλληνικῷ
Ἑλληνικός	ADJ;GEN(DU;FEM)	Ἑλληνικαῖν
Ἑλληνικός	ADJ;GEN(DU;MASC)	ἑλληνικῶν
Ἑλληνικός	ADJ;GEN(DU;NEUT)	Ἑλληνικόοιν
Ἑλληνικός	ADJ;GEN(PL;FEM)	Ἑλληνικῶν
Ἑλληνικός	ADJ;GEN(PL;MASC)	Ἑλληνικῶν
Ἑλληνικός	ADJ;GEN(PL;NEUT)	Ἑλληνικῶν
Ἑλληνικός	ADJ;GEN(SG;MASC)	Ἑλληνικοῦ
Ἑλληνικός	ADJ;GEN(SG;NEUT)	Ἑλληνικοῦ
Ἑλληνικός	ADJ;NOM(DU;FEM)	Ἑλληνικαί
Ἑλληνικός	ADJ;NOM(DU;MASC)	Ἑλληνικώ
Ἑλληνικός	ADJ;NOM(DU;NEUT)	Ἑλληνικώ
Ἑλληνικός	ADJ;NOM(PL;FEM)	Ἑλληνικαί
Ἑλληνικός	ADJ;NOM(PL;MASC)	Ἑλληνικοί
Ἑλληνικός	ADJ;NOM(PL;NEUT)	Ἑλληνικά
Ἑλληνικός	ADJ;NOM(SG;FEM)	Ἑλληνική
Ἑλληνικός	ADJ;NOM(SG;MASC)	Ἑλληνικός
Ἑλληνικός	ADJ;NOM(SG;NEUT)	Ἑλληνικόν
Ἑλληνικός	ADJ;VOC(DU;FEM)	Ἑλληνικαῖ
Ἑλληνικός	ADJ;VOC(DU;MASC)	Ἑλληνικώ
Ἑλληνικός	ADJ;VOC(DU;NEUT)	Ἑλληνικώ
Ἑλληνικός	ADJ;VOC(PL;NEUT)	Ἑλληνικά
Ἑλληνικός	ADJ;VOC(SG;FEM)	Ἑλληνική
Ἔλυμος	N;ACC(DU)	Ἐλύμω
Ἔλυμος	N;ACC(PL)	Ἐλύμους
Ἔλυμος	N;ACC(SG)	Ἔλυμον
Ἔλυμος	N;DAT(DU)	Ἐλύμοις
Ἔλυμος	N;DAT(PL)	Ἐλύμοις
Ἔλυμος	N;DAT(SG)	Ἐλύμῳ
Ἔλυμος	N;GEN(DU)	Ἐλύμοιν
Ἔλυμος	N;GEN(PL)	Ἐλύμων
Ἔλυμος	N;GEN(SG)	Ἐλύμου
Ἔλυμος	N;NOM(DU)	Ἐλύμω
Ἔλυμος	N;NOM(PL)	Ἔλυμοι
Ἔλυμος	N;NOM(SG)	Ἔλυμος
Ἔλυμος	N;VOC(DU)	Ἐλύμω
Ἔλυμος	N;VOC(PL)	Ἔλυμοι
Ἔλυμος	N;VOC(SG)	Ἔλυμε
ἡστικός	ADJ;ACC(DU;MASC)	ἡστικούς
ἡστικός	ADJ;ACC(PL;FEM)	ἡστικάς
ἡστικός	ADJ;ACC(PL;NEUT)	ἡστικά
ἡστικός	ADJ;ACC(SG;FEM)	ἡστικήν
ἡστικός	ADJ;ACC(SG;MASC)	ἡστικόν
ἡστικός	ADJ;ACC(SG;NEUT)	ἡστικόν
ἡστικός	ADJ;DAT(DU;FEM)	ἡστικαῖς
ἡστικός	ADJ;DAT(DU;MASC)	ἡστικοῖσιν
ἡστικός	ADJ;DAT(DU;NEUT)	ἡστικοῖν
ἡστικός	ADJ;DAT(PL;FEM)	ἡστικαῖς
ἡστικός	ADJ;DAT(PL;MASC)	ἡστικοῖς
ἡστικός	ADJ;DAT(PL;NEUT)	ἡστικοῖς
ἡστικός	ADJ;DAT(SG;FEM)	ἡστικῇ
ἡστικός	ADJ;DAT(SG;NEUT)	ἡστικῷ
ἡστικός	ADJ;GEN(DU;MASC)	ἡστικοῖν
ἡστικός	ADJ;GEN(DU;NEUT)	ἡστικοῖν
ἡστικός	ADJ;GEN(PL;FEM)	ἡστικῶν
ἡστικός	ADJ;GEN(PL;NEUT)	ἡστικῶν
ἡστικός	ADJ;GEN(SG;MASC)	ἡστικοῦ
ἡστικός	ADJ;NOM(DU;FEM)	ἡστικά
ἡστικός	ADJ;NOM(DU;MASC)	ἡστικοί
ἡστικός	ADJ;NOM(DU;NEUT)	ἡστικώ
ἡστικός	ADJ;NOM(PL;FEM)	ἡστικαί
ἡστικός	ADJ;NOM(PL;MASC)	ἡστικοί
ἡστικός	ADJ;NOM(PL;NEUT)	ἡστικά
ἡστικός	ADJ;NOM(SG;FEM)	ἡστική
ἡστικός	ADJ;NOM(SG;NEUT)	ἡστικόν
ἡστικός	ADJ;VOC(DU;MASC)	ἡστικώ
ἡστικός	ADJ;VOC(DU;NEUT)	ἡστικώ
ἡστικός	ADJ;VOC(PL;MASC)	ἡστικοί
ἡστικός	ADJ;VOC(PL;NEUT)	ἡστικά
ἡστικός	ADJ;VOC(SG;MASC)	ἡστικέ
ἡστικός	ADJ;VOC(SG;NEUT)	ἡστικόν
Ἠπειρώτης	N;ACC(DU)	Ἠπειρώτα
Ἠπειρώτης	N;ACC(PL)	Ἠπειρώτας
Ἠπειρώτης	N;ACC(SG)	Ἠπειρώτην
Ἠπειρώτης	N;DAT(DU)	Ἠπειρώταις
Ἠπειρώτης	N;DAT(PL)	Ἠπειρώταις
Ἠπειρώτης	N;DAT(SG)	Ἠπειρώτῃ
Ἠπειρώτης	N;GEN(DU)	Ἠπειρώταιν
Ἠπειρώτης	N;GEN(PL)	Ἠπειρωτῶν
Ἠπειρώτης	N;GEN(SG)	Ἠπειρώτου
Ἠπειρώτης	N;NOM(DU)	Ἠπειρώτα
Ἠπειρώτης	N;NOM(PL)	Ἠπειρῶται
Ἠπειρώτης	N;NOM(SG)	Ἠπειρώτης
Ἠπειρώτης	N;VOC(DU)	Ἠπειρώτα
Ἠπειρώτης	N;VOC(PL)	Ἠπειρῶται
Ἠπειρώτης	N;VOC(SG)	Ἠπειρῶτα
ὀνοματοποιία	N;ACC(DU)	ὀνοματοποιίᾱ
ὀνοματοποιία	N;ACC(PL)	ὀνοματοποιίας
ὀνοματοποιία	N;ACC(SG)	ὀνοματοποιίαν
ὀνοματοποιία	N;DAT(DU)	ὀνοματοποιίαιν
ὀνοματοποιία	N;DAT(PL)	ὀνοματοποιίαις
ὀνοματοποιία	N;DAT(SG)	ὀνοματοποιίᾳ
ὀνοματοποιία	N;GEN(DU)	ὀνοματοποιίαιν
ὀνοματοποιία	N;GEN(PL)	ὀνοματοποιιῶν
ὀνοματοποιία	N;GEN(SG)	ὀνοματοποιίας
ὀνοματοποιία	N;NOM(DU)	ὀνοματοποιίᾱ
ὀνοματοποιία	N;NOM(PL)	ὀνοματοποιίαι
ὀνοματοποιία	N;NOM(SG)	ὀνοματοποιία
ὀνοματοποιία	N;VOC(DU)	ὀνοματοποιία
ὀνοματοποιία	N;VOC(PL)	ὀνοματοποιίαι
ὀνοματοποιία	N;VOC(SG)	ὀνοματοποιία
ὀστοῦν	N;ACC(DU)	ὀστοῦν
ὀστοῦν	N;ACC(PL)	ὀστᾶ
ὀστοῦν	N;ACC(SG)	ὀστοῦν
ὀστοῦν	N;DAT(DU)	ὀστοῖν
ὀστοῦν	N;DAT(PL)	ὀστοῖς
ὀστοῦν	N;DAT(SG)	ὀστῷ
ὀστοῦν	N;GEN(DU)	ὀστοῖν
ὀστοῦν	N;GEN(PL)	ὀστέων
ὀστοῦν	N;GEN(SG)	ὀστοῦ
ὀστοῦν	N;NOM(DU)	ὀστώ
ὀστοῦν	N;NOM(PL)	ὀστᾶ
ὀστοῦν	N;NOM(SG)	ὀστοῦν
ὀστοῦν	N;VOC(DU)	ὀστέω
ὀστοῦν	N;VOC(PL)	ὀστᾶ
ὀστοῦν	N;VOC(SG)	ὀστοῦν
ὁμόγραφος	ADJ;ACC(DU;FEM)	ὁμογράφω
ὁμόγραφος	ADJ;ACC(DU;NEUT)	ὁμογράφω
ὁμόγραφος	ADJ;ACC(PL;MASC)	ὁμογράφους
ὁμόγραφος	ADJ;ACC(PL;NEUT)	ὁμογράφᾰ
ὁμόγραφος	ADJ;ACC(SG;MASC)	ὁμόγραφον
ὁμόγραφος	ADJ;ACC(SG;NEUT)	ὁμόγραφον
ὁμόγραφος	ADJ;DAT(DU;FEM)	ὁμογράφοιν
ὁμόγραφος	ADJ;DAT(DU;MASC)	ὁμογράφοιν
ὁμόγραφος	ADJ;DAT(DU;NEUT)	ὁμογράφοιν
ὁμόγραφος	ADJ;DAT(PL;FEM)	ὁμογράφοις
ὁμόγραφος	ADJ;DAT(PL;MASC)	ὁμογράφοις
ὁμόγραφος	ADJ;DAT(PL;NEUT)	ὁμογράφοις
ὁμόγραφος	ADJ;DAT(SG;FEM)	ὁμογράφῳ
ὁμόγραφος	ADJ;DAT(SG;MASC)	ὁμογράφοις
ὁμόγραφος	ADJ;GEN(DU;MASC)	ὁμογράφοιν
ὁμόγραφος	ADJ;GEN(DU;NEUT)	ὁμογράφοιν
ὁμόγραφος	ADJ;GEN(PL;FEM)	ὁμογράφων
ὁμόγραφος	ADJ;GEN(PL;NEUT)	ὁμογράφων
ὁμόγραφος	ADJ;GEN(SG;FEM)	ὁμογράφου
ὁμόγραφος	ADJ;GEN(SG;NEUT)	ὁμογράφου
ὁμόγραφος	ADJ;NOM(DU;FEM)	ὁμογράφα
ὁμόγραφος	ADJ;NOM(DU;MASC)	ὁμογράφοι
ὁμόγραφος	ADJ;NOM(DU;NEUT)	ὁμογράφω
ὁμόγραφος	ADJ;NOM(PL;MASC)	ὁμόγραφοι
ὁμόγραφος	ADJ;NOM(SG;NEUT)	ὁμόγραφον
ὁμόγραφος	ADJ;VOC(DU;FEM)	ὁμογράφω
ὁμόγραφος	ADJ;VOC(DU;MASC)	ὁμογράφω
ὁμόγραφος	ADJ;VOC(DU;NEUT)	ὁμογράφω
ὁμόγραφος	ADJ;VOC(PL;FEM)	ὁμόγραφοι
ὁμόγραφος	ADJ;VOC(PL;MASC)	ὁμόγραφοι
ὁμόγραφος	ADJ;VOC(PL;NEUT)	ὁμόγραφα
ὁμόγραφος	ADJ;VOC(SG;FEM)	ὁμογράφε
ὁμόγραφος	ADJ;VOC(SG;MASC)	ὁμόγραφε
ὅμιλος	N;ACC(DU)	ὁμίλω
ὅμιλος	N;ACC(PL)	ὁμίλους
ὅμιλος	N;ACC(SG)	ὅμιλον
ὅμιλος	N;DAT(DU)	ὁμίλοιν
ὅμιλος	N;DAT(PL)	ὁμίλοις
ὅμιλος	N;DAT(SG)	ὁμίלῳ
ὅμιλος	N;GEN(DU)	ὁμίλοιν
ὅμιλος	N;GEN(PL)	ὁμίλων
ὅμιλος	N;GEN(SG)	ὁμίλου
ὅμιλος	N;NOM(DU)	ὁμιλω
ὅμιλος	N;NOM(PL)	ὅμιλοι
ὅμιλος	N;NOM(SG)	ὅμιλος
ὅμιλος	N;VOC(DU)	ὁμίλω
ὅμιλος	N;VOC(PL)	ὄμιλοι
ὅμιλος	N;VOC(SG)	ὅμιλε
ῥάδιξ	N;ACC(DU)	ῥαδίκας
ῥάδιξ	N;ACC(PL)	ῥάδικας
ῥάδιξ	N;ACC(SG)	ῥάδιχας
ῥάδιξ	N;DAT(DU)	ῥαδίκοιν
ῥάδιξ	N;DAT(PL)	ῥάδιξιν
ῥάδιξ	N;DAT(SG)	ῥάδικι
ῥάδιξ	N;GEN(DU)	ῥαδίκοιν
ῥάδιξ	N;GEN(PL)	ῥαδίκων
ῥάδιξ	N;GEN(SG)	ῥάδικος
ῥάδιξ	N;NOM(DU)	ῥάδικε
ῥάδιξ	N;NOM(PL)	ῥάδικες
ῥάδιξ	N;NOM(SG)	ῥάδιξ
ῥάδιξ	N;VOC(DU)	ῥάδικε
ῥάδιξ	N;VOC(PL)	ῥάδικες
ῥάδιξ	N;VOC(SG)	ῥάδιξ
ῥητίνη	N;ACC(DU)	ῥητῖνε
ῥητίνη	N;ACC(PL)	ῥητῑ́νᾱς
ῥητίνη	N;ACC(SG)	ῥητίνην
ῥητίνη	N;DAT(DU)	ῥητίναιν
ῥητίνη	N;DAT(PL)	ῥητίναις
ῥητίνη	N;DAT(SG)	ῥητίνῃ
ῥητίνη	N;GEN(DU)	ῥητίναιν
ῥητίνη	N;GEN(PL)	ῥητινῶν
ῥητίνη	N;GEN(SG)	ῥητίνης
ῥητίνη	N;NOM(DU)	ῥητίνᾱ
ῥητίνη	N;NOM(PL)	ῥητῖναι
ῥητίνη	N;NOM(SG)	ῥητίνη
ῥητίνη	N;VOC(DU)	ῥητῖναι
ῥητίνη	N;VOC(PL)	ῥητῖναι
ῥητίνη	N;VOC(SG)	ῥητίνη
test acc Ancient Greek 0.421
