blaŋt	V;IMP;NEG;TR;ABS(2,SG);ERG(3,SG)	blaŋt-ma-m
blaŋt	V;PRS;NEG;REFL;ABS(1,SG)	balitnaŋ
blaŋt	V;PRS;NEG;REFL;ABS(2,SG)	blaŋt-uŋ-me-si-ŋin
blaŋt	V;PRS;NEG;TR;ABS(1,EXCL,DU);ERG(3,SG)	blaŋtəni
blaŋt	V;PRS;NEG;TR;ABS(1,INCL,DU);ERG(3,DU)	blaŋt-up-ci-s-a-ŋ-ci
blaŋt	V;PRS;NEG;TR;ABS(3,DU);ERG(1,INCL,DU)	blaŋtmaŋŋi
blaŋt	V;PRS;NEG;TR;ABS(3,PL);ERG(1,EXCL,DU)	blaŋtinəka
blaŋt	V;PRS;NEG;TR;ABS(3,PL);ERG(3,DU)	blaŋtima
blaŋt	V;PRS;NEG;TR;ABS(3,SG);ERG(1,SG)	blaŋtɯŋ
blaŋt	V;PRS;POS;TR;ABS(1,EXCL,DU);ERG(3,DU)	blaŋt-o-ci-ŋ-ga
blaŋt	V;PRS;POS;TR;ABS(1,SG);ERG(2,SG,FORM)	blaŋtasaŋka
blaŋt	V;PRS;POS;TR;ABS(3,DU);ERG(1,SG)	blaŋtɯŋ
blaŋt	V;PRS;POS;TR;ABS(3,PL);ERG(3,SG)	blaŋtʰaCA
blaŋt	V;PRS;POS;TR;ABS(3,SG);ERG(3,SG)	blaŋdɐ
blaŋt	V;PST;NEG;TR;ABS(1,EXCL,PL);ERG(2,DU)	blaŋtuyuŋca
blaŋt	V;PST;NEG;TR;ABS(2,DU);ERG(3,SG)	blaŋtujuŋ
blaŋt	V;PST;POS;TR;ABS(1,EXCL,DU);ERG(2,SG,FORM)	blaŋtsiŋka
blaŋt	V;PST;POS;TR;ABS(2,PL);ERG(1,EXCL,DU)	blaŋtaŋniŋ
blaŋt	V;PST;POS;TR;ABS(3,DU);ERG(3,DU)	blaŋtʰiŋsuniŋ
blaŋt	V;PST;POS;TR;ABS(3,SG);ERG(2,DU)	blaŋt-c-o-ŋ-ka
bɛnt	V;IMP;NEG;TR;ABS(2,DU);ERG(3,PL)	bɛnnao
bɛnt	V;IMP;NEG;TR;ABS(2,PL);ERG(1,EXCL,DU)	bɛntuŋa
bɛnt	V;IMP;POS;TR;ABS(2,DU);ERG(3,DU)	bɛnthecin
bɛnt	V;IMP;POS;TR;ABS(2,PL);ERG(1,EXCL,PL)	bɛntuŋa
bɛnt	V;PRS;NEG;TR;ABS(1,EXCL,DU);ERG(3,DU)	bɛntchiŋa
bɛnt	V;PRS;NEG;TR;ABS(1,EXCL,PL);ERG(2,DU)	bɛttamŋan
bɛnt	V;PRS;NEG;TR;ABS(1,INCL,PL);ERG(3,PL)	benta-ci-ŋ-ka
bɛnt	V;PRS;NEG;TR;ABS(2,SG);ERG(1,EXCL,PL)	bɛnciŋma
bɛnt	V;PRS;NEG;TR;ABS(2,SG);ERG(3,SG)	bɛnduŋ
bɛnt	V;PRS;NEG;TR;ABS(3,SG);ERG(1,INCL,DU)	bɛntciŋo
bɛnt	V;PRS;POS;TR;ABS(3,SG);ERG(1,SG)	bɛntubəkhɛn
bɛnt	V;PRS;POS;TR;ABS(3,SG);ERG(2,SG,FORM)	bɛnchi
bɛnt	V;PST;NEG;TR;ABS(3,DU);ERG(2,DU)	bɛntumuŋgu
bɛnt	V;PST;NEG;TR;ABS(3,SG);ERG(1,INCL,DU)	bɛntubupci
bɛnt	V;PST;NEG;TR;ABS(3,SG);ERG(2,SG,FORM)	bɛntgebnu
bɛnt	V;PST;POS;TR;ABS(1,EXCL,DU);ERG(2,PL)	bɛntuŋciŋ
bɛnt	V;PST;POS;TR;ABS(1,INCL,DU);ERG(3,SG)	bɛntisi
bɛnt	V;PST;POS;TR;ABS(1,INCL,PL);ERG(3,DU)	bɛnthaŋ-ci
bɛnt	V;PST;POS;TR;ABS(2,PL);ERG(1,EXCL,PL)	bɛntabətɕiŋ
bɛnt	V;PST;POS;TR;ABS(3,SG);ERG(1,INCL,PL)	bɛntokciŋ
bʰlept	V;IMP;NEG;TR;ABS(2,SG);ERG(1,EXCL,PL)	bʰleptasiboi
bʰlept	V;IMP;NEG;TR;ABS(2,SG);ERG(3,DU)	bʰleppaŋga
bʰlept	V;PRS;NEG;TR;ABS(2,PL);ERG(3,PL)	bʰleppasa
bʰlept	V;PRS;NEG;TR;ABS(3,DU);ERG(1,EXCL,PL)	bʰlept-o-chi-nga-ŋka
bʰlept	V;PRS;NEG;TR;ABS(3,PL);ERG(3,PL)	bʰleptʰonumu
bʰlept	V;PRS;NEG;TR;ABS(3,SG);ERG(2,DU)	bʰleptpaktci
bʰlept	V;PRS;POS;TR;ABS(1,EXCL,DU);ERG(2,SG,FORM)	bʰlepta
bʰlept	V;PRS;POS;TR;ABS(1,EXCL,DU);ERG(3,DU)	bʰlepta-ci-caka
bʰlept	V;PRS;POS;TR;ABS(2,DU);ERG(3,PL)	bʰleptūūksīī
bʰlept	V;PRS;POS;TR;ABS(3,DU);ERG(1,EXCL,DU)	bʰleptcictci
bʰlept	V;PRS;POS;TR;ABS(3,PL);ERG(1,INCL,DU)	bʰlepdzom
bʰlept	V;PST;NEG;TR;ABS(1,EXCL,DU);ERG(3,SG)	bʰleptanəyca
bʰlept	V;PST;NEG;TR;ABS(2,PL);ERG(3,PL)	bʰlept-o-m-ci
bʰlept	V;PST;NEG;TR;ABS(3,DU);ERG(1,EXCL,PL)	bʰkeptciŋ
bʰlept	V;PST;NEG;TR;ABS(3,PL);ERG(1,INCL,PL)	bʰleptim
bʰlept	V;PST;POS;TR;ABS(1,EXCL,PL);ERG(2,DU)	bʰleptsanan-nga
bʰlept	V;PST;POS;TR;ABS(1,EXCL,PL);ERG(3,PL)	bʰleptanuŋ
bʰlept	V;PST;POS;TR;ABS(1,SG);ERG(3,SG)	bʰleptʰoŋa
bʰlept	V;PST;POS;TR;ABS(2,PL);ERG(3,SG)	bʰleptumuŋ
bʰlept	V;PST;POS;TR;ABS(2,SG);ERG(3,PL)	bʰlepsutingkha
deŋt	V;IMP;POS;TR;ABS(2,DU);ERG(1,EXCL,DU)	deŋcī-ci-ni
deŋt	V;PRS;NEG;TR;ABS(1,EXCL,DU);ERG(2,SG,FORM)	deŋto-ta-n
deŋt	V;PRS;NEG;TR;ABS(2,PL);ERG(1,EXCL,DU)	deŋtciŋaŋkha
deŋt	V;PRS;NEG;TR;ABS(3,SG);ERG(1,SG)	deŋt-u-ŋ-n-u-chi
deŋt	V;PRS;POS;TR;ABS(1,EXCL,DU);ERG(3,SG)	deŋtsumu
deŋt	V;PRS;POS;TR;ABS(1,EXCL,PL);ERG(2,PL)	detuŋ
deŋt	V;PRS;POS;TR;ABS(1,EXCL,PL);ERG(3,SG)	deŋdusa
deŋt	V;PRS;POS;TR;ABS(1,SG);ERG(2,SG,FORM)	deŋtobuŋ
deŋt	V;PRS;POS;TR;ABS(2,SG);ERG(1,SG)	deŋtbunang
deŋt	V;PRS;POS;TR;ABS(3,PL);ERG(2,DU)	deŋtɛ-o-ci-ŋ-ga
deŋt	V;PRS;POS;TR;ABS(3,SG);ERG(1,INCL,DU)	deŋtciŋoŋ
deŋt	V;PRS;POS;TR;ABS(3,SG);ERG(3,PL)	deŋtchi
deŋt	V;PST;NEG;TR;ABS(3,DU);ERG(1,EXCL,PL)	deŋt-co-ta-ci-ka-sa-ka-ci
deŋt	V;PST;NEG;TR;ABS(3,PL);ERG(1,INCL,DU)	deŋtupcuŋ-ka
deŋt	V;PST;NEG;TR;ABS(3,SG);ERG(3,DU)	deŋtujuŋgakni
deŋt	V;PST;POS;TR;ABS(1,EXCL,DU);ERG(3,PL)	deŋtupkasi
deŋt	V;PST;POS;TR;ABS(3,DU);ERG(2,PL)	deŋt-o-t͡ɕi-ŋka
deŋt	V;PST;POS;TR;ABS(3,PL);ERG(1,EXCL,DU)	deŋt-si-ŋ-c-u-ŋ-ka
deŋt	V;PST;POS;TR;ABS(3,PL);ERG(3,PL)	deŋtuŋko
deŋt	V;PST;POS;TR;ABS(3,SG);ERG(1,EXCL,PL)	deŋt-ca-ci-ŋa-t-Ø
duŋt	V;IMP;POS;TR;ABS(2,DU);ERG(1,SG)	duŋtʰi
duŋt	V;PRS;NEG;TR;ABS(3,DU);ERG(1,EXCL,PL)	duŋtʰeŋa
duŋt	V;PRS;NEG;TR;ABS(3,PL);ERG(2,PL)	duŋtchiŋeŋka
duŋt	V;PRS;NEG;TR;ABS(3,PL);ERG(3,DU)	duŋtsimniŋ
duŋt	V;PRS;NEG;TR;ABS(3,SG);ERG(2,SG,FORM)	doŋta
duŋt	V;PRS;POS;TR;ABS(1,EXCL,DU);ERG(3,PL)	duŋtaŋkaŋ
duŋt	V;PRS;POS;TR;ABS(1,EXCL,PL);ERG(2,DU)	duŋtaci
duŋt	V;PRS;POS;TR;ABS(1,INCL,DU);ERG(3,DU)	duŋtci
duŋt	V;PRS;POS;TR;ABS(2,DU);ERG(1,SG)	duŋt-a-ŋ-ci
duŋt	V;PRS;POS;TR;ABS(3,DU);ERG(1,SG)	duŋteduŋ
duŋt	V;PST;NEG;TR;ABS(1,EXCL,DU);ERG(3,PL)	duŋt-up-ci-na-ka
duŋt	V;PST;NEG;TR;ABS(1,SG);ERG(2,DU)	duŋt-a-k-ci
duŋt	V;PST;NEG;TR;ABS(1,SG);ERG(3,PL)	duŋtəna
duŋt	V;PST;NEG;TR;ABS(2,PL);ERG(3,SG)	duŋtsanila
duŋt	V;PST;NEG;TR;ABS(2,SG);ERG(3,SG)	duŋtamnasiŋktí
duŋt	V;PST;NEG;TR;ABS(3,DU);ERG(3,PL)	duŋtabʰicinjiŋ
duŋt	V;PST;NEG;TR;ABS(3,DU);ERG(3,SG)	duŋkciŋ
duŋt	V;PST;POS;TR;ABS(1,SG);ERG(2,DU)	duŋteŋniŋ
duŋt	V;PST;POS;TR;ABS(2,PL);ERG(3,SG)	duŋtujuŋ
duŋt	V;PST;POS;TR;ABS(3,SG);ERG(1,SG)	duŋtʰaŋa
gup	V;IMP;NEG;REFL;ABS(2,DU)	guppa
gup	V;IMP;NEG;TR;ABS(2,DU);ERG(1,EXCL,DU)	gupmi
gup	V;IMP;POS;TR;ABS(2,DU);ERG(3,SG)	guptsicho
gup	V;PRS;NEG;REFL;ABS(2,PL)	gubai
gup	V;PRS;NEG;REFL;ABS(3,DU)	guppanang
gup	V;PRS;NEG;TR;ABS(1,EXCL,DU);ERG(2,SG,FORM)	gup-m-na-m-ka
gup	V;PRS;NEG;TR;ABS(3,PL);ERG(2,DU)	guptci
gup	V;PRS;NEG;TR;ABS(3,PL);ERG(3,PL)	guptamca
gup	V;PRS;POS;TR;ABS(2,PL);ERG(1,EXCL,PL)	guppa
gup	V;PRS;POS;TR;ABS(3,DU);ERG(1,EXCL,DU)	guptci
gup	V;PST;NEG;REFL;ABS(2,SG)	gupt-am-n-a-chi
gup	V;PST;NEG;TR;ABS(1,EXCL,PL);ERG(3,DU)	gupmaihca
gup	V;PST;NEG;TR;ABS(2,PL);ERG(1,EXCL,PL)	guppaka
gup	V;PST;NEG;TR;ABS(2,SG);ERG(1,EXCL,PL)	gup-na-ng-i-ŋ
gup	V;PST;NEG;TR;ABS(3,DU);ERG(1,INCL,PL)	gup-ci-na-ka
gup	V;PST;POS;REFL;ABS(1,SG)	guptangkhaga
gup	V;PST;POS;TR;ABS(1,SG);ERG(3,DU)	gup-ci-na-ka
gup	V;PST;POS;TR;ABS(3,DU);ERG(3,DU)	gupkaŋ
gup	V;PST;POS;TR;ABS(3,SG);ERG(2,DU)	guphungngi
gup	V;PST;POS;TR;ABS(3,SG);ERG(3,SG)	gup-mi-cī
gʰlaŋ	V;IMP;NEG;INTR;ABS(2,PL)	g
gʰlaŋ	V;IMP;POS;INTR;ABS(2,DU)	gʰlaŋci
gʰlaŋ	V;IMP;POS;INTR;ABS(2,SG)	gʰlaŋnu
gʰlaŋ	V;NFIN;POS;INTR	gʰlaŋmi
gʰlaŋ	V;PRS;NEG;INTR;ABS(3,DU)	gʰlaŋ-mad͡zū-na
gʰlaŋ	V;PRS;NEG;INTR;ABS(3,PL)	gʰlaŋ-sa-mi-ŋa
gʰlaŋ	V;PRS;NEG;INTR;ABS(3,SG)	gʰlaŋmaŋ
gʰlaŋ	V;PRS;POS;INTR;ABS(1,EXCL,PL)	gʰlaŋsi
gʰlaŋ	V;PRS;POS;INTR;ABS(1,SG)	gʰlaŋdɯŋ
gʰlaŋ	V;PRS;POS;INTR;ABS(2,DU)	gʰlaŋkha
gʰlaŋ	V;PRS;POS;INTR;ABS(2,SG)	uɡʰlaŋa
gʰlaŋ	V;PRS;POS;INTR;ABS(3,PL)	gʰlaŋmi
gʰlaŋ	V;PST;NEG;INTR;ABS(1,EXCL,PL)	gʰlaŋ-ga-chi-ŋ-kʰu
gʰlaŋ	V;PST;NEG;INTR;ABS(1,INCL,PL)	gʰlaŋ-e-o-o
gʰlaŋ	V;PST;NEG;INTR;ABS(1,SG)	gʰlan-də-ŋa
gʰlaŋ	V;PST;NEG;INTR;ABS(2,PL)	gʰlaŋ-i-mu-tɕi
gʰlaŋ	V;PST;POS;INTR;ABS(1,EXCL,DU)	gʰlanaŋco
gʰlaŋ	V;PST;POS;INTR;ABS(1,INCL,PL)	gʰlaŋ-i-ŋ
gʰlaŋ	V;PST;POS;INTR;ABS(2,DU)	gʰlaŋsi
gʰlaŋ	V;PST;POS;INTR;ABS(3,DU)	gʰlaŋna
gʰum	V;IMP;POS;TR;ABS(2,DU);ERG(1,EXCL,DU)	gʰumtsum
gʰum	V;PRS;NEG;TR;ABS(1,EXCL,DU);ERG(3,DU)	gʰumčiŋay
gʰum	V;PRS;NEG;TR;ABS(1,INCL,PL);ERG(3,PL)	gʰuma-c-iŋ-ga-chi-ŋ-ai-ŋ
gʰum	V;PRS;NEG;TR;ABS(2,DU);ERG(1,SG)	gʰumnuŋaŋ
gʰum	V;PRS;NEG;TR;ABS(2,SG);ERG(1,EXCL,PL)	gʰumməŋŋa
gʰum	V;PRS;NEG;TR;ABS(3,DU);ERG(3,PL)	gʰumtsuklupaŋ
gʰum	V;PRS;NEG;TR;ABS(3,PL);ERG(2,DU)	gʰumtsānuŋ
gʰum	V;PRS;POS;TR;ABS(1,EXCL,PL);ERG(2,SG,FORM)	gʰumčiŋka
gʰum	V;PRS;POS;TR;ABS(1,EXCL,PL);ERG(3,SG)	gʰum-ci-ci-ŋ-ga
gʰum	V;PRS;POS;TR;ABS(2,DU);ERG(3,DU)	gʰumciŋci
gʰum	V;PRS;POS;TR;ABS(3,PL);ERG(1,INCL,PL)	gʰumcʰiŋa
gʰum	V;PRS;POS;TR;ABS(3,SG);ERG(1,INCL,PL)	gʰumtɕaŋɟi
gʰum	V;PRS;POS;TR;ABS(3,SG);ERG(2,PL)	gʰum-ne-t-ci-k-a
gʰum	V;PST;NEG;TR;ABS(1,INCL,DU);ERG(3,SG)	gʰumdunaŋ
gʰum	V;PST;NEG;TR;ABS(2,PL);ERG(1,EXCL,DU)	gʰumcidʰmna
gʰum	V;PST;NEG;TR;ABS(3,SG);ERG(2,PL)	gʰumd͡ʑimasi
gʰum	V;PST;POS;TR;ABS(1,SG);ERG(2,DU)	gʰun-chi-ka-ni
gʰum	V;PST;POS;TR;ABS(3,PL);ERG(1,EXCL,PL)	gʰum-si-tə-ci
gʰum	V;PST;POS;TR;ABS(3,SG);ERG(1,INCL,PL)	gʰumdun niŋgo
gʰum	V;PST;POS;TR;ABS(3,SG);ERG(2,SG,FORM)	gʰum-si-n̩
jokt	V;IMP;NEG;TR;ABS(2,PL);ERG(3,PL)	joktamla
jokt	V;IMP;NEG;TR;ABS(2,SG);ERG(1,EXCL,DU)	jogtaraŋ
jokt	V;IMP;POS;TR;ABS(2,SG);ERG(1,EXCL,PL)	jokt-a-t-oŋ
jokt	V;NFIN;POS;TR	gjokt-o
jokt	V;PRS;NEG;TR;ABS(1,EXCL,DU);ERG(2,DU)	jokt-ma-c-i-ŋ
jokt	V;PRS;NEG;TR;ABS(1,INCL,DU);ERG(3,PL)	joktasa
jokt	V;PRS;NEG;TR;ABS(1,INCL,DU);ERG(3,SG)	jokto-m-si-ŋ-tu-ŋa
jokt	V;PRS;NEG;TR;ABS(1,SG);ERG(3,DU)	joktunama
jokt	V;PRS;NEG;TR;ABS(2,SG);ERG(3,DU)	joktsa
jokt	V;PRS;NEG;TR;ABS(3,DU);ERG(3,PL)	joktobukca
jokt	V;PRS;NEG;TR;ABS(3,PL);ERG(2,SG,FORM)	jokt-u-mi-chi-ha-ni
jokt	V;PRS;POS;TR;ABS(2,PL);ERG(1,EXCL,PL)	jokt-ci-ŋa-ko
jokt	V;PRS;POS;TR;ABS(2,SG);ERG(3,DU)	joktsiŋ
jokt	V;PRS;POS;TR;ABS(3,DU);ERG(2,SG,FORM)	joktūŋa
jokt	V;PRS;POS;TR;ABS(3,PL);ERG(1,EXCL,DU)	joktnici
jokt	V;PRS;POS;TR;ABS(3,SG);ERG(1,INCL,DU)	jokt-ci-ŋa-t-ta-u
jokt	V;PST;NEG;TR;ABS(1,EXCL,PL);ERG(2,DU)	joktpaciknup
jokt	V;PST;NEG;TR;ABS(3,SG);ERG(1,EXCL,PL)	jokt-u-ng-a-s-i-l-ə
jokt	V;PST;POS;TR;ABS(1,EXCL,PL);ERG(3,SG)	jokceŋa
jokt	V;PST;POS;TR;ABS(2,PL);ERG(3,SG)	joktanaŋ
kik	V;PRS;NEG;REFL;ABS(3,PL)	kekma
kik	V;PRS;NEG;TR;ABS(1,EXCL,PL);ERG(3,DU)	kīkkacha
kik	V;PRS;NEG;TR;ABS(2,PL);ERG(1,EXCL,DU)	kuknuŋaʔ
kik	V;PRS;NEG;TR;ABS(2,SG);ERG(3,SG)	kek-k-nuk-ci
kik	V;PRS;NEG;TR;ABS(3,SG);ERG(2,PL)	kikmaca
kik	V;PRS;NEG;TR;ABS(3,SG);ERG(3,PL)	kikhaka
kik	V;PRS;POS;TR;ABS(1,EXCL,DU);ERG(3,DU)	kiktunīŋo
kik	V;PRS;POS;TR;ABS(1,EXCL,PL);ERG(2,PL)	kiksīŋe
kik	V;PRS;POS;TR;ABS(3,PL);ERG(2,DU)	kiksima
kik	V;PST;NEG;REFL;ABS(2,PL)	kikna-m-si-ko
kik	V;PST;NEG;TR;ABS(1,SG);ERG(2,DU)	kiktang-ngasa
kik	V;PST;NEG;TR;ABS(1,SG);ERG(3,DU)	kikmaci
kik	V;PST;NEG;TR;ABS(2,SG);ERG(1,EXCL,PL)	kikci
kik	V;PST;POS;TR;ABS(1,EXCL,DU);ERG(2,PL)	kiksihang
kik	V;PST;POS;TR;ABS(1,EXCL,PL);ERG(2,PL)	kiks-ā-na-yō
kik	V;PST;POS;TR;ABS(1,INCL,DU);ERG(3,DU)	kiktici
kik	V;PST;POS;TR;ABS(1,SG);ERG(3,DU)	kiktciŋnaŋ
kik	V;PST;POS;TR;ABS(2,SG);ERG(1,EXCL,DU)	kikniŋma
kik	V;PST;POS;TR;ABS(3,DU);ERG(3,SG)	kiktūŋ
kik	V;PST;POS;TR;ABS(3,SG);ERG(3,PL)	kiktisiŋ
kopt	V;IMP;NEG;TR;ABS(2,SG);ERG(1,EXCL,DU)	kopt-sa-ma-ŋa-ta
kopt	V;IMP;NEG;TR;ABS(2,SG);ERG(1,EXCL,PL)	koptacaŋniŋ
kopt	V;IMP;POS;TR;ABS(2,PL);ERG(1,EXCL,DU)	kopa
kopt	V;IMP;POS;TR;ABS(2,SG);ERG(1,SG)	kopta
kopt	V;IMP;POS;TR;ABS(2,SG);ERG(3,DU)	koptcihka
kopt	V;PRS;NEG;TR;ABS(1,EXCL,DU);ERG(3,DU)	koptangaKha
kopt	V;PRS;NEG;TR;ABS(1,EXCL,PL);ERG(2,SG,FORM)	kopceŋa
kopt	V;PRS;NEG;TR;ABS(1,INCL,PL);ERG(3,DU)	koptchi
kopt	V;PRS;POS;TR;ABS(1,EXCL,DU);ERG(2,PL)	kopta-ci-ma
kopt	V;PRS;POS;TR;ABS(1,EXCL,DU);ERG(2,SG,FORM)	kopt-chi-ng-to-qa
kopt	V;PRS;POS;TR;ABS(1,EXCL,PL);ERG(3,DU)	koptasia
kopt	V;PRS;POS;TR;ABS(1,INCL,DU);ERG(3,SG)	koptʰamŋa
kopt	V;PRS;POS;TR;ABS(1,SG);ERG(2,PL)	koptāŋnākā
kopt	V;PRS;POS;TR;ABS(1,SG);ERG(3,SG)	kopt-a-i-ci
kopt	V;PST;NEG;TR;ABS(1,SG);ERG(2,PL)	koptimnen
kopt	V;PST;NEG;TR;ABS(2,SG);ERG(1,EXCL,DU)	koptamcinən
kopt	V;PST;POS;TR;ABS(1,EXCL,PL);ERG(3,DU)	koptad͡ziŋ-ka
kopt	V;PST;POS;TR;ABS(1,SG);ERG(3,SG)	kopt-se-n-a-chi-ga
kopt	V;PST;POS;TR;ABS(2,DU);ERG(3,SG)	koptamka
kopt	V;PST;POS;TR;ABS(3,DU);ERG(2,SG,FORM)	kopt-u-yu-ci
kott	V;IMP;NEG;TR;ABS(2,DU);ERG(1,EXCL,PL)	kattsa
kott	V;PRS;NEG;TR;ABS(1,INCL,PL);ERG(3,SG)	kottaŋaŋkaſo
kott	V;PRS;NEG;TR;ABS(3,SG);ERG(3,SG)	kott-u-psu-k-asa
kott	V;PRS;POS;TR;ABS(1,EXCL,DU);ERG(2,PL)	kottas
kott	V;PRS;POS;TR;ABS(1,EXCL,PL);ERG(3,DU)	koʈ-ci-ŋ-ka
kott	V;PRS;POS;TR;ABS(2,SG);ERG(1,SG)	kottagaŋa
kott	V;PRS;POS;TR;ABS(3,PL);ERG(3,DU)	kotta-si-gu-chi
kott	V;PRS;POS;TR;ABS(3,SG);ERG(3,PL)	kottasiŋa
kott	V;PST;NEG;TR;ABS(1,EXCL,DU);ERG(2,DU)	kutchaŋga
kott	V;PST;NEG;TR;ABS(1,EXCL,DU);ERG(3,DU)	koṭṭi-ngu-ma-ni-ci
kott	V;PST;NEG;TR;ABS(2,DU);ERG(1,EXCL,PL)	kottanagacha
kott	V;PST;NEG;TR;ABS(2,SG);ERG(1,EXCL,PL)	kottahaŋaiŋ
kott	V;PST;NEG;TR;ABS(3,DU);ERG(2,DU)	kottusaŋ
kott	V;PST;NEG;TR;ABS(3,SG);ERG(2,DU)	kottungnin
kott	V;PST;POS;TR;ABS(1,EXCL,DU);ERG(2,SG,FORM)	kot-si-ma-chi
kott	V;PST;POS;TR;ABS(1,EXCL,PL);ERG(2,DU)	kottubasa
kott	V;PST;POS;TR;ABS(1,INCL,DU);ERG(3,SG)	kottobheca-kha
kott	V;PST;POS;TR;ABS(1,SG);ERG(2,PL)	kottagaici
kott	V;PST;POS;TR;ABS(2,DU);ERG(1,EXCL,DU)	kottharasi
kott	V;PST;POS;TR;ABS(3,SG);ERG(1,EXCL,DU)	kottakhe
kʰe	V;PRS;NEG;TR;ABS(1,INCL,DU);ERG(3,SG)	kʰe-nasi-ci-ŋ-o-n
kʰe	V;PRS;NEG;TR;ABS(2,PL);ERG(3,PL)	kʰeloŋ
kʰe	V;PRS;NEG;TR;ABS(2,SG);ERG(3,DU)	khɛ-i-cin-ŋiŋ
kʰe	V;PRS;NEG;TR;ABS(3,DU);ERG(1,INCL,DU)	kʰerasiŋe
kʰe	V;PRS;NEG;TR;ABS(3,DU);ERG(3,PL)	kʰemasi
kʰe	V;PRS;NEG;TR;ABS(3,PL);ERG(1,INCL,PL)	kʰeɲcikice
kʰe	V;PRS;POS;TR;ABS(1,EXCL,DU);ERG(2,DU)	kʰenuci
kʰe	V;PRS;POS;TR;ABS(1,INCL,DU);ERG(3,SG)	kʰedʑiɲci
kʰe	V;PRS;POS;TR;ABS(3,PL);ERG(1,SG)	kʰeŋa
kʰe	V;PRS;POS;TR;ABS(3,SG);ERG(3,SG)	kʰeɟo
kʰe	V;PST;NEG;TR;ABS(2,DU);ERG(1,EXCL,PL)	kʰeɗ-n-cã-ŋ-ka-n-c-i
kʰe	V;PST;NEG;TR;ABS(3,PL);ERG(1,INCL,PL)	kʰe-naki-ʔu-tɕiŋ
kʰe	V;PST;NEG;TR;ABS(3,SG);ERG(3,SG)	kʰeltəmi
kʰe	V;PST;POS;INTR;ABS(2,SG)	kʰel-nũk
kʰe	V;PST;POS;TR;ABS(1,EXCL,PL);ERG(2,PL)	kʰelsiŋ
kʰe	V;PST;POS;TR;ABS(1,EXCL,PL);ERG(3,PL)	kʰeksana
kʰe	V;PST;POS;TR;ABS(1,INCL,PL);ERG(3,PL)	kʰeŋa
kʰe	V;PST;POS;TR;ABS(1,SG);ERG(3,DU)	kʰedaŋ
kʰe	V;PST;POS;TR;ABS(2,PL);ERG(3,DU)	kʰeŋɟa siŋnga
kʰe	V;PST;POS;TR;ABS(3,SG);ERG(1,EXCL,DU)	kʰelaŋ
kʰipt	V;IMP;NEG;TR;ABS(2,SG);ERG(1,EXCL,DU)	kʰipta
kʰipt	V;IMP;NEG;TR;ABS(2,SG);ERG(3,PL)	kʰipci
kʰipt	V;PRS;NEG;TR;ABS(1,EXCL,PL);ERG(2,DU)	kʰipta
kʰipt	V;PRS;NEG;TR;ABS(2,PL);ERG(3,SG)	kʰipci
kʰipt	V;PRS;NEG;TR;ABS(2,SG);ERG(3,DU)	kʰipta
kʰipt	V;PRS;NEG;TR;ABS(2,SG);ERG(3,PL)	kʰiptapi
kʰipt	V;PRS;NEG;TR;ABS(3,PL);ERG(1,EXCL,PL)	kʰiptsasiŋ
kʰipt	V;PRS;NEG;TR;ABS(3,SG);ERG(1,SG)	kʰipmaŋai
kʰipt	V;PRS;POS;TR;ABS(1,EXCL,DU);ERG(3,DU)	kʰiktcʰiʔki
kʰipt	V;PRS;POS;TR;ABS(1,INCL,DU);ERG(3,DU)	kʰiptiŋgai
kʰipt	V;PRS;POS;TR;ABS(2,DU);ERG(1,EXCL,PL)	kʰiptciŋɐŋ
kʰipt	V;PRS;POS;TR;ABS(2,PL);ERG(3,SG)	kʰiptenisi
kʰipt	V;PRS;POS;TR;ABS(3,DU);ERG(1,INCL,PL)	kʰipta
kʰipt	V;PRS;POS;TR;ABS(3,SG);ERG(1,SG)	kʰikɕa
kʰipt	V;PRS;POS;TR;ABS(3,SG);ERG(2,DU)	kʰipsaŋ
kʰipt	V;PST;NEG;TR;ABS(1,EXCL,DU);ERG(2,SG,FORM)	kʰiptʃuksaŋ
kʰipt	V;PST;NEG;TR;ABS(3,SG);ERG(2,PL)	kʰipsanaŋca
kʰipt	V;PST;POS;TR;ABS(3,DU);ERG(2,DU)	kʰiwaɡai
kʰipt	V;PST;POS;TR;ABS(3,PL);ERG(1,EXCL,PL)	kʰiptaŋaŋ
kʰipt	V;PST;POS;TR;ABS(3,PL);ERG(3,DU)	kʰiptunuŋ
kʰok	V;IMP;NEG;TR;ABS(2,DU);ERG(1,SG)	kʰoknosa
kʰok	V;PRS;NEG;TR;ABS(1,EXCL,PL);ERG(3,PL)	kʰok-pʰut-s-a-ŋ-ci
kʰok	V;PRS;NEG;TR;ABS(2,PL);ERG(3,SG)	kʰokmiŋsena
kʰok	V;PRS;NEG;TR;ABS(3,SG);ERG(1,EXCL,PL)	kʰokciŋnaŋ
kʰok	V;PRS;POS;TR;ABS(1,EXCL,DU);ERG(3,SG)	kʰoktoŋ
kʰok	V;PRS;POS;TR;ABS(1,INCL,PL);ERG(3,PL)	kʰokt͡suŋ
kʰok	V;PRS;POS;TR;ABS(2,DU);ERG(3,DU)	kʰokt͡sik
kʰok	V;PRS;POS;TR;ABS(3,DU);ERG(2,SG,FORM)	kʰok-pʰo-n-ɲi
kʰok	V;PRS;POS;TR;ABS(3,DU);ERG(3,PL)	kʰok-si-ŋ-ka
kʰok	V;PRS;POS;TR;ABS(3,PL);ERG(2,PL)	kʰok-nən-d͡ʑi-ma-si-ka
kʰok	V;PST;NEG;TR;ABS(1,EXCL,DU);ERG(3,DU)	kʰokmi-ci-sahi
kʰok	V;PST;NEG;TR;ABS(1,EXCL,DU);ERG(3,PL)	mokʰoktoŋnasi
kʰok	V;PST;NEG;TR;ABS(2,SG);ERG(1,EXCL,DU)	kʰok-nə-tɕhes-tə-k-aŋ
kʰok	V;PST;NEG;TR;ABS(3,PL);ERG(3,SG)	kʰok-nɛ-s-a-ŋ
kʰok	V;PST;NEG;TR;ABS(3,SG);ERG(2,SG,FORM)	kʰokmaNupca
kʰok	V;PST;POS;TR;ABS(1,INCL,PL);ERG(3,SG)	kʰokpacaŋ
kʰok	V;PST;POS;TR;ABS(1,SG);ERG(3,PL)	kʰoktamiŋŋe
kʰok	V;PST;POS;TR;ABS(2,DU);ERG(3,PL)	kʰoktuse
kʰok	V;PST;POS;TR;ABS(3,DU);ERG(1,INCL,DU)	kʰokchiŋiŋ
kʰok	V;PST;POS;TR;ABS(3,DU);ERG(2,SG,FORM)	kʰoktuse
kʰop	V;IMP;NEG;REFL;ABS(2,PL)	chaykʰopmo
kʰop	V;IMP;POS;TR;ABS(2,DU);ERG(3,PL)	khopnu-cis
kʰop	V;IMP;POS;TR;ABS(2,PL);ERG(1,EXCL,DU)	kʰop-t͡ɕi-ŋay-na
kʰop	V;IMP;POS;TR;ABS(2,PL);ERG(3,PL)	kʰopmiŋ
kʰop	V;PRS;NEG;REFL;ABS(2,DU)	kʰopmodoŋgaŋ
kʰop	V;PRS;NEG;TR;ABS(1,SG);ERG(3,DU)	kʰop-miŋ-ci
kʰop	V;PRS;NEG;TR;ABS(2,SG);ERG(3,SG)	kʰophimtsa
kʰop	V;PRS;NEG;TR;ABS(3,DU);ERG(1,INCL,DU)	kʰop-ma-nci-ŋa-ci
kʰop	V;PRS;NEG;TR;ABS(3,SG);ERG(3,DU)	kʰoptamu
kʰop	V;PRS;POS;REFL;ABS(1,INCL,DU)	kʰopʰu
kʰop	V;PRS;POS;TR;ABS(1,INCL,PL);ERG(3,SG)	kʰoptima
kʰop	V;PRS;POS;TR;ABS(2,DU);ERG(3,DU)	kʰopm̥ucʰi
kʰop	V;PRS;POS;TR;ABS(2,SG);ERG(3,PL)	kʰop kə-niŋ-ke
kʰop	V;PRS;POS;TR;ABS(2,SG);ERG(3,SG)	kʰopta
kʰop	V;PRS;POS;TR;ABS(3,PL);ERG(3,SG)	kʰopti
kʰop	V;PST;NEG;TR;ABS(3,PL);ERG(3,PL)	kʰoptumu
kʰop	V;PST;NEG;TR;ABS(3,SG);ERG(2,PL)	kʰopt͡ɕʰiŋnuŋ
kʰop	V;PST;POS;TR;ABS(2,SG);ERG(3,SG)	kʰopki
kʰop	V;PST;POS;TR;ABS(3,PL);ERG(1,INCL,DU)	kʰopcɪŋay
kʰop	V;PST;POS;TR;ABS(3,SG);ERG(2,PL)	kʰopmiŋai
kʰoŋt	V;IMP;NEG;TR;ABS(2,PL);ERG(1,SG)	kʰoŋtanaŋ
kʰoŋt	V;IMP;POS;TR;ABS(2,DU);ERG(3,SG)	kʰoŋt-u-kiŋ-la
kʰoŋt	V;PRS;NEG;TR;ABS(1,EXCL,DU);ERG(2,PL)	kʰoŋt-u-i-an-am
kʰoŋt	V;PRS;NEG;TR;ABS(1,EXCL,PL);ERG(3,SG)	kʰoŋt-u-mi-ŋku-ci
kʰoŋt	V;PRS;NEG;TR;ABS(1,SG);ERG(2,SG,FORM)	kʰoŋt-u-ka-ka-ŋa
kʰoŋt	V;PRS;NEG;TR;ABS(1,SG);ERG(3,SG)	khonŋt-u-h-a-n
kʰoŋt	V;PRS;NEG;TR;ABS(2,PL);ERG(1,EXCL,PL)	kʰoŋt-u-cin-uŋ-ka
kʰoŋt	V;PRS;NEG;TR;ABS(2,SG);ERG(1,EXCL,PL)	kʰoŋt-diŋ-ŋan-ʤa
kʰoŋt	V;PRS;NEG;TR;ABS(3,DU);ERG(1,EXCL,DU)	kʰoŋt-u-cin-g-e-o
kʰoŋt	V;PRS;POS;TR;ABS(3,DU);ERG(1,EXCL,PL)	kʰoŋt-u-cin-a-ci
kʰoŋt	V;PRS;POS;TR;ABS(3,DU);ERG(1,INCL,DU)	kʰoŋt-ŋakt-tʃi
kʰoŋt	V;PST;NEG;TR;ABS(2,DU);ERG(1,EXCL,PL)	kʰoŋt-u-cin-nuŋ
kʰoŋt	V;PST;NEG;TR;ABS(2,PL);ERG(3,SG)	kʰoŋtiŋa
kʰoŋt	V;PST;NEG;TR;ABS(2,SG);ERG(1,EXCL,DU)	kʰoŋŋaŋiŋga
kʰoŋt	V;PST;NEG;TR;ABS(3,PL);ERG(1,INCL,PL)	kʰoŋttɕaŋniŋ
kʰoŋt	V;PST;NEG;TR;ABS(3,SG);ERG(1,SG)	kʰoŋŋaŋ
kʰoŋt	V;PST;POS;TR;ABS(1,SG);ERG(3,PL)	kʰoŋt-u-na
kʰoŋt	V;PST;POS;TR;ABS(1,SG);ERG(3,SG)	kʰoŋt-u-ŋa
kʰoŋt	V;PST;POS;TR;ABS(3,DU);ERG(1,EXCL,DU)	kʰoŋt-si-ŋay-ca
kʰoŋt	V;PST;POS;TR;ABS(3,SG);ERG(1,INCL,PL)	kʰoŋt-ŋaŋ-tɕi
kʰunt	V;IMP;NEG;REFL;ABS(2,PL)	kʰuntsuŋsiŋ
kʰunt	V;IMP;POS;TR;ABS(2,DU);ERG(1,EXCL,DU)	kʰunt-um-ci
kʰunt	V;PRS;NEG;TR;ABS(1,INCL,PL);ERG(3,PL)	kʰuntsunuŋ
kʰunt	V;PRS;NEG;TR;ABS(2,PL);ERG(1,SG)	kʰunjiŋsiŋwa
kʰunt	V;PRS;NEG;TR;ABS(3,PL);ERG(1,INCL,DU)	kʰuntʰuciŋga
kʰunt	V;PRS;POS;TR;ABS(1,EXCL,DU);ERG(3,DU)	kʰuntdʒa̤kʰnusa
kʰunt	V;PRS;POS;TR;ABS(1,EXCL,PL);ERG(2,PL)	kʰuntsi
kʰunt	V;PRS;POS;TR;ABS(1,EXCL,PL);ERG(2,SG,FORM)	kʰunsuŋka
kʰunt	V;PRS;POS;TR;ABS(2,PL);ERG(3,PL)	kʰuntɨŋkʰu
kʰunt	V;PRS;POS;TR;ABS(2,SG);ERG(1,SG)	kʰuntakʰuka
kʰunt	V;PST;NEG;REFL;ABS(2,SG)	kʰuntung
kʰunt	V;PST;NEG;TR;ABS(1,EXCL,PL);ERG(2,DU)	kʰuntaɟiŋga
kʰunt	V;PST;NEG;TR;ABS(1,SG);ERG(3,SG)	kʰuntdiŋa
kʰunt	V;PST;NEG;TR;ABS(2,PL);ERG(3,DU)	kʰuntəktiŋdəyu
kʰunt	V;PST;NEG;TR;ABS(2,PL);ERG(3,PL)	kʰuntuluŋiŋca
kʰunt	V;PST;NEG;TR;ABS(3,PL);ERG(1,SG)	kʰunt-u-ŋ-kʰa
kʰunt	V;PST;NEG;TR;ABS(3,SG);ERG(3,DU)	kʰunttasiŋŋa
kʰunt	V;PST;POS;REFL;ABS(1,EXCL,PL)	kʰunsiŋdɤtɕʰa
kʰunt	V;PST;POS;TR;ABS(1,INCL,PL);ERG(3,DU)	kʰuntt͡ɕokʰa
kʰunt	V;PST;POS;TR;ABS(3,PL);ERG(1,SG)	kʰuntkʰa
kʰɛl	V;IMP;NEG;TR;ABS(2,DU);ERG(1,EXCL,DU)	kʰelləŋci
kʰɛl	V;IMP;POS;TR;ABS(2,PL);ERG(1,EXCL,PL)	kʰɛl-tɕʰī-ŋ-a
kʰɛl	V;PRS;NEG;TR;ABS(1,EXCL,PL);ERG(2,DU)	kʰelmamaŋa
kʰɛl	V;PRS;NEG;TR;ABS(2,SG);ERG(1,EXCL,PL)	kʰɛllasaŋo
kʰɛl	V;PRS;NEG;TR;ABS(3,PL);ERG(2,SG,FORM)	kʰɛllega
kʰɛl	V;PRS;NEG;TR;ABS(3,SG);ERG(1,SG)	kʰɛltasina
kʰɛl	V;PRS;POS;TR;ABS(1,EXCL,DU);ERG(2,DU)	kʰɛl-uŋ-ci-ka
kʰɛl	V;PRS;POS;TR;ABS(1,EXCL,PL);ERG(2,PL)	kʰɛl-s-a-ŋ-ay-ci
kʰɛl	V;PRS;POS;TR;ABS(3,DU);ERG(2,SG,FORM)	kʰɛlliŋamni
kʰɛl	V;PRS;POS;TR;ABS(3,DU);ERG(3,PL)	kʰɛl-u-ci-ŋ-cya-ŋa
kʰɛl	V;PRS;POS;TR;ABS(3,SG);ERG(3,SG)	kʰɛ́l-dɜ
kʰɛl	V;PST;NEG;TR;ABS(2,DU);ERG(1,EXCL,PL)	kʰɛllasaŋa
kʰɛl	V;PST;NEG;TR;ABS(3,DU);ERG(3,PL)	kʰɛl-u-ta-ŋ-a
kʰɛl	V;PST;NEG;TR;ABS(3,PL);ERG(3,PL)	kʰɛl-u-ta-ŋ-a-ci-s
kʰɛl	V;PST;POS;TR;ABS(1,INCL,DU);ERG(3,DU)	kʰɛlləŋkʰo
kʰɛl	V;PST;POS;TR;ABS(1,INCL,DU);ERG(3,SG)	kʰɛllasa
kʰɛl	V;PST;POS;TR;ABS(2,PL);ERG(3,PL)	kʰɛl-um-tɕi-Ø
kʰɛl	V;PST;POS;TR;ABS(3,PL);ERG(1,INCL,DU)	kʰɛl-si-ka-ci
kʰɛl	V;PST;POS;TR;ABS(3,PL);ERG(2,PL)	kʰɛllasa
kʰɛl	V;PST;POS;TR;ABS(3,SG);ERG(1,EXCL,PL)	kʰɛl-ŋai-c-a-ka
nott	V;IMP;POS;TR;ABS(2,DU);ERG(3,DU)	nottosŋa
nott	V;IMP;POS;TR;ABS(2,PL);ERG(1,EXCL,DU)	nəttɛsɐ
nott	V;PRS;NEG;TR;ABS(2,SG);ERG(1,EXCL,PL)	nottuŋka
nott	V;PRS;NEG;TR;ABS(3,DU);ERG(2,DU)	nottuŋsicha
nott	V;PRS;NEG;TR;ABS(3,DU);ERG(2,SG,FORM)	nottan-ka-y-en-to
nott	V;PRS;NEG;TR;ABS(3,DU);ERG(3,SG)	noŋoŋmi
nott	V;PRS;POS;TR;ABS(1,EXCL,DU);ERG(3,SG)	noʔ-ci
nott	V;PRS;POS;TR;ABS(1,SG);ERG(3,DU)	nottakha
nott	V;PRS;POS;TR;ABS(3,SG);ERG(1,EXCL,PL)	notsa
nott	V;PRS;POS;TR;ABS(3,SG);ERG(2,SG,FORM)	nottaŋka
nott	V;PRS;POS;TR;ABS(3,SG);ERG(3,DU)	notto-ciŋ-ka-n-ci
nott	V;PST;NEG;TR;ABS(1,INCL,DU);ERG(3,SG)	nottami
nott	V;PST;NEG;TR;ABS(3,SG);ERG(1,INCL,PL)	nottaka
nott	V;PST;NEG;TR;ABS(3,SG);ERG(3,DU)	nottaŋka
nott	V;PST;POS;TR;ABS(1,EXCL,DU);ERG(2,DU)	nottubhatsintsi
nott	V;PST;POS;TR;ABS(1,EXCL,PL);ERG(3,PL)	notluyu
nott	V;PST;POS;TR;ABS(1,INCL,PL);ERG(3,PL)	nottyaŋniŋ
nott	V;PST;POS;TR;ABS(1,SG);ERG(2,SG,FORM)	nottobangnga
nott	V;PST;POS;TR;ABS(3,DU);ERG(1,EXCL,DU)	nottyaŋa
nott	V;PST;POS;TR;ABS(3,DU);ERG(1,SG)	nott-a-ci-s-a-ŋ
nu	V;IMP;NEG;INTR;ABS(2,SG)	manuk
nu	V;PRS;NEG;INTR;ABS(1,EXCL,PL)	nunung
nu	V;PRS;NEG;INTR;ABS(1,INCL,DU)	nuŋnaŋkha
nu	V;PRS;NEG;INTR;ABS(1,INCL,PL)	nunupiːsi
nu	V;PRS;NEG;INTR;ABS(1,SG)	nanu
nu	V;PRS;NEG;INTR;ABS(3,PL)	nu-o-m-a-o-n
nu	V;PRS;NEG;INTR;ABS(3,SG)	nun-cɔ
nu	V;PRS;POS;INTR;ABS(1,EXCL,PL)	num-uŋ
nu	V;PRS;POS;INTR;ABS(1,INCL,DU)	nusik
nu	V;PRS;POS;INTR;ABS(2,PL)	nu-n-d-am
nu	V;PRS;POS;INTR;ABS(3,DU)	nuu
nu	V;PRS;POS;INTR;ABS(3,SG)	nusāyu
nu	V;PST;NEG;INTR;ABS(1,EXCL,DU)	nugiŋmula
nu	V;PST;NEG;INTR;ABS(1,INCL,PL)	numchi
nu	V;PST;NEG;INTR;ABS(2,SG)	nunusaŋ
nu	V;PST;NEG;INTR;ABS(3,DU)	numacaka
nu	V;PST;POS;INTR;ABS(1,INCL,PL)	nunuyuŋ
nu	V;PST;POS;INTR;ABS(3,DU)	nuŋo
nu	V;PST;POS;INTR;ABS(3,PL)	nuŋ
nu	V;PST;POS;INTR;ABS(3,SG)	nuŋa
nuk	V;IMP;POS;REFL;ABS(2,DU)	nukkʰimi
nuk	V;IMP;POS;TR;ABS(2,DU);ERG(1,EXCL,DU)	nuk ciŋ ci
nuk	V;IMP;POS;TR;ABS(2,DU);ERG(1,SG)	nungka
nuk	V;PRS;NEG;REFL;ABS(2,SG)	nunukma-niŋ
nuk	V;PRS;NEG;TR;ABS(1,EXCL,PL);ERG(3,PL)	nuŋmaŋkikha
nuk	V;PRS;POS;TR;ABS(2,DU);ERG(1,EXCL,DU)	nukmaŋiŋ
nuk	V;PRS;POS;TR;ABS(2,PL);ERG(1,EXCL,PL)	nuk-ca-tɕi
nuk	V;PRS;POS;TR;ABS(2,SG);ERG(1,EXCL,DU)	nukma
nuk	V;PRS;POS;TR;ABS(3,DU);ERG(1,EXCL,PL)	nunuga-ka-ca
nuk	V;PST;NEG;REFL;ABS(1,INCL,DU)	nuktcipka
nuk	V;PST;NEG;TR;ABS(1,EXCL,DU);ERG(2,PL)	nuk-ci-ka-m-sa
nuk	V;PST;NEG;TR;ABS(1,EXCL,DU);ERG(3,PL)	nunuka=cin
nuk	V;PST;NEG;TR;ABS(1,SG);ERG(3,DU)	nuŋkaŋnaŋ
nuk	V;PST;NEG;TR;ABS(2,SG);ERG(3,PL)	nukniŋan
nuk	V;PST;NEG;TR;ABS(3,DU);ERG(1,EXCL,PL)	nuk-ci-yu-ŋ-a
nuk	V;PST;POS;REFL;ABS(1,EXCL,PL)	nunga-ci-k-cā
nuk	V;PST;POS;TR;ABS(1,EXCL,DU);ERG(2,DU)	nung-ca-ci-ka-ci
nuk	V;PST;POS;TR;ABS(3,DU);ERG(3,PL)	nuŋ-či-ka-sŋ-a
nuk	V;PST;POS;TR;ABS(3,PL);ERG(3,DU)	nung-tṳ-ksy-ka-ci
nuk	V;PST;POS;TR;ABS(3,SG);ERG(1,SG)	nunce
nɛl	V;IMP;NEG;TR;ABS(2,PL);ERG(1,EXCL,PL)	nɛlma
nɛl	V;IMP;POS;TR;ABS(2,SG);ERG(1,SG)	nɛlnuŋ
nɛl	V;IMP;POS;TR;ABS(2,SG);ERG(3,SG)	nɛlla
nɛl	V;PRS;NEG;TR;ABS(2,SG);ERG(3,DU)	nɛlmiŋni
nɛl	V;PRS;NEG;TR;ABS(2,SG);ERG(3,PL)	nɛlujuŋ
nɛl	V;PRS;POS;TR;ABS(1,INCL,PL);ERG(3,SG)	nɛlɐmi
nɛl	V;PRS;POS;TR;ABS(2,SG);ERG(1,EXCL,DU)	nɛlʤiŋ
nɛl	V;PRS;POS;TR;ABS(3,DU);ERG(1,EXCL,PL)	nɛlciŋki
nɛl	V;PRS;POS;TR;ABS(3,PL);ERG(3,SG)	nɛl-u-ci-ŋa-p-t͡si-k-a
nɛl	V;PST;NEG;INTR;ABS(1,SG)	nanuŋa
nɛl	V;PST;NEG;TR;ABS(1,INCL,DU);ERG(3,PL)	nɛlbicitini
nɛl	V;PST;NEG;TR;ABS(1,INCL,DU);ERG(3,SG)	nɛllabʰoktcin
nɛl	V;PST;NEG;TR;ABS(1,INCL,PL);ERG(3,SG)	nɛllasŋa
nɛl	V;PST;NEG;TR;ABS(2,PL);ERG(1,EXCL,PL)	nɛlluŋa
nɛl	V;PST;NEG;TR;ABS(3,PL);ERG(2,DU)	neleklhetca
nɛl	V;PST;NEG;TR;ABS(3,SG);ERG(1,INCL,DU)	nɛlluŋa
nɛl	V;PST;NEG;TR;ABS(3,SG);ERG(1,INCL,PL)	nɛlmuniŋ
nɛl	V;PST;NEG;TR;ABS(3,SG);ERG(3,SG)	nɛlloso
nɛl	V;PST;POS;TR;ABS(1,EXCL,PL);ERG(3,PL)	nɛllɛraŋka
nɛl	V;PST;POS;TR;ABS(3,PL);ERG(2,SG,FORM)	nɛllasiŋgaʔka
paŋ	V;IMP;NEG;INTR;ABS(2,PL)	mapaŋni
paŋ	V;PRS;NEG;INTR;ABS(1,EXCL,PL)	papaŋuŋ
paŋ	V;PRS;NEG;INTR;ABS(1,INCL,DU)	paŋ-mə-ca-ci
paŋ	V;PRS;NEG;INTR;ABS(1,INCL,PL)	paŋmaŋo
paŋ	V;PRS;NEG;INTR;ABS(1,SG)	paŋŋoŋa
paŋ	V;PRS;NEG;INTR;ABS(2,PL)	papuŋto
paŋ	V;PRS;NEG;INTR;ABS(3,DU)	paŋmi
paŋ	V;PRS;NEG;INTR;ABS(3,SG)	paŋmɑt
paŋ	V;PRS;POS;INTR;ABS(1,EXCL,DU)	paŋ-ka-kaŋ-na-tsi-ka
paŋ	V;PRS;POS;INTR;ABS(1,INCL,DU)	पाङ्म
paŋ	V;PRS;POS;INTR;ABS(1,SG)	paŋaŋ
paŋ	V;PRS;POS;INTR;ABS(3,DU)	pãŋso
paŋ	V;PST;NEG;INTR;ABS(2,PL)	paŋmuniŋ
paŋ	V;PST;NEG;INTR;ABS(3,DU)	paŋ-m-a-sa
paŋ	V;PST;NEG;INTR;ABS(3,PL)	paŋŋaŋi
paŋ	V;PST;POS;INTR;ABS(2,DU)	paŋŋe
paŋ	V;PST;POS;INTR;ABS(2,PL)	paŋ-si-ga-ci
paŋ	V;PST;POS;INTR;ABS(2,SG)	paŋ-si-a-o
paŋ	V;PST;POS;INTR;ABS(3,DU)	paguŋe
paŋ	V;PST;POS;INTR;ABS(3,PL)	paŋiũ
pʰaŋt	V;IMP;NEG;TR;ABS(2,PL);ERG(3,SG)	pʰaŋtima
pʰaŋt	V;IMP;NEG;TR;ABS(2,SG);ERG(1,SG)	pʰaŋtaŋ
pʰaŋt	V;PRS;NEG;TR;ABS(1,EXCL,PL);ERG(2,PL)	pʰaŋt-ma-ŋ-te-i
pʰaŋt	V;PRS;NEG;TR;ABS(1,INCL,PL);ERG(3,SG)	pʰaŋt-cogo-nin-a
pʰaŋt	V;PRS;NEG;TR;ABS(3,SG);ERG(1,EXCL,PL)	pʰaŋt-o-ma
pʰaŋt	V;PRS;NEG;TR;ABS(3,SG);ERG(2,SG,FORM)	pʰaŋtaŋŋa
pʰaŋt	V;PRS;POS;TR;ABS(1,EXCL,PL);ERG(3,SG)	pʰaŋta
pʰaŋt	V;PRS;POS;TR;ABS(2,DU);ERG(1,EXCL,DU)	pʰapci
pʰaŋt	V;PRS;POS;TR;ABS(2,PL);ERG(1,EXCL,PL)	pʰaŋta
pʰaŋt	V;PRS;POS;TR;ABS(3,PL);ERG(2,DU)	pʰaŋtaŋka
pʰaŋt	V;PRS;POS;TR;ABS(3,SG);ERG(1,INCL,PL)	pʰaŋt-an-e-co
pʰaŋt	V;PRS;POS;TR;ABS(3,SG);ERG(2,SG,FORM)	pʰaŋtaŋka
pʰaŋt	V;PRS;POS;TR;ABS(3,SG);ERG(3,DU)	pʰaŋt-t-u-cin
pʰaŋt	V;PST;NEG;TR;ABS(1,EXCL,PL);ERG(3,SG)	pʰaŋt-cibu-ŋa
pʰaŋt	V;PST;NEG;TR;ABS(1,SG);ERG(3,DU)	pʰaŋt-c-uyu
pʰaŋt	V;PST;NEG;TR;ABS(3,DU);ERG(2,DU)	pʰaŋt-c-i-s-a-ŋ
pʰaŋt	V;PST;NEG;TR;ABS(3,PL);ERG(2,DU)	pʰaŋt-o-ci-ŋ-ga-i
pʰaŋt	V;PST;POS;TR;ABS(2,SG);ERG(3,SG)	pʰaŋtaŋ
pʰaŋt	V;PST;POS;TR;ABS(3,PL);ERG(2,DU)	khe-pʰaŋt-u
pʰaŋt	V;PST;POS;TR;ABS(3,SG);ERG(1,INCL,PL)	pʰaŋt-cis-a-ŋ-ko
pʰer	V;IMP;NEG;TR;ABS(2,PL);ERG(3,PL)	pʰerdokna
pʰer	V;IMP;POS;INTR;ABS(2,DU)	pʰerd̪u
pʰer	V;IMP;POS;TR;ABS(2,PL);ERG(3,PL)	pʰer-o-n-ci-ni
pʰer	V;PRS;NEG;INTR;ABS(3,SG)	pʰerinmɛ
pʰer	V;PRS;NEG;TR;ABS(1,EXCL,PL);ERG(3,SG)	pʰerɡeŋiŋ
pʰer	V;PRS;NEG;TR;ABS(3,SG);ERG(2,DU)	pʰerŋoŋɲcit
pʰer	V;PRS;NEG;TR;ABS(3,SG);ERG(2,PL)	pʰerimaŋa
pʰer	V;PRS;POS;TR;ABS(1,EXCL,DU);ERG(3,SG)	pʰerēchiŋ
pʰer	V;PRS;POS;TR;ABS(1,SG);ERG(2,PL)	pʰereŋka
pʰer	V;PST;NEG;TR;ABS(2,DU);ERG(1,EXCL,DU)	pʰergecikŋeŋ
pʰer	V;PST;NEG;TR;ABS(2,DU);ERG(3,SG)	pʰerbuŋkhim
pʰer	V;PST;NEG;TR;ABS(3,PL);ERG(1,SG)	pʰer-a-ŋ-ŋ-a-ci
pʰer	V;PST;NEG;TR;ABS(3,PL);ERG(3,SG)	pʰer-up-ci-ga
pʰer	V;PST;NEG;TR;ABS(3,SG);ERG(3,SG)	pʰeren-ci-t-ca
pʰer	V;PST;POS;INTR;ABS(3,DU)	pʰer-a-ci
pʰer	V;PST;POS;TR;ABS(1,INCL,PL);ERG(3,PL)	pʰer-a-c-ā-n-g-e
pʰer	V;PST;POS;TR;ABS(3,DU);ERG(2,PL)	pʰerd͡zeŋd͡ʑi
pʰer	V;PST;POS;TR;ABS(3,PL);ERG(1,SG)	pʰer-a-ŋ-ci
pʰer	V;PST;POS;TR;ABS(3,PL);ERG(3,PL)	pʰer-a-ŋ-ci-ŋ-o-ko-ci
pʰer	V;PST;POS;TR;ABS(3,SG);ERG(1,SG)	pʰer-a-ŋ-tɕha
pʰrɛpt	V;IMP;NEG;TR;ABS(2,PL);ERG(3,SG)	pʰrɛptʌmaŋka
pʰrɛpt	V;IMP;POS;TR;ABS(2,DU);ERG(1,EXCL,PL)	pʰrɛptisiŋɡa
pʰrɛpt	V;PRS;NEG;TR;ABS(1,EXCL,PL);ERG(2,PL)	pʰrɛptukuŋ
pʰrɛpt	V;PRS;NEG;TR;ABS(1,INCL,DU);ERG(3,SG)	mapʰrɛppicangay
pʰrɛpt	V;PRS;NEG;TR;ABS(2,PL);ERG(1,EXCL,PL)	pʰrɛptapiŋ
pʰrɛpt	V;PRS;NEG;TR;ABS(2,PL);ERG(3,SG)	pʰrep-t-o-t-si-ŋ-ka
pʰrɛpt	V;PRS;NEG;TR;ABS(3,DU);ERG(2,DU)	pʰrɛpt-na-nuŋ
pʰrɛpt	V;PRS;NEG;TR;ABS(3,PL);ERG(2,PL)	pʰrɛptumkə
pʰrɛpt	V;PRS;NEG;TR;ABS(3,SG);ERG(1,EXCL,DU)	pʰrɛpt-up-pi-ke-ka
pʰrɛpt	V;PRS;NEG;TR;ABS(3,SG);ERG(2,PL)	pʰrɛpt-te-ka-ki-si
pʰrɛpt	V;PRS;POS;TR;ABS(1,EXCL,PL);ERG(3,DU)	pʰrɛptapiŋɡa
pʰrɛpt	V;PRS;POS;TR;ABS(1,INCL,DU);ERG(3,SG)	pʰrɛptukʰim
pʰrɛpt	V;PRS;POS;TR;ABS(2,DU);ERG(3,DU)	pʰrɛpt-ɛ-m-ci-ŋ-ka
pʰrɛpt	V;PRS;POS;TR;ABS(2,PL);ERG(1,SG)	pʰrɛptunuŋ
pʰrɛpt	V;PRS;POS;TR;ABS(2,PL);ERG(3,SG)	pʰrɛptunuɡa
pʰrɛpt	V;PRS;POS;TR;ABS(3,DU);ERG(1,EXCL,PL)	pʰreptaɲciŋka
pʰrɛpt	V;PRS;POS;TR;ABS(3,DU);ERG(1,SG)	pʰrɛpt-na-si-ŋ-ka
pʰrɛpt	V;PST;NEG;TR;ABS(2,DU);ERG(3,SG)	pʰrɛptūŋcī
pʰrɛpt	V;PST;POS;TR;ABS(3,PL);ERG(2,SG,FORM)	pʰrɛpt-up-u-ci-ŋ-ka
pʰrɛpt	V;PST;POS;TR;ABS(3,SG);ERG(3,DU)	pʰrɛptupi
pʰɛm	V;IMP;NEG;INTR;ABS(2,PL)	pʰɛmdɯn
pʰɛm	V;IMP;POS;INTR;ABS(2,SG)	pʰɛmpi
pʰɛm	V;PRS;NEG;INTR;ABS(1,EXCL,DU)	pʰɛmdʑiŋuŋ
pʰɛm	V;PRS;NEG;INTR;ABS(1,EXCL,PL)	pʰɛmmaŋ
pʰɛm	V;PRS;NEG;INTR;ABS(1,SG)	pʰɛmude
pʰɛm	V;PRS;NEG;INTR;ABS(2,DU)	pʰɛmdin
pʰɛm	V;PRS;NEG;INTR;ABS(2,SG)	pʰempʰun
pʰɛm	V;PRS;POS;INTR;ABS(1,EXCL,PL)	pʰɛmkiŋ
pʰɛm	V;PRS;POS;INTR;ABS(2,DU)	pʰɛmd͡ʑiŋ
pʰɛm	V;PST;NEG;INTR;ABS(1,EXCL,PL)	pʰɛmberaŋ
pʰɛm	V;PST;NEG;INTR;ABS(1,SG)	mə-pʰɛm-a-ŋ
pʰɛm	V;PST;NEG;INTR;ABS(2,DU)	pʰɛmnaŋo
pʰɛm	V;PST;NEG;INTR;ABS(2,PL)	pʰɛms-a-ni-yu-ci
pʰɛm	V;PST;NEG;INTR;ABS(3,DU)	pʰɛmsinɡa
pʰɛm	V;PST;NEG;INTR;ABS(3,PL)	pʰɛmmasi
pʰɛm	V;PST;NEG;INTR;ABS(3,SG)	pʰɛmmasi
pʰɛm	V;PST;POS;INTR;ABS(1,INCL,DU)	pʰɛmnaŋ
pʰɛm	V;PST;POS;INTR;ABS(2,DU)	pʰɛmmulu
pʰɛm	V;PST;POS;INTR;ABS(2,SG)	pʰɛm-ba-cī-n-gāu
pʰɛm	V;PST;POS;INTR;ABS(3,SG)	pʰɛm-a
rekt	V;IMP;NEG;TR;ABS(2,DU);ERG(1,EXCL,DU)	rekma
rekt	V;IMP;NEG;TR;ABS(2,SG);ERG(3,SG)	arektam
rekt	V;IMP;POS;TR;ABS(2,PL);ERG(3,SG)	rektu
rekt	V;IMP;POS;TR;ABS(2,SG);ERG(3,SG)	roŋŋo
rekt	V;PRS;NEG;TR;ABS(1,EXCL,PL);ERG(3,PL)	rektaːkci
rekt	V;PRS;NEG;TR;ABS(2,DU);ERG(1,EXCL,PL)	rekhu-ca-ka
rekt	V;PRS;NEG;TR;ABS(3,DU);ERG(1,INCL,PL)	rektsicyaʔha
rekt	V;PRS;NEG;TR;ABS(3,PL);ERG(1,EXCL,PL)	rekciŋsi
rekt	V;PRS;POS;TR;ABS(1,EXCL,DU);ERG(3,PL)	rektɛyci
rekt	V;PRS;POS;TR;ABS(2,DU);ERG(3,PL)	rektakyu
rekt	V;PRS;POS;TR;ABS(3,SG);ERG(2,DU)	arekte
rekt	V;PST;NEG;TR;ABS(3,DU);ERG(3,SG)	rektak-ci-ng-a
rekt	V;PST;NEG;TR;ABS(3,PL);ERG(1,INCL,DU)	reks-im-ca-bik-ka-ci
rekt	V;PST;NEG;TR;ABS(3,PL);ERG(2,PL)	rektniŋ_ko
rekt	V;PST;NEG;TR;ABS(3,PL);ERG(3,DU)	retsim
rekt	V;PST;NEG;TR;ABS(3,PL);ERG(3,SG)	rektaga
rekt	V;PST;NEG;TR;ABS(3,SG);ERG(2,SG,FORM)	rekta niŋaŋ
rekt	V;PST;POS;TR;ABS(1,SG);ERG(2,PL)	rektas
rekt	V;PST;POS;TR;ABS(2,SG);ERG(1,EXCL,DU)	rektakha
rekt	V;PST;POS;TR;ABS(2,SG);ERG(1,EXCL,PL)	re:km-a:ɕ-i:ŋ
reŋt	V;IMP;NEG;TR;ABS(2,SG);ERG(3,DU)	reŋtipa
reŋt	V;IMP;POS;TR;ABS(2,PL);ERG(3,DU)	reŋt-o-ci-ŋa-t-o
reŋt	V;PRS;NEG;TR;ABS(1,EXCL,DU);ERG(3,PL)	reŋt-un-aŋ-ca
reŋt	V;PRS;NEG;TR;ABS(2,DU);ERG(1,EXCL,DU)	reŋtcoŋniŋde
reŋt	V;PRS;NEG;TR;ABS(2,DU);ERG(1,SG)	reŋ-t-s-əŋ-ci
reŋt	V;PRS;NEG;TR;ABS(3,DU);ERG(1,INCL,PL)	reŋt-u-cin-uŋ-kʰa
reŋt	V;PRS;NEG;TR;ABS(3,DU);ERG(2,SG,FORM)	reŋt-a-m-nin-ci
reŋt	V;PRS;POS;TR;ABS(1,EXCL,DU);ERG(2,PL)	reŋtūŋāni
reŋt	V;PRS;POS;TR;ABS(3,DU);ERG(1,EXCL,DU)	reŋdaŋgət
reŋt	V;PRS;POS;TR;ABS(3,DU);ERG(1,INCL,PL)	reŋt-ci-ŋ-ga
reŋt	V;PRS;POS;TR;ABS(3,DU);ERG(1,SG)	raŋtciŋka
reŋt	V;PRS;POS;TR;ABS(3,PL);ERG(1,SG)	reŋtcāhāŋ
reŋt	V;PST;NEG;TR;ABS(3,DU);ERG(1,EXCL,PL)	reŋtaŋŋut
reŋt	V;PST;NEG;TR;ABS(3,DU);ERG(2,PL)	reŋtang-sa-ka-ni
reŋt	V;PST;NEG;TR;ABS(3,DU);ERG(3,SG)	reŋtaŋma
reŋt	V;PST;NEG;TR;ABS(3,SG);ERG(1,SG)	reŋt-ci-ma-a
reŋt	V;PST;POS;TR;ABS(1,EXCL,PL);ERG(2,PL)	reŋtumu
reŋt	V;PST;POS;TR;ABS(1,SG);ERG(3,SG)	reŋt-ca-yu-ŋa-ta
reŋt	V;PST;POS;TR;ABS(3,DU);ERG(2,SG,FORM)	reŋtitga
reŋt	V;PST;POS;TR;ABS(3,SG);ERG(1,EXCL,DU)	reŋt ciŋka
ritt	V;IMP;NEG;TR;ABS(2,DU);ERG(1,SG)	rittuk-ngai
ritt	V;IMP;NEG;TR;ABS(2,SG);ERG(1,SG)	rittmaga
ritt	V;IMP;POS;TR;ABS(2,DU);ERG(3,SG)	ritta-niŋa
ritt	V;PRS;NEG;TR;ABS(1,EXCL,DU);ERG(3,DU)	rittung-ci-kā-nī
ritt	V;PRS;NEG;TR;ABS(2,PL);ERG(1,EXCL,PL)	rittimi
ritt	V;PRS;NEG;TR;ABS(3,PL);ERG(2,PL)	rittaŋocha
ritt	V;PRS;POS;TR;ABS(1,EXCL,PL);ERG(2,PL)	rits-a-ni-ci
ritt	V;PRS;POS;TR;ABS(1,SG);ERG(3,SG)	ritta
ritt	V;PRS;POS;TR;ABS(2,PL);ERG(3,SG)	ritta
ritt	V;PRS;POS;TR;ABS(2,SG);ERG(3,DU)	rittakmaca
ritt	V;PRS;POS;TR;ABS(3,PL);ERG(2,SG,FORM)	rittachi
ritt	V;PST;NEG;TR;ABS(1,INCL,DU);ERG(3,PL)	rittasibuks
ritt	V;PST;NEG;TR;ABS(1,INCL,PL);ERG(3,PL)	riwāŋāgai
ritt	V;PST;NEG;TR;ABS(1,SG);ERG(3,PL)	rittungma
ritt	V;PST;NEG;TR;ABS(2,SG);ERG(1,EXCL,DU)	rittuŋniŋ
ritt	V;PST;NEG;TR;ABS(2,SG);ERG(3,SG)	rittakgai
ritt	V;PST;POS;TR;ABS(2,DU);ERG(3,SG)	rittaŋ
ritt	V;PST;POS;TR;ABS(2,PL);ERG(1,EXCL,PL)	riʔcáaŋgəniŋ
ritt	V;PST;POS;TR;ABS(3,DU);ERG(1,EXCL,DU)	rit-cu-cin-na-kha
ritt	V;PST;POS;TR;ABS(3,SG);ERG(1,EXCL,PL)	rittiŋga
rol	V;IMP;NEG;TR;ABS(2,PL);ERG(3,DU)	roldzima
rol	V;IMP;NEG;TR;ABS(2,SG);ERG(3,DU)	roldhimsi
rol	V;IMP;POS;TR;ABS(2,DU);ERG(1,EXCL,DU)	rɔlasi
rol	V;PRS;NEG;TR;ABS(1,EXCL,DU);ERG(3,SG)	roluŋɡe
rol	V;PRS;NEG;TR;ABS(1,SG);ERG(3,DU)	rol-a-tshe-tɕi
rol	V;PRS;NEG;TR;ABS(2,DU);ERG(1,EXCL,PL)	rol-a-ne-ka-ci
rol	V;PRS;POS;TR;ABS(1,INCL,DU);ERG(3,DU)	roliŋci
rol	V;PRS;POS;TR;ABS(2,SG);ERG(1,EXCL,DU)	ro·lmə-ŋiŋ
rol	V;PRS;POS;TR;ABS(3,DU);ERG(3,PL)	ro:lmu
rol	V;PST;NEG;TR;ABS(1,EXCL,DU);ERG(2,SG,FORM)	rolmaŋ
rol	V;PST;NEG;TR;ABS(1,EXCL,DU);ERG(3,PL)	roldubung
rol	V;PST;NEG;TR;ABS(1,SG);ERG(3,PL)	rolb’yusyũ
rol	V;PST;NEG;TR;ABS(2,SG);ERG(1,EXCL,PL)	roldyanna
rol	V;PST;NEG;TR;ABS(2,SG);ERG(3,SG)	roldū-nā-tū
rol	V;PST;NEG;TR;ABS(3,PL);ERG(1,INCL,PL)	rulgaca
rol	V;PST;NEG;TR;ABS(3,PL);ERG(3,DU)	rolŋ-miśiŋ-ci
rol	V;PST;NEG;TR;ABS(3,SG);ERG(2,SG,FORM)	rot-tu-mu-ke
rol	V;PST;POS;TR;ABS(1,SG);ERG(2,PL)	rolkaŋa
rol	V;PST;POS;TR;ABS(3,DU);ERG(1,INCL,DU)	rollodang
rol	V;PST;POS;TR;ABS(3,SG);ERG(2,PL)	rolekha
rot	V;IMP;POS;TR;ABS(2,SG);ERG(1,EXCL,PL)	ra:t-ka:n-ci:
rot	V;PRS;NEG;TR;ABS(1,SG);ERG(2,DU)	ro’t-a-bha-nyet-chi-ka
rot	V;PRS;NEG;TR;ABS(2,DU);ERG(1,EXCL,DU)	rattukaa
rot	V;PRS;NEG;TR;ABS(2,DU);ERG(3,DU)	rot-si-ca-ma-cö
rot	V;PRS;NEG;TR;ABS(2,DU);ERG(3,PL)	rotnasa
rot	V;PRS;NEG;TR;ABS(3,SG);ERG(2,PL)	rottaŋka
rot	V;PRS;POS;TR;ABS(2,PL);ERG(1,EXCL,PL)	rotsim
rot	V;PRS;POS;TR;ABS(3,DU);ERG(3,SG)	rottaa
rot	V;PST;NEG;TR;ABS(1,EXCL,PL);ERG(3,PL)	rotta-mi-chā-ng-o-krā-ks-a
rot	V;PST;NEG;TR;ABS(2,PL);ERG(1,EXCL,DU)	roːc-m-a-a-n-ɨ-ŋ
rot	V;PST;NEG;TR;ABS(2,PL);ERG(3,SG)	rottaŋa
rot	V;PST;NEG;TR;ABS(3,PL);ERG(3,DU)	roksuŋnaci
rot	V;PST;POS;TR;ABS(1,EXCL,DU);ERG(2,DU)	rotsapka-ci
rot	V;PST;POS;TR;ABS(1,EXCL,DU);ERG(3,PL)	rokhabai
rot	V;PST;POS;TR;ABS(1,EXCL,DU);ERG(3,SG)	rotsu-lawa
rot	V;PST;POS;TR;ABS(1,INCL,PL);ERG(3,DU)	rotta
rot	V;PST;POS;TR;ABS(2,DU);ERG(3,PL)	rotaŋkha
rot	V;PST;POS;TR;ABS(2,SG);ERG(1,EXCL,PL)	rotta
rot	V;PST;POS;TR;ABS(3,PL);ERG(3,DU)	rotsaŋaŋ
rot	V;PST;POS;TR;ABS(3,SG);ERG(1,INCL,PL)	rotsiŋ
set	V;IMP;NEG;TR;ABS(2,DU);ERG(1,EXCL,DU)	mānnā-tə-kā-lo-ci-m
set	V;IMP;POS;TR;ABS(2,SG);ERG(3,DU)	si
set	V;IMP;POS;TR;ABS(2,SG);ERG(3,SG)	set
set	V;PRS;NEG;TR;ABS(1,INCL,DU);ERG(3,SG)	setŋa
set	V;PRS;NEG;TR;ABS(2,DU);ERG(3,DU)	metsenamsiŋ
set	V;PRS;NEG;TR;ABS(2,SG);ERG(3,PL)	sot-a-t-chi-yu-wa
set	V;PRS;NEG;TR;ABS(3,PL);ERG(2,DU)	satciŋnəm
set	V;PRS;POS;TR;ABS(1,EXCL,PL);ERG(2,SG,FORM)	satcaŋgɨn
set	V;PRS;POS;TR;ABS(1,INCL,DU);ERG(3,SG)	setcaŋa
set	V;PRS;POS;TR;ABS(1,SG);ERG(2,SG,FORM)	setsiiń
set	V;PST;NEG;TR;ABS(1,EXCL,PL);ERG(2,SG,FORM)	saenimbung
set	V;PST;NEG;TR;ABS(1,INCL,DU);ERG(3,DU)	satna̤ma
set	V;PST;POS;TR;ABS(1,INCL,DU);ERG(3,PL)	setsi
set	V;PST;POS;TR;ABS(2,PL);ERG(3,SG)	setsa
set	V;PST;POS;TR;ABS(2,SG);ERG(3,SG)	set-a-o-nã-gu-m
set	V;PST;POS;TR;ABS(3,DU);ERG(1,EXCL,PL)	sat-e-ci-ni-ŋ
set	V;PST;POS;TR;ABS(3,DU);ERG(3,DU)	set-ci-ŋ-ga
set	V;PST;POS;TR;ABS(3,PL);ERG(1,EXCL,DU)	si-cü-khaci-kaŋ
set	V;PST;POS;TR;ABS(3,PL);ERG(1,INCL,DU)	set-ci-sa-kai
set	V;PST;POS;TR;ABS(3,PL);ERG(2,PL)	setna
sit	V;IMP;NEG;TR;ABS(2,PL);ERG(3,PL)	phisipsa
sit	V;IMP;POS;TR;ABS(2,PL);ERG(3,PL)	sittü
sit	V;PRS;NEG;TR;ABS(1,EXCL,DU);ERG(2,SG,FORM)	sittənuŋka
sit	V;PRS;NEG;TR;ABS(1,EXCL,DU);ERG(3,DU)	phopcaŋnaŋka
sit	V;PRS;NEG;TR;ABS(2,DU);ERG(3,SG)	minukta
sit	V;PRS;NEG;TR;ABS(2,PL);ERG(1,EXCL,PL)	yakok-si-chi
sit	V;PRS;NEG;TR;ABS(3,DU);ERG(1,EXCL,DU)	phoksibung
sit	V;PRS;NEG;TR;ABS(3,DU);ERG(3,DU)	dudunima
sit	V;PRS;NEG;TR;ABS(3,SG);ERG(1,INCL,DU)	siur-ma-chi-ka-ngi
sit	V;PRS;POS;TR;ABS(1,EXCL,PL);ERG(2,PL)	sat-chi-nga
sit	V;PRS;POS;TR;ABS(2,SG);ERG(3,SG)	phutsuŋ
sit	V;PST;NEG;TR;ABS(1,EXCL,DU);ERG(2,SG,FORM)	chā-m-lo-ng-i
sit	V;PST;NEG;TR;ABS(1,EXCL,PL);ERG(3,PL)	/sitpka/
sit	V;PST;NEG;TR;ABS(2,DU);ERG(1,EXCL,DU)	ŋaŋkiciŋ
sit	V;PST;NEG;TR;ABS(2,DU);ERG(3,DU)	phaktuŋa
sit	V;PST;NEG;TR;ABS(2,PL);ERG(3,SG)	sikkha-gajo-ci-m
sit	V;PST;NEG;TR;ABS(3,DU);ERG(1,EXCL,DU)	nisibung
sit	V;PST;NEG;TR;ABS(3,DU);ERG(1,EXCL,PL)	si-u-ci-ŋ-ka-n-a-ka
sit	V;PST;NEG;TR;ABS(3,PL);ERG(3,SG)	/sit-s/-n-g-u-o-h/
sit	V;PST;POS;TR;ABS(2,PL);ERG(3,SG)	phiŋaasa
tɛm	V;PRS;NEG;TR;ABS(1,EXCL,PL);ERG(2,SG,FORM)	tɛmmiŋŋa
tɛm	V;PRS;NEG;TR;ABS(2,DU);ERG(1,EXCL,DU)	tɛmdukɐni
tɛm	V;PRS;NEG;TR;ABS(2,DU);ERG(3,PL)	tɛmmiːnimbun
tɛm	V;PRS;NEG;TR;ABS(2,PL);ERG(1,EXCL,DU)	tɛmcu:kto
tɛm	V;PRS;NEG;TR;ABS(2,PL);ERG(3,SG)	tɛmsanusi
tɛm	V;PRS;NEG;TR;ABS(3,DU);ERG(1,INCL,PL)	tɛmipmiŋ
tɛm	V;PRS;NEG;TR;ABS(3,PL);ERG(1,INCL,DU)	tɛm-y-u-ca-ka
tɛm	V;PRS;POS;TR;ABS(1,EXCL,PL);ERG(2,DU)	tɛmcaŋgeci
tɛm	V;PRS;POS;TR;ABS(1,EXCL,PL);ERG(3,DU)	tɛmiŋgɛ
tɛm	V;PRS;POS;TR;ABS(2,PL);ERG(1,SG)	tɛmmaɲci
tɛm	V;PRS;POS;TR;ABS(2,PL);ERG(3,PL)	tɛm-si-ci-ŋ-ni
tɛm	V;PRS;POS;TR;ABS(2,SG);ERG(3,PL)	tɛmsiŋŋa
tɛm	V;PRS;POS;TR;ABS(3,DU);ERG(3,DU)	tɛmlunuŋ
tɛm	V;PST;NEG;TR;ABS(3,DU);ERG(3,PL)	tɛmna-ci-ŋ-ka
tɛm	V;PST;NEG;TR;ABS(3,PL);ERG(2,SG,FORM)	tɛmnoŋŋas
tɛm	V;PST;POS;TR;ABS(1,EXCL,DU);ERG(2,PL)	tɛmtedɐs
tɛm	V;PST;POS;TR;ABS(1,INCL,DU);ERG(3,DU)	tɛm-si-ci-ŋka-ki-ci-ga
tɛm	V;PST;POS;TR;ABS(1,INCL,PL);ERG(3,DU)	tɛmkaŋoŋci
tɛm	V;PST;POS;TR;ABS(3,DU);ERG(1,INCL,DU)	tɛmɲumcicʰa
tɛm	V;PST;POS;TR;ABS(3,DU);ERG(2,PL)	tɛmmaŋnyu
tʰint	V;IMP;NEG;TR;ABS(2,DU);ERG(1,EXCL,DU)	tʰintimaŋni
tʰint	V;IMP;NEG;TR;ABS(2,DU);ERG(3,DU)	tʰintɕʰaɡɔlmul
tʰint	V;IMP;NEG;TR;ABS(2,PL);ERG(3,DU)	tʰintakpɐniŋ
tʰint	V;IMP;NEG;TR;ABS(2,SG);ERG(3,PL)	məntʰilŋu
tʰint	V;IMP;NEG;TR;ABS(2,SG);ERG(3,SG)	tʰintāma
tʰint	V;PRS;NEG;TR;ABS(1,SG);ERG(3,DU)	tʰintɨŋa
tʰint	V;PRS;NEG;TR;ABS(1,SG);ERG(3,SG)	tʰiŋtoŋaŋsawa
tʰint	V;PRS;NEG;TR;ABS(3,DU);ERG(1,INCL,PL)	tʰinɕiknaktɪs
tʰint	V;PRS;NEG;TR;ABS(3,DU);ERG(2,DU)	tʰintamisni
tʰint	V;PRS;NEG;TR;ABS(3,PL);ERG(3,SG)	tʰintum̥kɐt
tʰint	V;PRS;NEG;TR;ABS(3,SG);ERG(3,DU)	tʰintalaŋka
tʰint	V;PRS;POS;TR;ABS(1,EXCL,PL);ERG(3,SG)	tʰint-a-ko-chi-no
tʰint	V;PRS;POS;TR;ABS(1,INCL,PL);ERG(3,SG)	tʰintapciŋ
tʰint	V;PRS;POS;TR;ABS(1,SG);ERG(3,SG)	tãtã
tʰint	V;PST;NEG;TR;ABS(3,DU);ERG(2,PL)	tʰinɕuŋaŋ
tʰint	V;PST;NEG;TR;ABS(3,PL);ERG(2,DU)	tʰinmbokcihka
tʰint	V;PST;POS;TR;ABS(1,EXCL,DU);ERG(2,DU)	tʰintubanaŋka
tʰint	V;PST;POS;TR;ABS(3,DU);ERG(1,EXCL,DU)	tʰintumuŋo
tʰint	V;PST;POS;TR;ABS(3,DU);ERG(2,SG,FORM)	tʰint-m-i-ŋ
tʰint	V;PST;POS;TR;ABS(3,PL);ERG(3,SG)	tʰint-a-n-o-s-i
tʰol	V;IMP;NEG;TR;ABS(2,PL);ERG(1,EXCL,DU)	tʰokma
tʰol	V;IMP;NEG;TR;ABS(2,SG);ERG(3,PL)	tʰolmi
tʰol	V;PRS;NEG;TR;ABS(1,EXCL,DU);ERG(3,PL)	tʰolmi-ŋaⁿpɕi
tʰol	V;PRS;NEG;TR;ABS(1,SG);ERG(3,SG)	tʰollanŋa
tʰol	V;PRS;NEG;TR;ABS(2,DU);ERG(1,EXCL,DU)	tʰolŋetɕa
tʰol	V;PRS;POS;TR;ABS(1,EXCL,DU);ERG(3,SG)	tʰolbu
tʰol	V;PRS;POS;TR;ABS(1,INCL,DU);ERG(3,DU)	tʰolukijaŋ
tʰol	V;PRS;POS;TR;ABS(1,INCL,DU);ERG(3,PL)	tʰoldedʑutɕa
tʰol	V;PRS;POS;TR;ABS(1,SG);ERG(3,PL)	tʰol-da-e-ŋɐs-i
tʰol	V;PRS;POS;TR;ABS(3,DU);ERG(3,SG)	tʰolka
tʰol	V;PRS;POS;TR;ABS(3,PL);ERG(2,DU)	tʰol-o-mi-ntsi
tʰol	V;PST;NEG;TR;ABS(1,EXCL,DU);ERG(3,PL)	tʰolgaʔci
tʰol	V;PST;NEG;TR;ABS(2,PL);ERG(1,EXCL,DU)	tʰolmiɲci
tʰol	V;PST;NEG;TR;ABS(3,DU);ERG(1,INCL,DU)	tʰol-ma-t-no-ñ-ci
tʰol	V;PST;NEG;TR;ABS(3,SG);ERG(2,PL)	tʰolnuɟiŋka
tʰol	V;PST;POS;TR;ABS(1,EXCL,PL);ERG(2,DU)	tʰoldʑasani
tʰol	V;PST;POS;TR;ABS(1,INCL,PL);ERG(3,DU)	tʰol-uc-ciŋga
tʰol	V;PST;POS;TR;ABS(2,PL);ERG(3,SG)	tʰold͡ʑistumay
tʰol	V;PST;POS;TR;ABS(3,DU);ERG(1,INCL,PL)	tʰoliŋaŋ
tʰol	V;PST;POS;TR;ABS(3,DU);ERG(1,SG)	tʰolgaŋe
tʰɛpt	V;IMP;POS;TR;ABS(2,SG);ERG(3,DU)	tʰɛptukɔyin
tʰɛpt	V;PRS;NEG;TR;ABS(1,EXCL,PL);ERG(2,PL)	tʰɛpmiɲci
tʰɛpt	V;PRS;NEG;TR;ABS(3,DU);ERG(1,INCL,PL)	tʰɛptukɐŋka
tʰɛpt	V;PRS;NEG;TR;ABS(3,SG);ERG(1,INCL,DU)	tʰɛptukɡoŋŋin
tʰɛpt	V;PRS;POS;TR;ABS(1,EXCL,PL);ERG(3,SG)	tʰɛptakaŋ
tʰɛpt	V;PRS;POS;TR;ABS(2,DU);ERG(1,SG)	tʰɛptukɐŋ
tʰɛpt	V;PRS;POS;TR;ABS(2,PL);ERG(3,SG)	tʰɛptɛrbuɦɛlo
tʰɛpt	V;PRS;POS;TR;ABS(3,DU);ERG(1,INCL,PL)	tʰɛpt͡ɕi
tʰɛpt	V;PRS;POS;TR;ABS(3,SG);ERG(1,EXCL,PL)	tʰɛptsa
tʰɛpt	V;PRS;POS;TR;ABS(3,SG);ERG(1,INCL,DU)	tʰɛptcit-ci
tʰɛpt	V;PST;NEG;TR;ABS(1,EXCL,DU);ERG(3,PL)	tʰɛptɛktaŋ
tʰɛpt	V;PST;NEG;TR;ABS(1,INCL,DU);ERG(3,SG)	tʰɛpmiŋu
tʰɛpt	V;PST;NEG;TR;ABS(3,PL);ERG(2,SG,FORM)	tʰɛptunuŋ nɨ
tʰɛpt	V;PST;POS;TR;ABS(1,EXCL,DU);ERG(3,SG)	tʰɛptunuŋsa
tʰɛpt	V;PST;POS;TR;ABS(1,SG);ERG(3,DU)	tʰɛptunuŋkha
tʰɛpt	V;PST;POS;TR;ABS(2,PL);ERG(3,PL)	tʰɛpmiŋ
tʰɛpt	V;PST;POS;TR;ABS(3,DU);ERG(3,DU)	tʰɛptuknusu
tʰɛpt	V;PST;POS;TR;ABS(3,PL);ERG(1,EXCL,DU)	tʰɛpmiŋ
tʰɛpt	V;PST;POS;TR;ABS(3,PL);ERG(2,SG,FORM)	tʰɛpp-up-ci-sã
tʰɛpt	V;PST;POS;TR;ABS(3,SG);ERG(1,EXCL,PL)	tʰɛptunuŋ
wɛn	V;IMP;NEG;INTR;ABS(2,SG)	mawɛnmi
wɛn	V;IMP;POS;INTR;ABS(2,DU)	wɛndzi
wɛn	V;NFIN;POS;INTR	wɛ̀d-uŋ
wɛn	V;PRS;NEG;INTR;ABS(1,EXCL,DU)	wɛn-ka-ŋ-ci
wɛn	V;PRS;NEG;INTR;ABS(1,EXCL,PL)	woǹsiŋŋa
wɛn	V;PRS;NEG;INTR;ABS(1,INCL,DU)	wɛndukuŋ
wɛn	V;PRS;NEG;INTR;ABS(2,SG)	wɛ̃nŋuŋka
wɛn	V;PRS;NEG;INTR;ABS(3,DU)	wɛnmiŋ
wɛn	V;PRS;POS;INTR;ABS(1,EXCL,PL)	wɛna
wɛn	V;PRS;POS;INTR;ABS(1,INCL,PL)	wenə
wɛn	V;PRS;POS;INTR;ABS(3,DU)	wɛndu
wɛn	V;PRS;POS;INTR;ABS(3,PL)	wɛnnasi
wɛn	V;PST;NEG;INTR;ABS(1,INCL,DU)	wajaŋ-tsi
wɛn	V;PST;NEG;INTR;ABS(2,SG)	wɛn-ka-n-a-t-chi
wɛn	V;PST;POS;INTR;ABS(1,INCL,DU)	wɛn-ci-ŋ-gaŋ
wɛn	V;PST;POS;INTR;ABS(1,SG)	wɛnɑnugə
wɛn	V;PST;POS;INTR;ABS(2,PL)	wɛn-ge-t-ci
wɛn	V;PST;POS;INTR;ABS(2,SG)	wɛnnəŋ
wɛn	V;PST;POS;INTR;ABS(3,DU)	wɛndu
wɛn	V;PST;POS;INTR;ABS(3,SG)	wend-u
ɦip	V;IMP;NEG;TR;ABS(2,DU);ERG(1,EXCL,DU)	ɦipuŋa
ɦip	V;IMP;POS;TR;ABS(2,DU);ERG(3,SG)	ɦipgɨ
ɦip	V;PRS;NEG;TR;ABS(1,SG);ERG(2,SG,FORM)	hipkaŋga
ɦip	V;PRS;NEG;TR;ABS(3,SG);ERG(1,EXCL,DU)	ɦiɓnʤicɐ
ɦip	V;PRS;NEG;TR;ABS(3,SG);ERG(2,DU)	ɦiptoŋkasa
ɦip	V;PRS;NEG;TR;ABS(3,SG);ERG(3,SG)	ɦipsi
ɦip	V;PRS;POS;TR;ABS(1,EXCL,DU);ERG(2,DU)	ɦi-gɐ-kɐ-ci-ŋ-gɐ
ɦip	V;PRS;POS;TR;ABS(1,EXCL,PL);ERG(2,DU)	ɦiɓupca
ɦip	V;PRS;POS;TR;ABS(2,DU);ERG(1,SG)	ɦipta
ɦip	V;PST;NEG;TR;ABS(1,INCL,PL);ERG(3,SG)	mɛ́híptcō
ɦip	V;PST;NEG;TR;ABS(1,SG);ERG(3,DU)	ɦiptaloŋkasa
ɦip	V;PST;NEG;TR;ABS(2,SG);ERG(3,PL)	hiptcitkiŋa
ɦip	V;PST;NEG;TR;ABS(3,DU);ERG(3,DU)	ɦippʰukca
ɦip	V;PST;NEG;TR;ABS(3,PL);ERG(3,DU)	ɦip-cu-m-ŋa-tɕi-ni
ɦip	V;PST;NEG;TR;ABS(3,SG);ERG(1,EXCL,DU)	ɦipiŋaŋ
ɦip	V;PST;NEG;TR;ABS(3,SG);ERG(2,DU)	ɦipmi
ɦip	V;PST;POS;TR;ABS(1,EXCL,DU);ERG(3,PL)	ɦipciŋa
ɦip	V;PST;POS;TR;ABS(1,EXCL,PL);ERG(2,DU)	ɦiptimniŋ
ɦip	V;PST;POS;TR;ABS(1,EXCL,PL);ERG(3,DU)	ɦiɓoŋ
ɦip	V;PST;POS;TR;ABS(3,DU);ERG(2,PL)	ɦipnuka
ɦont	V;IMP;POS;TR;ABS(2,SG);ERG(3,SG)	honcici
ɦont	V;PRS;NEG;TR;ABS(1,EXCL,DU);ERG(2,DU)	ɦont-a-m-təm-ci
ɦont	V;PRS;NEG;TR;ABS(1,SG);ERG(2,DU)	ɦontkunuŋŋa
ɦont	V;PRS;NEG;TR;ABS(2,SG);ERG(3,SG)	ɦontsasa
ɦont	V;PRS;NEG;TR;ABS(3,DU);ERG(1,EXCL,DU)	ɦontuŋoŋɟi
ɦont	V;PRS;NEG;TR;ABS(3,DU);ERG(1,INCL,DU)	ɦontsiŋuŋka
ɦont	V;PRS;NEG;TR;ABS(3,DU);ERG(2,SG,FORM)	hoⁿpɕa
ɦont	V;PRS;NEG;TR;ABS(3,SG);ERG(1,SG)	ɦontɕaŋaŋ
ɦont	V;PRS;POS;TR;ABS(1,EXCL,PL);ERG(2,DU)	hoNtsiŋniŋqa
ɦont	V;PRS;POS;TR;ABS(2,PL);ERG(1,EXCL,DU)	honchiŋ
ɦont	V;PRS;POS;TR;ABS(2,PL);ERG(3,DU)	ɦont-si-ŋa-tɕi
ɦont	V;PRS;POS;TR;ABS(2,SG);ERG(1,EXCL,PL)	ɦontɨŋaŋ
ɦont	V;PRS;POS;TR;ABS(2,SG);ERG(3,DU)	hoŋtsasa
ɦont	V;PRS;POS;TR;ABS(3,PL);ERG(2,DU)	ɦonto-to-mi
ɦont	V;PST;NEG;TR;ABS(2,PL);ERG(3,PL)	ɦontuŋkuŋ
ɦont	V;PST;NEG;TR;ABS(2,SG);ERG(1,EXCL,PL)	ɦoncaŋna
ɦont	V;PST;NEG;TR;ABS(3,DU);ERG(1,EXCL,PL)	hoontacaa
ɦont	V;PST;POS;TR;ABS(2,SG);ERG(1,EXCL,DU)	ɦont-ci-ŋ-ka
ɦont	V;PST;POS;TR;ABS(3,PL);ERG(2,PL)	ɦonɟipca
ɦont	V;PST;POS;TR;ABS(3,SG);ERG(3,SG)	ɦont-a-si
ɦɛm	V;IMP;NEG;TR;ABS(2,PL);ERG(1,EXCL,DU)	ɦɛm-t-a-na-ma
ɦɛm	V;IMP;NEG;TR;ABS(2,SG);ERG(3,SG)	ɦɛmpʰuɦuŋa
ɦɛm	V;IMP;POS;TR;ABS(2,PL);ERG(3,SG)	ɦɛmdun
ɦɛm	V;PRS;NEG;TR;ABS(1,EXCL,DU);ERG(3,DU)	ɦɛmbuŋɟiŋŋa
ɦɛm	V;PRS;NEG;TR;ABS(1,SG);ERG(2,SG,FORM)	ɦɛm-l-a-ŋ-ŋa-ŋ
ɦɛm	V;PRS;NEG;TR;ABS(2,DU);ERG(1,EXCL,PL)	ɦɛmdukŋa
ɦɛm	V;PRS;NEG;TR;ABS(3,DU);ERG(1,EXCL,DU)	ɦɛmɲaːmŋa
ɦɛm	V;PRS;NEG;TR;ABS(3,DU);ERG(1,EXCL,PL)	məɦɛmdim
ɦɛm	V;PRS;NEG;TR;ABS(3,DU);ERG(1,INCL,DU)	ɦɛmdɯnaŋa
ɦɛm	V;PRS;NEG;TR;ABS(3,SG);ERG(2,SG,FORM)	ɦɛmtəmiŋ
ɦɛm	V;PRS;POS;TR;ABS(1,SG);ERG(2,PL)	ɦɛmkiŋŋa
ɦɛm	V;PRS;POS;TR;ABS(2,PL);ERG(3,DU)	mɛmsa
ɦɛm	V;PST;NEG;TR;ABS(1,INCL,PL);ERG(3,PL)	ɦɛmmaʔka
ɦɛm	V;PST;NEG;TR;ABS(1,SG);ERG(3,DU)	ɦɛmmiŋkasa
ɦɛm	V;PST;NEG;TR;ABS(3,DU);ERG(1,INCL,DU)	hɛmdʰiŋɡa
ɦɛm	V;PST;NEG;TR;ABS(3,SG);ERG(1,EXCL,DU)	ɦɛm-t-a-k-ci-ŋ-ka
ɦɛm	V;PST;POS;TR;ABS(1,EXCL,PL);ERG(2,DU)	ɦɛm-lɛd-ɟi-ci
ɦɛm	V;PST;POS;TR;ABS(1,INCL,DU);ERG(3,SG)	ɦɛmdɤmna
ɦɛm	V;PST;POS;TR;ABS(2,PL);ERG(1,EXCL,PL)	ɦɛmnaɦi
ɦɛm	V;PST;POS;TR;ABS(3,DU);ERG(2,PL)	ɦɛm-si-i-t-ci
ʔi	V;IMP;NEG;INTR;ABS(2,PL)	ʔihĩ
ʔi	V;IMP;NEG;INTR;ABS(2,SG)	mat-a-ʔi
ʔi	V;IMP;POS;INTR;ABS(2,DU)	ʔicʰa
ʔi	V;IMP;POS;INTR;ABS(2,SG)	ʔigo
ʔi	V;NFIN;POS;INTR	ʔis-ə
ʔi	V;PRS;NEG;INTR;ABS(1,EXCL,PL)	maʔin nɛ
ʔi	V;PRS;NEG;INTR;ABS(1,INCL,DU)	ʔiʔma
ʔi	V;PRS;NEG;INTR;ABS(1,INCL,PL)	ʔiⁿnaha
ʔi	V;PRS;NEG;INTR;ABS(2,SG)	ʔiŋgaŋ
ʔi	V;PRS;NEG;INTR;ABS(3,PL)	mɪʔiŋaʔ
ʔi	V;PRS;POS;INTR;ABS(1,EXCL,PL)	ʔicha
ʔi	V;PRS;POS;INTR;ABS(1,INCL,DU)	ʔiŋci
ʔi	V;PRS;POS;INTR;ABS(2,PL)	ʔinəka
ʔi	V;PRS;POS;INTR;ABS(2,SG)	ʔicʰi
ʔi	V;PRS;POS;INTR;ABS(3,PL)	ʔi
ʔi	V;PST;NEG;INTR;ABS(1,EXCL,PL)	ʔiːŋma
ʔi	V;PST;NEG;INTR;ABS(3,SG)	ʔisayu
ʔi	V;PST;POS;INTR;ABS(1,EXCL,PL)	ʔiksi
ʔi	V;PST;POS;INTR;ABS(1,SG)	ʔisə
ʔi	V;PST;POS;INTR;ABS(2,DU)	ʔisikay
ʔok	V;IMP;NEG;INTR;ABS(2,SG)	hoʔokpā
ʔok	V;NFIN;POS;INTR	ʔokto
ʔok	V;PRS;NEG;INTR;ABS(1,INCL,PL)	ʔokhannung
ʔok	V;PRS;NEG;INTR;ABS(2,DU)	ʔokmukuŋ
ʔok	V;PRS;NEG;INTR;ABS(2,PL)	ʔokmisi
ʔok	V;PRS;NEG;INTR;ABS(2,SG)	ʔoktoŋwa
ʔok	V;PRS;NEG;INTR;ABS(3,DU)	ʔoŋmaasi
ʔok	V;PRS;POS;INTR;ABS(1,INCL,DU)	ʔokka
ʔok	V;PRS;POS;INTR;ABS(1,INCL,PL)	ʔoK-ka-chi
ʔok	V;PRS;POS;INTR;ABS(2,DU)	ʔokkaʔtca
ʔok	V;PRS;POS;INTR;ABS(3,PL)	ʔokmɨ
ʔok	V;PRS;POS;INTR;ABS(3,SG)	ʔokkə
ʔok	V;PST;NEG;INTR;ABS(1,INCL,PL)	ʔoɡmakiŋna
ʔok	V;PST;NEG;INTR;ABS(2,DU)	ʔoksəni
ʔok	V;PST;NEG;INTR;ABS(2,PL)	ʔokasŋa
ʔok	V;PST;POS;INTR;ABS(1,EXCL,DU)	ʔok-t-ciŋa
ʔok	V;PST;POS;INTR;ABS(1,SG)	ʔokaŋ
ʔok	V;PST;POS;INTR;ABS(2,PL)	ʔokkhesa
ʔok	V;PST;POS;INTR;ABS(3,DU)	ʔoktʰaŋ
ʔok	V;PST;POS;INTR;ABS(3,SG)	ʔoksə
ʔont	V;IMP;NEG;TR;ABS(2,PL);ERG(1,EXCL,PL)	ʔonttaŋme
ʔont	V;IMP;POS;TR;ABS(2,DU);ERG(1,EXCL,PL)	ʔonto-ciyʔ-ka
ʔont	V;IMP;POS;TR;ABS(2,PL);ERG(3,SG)	ʔoncuŋ
ʔont	V;IMP;POS;TR;ABS(2,SG);ERG(3,SG)	ʔontuŋ
ʔont	V;PRS;NEG;TR;ABS(2,SG);ERG(3,SG)	ʔantʰaktci
ʔont	V;PRS;NEG;TR;ABS(3,DU);ERG(1,EXCL,PL)	ʔontsɨŋa
ʔont	V;PRS;NEG;TR;ABS(3,DU);ERG(2,DU)	ʔontoktaca
ʔont	V;PRS;NEG;TR;ABS(3,PL);ERG(3,DU)	ʔontuloŋtsaŋka
ʔont	V;PRS;NEG;TR;ABS(3,SG);ERG(3,SG)	ʔontubɔ
ʔont	V;PRS;POS;TR;ABS(1,EXCL,DU);ERG(2,DU)	ʔotɕaŋa
ʔont	V;PRS;POS;TR;ABS(1,EXCL,PL);ERG(2,PL)	ʔone-cip-ka-m
ʔont	V;PRS;POS;TR;ABS(1,SG);ERG(2,PL)	ʔoncaŋka
ʔont	V;PRS;POS;TR;ABS(1,SG);ERG(3,DU)	ʔonca
ʔont	V;PRS;POS;TR;ABS(3,DU);ERG(3,SG)	mop
ʔont	V;PRS;POS;TR;ABS(3,PL);ERG(1,EXCL,DU)	ʔontuŋci
ʔont	V;PST;NEG;TR;ABS(1,EXCL,PL);ERG(2,DU)	ʔontca-ci-s-ka-ŋ-c-ka
ʔont	V;PST;NEG;TR;ABS(1,SG);ERG(2,PL)	ʔontsaŋa
ʔont	V;PST;NEG;TR;ABS(3,DU);ERG(2,PL)	ʔondʑīŋa
ʔont	V;PST;POS;TR;ABS(2,SG);ERG(3,SG)	ʔonchaŋ
ʔont	V;PST;POS;TR;ABS(3,PL);ERG(2,SG,FORM)	ʔontoŋka
ʦik	V;IMP;NEG;INTR;ABS(2,PL)	mati-ʦik-pa
ʦik	V;NFIN;POS;INTR	ʦiksi
ʦik	V;PRS;NEG;INTR;ABS(1,EXCL,PL)	ʦik-ma-nani-tsə-ci
ʦik	V;PRS;NEG;INTR;ABS(1,SG)	ʦikma
ʦik	V;PRS;NEG;INTR;ABS(2,DU)	ʦiktuk
ʦik	V;PRS;NEG;INTR;ABS(2,SG)	ʦikma
ʦik	V;PRS;NEG;INTR;ABS(3,DU)	ʦikpʰukciŋ
ʦik	V;PRS;POS;INTR;ABS(1,EXCL,DU)	ʦiksi
ʦik	V;PRS;POS;INTR;ABS(1,EXCL,PL)	ʦikiŋt͡sʰi
ʦik	V;PRS;POS;INTR;ABS(1,INCL,PL)	ʦiknuŋ
ʦik	V;PRS;POS;INTR;ABS(2,SG)	ʦikwɛ
ʦik	V;PRS;POS;INTR;ABS(3,DU)	ʦikⁿgim
ʦik	V;PRS;POS;INTR;ABS(3,SG)	ʦirɛp
ʦik	V;PST;NEG;INTR;ABS(1,EXCL,DU)	ʦiknuŋkha
ʦik	V;PST;NEG;INTR;ABS(1,INCL,DU)	ʦik-mi-ŋ-tɕi
ʦik	V;PST;NEG;INTR;ABS(1,INCL,PL)	ʦiktasib
ʦik	V;PST;NEG;INTR;ABS(2,PL)	ʦik-bu-ɲɟi-ja
ʦik	V;PST;NEG;INTR;ABS(2,SG)	ʦik-m-i-ŋ
ʦik	V;PST;POS;INTR;ABS(1,EXCL,PL)	ʦiknãnu
ʦik	V;PST;POS;INTR;ABS(3,PL)	ʦikma
ʦir	V;IMP;NEG;TR;ABS(2,PL);ERG(3,DU)	ka-ʦir-ma-chi-na
ʦir	V;PRS;NEG;REFL;ABS(1,EXCL,DU)	ʦirci
ʦir	V;PRS;NEG;REFL;ABS(1,EXCL,PL)	ʦi-ma-ŋa-ta-na-ŋe
ʦir	V;PRS;NEG;REFL;ABS(1,INCL,DU)	ʦirelo
ʦir	V;PRS;NEG;TR;ABS(1,EXCL,DU);ERG(2,PL)	ʦir-o-ma-ci-ni-ŋ
ʦir	V;PRS;NEG;TR;ABS(3,PL);ERG(3,DU)	ʦirt-a-nɐ-u-ŋ-kɐ
ʦir	V;PRS;POS;TR;ABS(1,EXCL,DU);ERG(2,PL)	ʦiʔr-nø-g-n-ka
ʦir	V;PRS;POS;TR;ABS(2,DU);ERG(1,EXCL,DU)	ʦi-ci-ŋ-ka
ʦir	V;PRS;POS;TR;ABS(2,SG);ERG(1,EXCL,DU)	ʦiɖuŋka
ʦir	V;PRS;POS;TR;ABS(3,DU);ERG(1,INCL,PL)	ʦirtsi
ʦir	V;PRS;POS;TR;ABS(3,SG);ERG(1,EXCL,PL)	ʦi-ŋa-ŋ
ʦir	V;PRS;POS;TR;ABS(3,SG);ERG(3,PL)	ʦirtʰe
ʦir	V;PST;NEG;TR;ABS(2,DU);ERG(3,PL)	ʦitnamŋa
ʦir	V;PST;NEG;TR;ABS(3,DU);ERG(3,DU)	ʦirsaŋ-ci
ʦir	V;PST;NEG;TR;ABS(3,PL);ERG(3,DU)	ʦir-e-m-n-tɕi-ŋk-o
ʦir	V;PST;POS;TR;ABS(1,EXCL,DU);ERG(3,SG)	kat͡sirt͡ɕi
ʦir	V;PST;POS;TR;ABS(1,INCL,PL);ERG(3,DU)	ʦirtsanasa
ʦir	V;PST;POS;TR;ABS(1,SG);ERG(2,PL)	ʦirgɐŋ
ʦir	V;PST;POS;TR;ABS(1,SG);ERG(3,PL)	ʦirtoŋtci
ʦir	V;PST;POS;TR;ABS(3,PL);ERG(1,EXCL,PL)	ʦirt͡sʰiŋka
ʦʰop	V;IMP;NEG;TR;ABS(2,DU);ERG(3,SG)	ʦʰopmuŋ
ʦʰop	V;PRS;NEG;TR;ABS(1,EXCL,DU);ERG(3,SG)	ʦʰopmiŋgum
ʦʰop	V;PRS;NEG;TR;ABS(2,DU);ERG(1,EXCL,DU)	ŋa-s-i-wa-t
ʦʰop	V;PRS;NEG;TR;ABS(2,PL);ERG(1,EXCL,PL)	ʦʰɔpmiŋe
ʦʰop	V;PRS;NEG;TR;ABS(3,DU);ERG(2,SG,FORM)	ʦʰop-ma-naka-ŋ-ka
ʦʰop	V;PRS;NEG;TR;ABS(3,DU);ERG(3,PL)	ʦʰopmi
ʦʰop	V;PRS;POS;TR;ABS(1,EXCL,PL);ERG(2,DU)	ʦʰopsakaŋka
ʦʰop	V;PRS;POS;TR;ABS(1,EXCL,PL);ERG(2,PL)	ʦʰopmi
ʦʰop	V;PRS;POS;TR;ABS(1,INCL,PL);ERG(3,PL)	ʦʰopmi
ʦʰop	V;PRS;POS;TR;ABS(3,DU);ERG(3,PL)	ʦʰop-t-uŋ-ci-ka
ʦʰop	V;PRS;POS;TR;ABS(3,PL);ERG(1,INCL,PL)	ʦʰop-t-u-ca-i
ʦʰop	V;PRS;POS;TR;ABS(3,SG);ERG(1,INCL,PL)	ʦʰopmoʦʰi
ʦʰop	V;PRS;POS;TR;ABS(3,SG);ERG(3,SG)	ʦʰoptɕa
ʦʰop	V;PST;NEG;TR;ABS(1,EXCL,DU);ERG(2,SG,FORM)	məʦʰopciŋkɐnɐŋ
ʦʰop	V;PST;NEG;TR;ABS(3,DU);ERG(1,INCL,DU)	ʦʰop-ci-ŋ-g-a-ma-y-ga
ʦʰop	V;PST;NEG;TR;ABS(3,DU);ERG(3,PL)	ʦʰoɡuŋtsa
ʦʰop	V;PST;NEG;TR;ABS(3,PL);ERG(1,SG)	ʦʰoptɕaŋa
ʦʰop	V;PST;POS;TR;ABS(1,EXCL,PL);ERG(3,PL)	ʦʰopnaŋa
ʦʰop	V;PST;POS;TR;ABS(1,SG);ERG(2,PL)	ʦʰoptɐci
ʦʰop	V;PST;POS;TR;ABS(3,PL);ERG(3,SG)	ʦʰuptawa
ʦʰɛtt	V;IMP;NEG;REFL;ABS(2,PL)	ʦʰɛttɪŋmɔ
ʦʰɛtt	V;IMP;POS;TR;ABS(2,PL);ERG(1,EXCL,PL)	ʦʰetci
ʦʰɛtt	V;IMP;POS;TR;ABS(2,PL);ERG(1,SG)	ʦʰɛttasa
ʦʰɛtt	V;PRS;NEG;TR;ABS(1,EXCL,PL);ERG(3,SG)	ʦʰɛ́ttuma
ʦʰɛtt	V;PRS;POS;TR;ABS(1,EXCL,PL);ERG(3,DU)	ʦʰɛtteⁿtɕi
ʦʰɛtt	V;PRS;POS;TR;ABS(1,INCL,PL);ERG(3,PL)	ʦʰɛtt-um-iŋ-t-si-ka
ʦʰɛtt	V;PRS;POS;TR;ABS(2,DU);ERG(1,EXCL,PL)	ʦʰɛttk'a
ʦʰɛtt	V;PRS;POS;TR;ABS(2,SG);ERG(3,DU)	ʦʰɛttasa
ʦʰɛtt	V;PRS;POS;TR;ABS(3,DU);ERG(2,PL)	ʦʰɛttɯɲɟi
ʦʰɛtt	V;PRS;POS;TR;ABS(3,PL);ERG(3,PL)	ʦʰittimniŋ
ʦʰɛtt	V;PST;NEG;TR;ABS(1,INCL,PL);ERG(3,PL)	ʦʰɛttaŋ
ʦʰɛtt	V;PST;NEG;TR;ABS(3,SG);ERG(3,DU)	ʦʰɛttasa
ʦʰɛtt	V;PST;POS;REFL;ABS(1,EXCL,PL)	ʦʰɛttiŋnuŋ
ʦʰɛtt	V;PST;POS;TR;ABS(1,EXCL,DU);ERG(2,PL)	ʦʰɛtnaːŋ
ʦʰɛtt	V;PST;POS;TR;ABS(1,EXCL,PL);ERG(2,SG,FORM)	ʦʰɛtt-ni-ŋ
ʦʰɛtt	V;PST;POS;TR;ABS(1,SG);ERG(2,PL)	ʦʰɛttt-us-a-ka
ʦʰɛtt	V;PST;POS;TR;ABS(2,PL);ERG(3,PL)	ʦʰɛttsuŋ
ʦʰɛtt	V;PST;POS;TR;ABS(3,DU);ERG(3,PL)	ʦʰɛtʰaŋ
ʦʰɛtt	V;PST;POS;TR;ABS(3,PL);ERG(1,EXCL,DU)	ʦʰɛtt-ci-ŋga
ʦʰɛtt	V;PST;POS;TR;ABS(3,PL);ERG(1,INCL,PL)	ʦʰɛtt-im-ŋ-a-s-i
test acc Khaling 0.0
