adiníłdíín	V;IND;PFV;NOM(1,GRPL)	dééłdíínííł
adiníłdíín	V;IND;PFV;NOM(1,PL)	nidínółdííł
adiníłdíín	V;IND;PFV;NOM(1,SG)	déélP.
adiníłdíín	V;IND;PFV;NOM(2,GRPL)	diidíiłdį́į́ʼ
adiníłdíín	V;IND;PFV;NOM(2,PL)	niiłdííł
adiníłdíín	V;IND;PFV;NOM(2,SG)	ádoonííł
adiníłdíín	V;IND;PFV;NOM(3,GRPL)	ádiníłdííʼ
adiníłdíín	V;IND;PFV;NOM(3,PL)	adiníłdíjééʼ
adiníłdíín	V;IND;PFV;NOM(3,SG)	niníłdzid
adiníłdíín	V;IND;PFV;NOM(4,GRPL)	adiníłdííʼ
adiníłdíín	V;IND;PFV;NOM(4,PL)	dadínóoldíín
adiníłdíín	V;IND;PFV;NOM(4,SG)	diníłdííʼ
aheełtʼé	V;IND;PFV;NOM(1,GRPL)	daniheełtʼéégo
aheełtʼé	V;IND;PFV;NOM(1,PL)	daaheełtʼééʼ
aheełtʼé	V;IND;PFV;NOM(1,SG)	shil aheełtʼééʼ
aheełtʼé	V;IND;PFV;NOM(2,GRPL)	daʼahéełtʼééʼ
aheełtʼé	V;IND;PFV;NOM(2,PL)	nííheeltʼééʼ
aheełtʼé	V;IND;PFV;NOM(2,SG)	niheełtʼé
aheełtʼé	V;IND;PFV;NOM(3,GRPL)	aheełtʼééʼ
aheełtʼé	V;IND;PFV;NOM(3,PL)	aheełtʼééʼ
aheełtʼé	V;IND;PFV;NOM(3,SG)	aheełtʼééʼ
aheełtʼé	V;IND;PFV;NOM(4,GRPL)	nihideeltʼééʼ
aheełtʼé	V;IND;PFV;NOM(4,PL)	aheełtʼééʼ
aheełtʼé	V;IND;PFV;NOM(4,SG)	adiiheełtʼééʼ
diłhił	V;IND;PFV;NOM(1,GRPL)	déłhił
diłhił	V;IND;PFV;NOM(1,PL)	daʼíłhił
diłhił	V;IND;PFV;NOM(1,SG)	aadiłhił
diłhił	V;IND;PFV;NOM(2,GRPL)	da'adíłhił
diłhił	V;IND;PFV;NOM(2,PL)	adółhił
diłhił	V;IND;PFV;NOM(2,SG)	nidíłhił
diłhił	V;IND;PFV;NOM(3,GRPL)	doodiłhił
diłhił	V;IND;PFV;NOM(3,PL)	diłhiłgo
diłhił	V;IND;PFV;NOM(3,SG)	díłhił
diłhił	V;IND;PFV;NOM(4,GRPL)	ńdiłhiłgo
diłhił	V;IND;PFV;NOM(4,PL)	dadiłhił
diłhił	V;IND;PFV;NOM(4,SG)	nidookał
diʼil	V;IND;PFV;NOM(1,GRPL)	yidííʼį́į́ʼ
diʼil	V;IND;PFV;NOM(1,PL)	adidiiłdaal
diʼil	V;IND;PFV;NOM(1,SG)	níidiʼił
diʼil	V;IND;PFV;NOM(2,GRPL)	dííłʼįįł
diʼil	V;IND;PFV;NOM(2,PL)	diʼiijół
diʼil	V;IND;PFV;NOM(2,SG)	δίł
diʼil	V;IND;PFV;NOM(3,GRPL)	diikai
diʼil	V;IND;PFV;NOM(3,PL)	diʼiitłłáád
diʼil	V;IND;PFV;NOM(3,SG)	diʼiidą́ą́ʼ
diʼil	V;IND;PFV;NOM(4,GRPL)	dadiłkał
diʼil	V;IND;PFV;NOM(4,PL)	bidííleeh
diʼil	V;IND;PFV;NOM(4,SG)	diʼniil
hashké	V;IND;IPFV;NOM(1,GRPL)	hahashkééh
hashké	V;IND;IPFV;NOM(1,PL)	ńdahashké
hashké	V;IND;IPFV;NOM(1,SG)	nishké
hashké	V;IND;IPFV;NOM(2,GRPL)	néheshké
hashké	V;IND;IPFV;NOM(2,PL)	nihashkééh
hashké	V;IND;IPFV;NOM(2,SG)	níshkééh
hashké	V;IND;IPFV;NOM(3,GRPL)	hahashkeeh
hashké	V;IND;IPFV;NOM(3,PL)	hashkénígíí
hashké	V;IND;IPFV;NOM(3,SG)	hashkʼee
hashké	V;IND;IPFV;NOM(4,GRPL)	hashkéesgo
hashké	V;IND;IPFV;NOM(4,PL)	yishkééz
hashké	V;IND;IPFV;NOM(4,SG)	ashkééh
hashké	V;IND;PFV;NOM(1,GRPL)	daniishké
hashké	V;IND;PFV;NOM(1,PL)	hoshkeehgo
hashké	V;IND;PFV;NOM(1,SG)	shashké
hashké	V;IND;PFV;NOM(2,GRPL)	dahashkééjí
hashké	V;IND;PFV;NOM(2,PL)	dahshkeeh
hashké	V;IND;PFV;NOM(2,SG)	nistłééʼ
hashké	V;IND;PFV;NOM(3,GRPL)	yihashkééh
hashké	V;IND;PFV;NOM(3,PL)	dííshką́ą́ʼ
hashké	V;IND;PFV;NOM(3,SG)	yishké
hashké	V;IND;PFV;NOM(4,GRPL)	hashkeeníł'į́
hashké	V;IND;PFV;NOM(4,PL)	yoołch'į́į́h
hashké	V;IND;PFV;NOM(4,SG)	níshké
iildlóósh	V;IND;IPFV;NOM(1,GRPL)	éiildlóósh
iildlóósh	V;IND;IPFV;NOM(2,GRPL)	iidlóósh
iildlóósh	V;IND;IPFV;NOM(2,PL)	ahóółdlóósh
iildlóósh	V;IND;IPFV;NOM(2,SG)	néidlóósh
iildlóósh	V;IND;IPFV;NOM(3,PL)	iildlóósh
iildlóósh	V;IND;IPFV;NOM(3,SG)	yiildlóósh
iildlóósh	V;IND;IPFV;NOM(4,GRPL)	biidadil’óósh
iildlóósh	V;IND;IPFV;NOM(4,PL)	biidloh
iildlóósh	V;IND;PFV;NOM(1,GRPL)	chíildlóójík'eh
iildlóósh	V;IND;PFV;NOM(1,SG)	niidlosh
iildlóósh	V;IND;PFV;NOM(2,GRPL)	nihiildlóósh
iildlóósh	V;IND;PFV;NOM(2,PL)	óolooł
iildlóósh	V;IND;PFV;NOM(3,GRPL)	biidláázh
iildlóósh	V;IND;PFV;NOM(3,PL)	yiildlóósh
iildlóósh	V;IND;PFV;NOM(3,SG)	iidínéeshbéézh
iildlóósh	V;IND;PFV;NOM(4,PL)	iildlóóshígíí
iildlóósh	V;IND;PFV;NOM(4,SG)	iildlóóz
iildlóósh	V;IND;PROSP;NOM(1,PL)	díídlóós
iildlóósh	V;IND;PROSP;NOM(1,SG)	deeshdloosh
iildlóósh	V;IND;PROSP;NOM(2,SG)	niildlóósh
iildlóósh	V;IND;PROSP;NOM(3,PL)	iidídlóoshi
iildlóósh	V;IND;PROSP;NOM(4,PL)	iidlóósh
iizǫ́ǫ́s	V;IND;IPFV;NOM(1,GRPL)	deiizǫ́ǫ́si
iizǫ́ǫ́s	V;IND;IPFV;NOM(1,PL)	diiʼiiʼáázh
iizǫ́ǫ́s	V;IND;IPFV;NOM(1,SG)	niiǫ́ǫ́s
iizǫ́ǫ́s	V;IND;IPFV;NOM(2,GRPL)	níizǫ́ǫ́sh
iizǫ́ǫ́s	V;IND;IPFV;NOM(3,GRPL)	daheezǫ́ǫ́z
iizǫ́ǫ́s	V;IND;IPFV;NOM(3,SG)	iizǫ́ǫ́siigoo
iizǫ́ǫ́s	V;IND;IPFV;NOM(4,GRPL)	daahiiʼoł
iizǫ́ǫ́s	V;IND;IPFV;NOM(4,PL)	iizoozh
iizǫ́ǫ́s	V;IND;PFV;NOM(1,SG)	níʼíísǫ́ǫ́s
iizǫ́ǫ́s	V;IND;PFV;NOM(2,GRPL)	iizǫ́ǫ́sh
iizǫ́ǫ́s	V;IND;PFV;NOM(2,SG)	íínízį́į́ʼ
iizǫ́ǫ́s	V;IND;PFV;NOM(3,GRPL)	iizǫ́ǫ́z
iizǫ́ǫ́s	V;IND;PFV;NOM(3,SG)	iizǫ́ǫ́z
iizǫ́ǫ́s	V;IND;PFV;NOM(4,GRPL)	deezǫ́ǫ́z
iizǫ́ǫ́s	V;IND;PFV;NOM(4,SG)	siizǫ́ǫ́z
iizǫ́ǫ́s	V;IND;PROSP;NOM(1,PL)	da'iizǫ́ǫ́siigii
iizǫ́ǫ́s	V;IND;PROSP;NOM(1,SG)	nízǫ́ǫ́s
iizǫ́ǫ́s	V;IND;PROSP;NOM(2,GRPL)	da'ahwiizǫ́ǫ́sh
iizǫ́ǫ́s	V;IND;PROSP;NOM(3,GRPL)	daazǫ́ǫ́z doo
iizǫ́ǫ́s	V;IND;PROSP;NOM(3,SG)	yiizǫ́ǫ́s
iizǫ́ǫ́s	V;IND;PROSP;NOM(4,GRPL)	diizǫ́ǫ́s
iizǫ́ǫ́s	V;IND;PROSP;NOM(4,PL)	yideezǫ́ǫ́sííł
iizǫ́ǫ́s	V;IND;PROSP;NOM(4,SG)	yididooʼį́į́s
naadá	V;IND;IPFV;NOM(1,GRPL)	nii'nadaa
naadá	V;IND;IPFV;NOM(2,GRPL)	naadazeh
naadá	V;IND;IPFV;NOM(2,SG)	nanááhdá
naadá	V;IND;IPFV;NOM(3,GRPL)	nidaadá
naadá	V;IND;IPFV;NOM(4,SG)	naashdaał
naadá	V;IND;PFV;NOM(1,PL)	daazhdííłtá
naadá	V;IND;PFV;NOM(2,GRPL)	niheenaaʼDAAʼ
naadá	V;IND;PFV;NOM(2,PL)	nídaadání
naadá	V;IND;PFV;NOM(2,SG)	naneedzááʼ
naadá	V;IND;PFV;NOM(3,GRPL)	náádááʼ
naadá	V;IND;PFV;NOM(3,PL)	náádááʼígíí
naadá	V;IND;PFV;NOM(3,SG)	naadą́ą́ʼ
naadá	V;IND;PFV;NOM(4,GRPL)	nadááshchį́
naadá	V;IND;PFV;NOM(4,PL)	daazhdineeldą́ą́ʼ
naadá	V;IND;PFV;NOM(4,SG)	naadą́ą́ʼ
naadá	V;IND;PROSP;NOM(1,GRPL)	néidoołdał
naadá	V;IND;PROSP;NOM(1,PL)	niidoodááł
naadá	V;IND;PROSP;NOM(2,GRPL)	náhodoodááł
naadá	V;IND;PROSP;NOM(2,SG)	náodááh
naadá	V;IND;PROSP;NOM(3,GRPL)	danaadáádoo
naadá	V;IND;PROSP;NOM(3,SG)	náhodoołtłʼaash
naadá	V;IND;PROSP;NOM(4,GRPL)	nidaʼdoogááł
naadá	V;IND;PROSP;NOM(4,PL)	nideedáa doo
naaljooł	V;IND;IPFV;NOM(1,GRPL)	ni'ałjooł
naaljooł	V;IND;IPFV;NOM(1,PL)	daʼníłjooł
naaljooł	V;IND;IPFV;NOM(1,SG)	nishoold
naaljooł	V;IND;IPFV;NOM(2,GRPL)	nináhootʼaash
naaljooł	V;IND;IPFV;NOM(2,PL)	náníjooł
naaljooł	V;IND;IPFV;NOM(3,GRPL)	danáljooł
naaljooł	V;IND;IPFV;NOM(3,SG)	nááljóół
naaljooł	V;IND;IPFV;NOM(4,GRPL)	nááłjooł
naaljooł	V;IND;IPFV;NOM(4,PL)	náánljool
naaljooł	V;IND;PFV;NOM(1,GRPL)	bidaaljooł
naaljooł	V;IND;PFV;NOM(1,SG)	níljoł
naaljooł	V;IND;PFV;NOM(2,GRPL)	danáljooł
naaljooł	V;IND;PFV;NOM(2,PL)	nináánóhkał
naaljooł	V;IND;PFV;NOM(3,GRPL)	naazhjool
naaljooł	V;IND;PFV;NOM(3,PL)	deizhjooł
naaljooł	V;IND;PFV;NOM(4,PL)	deijooł
naaljooł	V;IND;PFV;NOM(4,SG)	náánáánjool
naaljooł	V;IND;PROSP;NOM(1,GRPL)	daaljoł
naaljooł	V;IND;PROSP;NOM(2,PL)	nááłjooł
naaljooł	V;IND;PROSP;NOM(3,PL)	nááljoołgo
naaljooł	V;IND;PROSP;NOM(3,SG)	nááljooł
naaljooł	V;IND;PROSP;NOM(4,GRPL)	binaaljooł
naaljooł	V;IND;PROSP;NOM(4,PL)	naaljoołówii
naamaas	V;IND;IPFV;NOM(1,GRPL)	diłnaamaas
naamaas	V;IND;IPFV;NOM(1,PL)	nihiłna'amaas
naamaas	V;IND;IPFV;NOM(1,SG)	nishaamaas
naamaas	V;IND;IPFV;NOM(2,PL)	dinohmaas
naamaas	V;IND;IPFV;NOM(3,PL)	danaamaas
naamaas	V;IND;IPFV;NOM(3,SG)	naamaas
naamaas	V;IND;IPFV;NOM(4,GRPL)	da'anaamaas
naamaas	V;IND;IPFV;NOM(4,PL)	danoohmaas
naamaas	V;IND;IPFV;NOM(4,SG)	náámáás
naamaas	V;IND;PFV;NOM(1,PL)	niheemaas
naamaas	V;IND;PFV;NOM(1,SG)	nanoolmaas
naamaas	V;IND;PFV;NOM(2,GRPL)	nihe'neemaas
naamaas	V;IND;PFV;NOM(3,GRPL)	nidaamaas
naamaas	V;IND;PFV;NOM(3,PL)	náádaasmaas
naamaas	V;IND;PFV;NOM(3,SG)	nímasV
naamaas	V;IND;PFV;NOM(4,GRPL)	ninaʼmáás
naamaas	V;IND;PROSP;NOM(1,PL)	da’níimáás
naamaas	V;IND;PROSP;NOM(1,SG)	shinaamaas
naamaas	V;IND;PROSP;NOM(2,SG)	nínímáàs
naamaas	V;IND;PROSP;NOM(3,SG)	níní'maaz
naamaas	V;IND;PROSP;NOM(4,PL)	doohanaamaas
naamaas	V;IND;PROSP;NOM(4,SG)	náábááh
naataz	V;IND;IPFV;NOM(1,GRPL)	béédííłtaʼ
naataz	V;IND;IPFV;NOM(1,SG)	nitaaz
naataz	V;IND;IPFV;NOM(2,GRPL)	nihítaaz
naataz	V;IND;IPFV;NOM(2,PL)	nahootaz
naataz	V;IND;IPFV;NOM(2,SG)	níwóózh
naataz	V;IND;IPFV;NOM(3,GRPL)	nandaaz
naataz	V;IND;IPFV;NOM(3,PL)	yídaʼastǫz
naataz	V;IND;IPFV;NOM(3,SG)	anaataz
naataz	V;IND;IPFV;NOM(4,PL)	naayeezh
naataz	V;IND;IPFV;NOM(4,SG)	naatʼazh
naataz	V;IND;PFV;NOM(1,SG)	nítʼááz
naataz	V;IND;PFV;NOM(2,GRPL)	naahtaz
naataz	V;IND;PFV;NOM(2,PL)	náshdááł
naataz	V;IND;PFV;NOM(2,SG)	níítaʼ
naataz	V;IND;PFV;NOM(3,GRPL)	danitaazgo
naataz	V;IND;PFV;NOM(3,PL)	daʼiinaał
naataz	V;IND;PFV;NOM(3,SG)	naataaz
naataz	V;IND;PROSP;NOM(1,GRPL)	dináánááťááz
naataz	V;IND;PROSP;NOM(2,GRPL)	náádaałchʼin
naataz	V;IND;PROSP;NOM(3,PL)	da'naaztaz
naataz	V;IND;PROSP;NOM(3,SG)	naanaaz
naataz	V;IND;PROSP;NOM(4,GRPL)	bééłnááʼnáátaał
naataz	V;IND;PROSP;NOM(4,SG)	binaʼadaazh
neitłeeh	V;IND;IPFV;NOM(1,GRPL)	dineitłeeh
neitłeeh	V;IND;IPFV;NOM(1,PL)	deitłeeh
neitłeeh	V;IND;IPFV;NOM(1,SG)	shneitłeeh
neitłeeh	V;IND;IPFV;NOM(2,GRPL)	niheenéitłeeh
neitłeeh	V;IND;IPFV;NOM(2,PL)	néitłeeh
neitłeeh	V;IND;IPFV;NOM(3,GRPL)	neitłeeh
neitłeeh	V;IND;IPFV;NOM(3,SG)	yishneitłeeh
neitłeeh	V;IND;IPFV;NOM(4,GRPL)	neitłeehgo
neitłeeh	V;IND;IPFV;NOM(4,PL)	daneitłeeh
neitłeeh	V;IND;IPFV;NOM(4,SG)	deitłeeh
neitłeeh	V;IND;PFV;NOM(1,PL)	da’iitłeeh
neitłeeh	V;IND;PFV;NOM(2,GRPL)	daneitłeeh
neitłeeh	V;IND;PFV;NOM(2,SG)	ninítłeeh
neitłeeh	V;IND;PFV;NOM(3,GRPL)	ńdaheezhéeł
neitłeeh	V;IND;PFV;NOM(4,SG)	neezhtłeeh
neitłeeh	V;IND;PROSP;NOM(1,GRPL)	deintłeeh
neitłeeh	V;IND;PROSP;NOM(1,PL)	neitłeeł
neitłeeh	V;IND;PROSP;NOM(2,PL)	níółéeh
neitłeeh	V;IND;PROSP;NOM(2,SG)	nínídléeh
neitłeeh	V;IND;PROSP;NOM(3,GRPL)	dineitłeeh
neitłeeh	V;IND;PROSP;NOM(4,GRPL)	néitłeeh
neitłeeh	V;IND;PROSP;NOM(4,PL)	dineitłeeh
neitłeeh	V;IND;PROSP;NOM(4,SG)	neitłeeł
neiłbąąs	V;IND;IPFV;NOM(1,GRPL)	déneiłbąąs
neiłbąąs	V;IND;IPFV;NOM(3,GRPL)	neiiłbąąs
neiłbąąs	V;IND;IPFV;NOM(3,PL)	dainiłbąąs
neiłbąąs	V;IND;IPFV;NOM(4,PL)	deiłibąąs
neiłbąąs	V;IND;PFV;NOM(1,GRPL)	néikaiłbąąs
neiłbąąs	V;IND;PFV;NOM(1,PL)	deiilbąął
neiłbąąs	V;IND;PFV;NOM(1,SG)	níłbąąs
neiłbąąs	V;IND;PFV;NOM(2,GRPL)	néiłbąąs
neiłbąąs	V;IND;PFV;NOM(2,PL)	niłbąąs
neiłbąąs	V;IND;PFV;NOM(2,SG)	neelbeeʼs
neiłbąąs	V;IND;PFV;NOM(3,GRPL)	néiíłbąąs
neiłbąąs	V;IND;PFV;NOM(3,PL)	néiiłbąąs
neiłbąąs	V;IND;PFV;NOM(3,SG)	neesébąąs
neiłbąąs	V;IND;PFV;NOM(4,GRPL)	néiiłbąąs
neiłbąąs	V;IND;PFV;NOM(4,SG)	neeshbąąs
neiłbąąs	V;IND;PROSP;NOM(1,PL)	diníiłbąąs
neiłbąąs	V;IND;PROSP;NOM(2,GRPL)	adoodaahłbąąs
neiłbąąs	V;IND;PROSP;NOM(2,PL)	neilbeehąąs
neiłbąąs	V;IND;PROSP;NOM(3,PL)	neidahółbąąs
neiłbąąs	V;IND;PROSP;NOM(3,SG)	neiiłbąąs
neiłbąąs	V;IND;PROSP;NOM(4,GRPL)	néiiłbąąsée
neiłbąąs	V;IND;PROSP;NOM(4,PL)	neidabąąs
neiłbąąs	V;IND;PROSP;NOM(4,SG)	ńdanoo’iłbąąs
neiłgizh	V;IND;IPFV;NOM(2,GRPL)	nił'eesh
neiłgizh	V;IND;IPFV;NOM(2,PL)	daʼohłgizh
neiłgizh	V;IND;IPFV;NOM(3,PL)	neidagizh
neiłgizh	V;IND;IPFV;NOM(3,SG)	neidííłgizh
neiłgizh	V;IND;IPFV;NOM(4,GRPL)	neikeezh
neiłgizh	V;IND;IPFV;NOM(4,SG)	nayiilgeeł
neiłgizh	V;IND;PFV;NOM(1,PL)	néiikéézgizh
neiłgizh	V;IND;PFV;NOM(1,SG)	níłgizh
neiłgizh	V;IND;PFV;NOM(2,GRPL)	deiłgizh
neiłgizh	V;IND;PFV;NOM(2,PL)	neélgéésh
neiłgizh	V;IND;PFV;NOM(2,SG)	niiłgizh
neiłgizh	V;IND;PFV;NOM(3,GRPL)	neilghizhgóogo
neiłgizh	V;IND;PFV;NOM(3,SG)	neiłgizH
neiłgizh	V;IND;PFV;NOM(4,SG)	neesghizhii
neiłgizh	V;IND;PROSP;NOM(1,GRPL)	neidaałgizh
neiłgizh	V;IND;PROSP;NOM(1,PL)	neiiłgiił
neiłgizh	V;IND;PROSP;NOM(2,GRPL)	neilkał
neiłgizh	V;IND;PROSP;NOM(2,PL)	daʼółgizh
neiłgizh	V;IND;PROSP;NOM(2,SG)	níłgizh
neiłgizh	V;IND;PROSP;NOM(3,GRPL)	neelgizh
neiłgizh	V;IND;PROSP;NOM(3,SG)	neeshłigizh
neiłgizh	V;IND;PROSP;NOM(4,GRPL)	neiiłgizih
neiłgizh	V;IND;PROSP;NOM(4,SG)	neeshłígizh
neiłmaas	V;IND;IPFV;NOM(1,SG)	neeshmaas
neiłmaas	V;IND;IPFV;NOM(2,GRPL)	ałkééʼneidoołmaas
neiłmaas	V;IND;IPFV;NOM(2,SG)	níłmáás
neiłmaas	V;IND;IPFV;NOM(3,GRPL)	neilmaas
neiłmaas	V;IND;IPFV;NOM(3,PL)	neilmaas
neiłmaas	V;IND;IPFV;NOM(3,SG)	neilmaas
neiłmaas	V;IND;IPFV;NOM(4,PL)	neilamáásí
neiłmaas	V;IND;IPFV;NOM(4,SG)	neiłmáásí
neiłmaas	V;IND;PFV;NOM(1,PL)	niilmaas
neiłmaas	V;IND;PFV;NOM(2,GRPL)	ałneiłmaas
neiłmaas	V;IND;PFV;NOM(2,PL)	niłmaas
neiłmaas	V;IND;PFV;NOM(2,SG)	niilmaas
neiłmaas	V;IND;PFV;NOM(3,GRPL)	neełmaas
neiłmaas	V;IND;PFV;NOM(3,PL)	deiłmaas
neiłmaas	V;IND;PFV;NOM(3,SG)	neélmaa'z
neiłmaas	V;IND;PFV;NOM(4,GRPL)	neilmaasii
neiłmaas	V;IND;PROSP;NOM(1,GRPL)	nihiłnaʼashmaas
neiłmaas	V;IND;PROSP;NOM(1,PL)	deiilmaas
neiłmaas	V;IND;PROSP;NOM(2,GRPL)	deidółmaas
neiłmaas	V;IND;PROSP;NOM(2,SG)	niłmaas
neiłmaas	V;IND;PROSP;NOM(3,GRPL)	neelmaas
neiłmaas	V;IND;PROSP;NOM(3,SG)	néíníłmaas
neiłmaas	V;IND;PROSP;NOM(4,SG)	dooneiłmaash da
neiłtseed	V;IND;IPFV;NOM(1,GRPL)	néłkił
neiłtseed	V;IND;IPFV;NOM(1,PL)	néiiłtseed
neiłtseed	V;IND;IPFV;NOM(2,GRPL)	daałtseed
neiłtseed	V;IND;IPFV;NOM(2,PL)	nééłtseed
neiłtseed	V;IND;IPFV;NOM(4,PL)	neheeltseed
neiłtseed	V;IND;IPFV;NOM(4,SG)	neeshłééł
neiłtseed	V;IND;PFV;NOM(1,GRPL)	neiniłtseed
neiłtseed	V;IND;PFV;NOM(1,PL)	neíníiłtseed
neiłtseed	V;IND;PFV;NOM(1,SG)	shiłneeltsąąd
neiłtseed	V;IND;PFV;NOM(2,GRPL)	deiłtseed
neiłtseed	V;IND;PFV;NOM(3,GRPL)	neelchííl
neiłtseed	V;IND;PFV;NOM(3,PL)	néikaii
neiłtseed	V;IND;PFV;NOM(3,SG)	neiłtseeʼdééʼ
neiłtseed	V;IND;PFV;NOM(4,GRPL)	biʼniiltsééʼ
neiłtseed	V;IND;PFV;NOM(4,PL)	deiłtseed
neiłtseed	V;IND;PROSP;NOM(1,GRPL)	neiiłtseed
neiłtseed	V;IND;PROSP;NOM(1,PL)	daʼniitseed
neiłtseed	V;IND;PROSP;NOM(1,SG)	shiłteed
neiłtseed	V;IND;PROSP;NOM(2,GRPL)	niłtseed
neiłtseed	V;IND;PROSP;NOM(2,SG)	nééłtseed
neiłtseed	V;IND;PROSP;NOM(3,PL)	neidatseed
neiłtseed	V;IND;PROSP;NOM(3,SG)	néiłtsééh
neiłtseed	V;IND;PROSP;NOM(4,SG)	neeshłeet
neiłtʼiʼ	V;IND;IPFV;NOM(1,GRPL)	deiłtʼį́
neiłtʼiʼ	V;IND;IPFV;NOM(1,PL)	neiildił
neiłtʼiʼ	V;IND;IPFV;NOM(2,GRPL)	neiłtʼiih
neiłtʼiʼ	V;IND;IPFV;NOM(3,GRPL)	neílzhish
neiłtʼiʼ	V;IND;IPFV;NOM(3,PL)	neitłʼih
neiłtʼiʼ	V;IND;IPFV;NOM(3,SG)	neiłtʼiʼ
neiłtʼiʼ	V;IND;IPFV;NOM(4,PL)	bichʼíníłtʼiʼ
neiłtʼiʼ	V;IND;PFV;NOM(1,GRPL)	néiiłtʼeʼ
neiłtʼiʼ	V;IND;PFV;NOM(1,SG)	néiiłtʼiʼ
neiłtʼiʼ	V;IND;PFV;NOM(2,GRPL)	nihełtʼiʼ
neiłtʼiʼ	V;IND;PFV;NOM(2,PL)	daʼohłtʼiʼ
neiłtʼiʼ	V;IND;PFV;NOM(2,SG)	náníłtʼiʼ
neiłtʼiʼ	V;IND;PFV;NOM(3,SG)	nełtʼeʼ
neiłtʼiʼ	V;IND;PFV;NOM(4,PL)	neiltał
neiłtʼiʼ	V;IND;PFV;NOM(4,SG)	neeshłtʼiʼ
neiłtʼiʼ	V;IND;PROSP;NOM(1,GRPL)	neiloołtʼiʼ
neiłtʼiʼ	V;IND;PROSP;NOM(1,PL)	nihiiłtʼiʼ
neiłtʼiʼ	V;IND;PROSP;NOM(1,SG)	níłtʼiʼ
neiłtʼiʼ	V;IND;PROSP;NOM(2,PL)	dooneiłtʼahgóó
neiłtʼiʼ	V;IND;PROSP;NOM(2,SG)	níłtʼiʼ
neiłtʼiʼ	V;IND;PROSP;NOM(3,PL)	neeltʼił
neiłtʼiʼ	V;IND;PROSP;NOM(4,PL)	nihiłtʼiʼígíí
neiłtʼiʼ	V;IND;PROSP;NOM(4,SG)	neeshłtʼiʼ
neiʼeesh	V;IND;IPFV;NOM(1,PL)	deiniikááh
neiʼeesh	V;IND;IPFV;NOM(1,SG)	néiʼeesh
neiʼeesh	V;IND;IPFV;NOM(2,GRPL)	ndooʼeeł
neiʼeesh	V;IND;IPFV;NOM(2,PL)	neiʼéesh
neiʼeesh	V;IND;IPFV;NOM(2,SG)	níʼeesh
neiʼeesh	V;IND;IPFV;NOM(3,PL)	néiiʼeesh
neiʼeesh	V;IND;IPFV;NOM(4,SG)	neesʼaash
neiʼeesh	V;IND;PFV;NOM(1,PL)	deiʼeesh
neiʼeesh	V;IND;PFV;NOM(1,SG)	nashiʼeesh
neiʼeesh	V;IND;PFV;NOM(2,GRPL)	noohʼeesh
neiʼeesh	V;IND;PFV;NOM(2,PL)	ní'éesh
neiʼeesh	V;IND;PFV;NOM(2,SG)	nííʼéesh
neiʼeesh	V;IND;PFV;NOM(3,GRPL)	deineiiʼeezh
neiʼeesh	V;IND;PFV;NOM(4,GRPL)	neil'eesh
neiʼeesh	V;IND;PROSP;NOM(1,GRPL)	neiiʼeesh
neiʼeesh	V;IND;PROSP;NOM(1,SG)	níʼeesh
neiʼeesh	V;IND;PROSP;NOM(2,GRPL)	neihidooshʼeesh
neiʼeesh	V;IND;PROSP;NOM(2,SG)	naninéesh
neiʼeesh	V;IND;PROSP;NOM(3,GRPL)	neelʼaash
neiʼeesh	V;IND;PROSP;NOM(3,PL)	neiiʼeesh
neiʼeesh	V;IND;PROSP;NOM(4,GRPL)	néiʼeesh
neiʼeesh	V;IND;PROSP;NOM(4,PL)	néiiʼeesh
neiʼeesh	V;IND;PROSP;NOM(4,SG)	naniʼeesh
noodǫ́ǫ́z	V;IND;PFV;NOM(1,GRPL)	déda'doodzįįł
noodǫ́ǫ́z	V;IND;PFV;NOM(1,PL)	nihoʼnoodǫ́ǫ́z
noodǫ́ǫ́z	V;IND;PFV;NOM(1,SG)	nílįi
noodǫ́ǫ́z	V;IND;PFV;NOM(2,GRPL)	danooldoozígíí
noodǫ́ǫ́z	V;IND;PFV;NOM(2,PL)	dohnoodǫ́ǫ́z
noodǫ́ǫ́z	V;IND;PFV;NOM(2,SG)	dinoodǫ́ǫ́z
noodǫ́ǫ́z	V;IND;PFV;NOM(3,GRPL)	níidoodǫ́ǫ́z
noodǫ́ǫ́z	V;IND;PFV;NOM(3,PL)	daniinoosdzid
noodǫ́ǫ́z	V;IND;PFV;NOM(3,SG)	deezdoodǫ́ǫ́z
noodǫ́ǫ́z	V;IND;PFV;NOM(4,GRPL)	yanooldǫǫz
noodǫ́ǫ́z	V;IND;PFV;NOM(4,PL)	binoondooz
noodǫ́ǫ́z	V;IND;PFV;NOM(4,SG)	ninoodzǫ́ǫ́z
yichʼid	V;IND;IPFV;NOM(1,GRPL)	daohíchʼįįh
yichʼid	V;IND;IPFV;NOM(1,SG)	nischʼid
yichʼid	V;IND;IPFV;NOM(2,GRPL)	yoołchʼił
yichʼid	V;IND;IPFV;NOM(2,PL)	yoołchʼid
yichʼid	V;IND;IPFV;NOM(3,GRPL)	yichʼídí
yichʼid	V;IND;IPFV;NOM(3,PL)	bichʼidi naháa
yichʼid	V;IND;IPFV;NOM(3,SG)	yichʼid
yichʼid	V;IND;IPFV;NOM(4,GRPL)	yichʼídał
yichʼid	V;IND;IPFV;NOM(4,SG)	yiníchʼı̨́ı̨́d
yichʼid	V;IND;PFV;NOM(1,SG)	yishchʼid
yichʼid	V;IND;PFV;NOM(2,GRPL)	yichʼiłgo
yichʼid	V;IND;PFV;NOM(2,PL)	yoołchid
yichʼid	V;IND;PFV;NOM(2,SG)	níníłchʼid
yichʼid	V;IND;PFV;NOM(3,GRPL)	yichʼiijh
yichʼid	V;IND;PFV;NOM(3,SG)	yichʼid
yichʼid	V;IND;PFV;NOM(4,PL)	yichʼidgo
yichʼid	V;IND;PROSP;NOM(1,GRPL)	yidoochʼos
yichʼid	V;IND;PROSP;NOM(1,PL)	déíníshchʼid
yichʼid	V;IND;PROSP;NOM(2,PL)	diikééh
yichʼid	V;IND;PROSP;NOM(2,SG)	nánooychʼid
yichʼid	V;IND;PROSP;NOM(3,GRPL)	yichʼid
yichʼid	V;IND;PROSP;NOM(3,SG)	yichʼid
yichʼid	V;IND;PROSP;NOM(4,PL)	yichʼid doo
yidiitsʼį́į́h	V;IND;IPFV;NOM(1,GRPL)	diiʼígíí
yidiitsʼį́į́h	V;IND;IPFV;NOM(1,PL)	biidiitsʼı̨́ı̨́h
yidiitsʼį́į́h	V;IND;IPFV;NOM(1,SG)	deeshwoł
yidiitsʼį́į́h	V;IND;IPFV;NOM(2,PL)	dohltsʼį́į́h
yidiitsʼį́į́h	V;IND;IPFV;NOM(2,SG)	nidiitsʼį́į́h
yidiitsʼį́į́h	V;IND;IPFV;NOM(3,SG)	yidiitsʼaah
yidiitsʼį́į́h	V;IND;IPFV;NOM(4,GRPL)	yidiitsʼaʼgońlį́
yidiitsʼį́į́h	V;IND;PFV;NOM(1,GRPL)	diitsʼaah
yidiitsʼį́į́h	V;IND;PFV;NOM(1,PL)	yidiidzaa
yidiitsʼį́į́h	V;IND;PFV;NOM(1,SG)	yishchʼį́į́ʼ
yidiitsʼį́į́h	V;IND;PFV;NOM(2,PL)	yooʼadasiitsʼą́ą́ʼ
yidiitsʼį́į́h	V;IND;PFV;NOM(2,SG)	nidiitsʼį́į́ʼ
yidiitsʼį́į́h	V;IND;PFV;NOM(3,GRPL)	yooltsʼííd
yidiitsʼį́į́h	V;IND;PFV;NOM(3,SG)	yooʼadoodzįįł
yidiitsʼį́į́h	V;IND;PFV;NOM(4,GRPL)	yidiiztsʼą́ą́ʼ
yidiitsʼį́į́h	V;IND;PFV;NOM(4,PL)	yideistsʼą́ą́ʼ
yidiitsʼį́į́h	V;IND;PFV;NOM(4,SG)	yidiiztsʼą́ą́ʼ
yidiitsʼį́į́h	V;IND;PROSP;NOM(1,GRPL)	didiitsʼį́į́ł
yidiitsʼį́į́h	V;IND;PROSP;NOM(1,SG)	nidistsʼį́į́ł
yidiitsʼį́į́h	V;IND;PROSP;NOM(2,GRPL)	nidideestsʼį́į́ł
yidiitsʼį́į́h	V;IND;PROSP;NOM(2,PL)	yideeshtsoh
yidiitsʼį́į́h	V;IND;PROSP;NOM(3,GRPL)	yidiidistsʼį́į́ł
yidiitsʼį́į́h	V;IND;PROSP;NOM(4,GRPL)	yidiidoohtsʼį́į́ł
yigeeh	V;IND;IPFV;NOM(1,GRPL)	yikah
yigeeh	V;IND;IPFV;NOM(1,SG)	shigan
yigeeh	V;IND;IPFV;NOM(2,GRPL)	yikeeh
yigeeh	V;IND;IPFV;NOM(2,SG)	níléeh
yigeeh	V;IND;IPFV;NOM(3,GRPL)	yijeeh
yigeeh	V;IND;IPFV;NOM(3,PL)	yikah
yigeeh	V;IND;IPFV;NOM(3,SG)	yigash
yigeeh	V;IND;IPFV;NOM(4,GRPL)	yíkááhaashgeeh
yigeeh	V;IND;IPFV;NOM(4,SG)	yigeeh
yigeeh	V;IND;PFV;NOM(1,GRPL)	ch'ínígiid
yigeeh	V;IND;PFV;NOM(1,PL)	yiyíígeeh
yigeeh	V;IND;PFV;NOM(2,GRPL)	ni'oh
yigeeh	V;IND;PFV;NOM(2,PL)	yoołgizh
yigeeh	V;IND;PFV;NOM(3,PL)	yigeed
yigeeh	V;IND;PFV;NOM(3,SG)	yiyiiłkééh
yigeeh	V;IND;PROSP;NOM(1,SG)	nínígeeh
yigeeh	V;IND;PROSP;NOM(2,GRPL)	yidoogéeh
yigeeh	V;IND;PROSP;NOM(3,GRPL)	yidoogéeł
yigeeh	V;IND;PROSP;NOM(3,PL)	yigeedooł
yigeeh	V;IND;PROSP;NOM(4,GRPL)	yigeeł
yigeeh	V;IND;PROSP;NOM(4,PL)	yideeh
yigeeh	V;IND;PROSP;NOM(4,SG)	yigeeh
yighááh	V;IND;IPFV;NOM(1,GRPL)	yoołghááh
yighááh	V;IND;IPFV;NOM(1,SG)	nínátʼash
yighááh	V;IND;IPFV;NOM(2,GRPL)	yooʼah
yighááh	V;IND;IPFV;NOM(2,PL)	doohkaah
yighááh	V;IND;IPFV;NOM(2,SG)	yoghááh
yighááh	V;IND;IPFV;NOM(3,PL)	yigááh
yighááh	V;IND;IPFV;NOM(3,SG)	yigááh
yighááh	V;IND;IPFV;NOM(4,GRPL)	yagahaago
yighááh	V;IND;IPFV;NOM(4,PL)	yigaahgo
yighááh	V;IND;PFV;NOM(1,GRPL)	yíkááh
yighááh	V;IND;PFV;NOM(1,PL)	yoo'ash
yighááh	V;IND;PFV;NOM(1,SG)	deeshghááh
yighááh	V;IND;PFV;NOM(2,GRPL)	yoháásh
yighááh	V;IND;PFV;NOM(3,GRPL)	yikah
yighááh	V;IND;PFV;NOM(4,GRPL)	yooʼaash
yighááh	V;IND;PFV;NOM(4,SG)	yigoshchał
yighááh	V;IND;PROSP;NOM(1,GRPL)	yidagééh
yighááh	V;IND;PROSP;NOM(1,PL)	diʼneelʼį́į́ł
yighááh	V;IND;PROSP;NOM(2,GRPL)	yohkááh
yighááh	V;IND;PROSP;NOM(3,PL)	daashighááh
yighááh	V;IND;PROSP;NOM(3,SG)	yigááł
yighááh	V;IND;PROSP;NOM(4,PL)	yidookah
yighááh	V;IND;PROSP;NOM(4,SG)	yigeeł
yigoh	V;IND;PFV;NOM(1,GRPL)	yidii'ees
yigoh	V;IND;PFV;NOM(1,PL)	yigochį́
yigoh	V;IND;PFV;NOM(1,SG)	násgoh
yigoh	V;IND;PFV;NOM(2,GRPL)	daohgoʼ
yigoh	V;IND;PFV;NOM(2,PL)	yookǫ́ǫ́h
yigoh	V;IND;PFV;NOM(2,SG)	níigoʼ
yigoh	V;IND;PFV;NOM(3,GRPL)	yigoh
yigoh	V;IND;PFV;NOM(3,PL)	gozgoh
yigoh	V;IND;PFV;NOM(3,SG)	yigohí
yigoh	V;IND;PFV;NOM(4,GRPL)	yigohgo
yigoh	V;IND;PFV;NOM(4,PL)	ndagooʼeeł naháztłʼahígíí
yigoh	V;IND;PFV;NOM(4,SG)	yizgo'
yijeeh	V;IND;IPFV;NOM(1,GRPL)	yiijeeh
yijeeh	V;IND;IPFV;NOM(1,PL)	yíjeeh
yijeeh	V;IND;IPFV;NOM(1,SG)	ńjéeh
yijeeh	V;IND;IPFV;NOM(2,GRPL)	yeejeeh
yijeeh	V;IND;IPFV;NOM(2,PL)	yohjeeh
yijeeh	V;IND;IPFV;NOM(3,PL)	yijeeh
yijeeh	V;IND;IPFV;NOM(3,SG)	yijeeh
yijeeh	V;IND;IPFV;NOM(4,PL)	yijéego
yijeeh	V;IND;IPFV;NOM(4,SG)	yijeeʼ
yijeeh	V;IND;PFV;NOM(1,PL)	yeejííł
yijeeh	V;IND;PFV;NOM(1,SG)	níléeh
yijeeh	V;IND;PFV;NOM(2,GRPL)	daʼohjeeh
yijeeh	V;IND;PFV;NOM(2,PL)	niijeeh
yijeeh	V;IND;PFV;NOM(3,PL)	yijeeh
yijeeh	V;IND;PFV;NOM(3,SG)	yizhjeeʼ
yijeeh	V;IND;PFV;NOM(4,SG)	yíjiih
yijeeh	V;IND;PROSP;NOM(1,GRPL)	bi’doonįįł
yijeeh	V;IND;PROSP;NOM(1,PL)	da'ijeeh
yijeeh	V;IND;PROSP;NOM(1,SG)	yishtłeeh
yijeeh	V;IND;PROSP;NOM(2,GRPL)	yoołjeeh
yijeeh	V;IND;PROSP;NOM(2,SG)	níjéeh
yijeeh	V;IND;PROSP;NOM(4,GRPL)	da’iijéeh
yijeeh	V;IND;PROSP;NOM(4,PL)	yijooł
yijį́į́ł	V;IND;PFV;NOM(1,GRPL)	deiijį́į́ł
yijį́į́ł	V;IND;PFV;NOM(1,PL)	'ánííł
yijį́į́ł	V;IND;PFV;NOM(1,SG)	shijį́į́ł
yijį́į́ł	V;IND;PFV;NOM(2,GRPL)	ndahjį́į́ł
yijį́į́ł	V;IND;PFV;NOM(2,PL)	dóhółjį́į́ł
yijį́į́ł	V;IND;PFV;NOM(2,SG)	níjį́į́ł
yijį́į́ł	V;IND;PFV;NOM(3,GRPL)	yiijį́į́ł
yijį́į́ł	V;IND;PFV;NOM(3,PL)	yijį́į́ł
yijį́į́ł	V;IND;PFV;NOM(3,SG)	yeejííł
yijį́į́ł	V;IND;PFV;NOM(4,GRPL)	yijį́į́ł
yijį́į́ł	V;IND;PFV;NOM(4,PL)	yijį́į́ł
yijį́į́ł	V;IND;PFV;NOM(4,SG)	yeejííł
yiltłʼééł	V;IND;PFV;NOM(1,GRPL)	deestłʼééł
yiltłʼééł	V;IND;PFV;NOM(1,PL)	yiiltłʼééł
yiltłʼééł	V;IND;PFV;NOM(1,SG)	yishitłʼééł
yiltłʼééł	V;IND;PFV;NOM(2,GRPL)	biłtłʼééł
yiltłʼééł	V;IND;PFV;NOM(2,PL)	yootłʼééł
yiltłʼééł	V;IND;PFV;NOM(2,SG)	niltłʼéél
yiltłʼééł	V;IND;PFV;NOM(3,GRPL)	yookał
yiltłʼééł	V;IND;PFV;NOM(3,PL)	yeeʼiltłʼeeł
yiltłʼééł	V;IND;PFV;NOM(3,SG)	yiltłʼéełgo
yiltłʼééł	V;IND;PFV;NOM(4,GRPL)	bitsiłtłʼééł
yiltłʼééł	V;IND;PFV;NOM(4,PL)	yeełtłʼéeł
yiltłʼééł	V;IND;PFV;NOM(4,SG)	yiltłʼéełgo
yilʼaah	V;IND;IPFV;NOM(1,PL)	bîil'aah
yilʼaah	V;IND;IPFV;NOM(1,SG)	yishʼaah
yilʼaah	V;IND;IPFV;NOM(2,GRPL)	nihee áda'ólta'
yilʼaah	V;IND;IPFV;NOM(2,PL)	ółʼaah
yilʼaah	V;IND;IPFV;NOM(2,SG)	nííl'aah
yilʼaah	V;IND;IPFV;NOM(3,GRPL)	yeeʼałbį́į́ʼ
yilʼaah	V;IND;IPFV;NOM(3,PL)	yiłʼaah
yilʼaah	V;IND;IPFV;NOM(4,GRPL)	yeeʼaah
yilʼaah	V;IND;IPFV;NOM(4,PL)	yiilʼaah
yilʼaah	V;IND;IPFV;NOM(4,SG)	yoołʼaah
yilʼaah	V;IND;PFV;NOM(1,GRPL)	yílʼaah
yilʼaah	V;IND;PFV;NOM(1,PL)	yiil'a'
yilʼaah	V;IND;PFV;NOM(2,GRPL)	deil'aah
yilʼaah	V;IND;PFV;NOM(2,PL)	nílʼaah
yilʼaah	V;IND;PFV;NOM(2,SG)	yoołchąął
yilʼaah	V;IND;PFV;NOM(3,GRPL)	yiiláahgo
yilʼaah	V;IND;PFV;NOM(3,PL)	yeeʼałbį́laaí
yilʼaah	V;IND;PFV;NOM(4,SG)	yiłʼá
yilʼaah	V;IND;PROSP;NOM(1,SG)	yi'niilaah
yilʼaah	V;IND;PROSP;NOM(2,PL)	doohinélʼaah da
yilʼaah	V;IND;PROSP;NOM(3,GRPL)	yiilʼaah
yilʼaah	V;IND;PROSP;NOM(4,PL)	yooʼał
yishood	V;IND;IPFV;NOM(1,GRPL)	yishood
yishood	V;IND;IPFV;NOM(1,PL)	daashood
yishood	V;IND;IPFV;NOM(1,SG)	yishood
yishood	V;IND;IPFV;NOM(2,GRPL)	yiishooł
yishood	V;IND;IPFV;NOM(2,PL)	bi<ctrl61>shooł
yishood	V;IND;IPFV;NOM(2,SG)	níshood
yishood	V;IND;IPFV;NOM(3,GRPL)	yishtsood
yishood	V;IND;IPFV;NOM(3,PL)	yishood
yishood	V;IND;IPFV;NOM(3,SG)	yishood
yishood	V;IND;IPFV;NOM(4,GRPL)	yishood
yishood	V;IND;IPFV;NOM(4,PL)	yishooł
yishood	V;IND;IPFV;NOM(4,SG)	yishooł
yishood	V;IND;PFV;NOM(1,GRPL)	deizhod
yishood	V;IND;PFV;NOM(1,PL)	déíshood
yishood	V;IND;PFV;NOM(1,SG)	yissood
yishood	V;IND;PFV;NOM(2,GRPL)	da'ohood
yishood	V;IND;PFV;NOM(2,PL)	shoodi
yishood	V;IND;PFV;NOM(2,SG)	níshood
yishood	V;IND;PFV;NOM(3,GRPL)	yishooł
yishood	V;IND;PFV;NOM(3,PL)	yishoodígíí
yishood	V;IND;PFV;NOM(3,SG)	yishood
yishood	V;IND;PFV;NOM(4,GRPL)	yishóód
yishood	V;IND;PFV;NOM(4,PL)	yiyootą́ą́ʼ
yishood	V;IND;PFV;NOM(4,SG)	yishooł
yishóósh	V;IND;IPFV;NOM(1,GRPL)	yishóósh
yishóósh	V;IND;IPFV;NOM(1,PL)	niheeshóósh
yishóósh	V;IND;IPFV;NOM(1,SG)	yishóósh
yishóósh	V;IND;IPFV;NOM(2,GRPL)	yishóóh
yishóósh	V;IND;IPFV;NOM(2,PL)	yoołgosh
yishóósh	V;IND;IPFV;NOM(2,SG)	diníshóósh
yishóósh	V;IND;IPFV;NOM(3,GRPL)	yishóósh
yishóósh	V;IND;IPFV;NOM(3,PL)	yishóósh
yishóósh	V;IND;IPFV;NOM(3,SG)	yishóósh
yishóósh	V;IND;IPFV;NOM(4,GRPL)	yishóósh
yishóósh	V;IND;IPFV;NOM(4,PL)	yishóósh
yishóósh	V;IND;IPFV;NOM(4,SG)	yishóósh
yishóósh	V;IND;PFV;NOM(1,GRPL)	yooʼatłóósh
yishóósh	V;IND;PFV;NOM(1,PL)	bidaashóósh
yishóósh	V;IND;PFV;NOM(1,SG)	nischóósh
yishóósh	V;IND;PFV;NOM(2,GRPL)	yoołtséésh
yishóósh	V;IND;PFV;NOM(2,PL)	yoołhóósh
yishóósh	V;IND;PFV;NOM(2,SG)	yishchąą́
yishóósh	V;IND;PFV;NOM(3,GRPL)	yashchínígíí
yishóósh	V;IND;PFV;NOM(3,PL)	yishooyeeʼ
yishóósh	V;IND;PFV;NOM(3,SG)	yishą́ą́sh
yishóósh	V;IND;PFV;NOM(4,GRPL)	yishóósh
yishóósh	V;IND;PFV;NOM(4,PL)	nóshóósh
yishóósh	V;IND;PFV;NOM(4,SG)	yishóochoz
yitłeeh	V;IND;IPFV;NOM(1,GRPL)	niitłeeh
yitłeeh	V;IND;IPFV;NOM(1,PL)	yoołhéeł
yitłeeh	V;IND;IPFV;NOM(1,SG)	yishtłeeh
yitłeeh	V;IND;IPFV;NOM(2,GRPL)	yi'oh
yitłeeh	V;IND;IPFV;NOM(2,PL)	nihiłtłeeh
yitłeeh	V;IND;IPFV;NOM(2,SG)	níitłeeh
yitłeeh	V;IND;IPFV;NOM(3,GRPL)	yitłeeh
yitłeeh	V;IND;IPFV;NOM(3,PL)	yitłeehgo
yitłeeh	V;IND;IPFV;NOM(3,SG)	yiłtłeeh
yitłeeh	V;IND;IPFV;NOM(4,GRPL)	yitłeehgo
yitłeeh	V;IND;IPFV;NOM(4,PL)	yitłeah
yitłeeh	V;IND;IPFV;NOM(4,SG)	yitłeeh
yitłeeh	V;IND;PFV;NOM(1,GRPL)	daʼooyitłeehígíí
yitłeeh	V;IND;PFV;NOM(1,PL)	yiitłéeh
yitłeeh	V;IND;PFV;NOM(1,SG)	níítłéeh
yitłeeh	V;IND;PFV;NOM(2,GRPL)	niheʼeesyitłééʼ
yitłeeh	V;IND;PFV;NOM(2,PL)	adóóléełígíí
yitłeeh	V;IND;PFV;NOM(2,SG)	niitłííʼ
yitłeeh	V;IND;PFV;NOM(3,GRPL)	yideetłeeh
yitłeeh	V;IND;PFV;NOM(3,PL)	yitłeehí
yitłeeh	V;IND;PFV;NOM(3,SG)	yootłeeh
yitłeeh	V;IND;PFV;NOM(4,GRPL)	yitłeehígíí
yitłeeh	V;IND;PFV;NOM(4,PL)	yitłeehí
yitłeeh	V;IND;PFV;NOM(4,SG)	yoołtłéeł
yiyiitsʼǫs	V;IND;IPFV;NOM(1,GRPL)	yiyiitsʼá̧a̧h
yiyiitsʼǫs	V;IND;IPFV;NOM(1,PL)	yideeltsoł
yiyiitsʼǫs	V;IND;IPFV;NOM(2,GRPL)	yoołtsʼoł
yiyiitsʼǫs	V;IND;IPFV;NOM(2,SG)	yiyiitsʼoosh
yiyiitsʼǫs	V;IND;IPFV;NOM(3,PL)	yihiistsʼǫ́ǫ́ʼ
yiyiitsʼǫs	V;IND;IPFV;NOM(4,SG)	néiiʼnił
yiyiitsʼǫs	V;IND;PFV;NOM(2,GRPL)	biłdííyoochʼą́ą́h
yiyiitsʼǫs	V;IND;PFV;NOM(2,PL)	nidiʼbitsʼǫ́s
yiyiitsʼǫs	V;IND;PFV;NOM(2,SG)	níyiitsʼos
yiyiitsʼǫs	V;IND;PFV;NOM(3,GRPL)	yiyiitsʼǫ́ǫ́z
yiyiitsʼǫs	V;IND;PFV;NOM(3,PL)	deiyiistsʼǫs
yiyiitsʼǫs	V;IND;PFV;NOM(3,SG)	yiyiistsʼǫ́ǫs
yiyiitsʼǫs	V;IND;PFV;NOM(4,GRPL)	yayiiltsxoos
yiyiitsʼǫs	V;IND;PFV;NOM(4,PL)	dééłtsʼoos
yiyiitsʼǫs	V;IND;PFV;NOM(4,SG)	yiyiitsił
yiyiitsʼǫs	V;IND;PROSP;NOM(1,GRPL)	yiyiitsʼooh
yiyiitsʼǫs	V;IND;PROSP;NOM(1,SG)	yiyiitsʼoosh
yiyiitsʼǫs	V;IND;PROSP;NOM(2,PL)	da'ohyiitsʼǫǫs
yiyiitsʼǫs	V;IND;PROSP;NOM(2,SG)	yidootsʼos
yiyiitsʼǫs	V;IND;PROSP;NOM(3,GRPL)	yiyiitsʼǫ́ǫ́ł
yiyiitsʼǫs	V;IND;PROSP;NOM(3,PL)	yiyiitsʼǫǫs
yiyiitsʼǫs	V;IND;PROSP;NOM(4,GRPL)	yiłníníiłtsʼǫǫs
yiyiitsʼǫs	V;IND;PROSP;NOM(4,SG)	yiyiitsʼǫ́ǫ́s
yiyiiłtsééh	V;IND;IPFV;NOM(1,GRPL)	yiyiiséeh
yiyiiłtsééh	V;IND;IPFV;NOM(1,PL)	yiiltsééh
yiyiiłtsééh	V;IND;IPFV;NOM(1,SG)	yishʼííłtsóóh
yiyiiłtsééh	V;IND;IPFV;NOM(2,GRPL)	yoołtsééh
yiyiiłtsééh	V;IND;IPFV;NOM(2,SG)	Yoołtséeh
yiyiiłtsééh	V;IND;IPFV;NOM(3,GRPL)	yiyiiłtseeh
yiyiiłtsééh	V;IND;IPFV;NOM(3,PL)	yiyiiłtséehígíí
yiyiiłtsééh	V;IND;IPFV;NOM(3,SG)	yiyiitsééh
yiyiiłtsééh	V;IND;IPFV;NOM(4,GRPL)	dayiiłtsééh
yiyiiłtsééh	V;IND;IPFV;NOM(4,SG)	yiyííłtsééh
yiyiiłtsééh	V;IND;PFV;NOM(1,PL)	yoołtsááʼ
yiyiiłtsééh	V;IND;PFV;NOM(1,SG)	yisááłtsééh
yiyiiłtsééh	V;IND;PFV;NOM(2,PL)	yoołtsééh
yiyiiłtsééh	V;IND;PFV;NOM(2,SG)	niiłtsą́ą́ʼ
yiyiiłtsééh	V;IND;PFV;NOM(3,SG)	yiyiiłtsą́
yiyiiłtsééh	V;IND;PFV;NOM(4,GRPL)	yoołtsą́ą́ʼ
yiyiiłtsééh	V;IND;PFV;NOM(4,PL)	éiłtsą́ą́ʼ
yiyiiłtsééh	V;IND;PFV;NOM(4,SG)	yiyiiséeł
yiyiiłtsééh	V;IND;PROSP;NOM(1,GRPL)	yidanołtsééh
yiyiiłtsééh	V;IND;PROSP;NOM(1,SG)	díídííłtsééh
yiyiiłtsééh	V;IND;PROSP;NOM(2,GRPL)	nihiłtsééh
yiyiiłtsééh	V;IND;PROSP;NOM(2,PL)	yoołtséeh
yiyiiłtsééh	V;IND;PROSP;NOM(4,GRPL)	yiyiłtseed
yiyiiłtsóóh	V;IND;IPFV;NOM(1,GRPL)	yideeltsóóh
yiyiiłtsóóh	V;IND;IPFV;NOM(1,PL)	da’ołtsooł
yiyiiłtsóóh	V;IND;IPFV;NOM(1,SG)	yishchǫǫh
yiyiiłtsóóh	V;IND;IPFV;NOM(2,GRPL)	yoołtsóóh
yiyiiłtsóóh	V;IND;IPFV;NOM(2,PL)	yiyiiłtsóóh
yiyiiłtsóóh	V;IND;IPFV;NOM(2,SG)	níłtsooz
yiyiiłtsóóh	V;IND;IPFV;NOM(3,GRPL)	yiyiiłtsóóh
yiyiiłtsóóh	V;IND;IPFV;NOM(3,PL)	yiyiiłtsóóh
yiyiiłtsóóh	V;IND;IPFV;NOM(3,SG)	yiyiiłtsóóh
yiyiiłtsóóh	V;IND;IPFV;NOM(4,GRPL)	bááyiiłtsóóh
yiyiiłtsóóh	V;IND;IPFV;NOM(4,PL)	yeeʼiiłtsoozgo
yiyiiłtsóóh	V;IND;IPFV;NOM(4,SG)	yootłóół
yiyiiłtsóóh	V;IND;PFV;NOM(1,GRPL)	yiitsooz
yiyiiłtsóóh	V;IND;PFV;NOM(1,PL)	dééltsą́ą́ʼ
yiyiiłtsóóh	V;IND;PFV;NOM(1,SG)	shiyiiłtsóół
yiyiiłtsóóh	V;IND;PFV;NOM(2,GRPL)	yoołtsóół
yiyiiłtsóóh	V;IND;PFV;NOM(2,PL)	da'ohsóo'
yiyiiłtsóóh	V;IND;PFV;NOM(2,SG)	níyíltsooz
yiyiiłtsóóh	V;IND;PFV;NOM(3,GRPL)	yoołtsóóh
yiyiiłtsóóh	V;IND;PFV;NOM(3,PL)	yeełę́ę́łtsóóh
yiyiiłtsóóh	V;IND;PFV;NOM(3,SG)	yiyiiłtsóóh
yiyiiłtsóóh	V;IND;PFV;NOM(4,GRPL)	bichʼįʼ yooʻółtsóóh
yiyiiłtsóóh	V;IND;PFV;NOM(4,PL)	yiyoołtsooz
yiyiiłtsóóh	V;IND;PFV;NOM(4,SG)	yiyiizooł
yiłchʼal	V;IND;IPFV;NOM(1,GRPL)	daʼiłchʼał
yiłchʼal	V;IND;IPFV;NOM(2,PL)	yiłchʼal
yiłchʼal	V;IND;IPFV;NOM(2,SG)	nináániłchʼął
yiłchʼal	V;IND;IPFV;NOM(3,SG)	yiłchʼał
yiłchʼal	V;IND;IPFV;NOM(4,GRPL)	yiłchʼałyéh
yiłchʼal	V;IND;IPFV;NOM(4,SG)	yoołchʼał
yiłchʼal	V;IND;PFV;NOM(1,GRPL)	deetłʼaash
yiłchʼal	V;IND;PFV;NOM(1,SG)	shiłchʼaj
yiłchʼal	V;IND;PFV;NOM(2,GRPL)	níłchʼal
yiłchʼal	V;IND;PFV;NOM(2,PL)	niłchʼaazh
yiłchʼal	V;IND;PFV;NOM(2,SG)	níłchʼal
yiłchʼal	V;IND;PFV;NOM(3,PL)	bichʼał
yiłchʼal	V;IND;PFV;NOM(3,SG)	yiłchʼaʼ
yiłchʼal	V;IND;PFV;NOM(4,GRPL)	yoołchʼal
yiłchʼal	V;IND;PFV;NOM(4,PL)	bááʼiłchʼal
yiłchʼal	V;IND;PFV;NOM(4,SG)	yiłchʼa
yiłchʼal	V;IND;PROSP;NOM(1,SG)	yiłchʼash
yiłchʼal	V;IND;PROSP;NOM(3,GRPL)	yeeʼiłchʼał
yiłchʼal	V;IND;PROSP;NOM(3,PL)	yádachʼał
yiłchʼal	V;IND;PROSP;NOM(3,SG)	yiiłchʼał
yiłchʼal	V;IND;PROSP;NOM(4,GRPL)	yidoołchʼał
yiłchʼal	V;IND;PROSP;NOM(4,PL)	yiłchʼalfah
yiłchʼal	V;IND;PROSP;NOM(4,SG)	yoołchʼał
yiłdin	V;IND;IPFV;NOM(1,GRPL)	yoołdin
yiłdin	V;IND;IPFV;NOM(1,PL)	déłdin
yiłdin	V;IND;IPFV;NOM(1,SG)	yishłdin
yiłdin	V;IND;IPFV;NOM(2,GRPL)	yoołdin
yiłdin	V;IND;IPFV;NOM(2,PL)	yiłdoh
yiłdin	V;IND;IPFV;NOM(2,SG)	nééłdą́ą́ʼ
yiłdin	V;IND;IPFV;NOM(3,GRPL)	yeełdinił
yiłdin	V;IND;IPFV;NOM(3,PL)	yiłdiní
yiłdin	V;IND;IPFV;NOM(3,SG)	yiłdił
yiłdin	V;IND;IPFV;NOM(4,GRPL)	yiłdijh
yiłdin	V;IND;IPFV;NOM(4,PL)	yiłdin
yiłdin	V;IND;IPFV;NOM(4,SG)	yiljindin
yiłdin	V;IND;PFV;NOM(1,GRPL)	deiłdéél
yiłdin	V;IND;PFV;NOM(1,PL)	yiłdinlóo
yiłdin	V;IND;PFV;NOM(1,SG)	yishłííł
yiłdin	V;IND;PFV;NOM(2,GRPL)	yiłdinígíí
yiłdin	V;IND;PFV;NOM(2,PL)	niłdíín
yiłdin	V;IND;PFV;NOM(2,SG)	niłdin
yiłdin	V;IND;PFV;NOM(3,GRPL)	yiłdidah
yiłdin	V;IND;PFV;NOM(3,SG)	yildin
yiłdin	V;IND;PFV;NOM(4,GRPL)	biłdoołdįįł
yiłdin	V;IND;PFV;NOM(4,PL)	yiłdiid
yiłdin	V;IND;PFV;NOM(4,SG)	yiłdeed
yiłhaał	V;IND;IPFV;NOM(1,GRPL)	yiłhał
yiłhaał	V;IND;IPFV;NOM(1,PL)	yiilghaał
yiłhaał	V;IND;IPFV;NOM(1,SG)	yishghaał
yiłhaał	V;IND;IPFV;NOM(2,GRPL)	níłhaał
yiłhaał	V;IND;IPFV;NOM(2,PL)	yiłkał
yiłhaał	V;IND;IPFV;NOM(2,SG)	niłhaał
yiłhaał	V;IND;IPFV;NOM(3,GRPL)	deiłhaał
yiłhaał	V;IND;IPFV;NOM(3,PL)	yiłhoł
yiłhaał	V;IND;IPFV;NOM(3,SG)	yiłhaal
yiłhaał	V;IND;IPFV;NOM(4,GRPL)	yoołhaał
yiłhaał	V;IND;IPFV;NOM(4,PL)	yeełhaał
yiłhaał	V;IND;IPFV;NOM(4,SG)	yiłhasoł
yiłhaał	V;IND;PFV;NOM(1,GRPL)	biłhaał
yiłhaał	V;IND;PFV;NOM(1,PL)	yiilzhaał
yiłhaał	V;IND;PFV;NOM(1,SG)	yishʼał
yiłhaał	V;IND;PFV;NOM(2,GRPL)	Biiłhaał
yiłhaał	V;IND;PFV;NOM(2,PL)	nihełhaał
yiłhaał	V;IND;PFV;NOM(2,SG)	níiłhał
yiłhaał	V;IND;PFV;NOM(3,GRPL)	yeeʼałhaał
yiłhaał	V;IND;PFV;NOM(3,PL)	yeełhaazh
yiłhaał	V;IND;PFV;NOM(3,SG)	yiłhaazh
yiłhaał	V;IND;PFV;NOM(4,GRPL)	yeeałhał
yiłhaał	V;IND;PFV;NOM(4,PL)	boodziłhaał
yiłhaał	V;IND;PFV;NOM(4,SG)	yiłhaaał
yiłnaad	V;IND;IPFV;NOM(1,GRPL)	néiilyaad
yiłnaad	V;IND;IPFV;NOM(1,PL)	yiłnaa
yiłnaad	V;IND;IPFV;NOM(1,SG)	yishłeeh
yiłnaad	V;IND;IPFV;NOM(2,SG)	yiłniinaał
yiłnaad	V;IND;IPFV;NOM(3,PL)	yiłnaadah
yiłnaad	V;IND;IPFV;NOM(4,GRPL)	yoolnaad
yiłnaad	V;IND;IPFV;NOM(4,PL)	yiłnaadnil
yiłnaad	V;IND;IPFV;NOM(4,SG)	yiłnaad
yiłnaad	V;IND;PFV;NOM(1,GRPL)	yiilnaad
yiłnaad	V;IND;PFV;NOM(1,PL)	yiłnaadnéE
yiłnaad	V;IND;PFV;NOM(1,SG)	yishʼnaad
yiłnaad	V;IND;PFV;NOM(2,SG)	nááníłnaad
yiłnaad	V;IND;PFV;NOM(3,GRPL)	biich’į’anootįįd
yiłnaad	V;IND;PFV;NOM(3,SG)	yiłnaa
yiłnaad	V;IND;PFV;NOM(4,GRPL)	yiłnaa
yiłnaad	V;IND;PFV;NOM(4,PL)	yoołnaa
yiłnaad	V;IND;PFV;NOM(4,SG)	yiłnaaʼgo baa nahwiiniilnííł
yiłnaad	V;IND;PROSP;NOM(1,PL)	daalnaad
yiłnaad	V;IND;PROSP;NOM(1,SG)	shiłnáásh
yiłnaad	V;IND;PROSP;NOM(2,PL)	ziłnaad
yiłnaad	V;IND;PROSP;NOM(3,GRPL)	yiłnáádoołíiłgo
yiłnaad	V;IND;PROSP;NOM(4,SG)	yiłnáad
yiłneʼ	V;IND;IPFV;NOM(1,GRPL)	yiłnééł
yiłneʼ	V;IND;IPFV;NOM(1,PL)	niłneʼ
yiłneʼ	V;IND;IPFV;NOM(1,SG)	yiłneʼ
yiłneʼ	V;IND;IPFV;NOM(2,GRPL)	yiłnaah
yiłneʼ	V;IND;IPFV;NOM(2,PL)	yiłneʼeh
yiłneʼ	V;IND;IPFV;NOM(2,SG)	níłneʼ
yiłneʼ	V;IND;IPFV;NOM(3,GRPL)	yiłneʼígíí
yiłneʼ	V;IND;IPFV;NOM(3,PL)	daʼałneʼ
yiłneʼ	V;IND;IPFV;NOM(3,SG)	yiłneʼ
yiłneʼ	V;IND;IPFV;NOM(4,GRPL)	yiłneʼ
yiłneʼ	V;IND;IPFV;NOM(4,PL)	yeeiłneʼ
yiłneʼ	V;IND;IPFV;NOM(4,SG)	yiłneʼ
yiłneʼ	V;IND;PFV;NOM(1,GRPL)	yiłne'é
yiłneʼ	V;IND;PFV;NOM(1,PL)	yiilneʼ
yiłneʼ	V;IND;PFV;NOM(1,SG)	shaałneʼ
yiłneʼ	V;IND;PFV;NOM(2,GRPL)	yiłneʼee
yiłneʼ	V;IND;PFV;NOM(2,PL)	níiłneʼ
yiłneʼ	V;IND;PFV;NOM(2,SG)	yiiniłneʼ
yiłneʼ	V;IND;PFV;NOM(3,GRPL)	yóóʼeʼełnééh
yiłneʼ	V;IND;PFV;NOM(3,PL)	yeełneʼ
yiłneʼ	V;IND;PFV;NOM(3,SG)	yiiłneʼ
yiłneʼ	V;IND;PFV;NOM(4,GRPL)	daʼoolneʼ
yiłneʼ	V;IND;PFV;NOM(4,PL)	iłneʼeʼ
yiłneʼ	V;IND;PFV;NOM(4,SG)	yiłneʼgo
yiłtin	V;IND;IPFV;NOM(1,GRPL)	néiłtį́
yiłtin	V;IND;IPFV;NOM(1,PL)	yoołtijh
yiłtin	V;IND;IPFV;NOM(1,SG)	yishłtin
yiłtin	V;IND;IPFV;NOM(2,GRPL)	ałtiniid
yiłtin	V;IND;IPFV;NOM(2,PL)	yiłtih
yiłtin	V;IND;IPFV;NOM(2,SG)	niłtin
yiłtin	V;IND;IPFV;NOM(3,GRPL)	yiłtindaash
yiłtin	V;IND;IPFV;NOM(3,PL)	yiłtį́
yiłtin	V;IND;IPFV;NOM(3,SG)	doołtłʼiizh
yiłtin	V;IND;IPFV;NOM(4,GRPL)	yiłtį́
yiłtin	V;IND;IPFV;NOM(4,PL)	yiltinóogo
yiłtin	V;IND;IPFV;NOM(4,SG)	yiłtin
yiłtin	V;IND;PFV;NOM(1,GRPL)	niiltał
yiłtin	V;IND;PFV;NOM(1,PL)	da'yiłtij
yiłtin	V;IND;PFV;NOM(1,SG)	shíníiłtin
yiłtin	V;IND;PFV;NOM(2,GRPL)	dołtseed
yiłtin	V;IND;PFV;NOM(2,PL)	niłtindoogee
yiłtin	V;IND;PFV;NOM(2,SG)	náyiłtin
yiłtin	V;IND;PFV;NOM(3,GRPL)	yoołtij
yiłtin	V;IND;PFV;NOM(3,PL)	yíłtin
yiłtin	V;IND;PFV;NOM(3,SG)	yíłtin
yiłtin	V;IND;PFV;NOM(4,GRPL)	oołtin
yiłtin	V;IND;PFV;NOM(4,PL)	yiłtą́ą́ʼ
yiłtin	V;IND;PFV;NOM(4,SG)	yiłtį́
yiłtsʼééh	V;IND;IPFV;NOM(1,GRPL)	yiłtsʼéeh
yiłtsʼééh	V;IND;IPFV;NOM(1,PL)	biłtsʼééh
yiłtsʼééh	V;IND;IPFV;NOM(1,SG)	yiłtsʼéeh
yiłtsʼééh	V;IND;IPFV;NOM(2,GRPL)	yoołtsʼéeh
yiłtsʼééh	V;IND;IPFV;NOM(2,PL)	yilohsą́ą́h
yiłtsʼééh	V;IND;IPFV;NOM(2,SG)	yiłtsʼéeh
yiłtsʼééh	V;IND;IPFV;NOM(3,GRPL)	yiłtsʼéehgo
yiłtsʼééh	V;IND;IPFV;NOM(3,PL)	yiłtsʼéehgo
yiłtsʼééh	V;IND;IPFV;NOM(3,SG)	yoołtsʼeeł
yiłtsʼééh	V;IND;IPFV;NOM(4,GRPL)	dayoołtsʼéeh
yiłtsʼééh	V;IND;IPFV;NOM(4,PL)	yeełtsʼíní
yiłtsʼééh	V;IND;IPFV;NOM(4,SG)	níłtsʼíh
yiłtsʼééh	V;IND;PFV;NOM(1,GRPL)	yoołtsʼeeł
yiłtsʼééh	V;IND;PFV;NOM(1,PL)	biłtsééhgo
yiłtsʼééh	V;IND;PFV;NOM(1,SG)	niiłtsʼééh
yiłtsʼééh	V;IND;PFV;NOM(2,GRPL)	daʼooltsʼéeł
yiłtsʼééh	V;IND;PFV;NOM(2,PL)	niłtsʼééhígíí
yiłtsʼééh	V;IND;PFV;NOM(2,SG)	yoołtsʼééł
yiłtsʼééh	V;IND;PFV;NOM(3,GRPL)	yeełtsą́
yiłtsʼééh	V;IND;PFV;NOM(3,PL)	yooʼeeltsą́ą́ʼ
yiłtsʼééh	V;IND;PFV;NOM(3,SG)	yiłtsʼááʼ
yiłtsʼééh	V;IND;PFV;NOM(4,GRPL)	yoołtsʼeeł
yiłtsʼééh	V;IND;PFV;NOM(4,PL)	yiłtsʼééh	V;IND;PFV;NOM(4,PL)	da-iłtsʼééh
yiłtsʼééh	V;IND;PFV;NOM(4,SG)	haayííłtsʼááʼ
yiłtʼees	V;IND;IPFV;NOM(1,GRPL)	dootʼeeł
yiłtʼees	V;IND;IPFV;NOM(1,PL)	yiłtʼees
yiłtʼees	V;IND;IPFV;NOM(1,SG)	yishłtʼees
yiłtʼees	V;IND;IPFV;NOM(2,GRPL)	yiłtʼéesh
yiłtʼees	V;IND;IPFV;NOM(2,PL)	yiłtʼéesh
yiłtʼees	V;IND;IPFV;NOM(3,GRPL)	yiłtʼeesh
yiłtʼees	V;IND;IPFV;NOM(4,SG)	nééstʼees
yiłtʼees	V;IND;PFV;NOM(1,PL)	biłtʼees
yiłtʼees	V;IND;PFV;NOM(2,GRPL)	daʼanółtʼees
yiłtʼees	V;IND;PFV;NOM(2,PL)	ałtseeh
yiłtʼees	V;IND;PFV;NOM(3,GRPL)	yoołtʼees
yiłtʼees	V;IND;PFV;NOM(3,PL)	yiłtʼééh
yiłtʼees	V;IND;PFV;NOM(3,SG)	yiłtʼeesgo
yiłtʼees	V;IND;PROSP;NOM(1,PL)	biłtʼeeh dooleeł
yiłtʼees	V;IND;PROSP;NOM(2,GRPL)	yiłtʼées doogo
yiłtʼees	V;IND;PROSP;NOM(2,PL)	doohółtʼees da
yiłtʼees	V;IND;PROSP;NOM(2,SG)	yoołtʼees
yiłtʼees	V;IND;PROSP;NOM(3,GRPL)	yiłtʼees dooleełgo
yiłtʼees	V;IND;PROSP;NOM(3,PL)	doojiłtʼeesda
yiłtʼees	V;IND;PROSP;NOM(3,SG)	biłtʼees
yiłtʼees	V;IND;PROSP;NOM(4,PL)	yideeltʼees
yiłtʼees	V;IND;PROSP;NOM(4,SG)	yiłtʼees dooleeł
yootʼááł	V;IND;PFV;NOM(1,GRPL)	daniitʼą́ą́ʼ
yootʼááł	V;IND;PFV;NOM(1,PL)	ndoohsół
yootʼááł	V;IND;PFV;NOM(1,SG)	yóóshtééł
yootʼááł	V;IND;PFV;NOM(2,GRPL)	bizaad bee yoołtłʼaadi
yootʼááł	V;IND;PFV;NOM(2,PL)	yooʼootʼááł
yootʼááł	V;IND;PFV;NOM(2,SG)	niidootʼaash
yootʼááł	V;IND;PFV;NOM(3,GRPL)	yootʼání
yootʼááł	V;IND;PFV;NOM(3,PL)	yooʼatjooł
yootʼááł	V;IND;PFV;NOM(3,SG)	yootʼaazh
yootʼááł	V;IND;PFV;NOM(4,GRPL)	dayootʼááłígíí
yootʼááł	V;IND;PFV;NOM(4,PL)	deetʼą́ą́ʼígíí
yootʼááł	V;IND;PFV;NOM(4,SG)	néetʼą́ą́ʼ
yooznah	V;IND;IPFV;NOM(2,SG)	yooznį́įł
yooznah	V;IND;IPFV;NOM(4,GRPL)	yóhooznah
yooznah	V;IND;ITER;NOM(1,GRPL)	danooznah
yooznah	V;IND;ITER;NOM(1,PL)	yooznahreʼ
yooznah	V;IND;ITER;NOM(1,SG)	yooznih
yooznah	V;IND;ITER;NOM(2,PL)	óhóyooznah
yooznah	V;IND;ITER;NOM(3,PL)	yooznááh
yooznah	V;IND;ITER;NOM(4,PL)	yooznááh
yooznah	V;IND;ITER;NOM(4,SG)	yooznahgo
yooznah	V;IND;PFV;NOM(2,PL)	ǫ́hłtą́ą́ʼ
yooznah	V;IND;PFV;NOM(3,PL)	yooznahgo
yooznah	V;IND;PFV;NOM(3,SG)	yooznááh
yooznah	V;IND;PROSP;NOM(1,GRPL)	yooznahiitłʼǫ́ǫ́ʼ
yooznah	V;IND;PROSP;NOM(2,GRPL)	danooyoozhnah
yooznah	V;IND;PROSP;NOM(2,SG)	níílghoot
yooznah	V;IND;PROSP;NOM(3,GRPL)	yooznahdooleeł
yooznah	V;IND;PROSP;NOM(3,SG)	yidoodzįįł
yooznah	V;IND;PROSP;NOM(4,GRPL)	yooznaáh
yooznah	V;IND;PROSP;NOM(4,SG)	néooznah
yooznah	V;OPT;NOM(3,GRPL)	yooznahgo daʼdiniibał
yooznah	V;OPT;NOM(3,SG)	yooznahgo
yooznah	V;OPT;NOM(4,GRPL)	yooznááh
yooznah	V;OPT;NOM(4,SG)	yishnah
yoozǫ́ǫ́s	V;IND;PFV;NOM(1,GRPL)	dééyoozǫ́ǫ́siig
yoozǫ́ǫ́s	V;IND;PFV;NOM(1,PL)	yoozǫ́ǫ́s
yoozǫ́ǫ́s	V;IND;PFV;NOM(1,SG)	shoozhoozh
yoozǫ́ǫ́s	V;IND;PFV;NOM(2,GRPL)	níłzóózh
yoozǫ́ǫ́s	V;IND;PFV;NOM(2,PL)	yoozǫ́ǫ́sh
yoozǫ́ǫ́s	V;IND;PFV;NOM(2,SG)	néé'ees
yoozǫ́ǫ́s	V;IND;PFV;NOM(3,GRPL)	yadaʼdiiʼjis
yoozǫ́ǫ́s	V;IND;PFV;NOM(3,PL)	yoozǫ́ǫ́z
yoozǫ́ǫ́s	V;IND;PFV;NOM(3,SG)	yoozǫ́ǫ́z
yoozǫ́ǫ́s	V;IND;PFV;NOM(4,GRPL)	yoozǫ́ǫ́skéez
yoozǫ́ǫ́s	V;IND;PFV;NOM(4,PL)	yoosooł
yoozǫ́ǫ́s	V;IND;PFV;NOM(4,SG)	yóozǫ́ǫ́z
yoołbąs	V;IND;PFV;NOM(1,GRPL)	deesboos
yoołbąs	V;IND;PFV;NOM(1,PL)	deetoolbąąs
yoołbąs	V;IND;PFV;NOM(1,SG)	níłbą́s
yoołbąs	V;IND;PFV;NOM(2,GRPL)	niłoołbąąs
yoołbąs	V;IND;PFV;NOM(2,PL)	doołbą́ą́ł
yoołbąs	V;IND;PFV;NOM(2,SG)	yoołbą́s
yoołbąs	V;IND;PFV;NOM(3,GRPL)	yoołbąąs
yoołbąs	V;IND;PFV;NOM(3,PL)	yóóʼółbąs
yoołbąs	V;IND;PFV;NOM(3,SG)	yoołbąs
yoołbąs	V;IND;PFV;NOM(4,GRPL)	dayoołbąąs
yoołbąs	V;IND;PFV;NOM(4,PL)	bigha'ayoołbąąs
yoołbąs	V;IND;PFV;NOM(4,SG)	oołbą́s
yoołtʼah	V;IND;PFV;NOM(1,GRPL)	díiłtʼah
yoołtʼah	V;IND;PFV;NOM(1,PL)	déélchʼiʼ
yoołtʼah	V;IND;PFV;NOM(1,SG)	ninishʼoł
yoołtʼah	V;IND;PFV;NOM(2,GRPL)	bił'iitʼaah
yoołtʼah	V;IND;PFV;NOM(2,PL)	yoołtʼaah
yoołtʼah	V;IND;PFV;NOM(2,SG)	yoołtʼaah
yoołtʼah	V;IND;PFV;NOM(3,GRPL)	dayoołtʼah
yoołtʼah	V;IND;PFV;NOM(3,PL)	dayooltʼaʼ
yoołtʼah	V;IND;PFV;NOM(3,SG)	yóółtʼahígíí
yoołtʼah	V;IND;PFV;NOM(4,GRPL)	ábiʼniidléehgo
yoołtʼah	V;IND;PFV;NOM(4,PL)	daʼoołtʼahígíí
yoołtʼah	V;IND;PFV;NOM(4,SG)	yoołtʼaah
yólgę́ę́zh	V;IND;PFV;NOM(1,GRPL)	níilgéézh
yólgę́ę́zh	V;IND;PFV;NOM(1,PL)	yólgosół
yólgę́ę́zh	V;IND;PFV;NOM(1,SG)	yóólgę́ę́zh
yólgę́ę́zh	V;IND;PFV;NOM(2,GRPL)	yólgę́ę́zh
yólgę́ę́zh	V;IND;PFV;NOM(2,PL)	yóólgeezhii
yólgę́ę́zh	V;IND;PFV;NOM(2,SG)	níłgę́ę́zha'
yólgę́ę́zh	V;IND;PFV;NOM(3,GRPL)	yólgéézh
yólgę́ę́zh	V;IND;PFV;NOM(3,PL)	daazhółgę́ę́z
yólgę́ę́zh	V;IND;PFV;NOM(3,SG)	yólgę́ę́zh
yólgę́ę́zh	V;IND;PFV;NOM(4,GRPL)	biyólgę́ę́h
yólgę́ę́zh	V;IND;PFV;NOM(4,PL)	ńdaʼasóółgę́ę́zh
yólgę́ę́zh	V;IND;PFV;NOM(4,SG)	yólgéezhgo
łitsxo	V;IND;PFV;NOM(1,GRPL)	daʼałitsxo
łitsxo	V;IND;PFV;NOM(1,PL)	daʼałitsxǫ́ǫ́ʼígíí
łitsxo	V;IND;PFV;NOM(1,SG)	níłtsxo
łitsxo	V;IND;PFV;NOM(2,GRPL)	ałtsooh
łitsxo	V;IND;PFV;NOM(2,PL)	daʼałitsxo
łitsxo	V;IND;PFV;NOM(2,SG)	níltsxo
łitsxo	V;IND;PFV;NOM(3,GRPL)	dałitsxogo
łitsxo	V;IND;PFV;NOM(3,PL)	daałitsxo
łitsxo	V;IND;PFV;NOM(3,SG)	yiliitsxǫ́
łitsxo	V;IND;PFV;NOM(4,GRPL)	deiłichxǫ́
łitsxo	V;IND;PFV;NOM(4,PL)	łitsxooígíí
łitsxo	V;IND;PFV;NOM(4,SG)	yishchxǫ́ǫ́ʼ
łíidilchí	V;IND;IPFV;NOM(1,GRPL)	diinlíidilchííh
łíidilchí	V;IND;IPFV;NOM(1,PL)	jííníiłchíh
łíidilchí	V;IND;IPFV;NOM(1,SG)	níłchííł
łíidilchí	V;IND;IPFV;NOM(2,GRPL)	nídílidilchí
łíidilchí	V;IND;IPFV;NOM(2,PL)	ałíídanółchí
łíidilchí	V;IND;IPFV;NOM(2,SG)	nílíi'dilchí
łíidilchí	V;IND;IPFV;NOM(3,GRPL)	níhiłíidilchí
łíidilchí	V;IND;IPFV;NOM(3,PL)	daʼdíílíił
łíidilchí	V;IND;IPFV;NOM(3,SG)	nánílííldziłchííh
łíidilchí	V;IND;IPFV;NOM(4,GRPL)	łínídajidlchí
łíidilchí	V;IND;IPFV;NOM(4,PL)	daałíidilchííh
łíidilchí	V;IND;IPFV;NOM(4,SG)	nílidilchí
łíidilchí	V;IND;PFV;NOM(1,GRPL)	ńdííleeł
łíidilchí	V;IND;PFV;NOM(1,PL)	diilchííh
łíidilchí	V;IND;PFV;NOM(1,SG)	níiłchí
łíidilchí	V;IND;PFV;NOM(2,GRPL)	ałíílchíní
łíidilchí	V;IND;PFV;NOM(2,PL)	ahoolíiłchí
łíidilchí	V;IND;PFV;NOM(2,SG)	nílíítííchí
łíidilchí	V;IND;PFV;NOM(3,GRPL)	daʼoodiłchíiłgo
łíidilchí	V;IND;PFV;NOM(3,PL)	néiidilchíiłgo
łíidilchí	V;IND;PFV;NOM(3,SG)	ałíidilchííʼ
łíidilchí	V;IND;PFV;NOM(4,GRPL)	nihiłíidilchí
łíidilchí	V;IND;PFV;NOM(4,PL)	deeshiłchíih
łíidilchí	V;IND;PFV;NOM(4,SG)	níliidilchííł
test acc Navajo 0.028
