xi²ki	V;IPFV;PST;1;SG	ndéxi²kí
xi²ki	V;IPFV;PST;2;SG	'ki²kíⁿbí
xi²ki	V;IPFV;PST;3;SG	xi²ka
xi²ki	V;PRF;PRS;1;SG	da̱xi²kí
xi²ki	V;PRF;PST;1	bi²xi²ki
xi²ki	V;PRF;PST;2	ši²ki²i
xi²ki	V;PRF;PST;3	bi²xi²ki
xi²ki	V;IRR;2;SG	ši⁶ki²
xi²ki	V;IRR;3;SG	gi²xi²ki
xọ²ʔta²-za¹²	V;IPFV;PRS;3;SG	xọ̀²ʔtá²zạ́¹
xọ²ʔta²-za¹²	V;IPFV;PST;1;SG	xo²ʔta²-ga¹²
xọ²ʔta²-za¹²	V;IPFV;PST;2;SG	gi²xọ²ʔtah¹-za¹²
xọ²ʔta²-za¹²	V;IPFV;PST;3;SG	xá¹²da²-za¹²
xọ²ʔta²-za¹²	V;PFV;1;SG	nxó¹tų²
xọ²ʔta²-za¹²	V;PFV;2;SG	di²xọ²ʔta²-zi³
xọ²ʔta²-za¹²	V;PFV;3;SG	bi-xọ²ʔta²
xọ²ʔta²-za¹²	V;PRF;PRS;2;SG	xọ²ʔta²-za-ga-wi
xọ²ʔta²-za¹²	V;PRF;PRS;3;SG	xọ²ʔta¹-za¹²
xọ²ʔta²-za¹²	V;IRR;1;SG	nngu²ʔta²-zi⁵n¹
aki	V;IPFV;PRS;1;SG	gakī
aki	V;IPFV;PRS;2;SG	kipa
aki	V;IPFV;PRS;3;SG	kja
aki	V;IPFV;PST;1;SG	nguíakí
aki	V;IPFV;PST;2;SG	gaki
aki	V;PFV;1;SG	kakí
aki	V;PFV;3;SG	ki
aki	V;PRF;PRS;1;SG	kí
aki	V;PRF;PRS;2;SG	akwi
aki	V;PRF;PST;1	ngí
aki	V;PRF;PST;3	kaki
aki	V;IRR;1;SG	gakhí
aki	V;IRR;2;SG	okwi
aki	V;IRR;3;SG	idx
ai	V;IPFV;PRS;1;SG	gi ai
ai	V;IPFV;PRS;2;SG	giⁿhñuni
ai	V;IPFV;PST;1;SG	gai
ai	V;IPFV;PST;3;SG	xi'a
ai	V;PFV;3;SG	biʔda
ai	V;PRF;PRS;1;SG	gui
ai	V;PRF;PRS;2;SG	gi̱ ai
ai	V;PRF;PST;1	da´yabi
ai	V;PRF;PST;2	ga’i
ai	V;PRF;PST;3	xkiay
ai	V;IRR;1;SG	nda̲i
zụ²ni	V;IPFV;PRS;3;SG	r̶u̷nį
zụ²ni	V;IPFV;PST;3;SG	zụ²nį
zụ²ni	V;PRF;PRS;3;SG	zụ²ni
jäʔtsi	V;IPFV;PRS;1;SG	gätših
jäʔtsi	V;IPFV;PST;1;SG	giätsi
jäʔtsi	V;IPFV;PST;3;SG	bi͡aʔtsi
jäʔtsi	V;PFV;1;SG	gojäʔtsi
jäʔtsi	V;PFV;3;SG	bi jäʔtsi
jäʔtsi	V;PRF;PRS;2;SG	gi-jäʔtsi
jäʔtsi	V;PRF;PRS;3;SG	jäʔtsi
jäʔtsi	V;PRF;PST;1	bi'da
jäʔtsi	V;PRF;PST;3	bi jaʔtsi
jäʔtsi	V;IRR;1;SG	njäʔtsihu
däki	V;IPFV;PRS;2;SG	gi däkih
däki	V;IPFV;PST;1;SG	gdä̱kii
däki	V;IPFV;PST;2;SG	gidäkigui
däki	V;PFV;1;SG	nidäki
däki	V;PFV;2;SG	gdäkwi
däki	V;PFV;3;SG	gdäki
däki	V;PRF;PST;1	ndäki
däki	V;PRF;PST;3	däkihä
k’e	V;IPFV;PST;1;SG	nk’ejompi
k’e	V;IPFV;PST;2;SG	gigí
k’e	V;PFV;1;SG	nthok'e
k’e	V;PFV;2;SG	k’ek’i
k’e	V;PFV;3;SG	bi k'e
k’e	V;PRF;PRS;1;SG	nkhɛhɛ
k’e	V;PRF;PST;1	dk'e̱
k’e	V;PRF;PST;3	bi k’e
k’e	V;IRR;1;SG	giⁿk'e
k’e	V;IRR;2;SG	k’e̱nhe
a²-the	V;IPFV;PRS;1;SG	da
a²-the	V;IPFV;PST;1;SG	go²tho²
a²-the	V;IPFV;PST;2;SG	da't'i
a²-the	V;PFV;3;SG	bi-the
a²-the	V;PRF;PRS;1;SG	biⁿthe
a²-the	V;PRF;PRS;3;SG	bi³da³the
a²-the	V;PRF;PST;2	bi'tʰe
a²-the	V;PRF;PST;3	a²thʉ
a²-the	V;IRR;1;SG	da²da
a²-the	V;IRR;2;SG	gi²a̱the
nxa²n-the	V;IPFV;PRS;1;SG	da̱nxu̱nI
nxa²n-the	V;IPFV;PRS;3;SG	gi³nxa²n-the
nxa²n-the	V;IPFV;PST;1;SG	nxa²ngűn-the
nxa²n-the	V;IPFV;PST;2;SG	dnxa²n-the
nxa²n-the	V;IPFV;PST;3;SG	nxá²nch'i
nxa²n-the	V;PFV;1;SG	da̱nxa̱n´tho
nxa²n-the	V;PFV;2;SG	'ba²nxä't'ähe
nxa²n-the	V;PFV;3;SG	ⁿxánthé
nxa²n-the	V;PRF;PRS;1;SG	giNxa²ntho
nxa²n-the	V;PRF;PRS;2;SG	guinxan-thegui
nxa²n-the	V;PRF;PRS;3;SG	xi̱nxa̱hni
nxa²n-the	V;IRR;3;SG	da̋n-nxa̋n-the
kä²-bọhai	V;IPFV;PRS;3;SG	kä-bọhai
kä²-bọhai	V;IPFV;PST;3;SG	bí-kä²-bọhai
kä²-bọhai	V;PFV;3;SG	kä-bųhai
kä²-bọhai	V;PRF;PRS;3;SG	kä³-pohąi
kä²-bọhai	V;IRR;3;SG	gi²-bọhai
thẹ¹²ti	V;IPFV;PRS;2;SG	thuni
thẹ¹²ti	V;IPFV;PRS;3;SG	thétï
thẹ¹²ti	V;IPFV;PST;2;SG	githa²ti
thẹ¹²ti	V;IPFV;PST;3;SG	nthẹi
thẹ¹²ti	V;PFV;1;SG	da̱thẹ¹²ti
thẹ¹²ti	V;PFV;2;SG	guithẹ²ti
thẹ¹²ti	V;PFV;3;SG	thẹ¹²ti
thẹ¹²ti	V;PRF;PRS;2;SG	ndáthẹ́hpi
thẹ¹²ti	V;PRF;PRS;3;SG	thí¹²tí¹²
thẹ¹²ti	V;PRF;PST;3	nthẹ³²ti⁴
thẹ¹²ti	V;IRR;1;SG	nza¹²thi
thẹ¹²ti	V;IRR;3;SG	gi̱tho²ti
mfa²da	V;IPFV;PRS;1;SG	nmfa²di
mfa²da	V;IPFV;PST;1;SG	da'ma²nda
mfa²da	V;PFV;3;SG	bimfa²di
mfa²da	V;PRF;PRS;1;SG	'nda²da
mfa²da	V;PRF;PRS;2;SG	na̱mfa²da
mfa²da	V;PRF;PST;1	hmfa²da
mfa²da	V;PRF;PST;3	mfa²da
mfa²da	V;IRR;1;SG	da̱mfa²di
mfa²da	V;IRR;2;SG	da²da
po²ʔtsi	V;IPFV;PRS;2;SG	gi²po²tsi
po²ʔtsi	V;IPFV;PST;1;SG	gi po²ʔtsia
po²ʔtsi	V;IPFV;PST;3;SG	to²ʔtsi
po²ʔtsi	V;PFV;2;SG	gi'ñi
po²ʔtsi	V;PFV;3;SG	to²ʔtsi
po²ʔtsi	V;PRF;PRS;2;SG	ro²ʔtsibi
po²ʔtsi	V;PRF;PRS;3;SG	o²po²ʔtsʔi
po²ʔtsi	V;PRF;PST;1	naja po²ʔtsi
po²ʔtsi	V;PRF;PST;2	guíphóʔtsih
po²ʔtsi	V;IRR;1;SG	gipe²ʔtsi
po²ʔtsi	V;IRR;2;SG	gi²po²ʔtsintho
ñäni	V;IPFV;PRS;1;SG	giñäni
ñäni	V;IPFV;PRS;2;SG	gyasñäni
ñäni	V;IPFV;PRS;3;SG	ñähni
ñäni	V;IPFV;PST;1;SG	giñäni
ñäni	V;IPFV;PST;2;SG	giñänigui
ñäni	V;IPFV;PST;3;SG	bi ñäni
ñäni	V;PFV;2;SG	giñäni
ñäni	V;PRF;PRS;2;SG	giñänii
ñäni	V;PRF;PRS;3;SG	biñäni
ñäni	V;PRF;PST;2	giñänih
ñäni	V;IRR;3;SG	ñänrø
joʔmi	V;IPFV;PRS;1;SG	gihojmi
joʔmi	V;IPFV;PRS;2;SG	giɓoʔmi
joʔmi	V;IPFV;PRS;3;SG	oJoʔmi
joʔmi	V;IPFV;PST;1;SG	gozgojmi
joʔmi	V;IPFV;PST;2;SG	guʔmide
joʔmi	V;PFV;1;SG	go̱jo̱mi
joʔmi	V;PFV;3;SG	bjoʔmi
joʔmi	V;PRF;PRS;2;SG	gi̱hoʔmi
joʔmi	V;PRF;PST;1	da̱jo̰mi
joʔmi	V;PRF;PST;2	baʃtho
joʔmi	V;PRF;PST;3	bi_joʔmi
joʔmi	V;IRR;1;SG	daŋjoʔmi
joʔmi	V;IRR;2;SG	bi-n-joʔmi
ntsụi	V;IPFV;PRS;2;SG	gi̱ntsụi
ntsụi	V;IPFV;PRS;3;SG	ntsụi
ntsụi	V;IPFV;PST;1;SG	ntṣụira
ntsụi	V;IPFV;PST;2;SG	gi͡o̱ntsụi
ntsụi	V;PFV;2;SG	ntsụigui
ntsụi	V;PRF;PRS;3;SG	ntsụ
ntsụi	V;PRF;PST;1	gintsụi
ntsụi	V;PRF;PST;3	ntsụ:i
ntsụi	V;IRR;2;SG	gi ntsụihɲä
tu²-mä²nthu¹²hu	V;IPFV;PRS;3;SG	tu²-mä²nthu¹²hʉ
tu²-mä²nthu¹²hu	V;IPFV;PST;2;SG	gi²tu²hmä²nthu¹²hu
tu²-mä²nthu¹²hu	V;IPFV;PST;3;SG	tu²-mä²nthu¹²hʉi
tu²-mä²nthu¹²hu	V;PFV;1;SG	nda²-mä²nthu¹²hu
tu²-mä²nthu¹²hu	V;PFV;2;SG	di²-mä²nthu¹²h-i
tu²-mä²nthu¹²hu	V;PFV;3;SG	tu²mä²nthu¹²hʉi
tu²-mä²nthu¹²hu	V;PRF;PRS;1;SG	da²-mä²nthu¹²hʉ
tu²-mä²nthu¹²hu	V;PRF;PRS;2;SG	tu²-mä²nthu¹²hu
tu²-mä²nthu¹²hu	V;PRF;PRS;3;SG	tu²mä²nthu¹²hu
tu²-mä²nthu¹²hu	V;PRF;PST;1	nngu²tú²mànthúhú
tu²-mä²nthu¹²hu	V;IRR;1;SG	nda²ma²nthu¹²hu
tu²-mä²nthu¹²hu	V;IRR;3;SG	tu²mä²nthu¹²hʉi
mu²nts’i	V;IPFV;PRS;1;SG	nda²mu²nts’i
mu²nts’i	V;IPFV;PST;1;SG	bi²mu²nts’i
mu²nts’i	V;IPFV;PST;3;SG	bi²mu²nts’i
mu²nts’i	V;PFV;1;SG	mi²mu̱nts’i
mu²nts’i	V;PFV;2;SG	gu²nts’i
mu²nts’i	V;PRF;PRS;1;SG	nngu²nts’i
mu²nts’i	V;PRF;PST;2	gi²mu²nts’i
mu²nts’i	V;PRF;PST;3	mu²nts’i²
mu²nts’i	V;IRR;2;SG	gi²mu²nts’i
mu²nts’i	V;IRR;3;SG	mu²nts’i³
xe¹²ni	V;IPFV;PRS;1;SG	nuhu̱nxe
xe¹²ni	V;IPFV;PRS;2;SG	gi²xe¹²ni
xe¹²ni	V;IPFV;PRS;3;SG	xe²ni
xe¹²ni	V;IPFV;PST;2;SG	di²xe²ni
xe¹²ni	V;IPFV;PST;3;SG	bi²xe¹²ni
xe¹²ni	V;PFV;1;SG	gi²ni
xe¹²ni	V;PRF;PRS;1;SG	gi²xe²ni
xe¹²ni	V;PRF;PRS;2;SG	gi̱xe²
xe¹²ni	V;PRF;PST;1	xni²
xe¹²ni	V;PRF;PST;3	xe²ni²
xe¹²ni	V;IRR;1;SG	da̱ngu̱ni
xe¹²ni	V;IRR;2;SG	xe¹²nʔi
xe¹²ni	V;IRR;3;SG	xe²ni
hän-guẹ²nda	V;IPFV;PRS;1;SG	da-nguɛ²nda
hän-guẹ²nda	V;IPFV;PRS;3;SG	giä́'gu̱eⁿda
hän-guẹ²nda	V;IPFV;PST;1;SG	nguehya
hän-guẹ²nda	V;IPFV;PST;2;SG	ginhän-guẹ²nda
hän-guẹ²nda	V;IPFV;PST;3;SG	gúm-guẹnda
hän-guẹ²nda	V;PFV;1;SG	gíhnguẹnda
hän-guẹ²nda	V;PFV;2;SG	gi-ngueda
hän-guẹ²nda	V;PFV;3;SG	ba̱nguẹnda
hän-guẹ²nda	V;PRF;PRS;1;SG	nguẹ²nda
hän-guẹ²nda	V;PRF;PST;1	xkhän-guẹ²nda
hän-guẹ²nda	V;PRF;PST;3	bi̱nguɛ²nda
hän-guẹ²nda	V;IRR;1;SG	kihän-guẹ²nda
hän-guẹ²nda	V;IRR;2;SG	gá¹nda
hän-guẹ²nda	V;IRR;3;SG	nduán-guẹ²nda
pụ²nts’i	V;IPFV;PRS;1;SG	gipe²nts’i
pụ²nts’i	V;IPFV;PST;2;SG	bìpụ²nts’i
pụ²nts’i	V;PFV;1;SG	pụ²nts'i
pụ²nts’i	V;PFV;2;SG	b'ə²nts'i
pụ²nts’i	V;PFV;3;SG	ɔ̀dàpú²nts’i
pụ²nts’i	V;PRF;PRS;1;SG	ts’i²nts’i
pụ²nts’i	V;PRF;PRS;2;SG	gi̱pụ³nts’i²
pụ²nts’i	V;PRF;PRS;3;SG	pụ²nts’i
pụ²nts’i	V;PRF;PST;1	ts’a̋ⁿtų
pụ²nts’i	V;IRR;2;SG	pụ²nts’i
pụ²nts’i	V;IRR;3;SG	pụ²nts’i
ho²-du	V;IPFV;PRS;1;SG	nda²-ho²-du
ho²-du	V;IPFV;PST;1;SG	nuhodu
ho²-du	V;IPFV;PST;2;SG	gi-ho²-du
ho²-du	V;PFV;2;SG	gi̱tho²-du
ho²-du	V;PFV;3;SG	do³da
ho²-du	V;PRF;PRS;1;SG	da̲tho
ho²-du	V;PRF;PRS;3;SG	ho²-di
ho²-du	V;PRF;PST;1	go²ho²du
ho²-du	V;PRF;PST;3	o²tho̧
ho²-du	V;IRR;1;SG	nùhų
ho²-du	V;IRR;2;SG	gi²ho²
xọ²ge	V;PFV;3;SG	xya³ge
xọ²ge	V;PRF;PST;3	xọ³gi
xọ²ge	V;IRR;3;SG	gi xọ²ge
mbe¹²ni	V;IPFV;PRS;1;SG	da³mbe¹²ni
mbe¹²ni	V;IPFV;PRS;2;SG	gi²mbe¹²ni
mbe¹²ni	V;IPFV;PRS;3;SG	mbe²nni
mbe¹²ni	V;IPFV;PST;1;SG	nimbẽni
mbe¹²ni	V;IPFV;PST;2;SG	gimbʉnii
mbe¹²ni	V;IPFV;PST;3;SG	mihimbe¹²ni
mbe¹²ni	V;PRF;PRS;1;SG	da nbe¹²ni
mbe¹²ni	V;PRF;PRS;2;SG	gi̱mbe¹²ni
mbe¹²ni	V;PRF;PST;1	nimbéni
mbe¹²ni	V;PRF;PST;2	gi³mbe²ni
mbe¹²ni	V;PRF;PST;3	bi³mbe¹²ni
mbe¹²ni	V;IRR;2;SG	bi²ni
ʔro²ts’i	V;IPFV;PRS;1;SG	gi²ro²ts’i
ʔro²ts’i	V;IPFV;PST;2;SG	bi²ts’i²nʔyo²ɾa
ʔro²ts’i	V;IPFV;PST;3;SG	biro²ts’i
ʔro²ts’i	V;PFV;1;SG	to²ts’i
ʔro²ts’i	V;PFV;2;SG	xi²ro²ts’i
ʔro²ts’i	V;PFV;3;SG	to¹ts’i
ʔro²ts’i	V;PRF;PRS;1;SG	nugo²ts’i
ʔro²ts’i	V;PRF;PRS;2;SG	gi rʔo²ts’i
ʔro²ts’i	V;PRF;PRS;3;SG	biro²ts’i
ʔro²ts’i	V;PRF;PST;2	gíto²ts’i
ʔro²ts’i	V;PRF;PST;3	gwɑʔro²ts’i
ʔro²ts’i	V;IRR;1;SG	da²ts’i
ʔro²ts’i	V;IRR;2;SG	guíʔro²ts’i
bụnt’i	V;IPFV;PRS;2;SG	gábụnt‘i
bụnt’i	V;IPFV;PST;1;SG	mbụnthe
bụnt’i	V;IPFV;PST;3;SG	bụntsi
bụnt’i	V;PFV;1;SG	mbụnt’i.
bụnt’i	V;PFV;3;SG	oabu̥t’i
bụnt’i	V;PRF;PRS;2;SG	gámbúnt’ih
bụnt’i	V;PRF;PRS;3;SG	bụnt’ihwį
bụnt’i	V;PRF;PST;1	mbụnt'i
bụnt’i	V;PRF;PST;3	mbụnt'i
bụnt’i	V;IRR;3;SG	bụnt’i
tsa²-ya	V;IPFV;PRS;1;SG	da̱hya̱
tsa²-ya	V;IPFV;PRS;3;SG	tsa²-ya-go
tsa²-ya	V;IPFV;PST;1;SG	tohmomɨhmɨ
tsa²-ya	V;IPFV;PST;2;SG	guet͡sʼí
tsa²-ya	V;PFV;1;SG	bíya
tsa²-ya	V;PFV;2;SG	xi²n-tsa²-ya
tsa²-ya	V;PRF;PRS;2;SG	gi-xa²-ya
tsa²-ya	V;PRF;PST;1	n-tsaa-ya
tsa²-ya	V;PRF;PST;2	di-tsaa-b-i
tsa²-ya	V;IRR;3;SG	da-tsa²-ya
hä²kua²bi	V;IPFV;PRS;2;SG	gi²hä²kua²bii
hä²kua²bi	V;IPFV;PST;3;SG	da²hä²kua²bi
hä²kua²bi	V;PFV;1;SG	nguu²bi
hä²kua²bi	V;PRF;PRS;2;SG	gi³xka³bi
hä²kua²bi	V;PRF;PRS;3;SG	hä²kua²bitho
hä²kua²bi	V;PRF;PST;2	guíka³bí
hä²kua²bi	V;PRF;PST;3	hñä²kua²bip¹kwä²
hä²kua²bi	V;IRR;3;SG	xa²na²hä²kua²bi
po¹²nt’a²-ʔyẹ	V;IPFV;PRS;1;SG	nkhɔ¹nt’a²-ʔyę
po¹²nt’a²-ʔyẹ	V;IPFV;PRS;2;SG	po²nt’a²-pɨ²
po¹²nt’a²-ʔyẹ	V;IPFV;PST;2;SG	xkwadi
po¹²nt’a²-ʔyẹ	V;PFV;1;SG	po¹²nt’a²-ʔyęh
po¹²nt’a²-ʔyẹ	V;PFV;2;SG	gi²nt’a²-ah-m-ui
po¹²nt’a²-ʔyẹ	V;PRF;PRS;1;SG	da⁴t’a²-ʔyẹ
po¹²nt’a²-ʔyẹ	V;PRF;PRS;2;SG	Ponto²nt'a²-ʔyęh
po¹²nt’a²-ʔyẹ	V;PRF;PRS;3;SG	po¹²nt’a²-ʔyẹ
po¹²nt’a²-ʔyẹ	V;IRR;2;SG	gi²yo¹nt’a²-ʔyẹ
hñä²mbä-ndä	V;IPFV;PRS;3;SG	gi hñä²mbä-ndä
hñä²mbä-ndä	V;IPFV;PST;1;SG	da r-hñä²mbä-ndä
hñä²mbä-ndä	V;IPFV;PST;3;SG	hñämba-nndä
hñä²mbä-ndä	V;PFV;1;SG	di-hñähmbä-ndä
hñä²mbä-ndä	V;PFV;2;SG	gi̱hña̱mbe̱hnda̱
hñä²mbä-ndä	V;PFV;3;SG	nthämbändä
hñä²mbä-ndä	V;PRF;PRS;1;SG	da.hñäm.bändä
hñä²mbä-ndä	V;PRF;PRS;2;SG	da̱hñä́mba᷅nda̱
hñä²mbä-ndä	V;PRF;PRS;3;SG	hñä²mbä-ndä
hñä²mbä-ndä	V;PRF;PST;1	gwäñˈˈda-di
hñä²mbä-ndä	V;PRF;PST;2	gi̱hña̱mbi̱nda̱
hñä²mbä-ndä	V;PRF;PST;3	xñä²mbä-ndä
hñä²mbä-ndä	V;IRR;3;SG	pähñämbä-ndä
ʔui²-thä	V;IPFV;PRS;1;SG	da²-n-tyä
ʔui²-thä	V;IPFV;PRS;3;SG	giuithä
ʔui²-thä	V;IPFV;PST;1;SG	da=tṳi²-tho
ʔui²-thä	V;IPFV;PST;2;SG	xiʔui²-thä
ʔui²-thä	V;IPFV;PST;3;SG	bi²ʔui²-thä
ʔui²-thä	V;PFV;3;SG	biː²ʔui²-thä
ʔui²-thä	V;PRF;PRS;3;SG	biʔui²-thä
ʔui²-thä	V;PRF;PST;2	giʔui²thäui
ʔui²-thä	V;PRF;PST;3	biʔui²-thä
ʔui²-thä	V;IRR;3;SG	gwäʔui²
emei	V;IPFV;PRS;2;SG	geˈmehi
emei	V;IPFV;PRS;3;SG	emei
emei	V;PFV;1;SG	hmì
emei	V;PFV;2;SG	ge'mi
emei	V;PFV;3;SG	eme̲i
emei	V;PRF;PRS;1;SG	ndei
emei	V;PRF;PRS;3;SG	emei
emei	V;PRF;PST;1	hñemei
emei	V;IRR;1;SG	'ñem'i
xa²ha	V;IPFV;PRS;2;SG	gi²xa²ha
xa²ha	V;IPFV;PRS;3;SG	bíxa²ha
xa²ha	V;IPFV;PST;3;SG	ma²xa²ha
xa²ha	V;PFV;1;SG	xa²h-í
xa²ha	V;PFV;2;SG	gi²xa²ha
xa²ha	V;PRF;PRS;1;SG	nräha
xa²ha	V;PRF;PST;1	gíka²ha
xa²ha	V;PRF;PST;2	'bya²ha
xa²ha	V;PRF;PST;3	bi²xa¹ha
xa²ha	V;IRR;2;SG	xa²hi
xa²ha	V;IRR;3;SG	xa²ha²bɪ
hẹ²ʔti	V;IPFV;PRS;1;SG	gạhę²ʔti
hẹ²ʔti	V;IPFV;PRS;3;SG	gi²hẹ²ʔti
hẹ²ʔti	V;IPFV;PST;3;SG	do²hẹ²ʔti
hẹ²ʔti	V;PFV;1;SG	gi̱hẹ²ʔti
hẹ²ʔti	V;PFV;2;SG	gi̱hɛ̃́ʔti
hẹ²ʔti	V;PRF;PRS;2;SG	gi²hẽʔti
hẹ²ʔti	V;PRF;PST;1	gi̱hẹ²ʔti
hẹ²ʔti	V;PRF;PST;2	mahẹ²ʔti
hẹ²ʔti	V;PRF;PST;3	hẹ́²ʔti
hẹ²ʔti	V;IRR;1;SG	da²ngu²
hẹ²ʔti	V;IRR;2;SG	gi²hɛ̃²tih²ti
hẹ²ʔti	V;IRR;3;SG	giɲhę²ʔti
ue²ni	V;IPFV;PRS;2;SG	gu²u²e²ni²
ue²ni	V;IPFV;PST;1;SG	go²ní
ue²ni	V;IPFV;PST;2;SG	guíni
ue²ni	V;IPFV;PST;3;SG	bi²ue²ni
ue²ni	V;PFV;1;SG	nñe²ni
ue²ni	V;PFV;3;SG	bi'ni
ue²ni	V;PRF;PRS;2;SG	o²ni
ue²ni	V;PRF;PST;2	guey²ni
ue²ni	V;PRF;PST;3	ge²ni
ue²ni	V;IRR;2;SG	giue²ni
ue²ni	V;IRR;3;SG	giu̱e̱ni
ha¹²t-hmi	V;IPFV;PRS;1;SG	gi¹²t-hmi
ha¹²t-hmi	V;IPFV;PRS;2;SG	gi¹²ha¹²t-hmi
ha¹²t-hmi	V;IPFV;PRS;3;SG	da³ha²t-hmi
ha¹²t-hmi	V;IPFV;PST;1;SG	da²ha¹²t-hmi
ha¹²t-hmi	V;IPFV;PST;3;SG	gé-ha¹²t-hmi
ha¹²t-hmi	V;PFV;1;SG	da¹²tho¹
ha¹²t-hmi	V;PFV;3;SG	ha¹²t-hmi¹²
ha¹²t-hmi	V;PRF;PRS;2;SG	gi̲nxthmi
ha¹²t-hmi	V;PRF;PST;2	gu͡u¹hñe²i
ha¹²t-hmi	V;PRF;PST;3	há¹²thmi
ha¹²t-hmi	V;IRR;2;SG	gi¹²x-hmi
ä²t’i	V;IPFV;PRS;2;SG	gi²t’i
ä²t’i	V;IPFV;PRS;3;SG	bi't'i
ä²t’i	V;IPFV;PST;1;SG	go²t’i³
ä²t’i	V;IPFV;PST;3;SG	bi t’i
ä²t’i	V;PFV;1;SG	di³t’ia²
ä²t’i	V;PFV;2;SG	gi²t’i³
ä²t’i	V;PRF;PST;1	dä²t’i
ä²t’i	V;PRF;PST;2	gää’t’i
ä²t’i	V;PRF;PST;3	gä²t’i
ä²t’i	V;IRR;2;SG	gi̱t’í
ä²t’i	V;IRR;3;SG	t’i
nt’ọʔtse	V;IPFV;PRS;1;SG	gi nt’ohte
nt’ọʔtse	V;IPFV;PRS;3;SG	nt’oʔtsi
nt’ọʔtse	V;IPFV;PST;1;SG	gi nt’oʔtsenihmi
nt’ọʔtse	V;IPFV;PST;2;SG	gi nt’oʔtsu
nt’ọʔtse	V;PFV;1;SG	gi nt’oatse
nt’ọʔtse	V;PFV;2;SG	gintuu
nt’ọʔtse	V;PRF;PRS;1;SG	gi nt’oʔtse
nt’ọʔtse	V;PRF;PRS;2;SG	gi nt’oʔtse
nt’ọʔtse	V;PRF;PRS;3;SG	xi nt’otse
nt’ọʔtse	V;PRF;PST;1	giñt’ohtsi
nt’ọʔtse	V;PRF;PST;2	gi nt'oʔtsigi
nt’ọʔtse	V;IRR;2;SG	gi nt’oʔtse
nt’ọʔtse	V;IRR;3;SG	t’otse
nä¹²-nä	V;IPFV;PRS;3;SG	gi¹²nthä¹²nä
nä¹²-nä	V;IPFV;PST;1;SG	da¹ngan¹-näh¹
nä¹²-nä	V;IPFV;PST;2;SG	nä¹²nPhpi
nä¹²-nä	V;IPFV;PST;3;SG	ni¹²nä
nä¹²-nä	V;PFV;1;SG	nä¹²-he²
nä¹²-nä	V;PRF;PRS;1;SG	do¹²nänä
nä¹²-nä	V;PRF;PRS;2;SG	änkä²
nä¹²-nä	V;PRF;PRS;3;SG	dnä¹²-nä
nä¹²-nä	V;PRF;PST;1	da̱tho
nä¹²-nä	V;PRF;PST;2	bi²nu²wa¹
nä¹²-nä	V;PRF;PST;3	bi²na¹²ä¹²
nä¹²-nä	V;IRR;1;SG	nä¹²tahä¹²
nä¹²-nä	V;IRR;2;SG	gä¹²na
nä¹²-nä	V;IRR;3;SG	gi̱nänä
thụ²t’i	V;IPFV;PRS;1;SG	gi̱thut’i
thụ²t’i	V;IPFV;PST;1;SG	hi²thųt’i
thụ²t’i	V;IPFV;PST;2;SG	gi̱thut’i
thụ²t’i	V;PRF;PRS;2;SG	gi̱t’i
thụ²t’i	V;PRF;PST;1	n-da-t’i
thụ²t’i	V;PRF;PST;2	thụ²t’i
thụ²t’i	V;PRF;PST;3	hñu²t'i
thụ²t’i	V;IRR;1;SG	da̱t’i
thụ²t’i	V;IRR;2;SG	guithu²t’i
xoʔti	V;IPFV;PRS;1;SG	di xo̰ti
xoʔti	V;IPFV;PRS;2;SG	gi xoʔtie
xoʔti	V;IPFV;PRS;3;SG	xoʔti
xoʔti	V;IPFV;PST;2;SG	giˈxo̰htih
xoʔti	V;IPFV;PST;3;SG	xoʔti
xoʔti	V;PFV;2;SG	xoʔti
xoʔti	V;PRF;PRS;1;SG	xoʔti
xoʔti	V;PRF;PST;2	gi̱xoʔti
xoʔti	V;PRF;PST;3	xoʔti
xoʔti	V;IRR;1;SG	xoʔtyo
o²di	V;IPFV;PRS;1;SG	r̶o̶di
o²di	V;IPFV;PRS;2;SG	gi²ndí²di
o²di	V;IPFV;PRS;3;SG	to²di
o²di	V;IPFV;PST;3;SG	o²di²
o²di	V;PFV;3;SG	o²di
o²di	V;PRF;PRS;1;SG	²di'da
o²di	V;PRF;PRS;2;SG	o²di
o²di	V;PRF;PRS;3;SG	o²di
o²di	V;PRF;PST;1	go²di
o²di	V;PRF;PST;3	o²di
k’ẹ²ʔti	V;IPFV;PRS;1;SG	n-k'e²ʔti
k’ẹ²ʔti	V;IPFV;PRS;3;SG	k’ẹ²ʔti
k’ẹ²ʔti	V;IPFV;PST;3;SG	k’ẹ²htihkɨp’byo
k’ẹ²ʔti	V;PFV;1;SG	gi²k'ehtih
k’ẹ²ʔti	V;PFV;2;SG	gi³kʼe²i
k’ẹ²ʔti	V;PRF;PRS;2;SG	gi²k’ẹ²ʔtih
k’ẹ²ʔti	V;PRF;PRS;3;SG	k'ẹ²ʔti
k’ẹ²ʔti	V;PRF;PST;1	bi̱k'ę³tí
k’ẹ²ʔti	V;PRF;PST;3	k’e̱²ʔti
k’ẹ²ʔti	V;IRR;1;SG	gi-k'e̱¹ti-gi
k’ẹ²ʔti	V;IRR;2;SG	giNku̲ti
k’ẹ²ʔti	V;IRR;3;SG	k’u²ti²
tsu¹²st’i	V;IPFV;PRS;2;SG	gi¹²tsu¹²st’i
tsu¹²st’i	V;IPFV;PRS;3;SG	tsi¹²ts’i
tsu¹²st’i	V;IPFV;PST;1;SG	nkhűtshʉ̈tsh’í
tsu¹²st’i	V;IPFV;PST;2;SG	gu̱tsu¹²st’i
tsu¹²st’i	V;IPFV;PST;3;SG	bi¹²tsu¹²st'i
tsu¹²st’i	V;PFV;1;SG	tsu¹²st’i²bi
tsu¹²st’i	V;PFV;3;SG	tsu¹²st’i¹²ni¹²
tsu¹²st’i	V;PRF;PRS;1;SG	ʔu²t͡su¹²sti¹
tsu¹²st’i	V;PRF;PRS;3;SG	bi²tsu¹²st’i
tsu¹²st’i	V;IRR;3;SG	bi²tsu¹²st'i
be¹²he	V;IPFV;PST;3;SG	béʰmPST
be¹²he	V;PFV;2;SG	bi'i
be¹²he	V;PRF;PST;1	bii¹²he¹²i
be¹²he	V;PRF;PST;2	gi̱behe
be¹²he	V;PRF;PST;3	bi²be²hɛ
be¹²he	V;IRR;1;SG	da̱nbehe
be¹²he	V;IRR;2;SG	gi²be¹he
xi²s-te¹²he	V;IPFV;PRS;1;SG	gi²xi¹s-tehe
xi²s-te¹²he	V;IPFV;PRS;2;SG	xi²s-pa¹-wi
xi²s-te¹²he	V;IPFV;PST;2;SG	gi²xi²s-te¹²he
xi²s-te¹²he	V;IPFV;PST;3;SG	to¹xi²s-te¹²he
xi²s-te¹²he	V;PFV;1;SG	te²niˢgi
xi²s-te¹²he	V;PFV;2;SG	gö²xi²ste¹²he
xi²s-te¹²he	V;PFV;3;SG	gi²xi²s-pa¹²
xi²s-te¹²he	V;PRF;PRS;3;SG	bi²xi³ste¹²he
xi²s-te¹²he	V;PRF;PST;2	o²xi²s-te¹²he
xi²s-te¹²he	V;IRR;3;SG	xi²s-te⁵he
xä¹²ki	V;IPFV;PRS;3;SG	xä¹²ki
xä¹²ki	V;IPFV;PST;2;SG	gipebi
xä¹²ki	V;IPFV;PST;3;SG	xi̱ki
xä¹²ki	V;PFV;1;SG	'yäskI
xä¹²ki	V;PFV;2;SG	xäjkyų
xä¹²ki	V;PFV;3;SG	xäxkí
xä¹²ki	V;PRF;PRS;1;SG	gi̱hxka
xä¹²ki	V;PRF;PRS;2;SG	xä¹²ki
xä¹²ki	V;PRF;PRS;3;SG	xäi
xä¹²ki	V;PRF;PST;2	xkähmí
xä¹²ki	V;PRF;PST;3	xä¹²kih
xä¹²ki	V;IRR;1;SG	nu̱xki
xä¹²ki	V;IRR;2;SG	kä¹²kgi
xä¹²ki	V;IRR;3;SG	ndäxä¹²kjí
xä¹²ki	V;IPFV;PRS;2;SG	gi̱xä¹²k'i
xä¹²ki	V;IPFV;PRS;3;SG	¹daˈkixɶ
xä¹²ki	V;IPFV;PST;1;SG	ndähkí
xä¹²ki	V;IPFV;PST;2;SG	di xä²kwi
xä¹²ki	V;PFV;1;SG	gi̱hxka
xä¹²ki	V;PFV;2;SG	xiä¹²kíPú
xä¹²ki	V;PFV;3;SG	xä¹²ki
xä¹²ki	V;PRF;PRS;1;SG	xäkí
xä¹²ki	V;PRF;PRS;3;SG	xäjki
xä¹²ki	V;PRF;PST;2	xä¹²kih
xä¹²ki	V;IRR;1;SG	da̧xkä
heki	V;IPFV;PRS;1;SG	gi hekɨ
heki	V;IPFV;PRS;2;SG	giheki
heki	V;IPFV;PRS;3;SG	gi heki
heki	V;IPFV;PST;2;SG	gihehkį
heki	V;IPFV;PST;3;SG	xkiheki
heki	V;PFV;1;SG	gekih
heki	V;PFV;2;SG	giheki
heki	V;PFV;3;SG	biheki
heki	V;PRF;PRS;2;SG	gihekigí
heki	V;PRF;PRS;3;SG	giheki
heki	V;PRF;PST;1	nheki
heki	V;PRF;PST;3	biheki
heki	V;IRR;1;SG	gi hekigí
heki	V;IRR;2;SG	gihekigihu
heki	V;IRR;3;SG	giheki
họ²x-yä	V;IPFV;PRS;1;SG	ngu̱họx-yä
họ²x-yä	V;IPFV;PRS;2;SG	gi̱tho̱x-yä
họ²x-yä	V;IPFV;PST;2;SG	giho²xgyä
họ²x-yä	V;PFV;1;SG	gi̱họ́xgyä
họ²x-yä	V;PFV;2;SG	giho²xgi
họ²x-yä	V;PRF;PRS;2;SG	gi̱tho²x-yä
họ²x-yä	V;PRF;PRS;3;SG	ho²x-yä
họ²x-yä	V;PRF;PST;1	xa̱³h-ya̱³
họ²x-yä	V;PRF;PST;2	gi²hų ya
họ²x-yä	V;PRF;PST;3	do²x-yä
hño¹²ga²-ñʔọde	V;IPFV;PST;2;SG	gi²-ñʔǫde
hño¹²ga²-ñʔọde	V;IPFV;PST;3;SG	biñʔode
hño¹²ga²-ñʔọde	V;PFV;2;SG	gi²hño¹²ga²-ñʔọde
hño¹²ga²-ñʔọde	V;PFV;3;SG	guá¹²ñʔode
hño¹²ga²-ñʔọde	V;PRF;PRS;1;SG	giñʔodegi
hño¹²ga²-ñʔọde	V;PRF;PRS;2;SG	gi̱-ñpụde
hño¹²ga²-ñʔọde	V;PRF;PRS;3;SG	di²ñʔo²de³
hño¹²ga²-ñʔọde	V;PRF;PST;2	gi²hño¹²ga²-ñʔǫde
hño¹²ga²-ñʔọde	V;PRF;PST;3	biñʔode
hño¹²ga²-ñʔọde	V;IRR;1;SG	guíñʔode
hño¹²ga²-ñʔọde	V;IRR;3;SG	giñʔode
mfọ²hni	V;IPFV;PRS;3;SG	fọ́hni
mfọ²hni	V;IPFV;PST;3;SG	hmfọ²hni
mfọ²hni	V;PRF;PRS;3;SG	mfọ²hni
mfọ²hni	V;PRF;PST;3	³hmofo
mbọ-t’o	V;PFV;3;SG	mbụ-t’u
mbọ-t’o	V;PRF;PST;3	mbọngu
hya²ʔnga	V;IPFV;PRS;1;SG	²nnya²nga
hya²ʔnga	V;IPFV;PRS;2;SG	gi̱hya²ʔngi
hya²ʔnga	V;IPFV;PST;2;SG	gi̱hya²ʔngi
hya²ʔnga	V;PFV;1;SG	da²hya²a
hya²ʔnga	V;PFV;2;SG	da²hya²ʔngu²i
hya²ʔnga	V;PRF;PRS;1;SG	da²hya²ʔngu²
hya²ʔnga	V;PRF;PRS;2;SG	hya²ʔngi
hya²ʔnga	V;PRF;PST;1	nchya²ʔnga
hya²ʔnga	V;IRR;3;SG	ohyoʔnga
ti¹²hi	V;IPFV;PRS;2;SG	gi_ti²hi
ti¹²hi	V;IPFV;PRS;3;SG	ti¹²hni¹²
ti¹²hi	V;IPFV;PST;1;SG	gi¹²ta¹²hi
ti¹²hi	V;IPFV;PST;2;SG	gi²ti²hi
ti¹²hi	V;PFV;2;SG	ntíntsihí
ti¹²hi	V;PFV;3;SG	bi¹²ti¹²hi
ti¹²hi	V;PRF;PRS;1;SG	te²he¹
ti¹²hi	V;PRF;PRS;2;SG	gi¹²ti¹²hwi
ti¹²hi	V;PRF;PRS;3;SG	toⁿjti¹²hi
ti¹²hi	V;PRF;PST;2	gi²thi¹²hɨ²
ti¹²hi	V;PRF;PST;3	bi¹²ti¹²hi
ti¹²hi	V;IRR;1;SG	nthih
ti¹²hi	V;IRR;2;SG	gi²thi³
ti¹²hi	V;IRR;3;SG	ti¹²hi¹
dụ²-zụ	V;IPFV;PRS;1;SG	nu'bu̱dó
dụ²-zụ	V;IPFV;PRS;2;SG	gi³zụ
dụ²-zụ	V;IPFV;PRS;3;SG	dụ²-zụ
dụ²-zụ	V;IPFV;PST;2;SG	gụdụzụ
dụ²-zụ	V;PFV;1;SG	do̱dozụ
dụ²-zụ	V;PRF;PRS;1;SG	ndaDá
dụ²-zụ	V;PRF;PRS;3;SG	dụ²-zụ
dụ²-zụ	V;PRF;PST;1	dợnzụ
dụ²-zụ	V;PRF;PST;2	gwäzhäzų
dụ²-zụ	V;IRR;1;SG	ndụ²zūngö
dụ²-zụ	V;IRR;2;SG	gi̱-zų
dụ²-zụ	V;IRR;3;SG	dá-zụ
nthụ²ni	V;IPFV;PST;3;SG	nthụ²nini
nthụ²ni	V;PRF;PRS;3;SG	nthụ²nitho
nja	V;IPFV;PST;3;SG	xkjá
nja	V;IRR;3;SG	nja
ya¹²ʔtsi	V;IPFV;PRS;1;SG	gi ya¹²ʔtsi
ya¹²ʔtsi	V;IPFV;PRS;2;SG	go¹²ya¹²tza¹²tho
ya¹²ʔtsi	V;IPFV;PST;1;SG	daᵗsaⁿmbebi
ya¹²ʔtsi	V;IPFV;PST;3;SG	bi²ya¹²ʔtse
ya¹²ʔtsi	V;PFV;1;SG	da²ya¹²ʔtsi
ya¹²ʔtsi	V;PRF;PRS;2;SG	gi²ya¹²ʔtsihu̱²
ya¹²ʔtsi	V;PRF;PRS;3;SG	bi²ya¹²ʔtsi
ya¹²ʔtsi	V;PRF;PST;1	ya'ts'kwa¹
ya¹²ʔtsi	V;PRF;PST;3	bi'ya¹²ʔtsi
ya¹²ʔtsi	V;IRR;1;SG	da²ra²i
ya¹²ʔtsi	V;IRR;3;SG	da²ts'i
bä²tsi	V;IPFV;PRS;1;SG	nrä²tsi
bä²tsi	V;IPFV;PRS;2;SG	gi²xi²tsi
bä²tsi	V;IPFV;PRS;3;SG	pää²tsi
bä²tsi	V;IPFV;PST;3;SG	bi²tsä¹
bä²tsi	V;PFV;1;SG	mbädsi
bä²tsi	V;PFV;2;SG	biⁿts’i
bä²tsi	V;PFV;3;SG	biˈtsuni
bä²tsi	V;PRF;PRS;1;SG	di̱mba̱tsihää
bä²tsi	V;PRF;PRS;3;SG	dä²ts'i
bä²tsi	V;PRF;PST;2	bi²pa²tsi
bä²tsi	V;IRR;1;SG	mbä¹tsi
ʔna²-ʔyo	V;IPFV;PRS;1;SG	da²-nda²-ʔyohɲo
ʔna²-ʔyo	V;IPFV;PRS;2;SG	gipe²-wi
ʔna²-ʔyo	V;IPFV;PRS;3;SG	da'yųhmų
ʔna²-ʔyo	V;IPFV;PST;1;SG	da²-mbehmui
ʔna²-ʔyo	V;IPFV;PST;2;SG	giⁿ-ʔna²-ʔyo
ʔna²-ʔyo	V;IPFV;PST;3;SG	da²ma³na²-ʔyo
ʔna²-ʔyo	V;PFV;1;SG	ra²tho²tho¹
ʔna²-ʔyo	V;PFV;2;SG	hñä́²t-yo
ʔna²-ʔyo	V;PRF;PRS;3;SG	ʔna²-te-ⁿyo
ʔna²-ʔyo	V;PRF;PST;3	nɛ̃́ʔyo
ʔra²-nxu	V;IPFV;PRS;2;SG	ʔra²-nxu³gui
ʔra²-nxu	V;IPFV;PST;2;SG	to²ñu²
ʔra²-nxu	V;IPFV;PST;3;SG	ra²nxu²hã¹tá¹
ʔra²-nxu	V;PFV;2;SG	guí¹ra³nxu²
ʔra²-nxu	V;PRF;PRS;1;SG	da-da²-nxyų
ʔra²-nxu	V;PRF;PRS;2;SG	ra²⁻nxuʔi
ʔra²-nxu	V;PRF;PST;2	gi-ra²-nxu¹
ʔra²-nxu	V;PRF;PST;3	rá-nxú
ʔra²-nxu	V;IRR;1;SG	da²-nxu
ʔra²-nxu	V;IRR;2;SG	gar²a-nxu
ʔra²-nxu	V;IRR;3;SG	ønxu
fọt’e	V;IPFV;PST;1;SG	gofọt’e
fọt’e	V;IPFV;PST;2;SG	gáfọt’echí
fọt’e	V;PFV;3;SG	bi xọt’i
fọt’e	V;PRF;PRS;1;SG	gi fọt’e
fọt’e	V;PRF;PRS;2;SG	gotsʼe
fọt’e	V;PRF;PRS;3;SG	go fọt’e
fọt’e	V;PRF;PST;1	gofọt’e
fọt’e	V;IRR;1;SG	fo̱t’e̲i
fọt’e	V;IRR;2;SG	rofọt’echɪ
foti	V;IPFV;PRS;1;SG	gi fodi
foti	V;IPFV;PRS;3;SG	pofo
foti	V;PFV;1;SG	gi'fotijmi
foti	V;PFV;3;SG	xí foti
foti	V;PRF;PRS;2;SG	guifoti
foti	V;PRF;PRS;3;SG	fotih
foti	V;IRR;1;SG	nfo̲ti
foti	V;IRR;2;SG	gahmfo̱ti
tai	V;IPFV;PRS;1;SG	ndaht
tai	V;IPFV;PRS;2;SG	gi tai
tai	V;IPFV;PRS;3;SG	tai
tai	V;IPFV;PST;2;SG	gahmfoih
tai	V;PFV;3;SG	táí
tai	V;PRF;PRS;1;SG	tai
tai	V;PRF;PRS;3;SG	tai
tai	V;PRF;PST;3	tai
tai	V;IRR;3;SG	tai
nthu²ki	V;IPFV;PRS;1;SG	gi̧¹nthu²ki̧
nthu²ki	V;IPFV;PRS;2;SG	gi̱nthu̱ki
nthu²ki	V;IPFV;PST;1;SG	nthu²ki
nthu²ki	V;IPFV;PST;2;SG	giNTHU²kjí
nthu²ki	V;IPFV;PST;3;SG	nthu²ki
nthu²ki	V;PFV;1;SG	ntoɡi
nthu²ki	V;PRF;PRS;1;SG	nthu²ki
nthu²ki	V;PRF;PRS;2;SG	gi̱nthu²ki
nthu²ki	V;PRF;PST;1	di nthu²ki
nthu²ki	V;PRF;PST;3	hinthu²ki
nthu²ki	V;IRR;1;SG	nthu²ki
nthu²ki	V;IRR;3;SG	nthu²ki
tsụ²-t’yụi	V;IPFV;PRS;1;SG	n-tsụ²-t’yụi
tsụ²-t’yụi	V;IPFV;PRS;3;SG	tsụ²dá-t’yụi
tsụ²-t’yụi	V;IPFV;PST;1;SG	gi²tsu²tʔyui
tsụ²-t’yụi	V;PFV;3;SG	tsụj-t’yụ
tsụ²-t’yụi	V;PRF;PRS;1;SG	n-tsụ²-t’yụ̀i
tsụ²-t’yụi	V;PRF;PRS;2;SG	tsụ́nt’yụih
tsụ²-t’yụi	V;PRF;PRS;3;SG	tsụ²-t'yụi
tsụ²-t’yụi	V;PRF;PST;1	ntsu²-t’yụi
tsụ²-t’yụi	V;IRR;1;SG	da-tsụ²-t’yụi
tsụ²-t’yụi	V;IRR;2;SG	gi-tsụ²-t'yụi
tsụ²-t’yụi	V;IRR;3;SG	tsụ²-t’yụih
kä¹²	V;IPFV;PST;3;SG	käi⁴
kä¹²	V;PFV;3;SG	bi³ka¹²
kä¹²	V;PRF;PST;3	bi¹ts'ä¹
kä¹²	V;PRF;PRS;3;SG	bízkáⁿ
kä¹²	V;PRF;PST;3	bíndäk'i
kä¹²	V;IRR;3;SG	xkíhní
njot’i	V;IPFV;PRS;1;SG	gähnjot’i
njot’i	V;IPFV;PRS;2;SG	guinjot’i
njot’i	V;IPFV;PRS;3;SG	gi njot’i
njot’i	V;IPFV;PST;1;SG	gähnjot’i
njot’i	V;IPFV;PST;2;SG	gnjot’i
njot’i	V;PFV;1;SG	njot’i
njot’i	V;PFV;3;SG	oⁿnjotʼi
njot’i	V;PRF;PRS;3;SG	xinjot'i
njot’i	V;IRR;2;SG	gwanjot’i
njot’i	V;IRR;3;SG	njot’i
hño²-sẹ	V;IPFV;PRS;1;SG	da hño²-sę
hño²-sẹ	V;IPFV;PRS;2;SG	gi-hñõhñõ
hño²-sẹ	V;IPFV;PRS;3;SG	da-hño-sẹ
hño²-sẹ	V;IPFV;PST;1;SG	ndi̱hño̱sẹ
hño²-sẹ	V;IPFV;PST;2;SG	hi²hña²hãb²kãhñö
hño²-sẹ	V;PFV;2;SG	go²hño-sẹ
hño²-sẹ	V;PFV;3;SG	hña²sę
hño²-sẹ	V;PRF;PRS;1;SG	nugóts'i
hño²-sẹ	V;PRF;PST;1	gíhño
hño²-sẹ	V;PRF;PST;3	hño²-sẹ
hño²-sẹ	V;IRR;3;SG	da nso'thọ
thẹ¹²nt’i	V;IPFV;PRS;3;SG	thẹ¹²nt’i
thẹ¹²nt’i	V;PFV;3;SG	nthṳnthṳi̧¹²
thẹ¹²nt’i	V;PRF;PRS;3;SG	nthí̱¹²nt'i
thẹ¹²nt’i	V;PRF;PST;3	'nzẹ¹²nt'i
thẹ¹²nt’i	V;IRR;3;SG	thẹ¹²nt’ị³
pẹ²xni	V;IPFV;PRS;1;SG	gi pẹ²xni
pẹ²xni	V;IPFV;PST;2;SG	gi̱pẹhna̜nni
pẹ²xni	V;IPFV;PST;3;SG	mpẹ²xikí
pẹ²xni	V;PFV;1;SG	gi̱hpẹ²xnì
pẹ²xni	V;PFV;2;SG	gɩpẹ²xqui
pẹ²xni	V;PFV;3;SG	pɛhni
pẹ²xni	V;PRF;PRS;1;SG	hääpe²xkihnį
pẹ²xni	V;PRF;PRS;3;SG	pɛ²xni
pẹ²xni	V;PRF;PST;1	gi pẹ²xni
pẹ²xni	V;IRR;2;SG	gi̱pẹhna̧
to²t’i	V;IPFV;PRS;3;SG	gi²t’i
to²t’i	V;IPFV;PST;3;SG	to²t’iëhⁿtho
to²t’i	V;PFV;3;SG	to²t’i²
to²t’i	V;PRF;PST;3	to²t’i
to²t’i	V;IRR;3;SG	to²t’i
tsụ¹²	V;IPFV;PRS;1;SG	tsụ¹²ni
tsụ¹²	V;IPFV;PRS;2;SG	rtsụu̲
tsụ¹²	V;IPFV;PST;1;SG	nùtsụ¹²tho
tsụ¹²	V;PFV;1;SG	ntsụtsụ¹⁴
tsụ¹²	V;PFV;2;SG	tsụ¹²ui
tsụ¹²	V;PRF;PRS;1;SG	nìtsụh¹²
tsụ¹²	V;PRF;PRS;2;SG	tsụh¹²i
tsụ¹²	V;PRF;PST;1	nūtsụ¹²tho
tsụ¹²	V;PRF;PST;3	tsụgí
tsụ¹²	V;IRR;1;SG	da̲tsu̲tho
tsụ¹²	V;IRR;2;SG	gátsụ²
ʔui²	V;IPFV;PST;1;SG	diʔwi²
ʔui²	V;IPFV;PST;2;SG	giui²
ʔui²	V;IPFV;PST;3;SG	biʔui
ʔui²	V;PFV;1;SG	gi'u²i
ʔui²	V;PFV;3;SG	biʔui²
ʔui²	V;PRF;PRS;1;SG	giu̱i²
ʔui²	V;PRF;PRS;3;SG	gwɛ²he²
tho²ʔtsi	V;IPFV;PRS;1;SG	da²tho²tse
tho²ʔtsi	V;IPFV;PRS;3;SG	to²ʔtsi
tho²ʔtsi	V;PFV;2;SG	tho²ʔtsu²ntsi
tho²ʔtsi	V;PFV;3;SG	to²ʔtsí
tho²ʔtsi	V;PRF;PST;2	gi'tho²ʔtsi
tho²ʔtsi	V;IRR;2;SG	guítho²ʔtsihuá
ʔyọ²ke	V;IPFV;PRS;1;SG	gi'yòke
ʔyọ²ke	V;IPFV;PST;2;SG	bíhyoʔkeh
ʔyọ²ke	V;IPFV;PST;3;SG	gwɑ̃nʔyõhe
ʔyọ²ke	V;PFV;3;SG	byo²ke
ʔyọ²ke	V;PRF;PRS;1;SG	nnya²kɶi
ʔyọ²ke	V;PRF;PRS;2;SG	bi²hyọ²ke
ʔyọ²ke	V;PRF;PRS;3;SG	biʔyohpi
ʔyọ²ke	V;PRF;PST;1	nkjó
ʔyọ²ke	V;PRF;PST;3	biʔyoke
ʔyọ²ke	V;IRR;1;SG	nʤa²go²ke
ʔyọ²ke	V;IRR;2;SG	ɾaʔyoke
nxu²tsi	V;IPFV;PRS;1;SG	gi̱nxu²tsi
nxu²tsi	V;IPFV;PRS;2;SG	giNyu²tsi
nxu²tsi	V;IPFV;PRS;3;SG	xú²tsi
nxu²tsi	V;IPFV;PST;2;SG	e²nxu²tsip²tse²
nxu²tsi	V;IPFV;PST;3;SG	xnixu²tsi
nxu²tsi	V;PFV;1;SG	ngu²tsi
nxu²tsi	V;PFV;2;SG	guínínxu²tsi
nxu²tsi	V;PFV;3;SG	nxu²tsi²
nxu²tsi	V;PRF;PRS;3;SG	nxu²tsʼi
nxu²tsi	V;PRF;PST;2	gnxu²tsihu̲²
nxu²tsi	V;IRR;1;SG	da³nxu²tsi
nxu²tsi	V;IRR;2;SG	giⁿxūtsʼi
nxu²tsi	V;IRR;3;SG	gi²nxu²tsi
njo-ne	V;IPFV;PST;1;SG	njoní
njo-ne	V;IPFV;PST;2;SG	gajnjonhñejñø
njo-ne	V;IPFV;PST;3;SG	bi̱njoní
njo-ne	V;PFV;2;SG	gijnzhe
njo-ne	V;PFV;3;SG	ndunjone
njo-ne	V;PRF;PRS;1;SG	njonenghö
njo-ne	V;PRF;PST;1	njon'a
njo-ne	V;PRF;PST;2	gi³njo²-ne
njo-ne	V;PRF;PST;3	njohnekʼi
njo-ne	V;IRR;3;SG	njon-de
nji	V;IPFV;PRS;3;SG	njiⁿtho
nji	V;IPFV;PST;3;SG	nji̱
nji	V;PRF;PST;3	nɂi
nji	V;IRR;3;SG	njis
tsọ²ni	V;IPFV;PRS;2;SG	gi̱tsọ²ni
tsọ²ni	V;IPFV;PRS;3;SG	tsọ²nii
tsọ²ni	V;IPFV;PST;1;SG	di³tsọ́³ni
tsọ²ni	V;IPFV;PST;2;SG	xi'ts'o̲ni
tsọ²ni	V;IPFV;PST;3;SG	tsọ²ni
tsọ²ni	V;PFV;1;SG	da̲tsọ¹ni
tsọ²ni	V;PRF;PST;1	daᵗsʔu̲²nɛ
tsọ²ni	V;PRF;PST;2	bi²tsọ²ni
tsọ²ni	V;PRF;PST;3	tsǫ́xgo̧
tsọ²ni	V;IRR;1;SG	gi̱tsọ́ka
tsọ²ni	V;IRR;3;SG	tsá²ni
uä²hi	V;IPFV;PRS;3;SG	uä²hö
uä²hi	V;IPFV;PST;1;SG	guä²hmi
uä²hi	V;IPFV;PST;2;SG	giuä²hi
uä²hi	V;IPFV;PST;3;SG	pätsuähi
uä²hi	V;PFV;1;SG	guä²hi
uä²hi	V;PFV;3;SG	biuähi
uä²hi	V;PRF;PRS;3;SG	uä²hipü
uä²hi	V;PRF;PST;1	nuä²hi
uä²hi	V;PRF;PST;3	biuä²hi
uä²hi	V;IRR;2;SG	guä²hge
uä²hi	V;IRR;3;SG	uähmä
heni	V;IPFV;PRS;2;SG	gihenih
heni	V;IPFV;PST;1;SG	nhenih
heni	V;PFV;1;SG	nhenih
heni	V;PFV;3;SG	ts'ohni
heni	V;PRF;PRS;1;SG	'íní
heni	V;PRF;PRS;2;SG	gi heni
heni	V;PRF;PST;2	giheni
heni	V;PRF;PST;3	gänih
heni	V;IRR;1;SG	nda̱he
heni	V;IRR;3;SG	gáhenih
tsa²st’i	V;IPFV;PRS;1;SG	gi='tsa²st'i
tsa²st’i	V;IPFV;PST;1;SG	nuga̱ts’i
tsa²st’i	V;IPFV;PST;3;SG	nts’i²st’i²
tsa²st’i	V;PFV;3;SG	ndatsa²st’i
tsa²st’i	V;PRF;PRS;2;SG	da²tsa²stʼi²
tsa²st’i	V;PRF;PRS;3;SG	tsa²st'i
tsa²st’i	V;PRF;PST;1	da²tsá'st'í
tsa²st’i	V;IRR;1;SG	ndixtsa²st’i
tsa²st’i	V;IRR;2;SG	gi²tsa²st’i
tsa²st’i	V;IRR;3;SG	giHnʃ'i
eni	V;IPFV;PRS;2;SG	gi
eni	V;IPFV;PST;1;SG	nte
eni	V;IPFV;PST;2;SG	geni
eni	V;IPFV;PST;3;SG	ni
eni	V;PFV;1;SG	enímí
eni	V;PFV;3;SG	biʔni
eni	V;PRF;PRS;1;SG	goe
eni	V;PRF;PRS;2;SG	ge'eni
eni	V;IRR;1;SG	nix
eni	V;IRR;2;SG	gi'ni
muhni	V;IPFV;PRS;1;SG	gimuhi
muhni	V;IPFV;PRS;3;SG	gimuhi
muhni	V;IPFV;PST;1;SG	gi muhni
muhni	V;IPFV;PST;3;SG	mpøhmí
muhni	V;PFV;2;SG	bihni
muhni	V;PRF;PRS;1;SG	guimhni
muhni	V;PRF;PRS;3;SG	hmʉhni
muhni	V;PRF;PST;1	hmuní
muhni	V;PRF;PST;2	hmunih
muhni	V;PRF;PST;3	bihni
muhni	V;IRR;1;SG	guni
muhni	V;IRR;2;SG	gi muhni
muhni	V;IRR;3;SG	gi muhmbi
te¹²de	V;IPFV;PRS;3;SG	txe̲ihä
te¹²de	V;IPFV;PST;2;SG	hi̱m²bɪ²da²te²de
te¹²de	V;IPFV;PST;3;SG	te¹²de
te¹²de	V;PFV;2;SG	di³te²deh
te¹²de	V;PFV;3;SG	te̋də
te¹²de	V;PRF;PRS;1;SG	da¹²te¹²de
te¹²de	V;PRF;PRS;2;SG	te²da²i
te¹²de	V;PRF;PRS;3;SG	te¹²the
te¹²de	V;PRF;PST;1	n-te⁵de¹
te¹²de	V;IRR;1;SG	nda¹²te¹²de
te¹²de	V;IRR;2;SG	kte¹²degi
nọ²xke	V;IPFV;PRS;1;SG	hnọxke
nọ²xke	V;IPFV;PRS;2;SG	gi²nuhme
nọ²xke	V;IPFV;PRS;3;SG	gi²nọxki
nọ²xke	V;IPFV;PST;1;SG	da̧nho̧xke
nọ²xke	V;PFV;1;SG	gi̱nho̱xke
nọ²xke	V;PFV;2;SG	nǫhpui
nọ²xke	V;PFV;3;SG	nọ²xke
nọ²xke	V;PRF;PRS;1;SG	nnu̱xke
nọ²xke	V;PRF;PRS;2;SG	gi²nọ²xke
nọ²xke	V;IRR;1;SG	Da̱ngi
họ²x-gi²ni	V;IPFV;PRS;1;SG	n-dá-họ²x-gi²
họ²x-gi²ni	V;IPFV;PRS;3;SG	xkhogi
họ²x-gi²ni	V;IPFV;PST;1;SG	gi²ni-ra-go²x-ki
họ²x-gi²ni	V;IPFV;PST;2;SG	gi²ni
họ²x-gi²ni	V;PFV;1;SG	mihọx-gínihį
họ²x-gi²ni	V;PFV;3;SG	gi²niⁿxgo
họ²x-gi²ni	V;PRF;PRS;1;SG	gi²ni
họ²x-gi²ni	V;PRF;PRS;3;SG	dá̱họxgíní
họ²x-gi²ni	V;PRF;PST;1	bi²hįx-gi²ni
họ²x-gi²ni	V;PRF;PST;2	gi²ni-ra-gi²
họ²x-gi²ni	V;PRF;PST;3	o²x-gí²ni
họ²x-gi²ni	V;IRR;1;SG	gwa²x-gi²ni
họ²x-gi²ni	V;IRR;2;SG	gi²ni-ra²
agi	V;IPFV;PRS;2;SG	giatsʼi
agi	V;IPFV;PST;1;SG	giäts'ä
agi	V;PFV;1;SG	giagi
agi	V;PFV;2;SG	gihw̱i
agi	V;PFV;3;SG	agi
agi	V;PRF;PRS;2;SG	gägi
agi	V;PRF;PRS;3;SG	xogi
agi	V;PRF;PST;2	biʔagi
agi	V;IRR;1;SG	gipe
agi	V;IRR;3;SG	gi'ä
nko²mfo²rme	V;IPFV;PRS;1;SG	gi̱nko̱mfo̱rme
nko²mfo²rme	V;IPFV;PST;1;SG	ginxko²mfo²rme
nko²mfo²rme	V;PFV;1;SG	ngómfó̱mhí
nko²mfo²rme	V;PRF;PST;2	hnko²mfo²rmehmi
nko²mfo²rme	V;PRF;PST;3	nko²mfo²rmfe
nko²mfo²rme	V;IRR;2;SG	gi̱nko̱mfo̱rme
nko²mfo²rme	V;IRR;3;SG	nkomfo²hmi
ụi	V;IPFV;PST;1;SG	gutʼi
ụi	V;PFV;1;SG	go̲tho
ụi	V;PFV;2;SG	go̥
ụi	V;PFV;3;SG	bi'u
ụi	V;PRF;PRS;1;SG	'yäni
ụi	V;PRF;PRS;2;SG	giu̧i
ụi	V;PRF;PRS;3;SG	o'tųi
ụi	V;PRF;PST;1	'ýí
ụi	V;PRF;PST;3	guíi
ụi	V;IRR;3;SG	ra̱i
thẹ-nde	V;IPFV;PRS;3;SG	nthẹnde
thẹ-nde	V;PFV;3;SG	gothe
thẹ-nde	V;PRF;PRS;3;SG	thụ-nde
thẹ-nde	V;PRF;PST;3	nthẹnde
thẹ-nde	V;IRR;3;SG	thạ̱nde
thi¹²nt’i	V;IPFV;PRS;1;SG	da¹²ts’i
thi¹²nt’i	V;IPFV;PRS;2;SG	gi¹²thi¹²nt’i
thi¹²nt’i	V;IPFV;PST;2;SG	'ni²nt'i
thi¹²nt’i	V;PFV;2;SG	gi'nthi¹²nt'i
thi¹²nt’i	V;PFV;3;SG	thu̲nt’i
thi¹²nt’i	V;PRF;PRS;1;SG	da²nthi¹²nt’i
thi¹²nt’i	V;PRF;PRS;3;SG	tho²nts’i
thi¹²nt’i	V;PRF;PST;2	gi̱nth’a̱i
thi¹²nt’i	V;IRR;1;SG	da²nt’i
ambi	V;IPFV;PRS;2;SG	kí-n-ám-i
ambi	V;IPFV;PRS;3;SG	bëhmui
ambi	V;IPFV;PST;1;SG	mbiunda
ambi	V;IPFV;PST;2;SG	bihi
ambi	V;PFV;1;SG	'ambixkí
ambi	V;PFV;2;SG	ø'ni
ambi	V;PFV;3;SG	ámbi
ambi	V;PRF;PRS;1;SG	nrämbi
ambi	V;PRF;PST;1	pímbi
ambi	V;PRF;PST;2	ämbihu̱n
ambi	V;IRR;1;SG	ndi‘yo
ambi	V;IRR;2;SG	xa̱mbi
ambi	V;IRR;3;SG	xaːmbi
a²ʔtsi	V;IPFV;PRS;3;SG	gaʦʔi
a²ʔtsi	V;IPFV;PST;1;SG	nuga²ʔtsi
a²ʔtsi	V;IPFV;PST;3;SG	biʔtsibi
a²ʔtsi	V;PFV;1;SG	bi²da̰²tsʼi
a²ʔtsi	V;PFV;3;SG	da²ʔtsih¹i
a²ʔtsi	V;PRF;PRS;1;SG	giatʃi
a²ʔtsi	V;PRF;PRS;2;SG	ga²yʔa²tsi
a²ʔtsi	V;PRF;PST;1	ʔbáa²na¹
a²ʔtsi	V;PRF;PST;2	bi²ʔtsihű
a²ʔtsi	V;IRR;3;SG	ra'a
ʔra	V;PFV;1;SG	Ngará
ʔra	V;PRF;PRS;1;SG	ra
ʔra	V;PRF;PRS;3;SG	guarí
ʔra	V;PRF;PST;1	nugohmí
ʔra	V;PRF;PST;2	guʔra
ʔra	V;IRR;1;SG	nra
ʔra	V;IRR;2;SG	giʔra
e¹²mbi	V;IPFV;PRS;1;SG	gi¹²mbi
e¹²mbi	V;IPFV;PRS;2;SG	ge²mbi
e¹²mbi	V;IPFV;PRS;3;SG	ʣa¹²mbaʰ
e¹²mbi	V;IPFV;PST;1;SG	gi²xa¹hmbi
e¹²mbi	V;IPFV;PST;3;SG	di¹²mbi
e¹²mbi	V;PFV;2;SG	gimbihmi
e¹²mbi	V;PFV;3;SG	bíhmbí
e¹²mbi	V;PRF;PRS;2;SG	ge²da²mbih²
e¹²mbi	V;PRF;PRS;3;SG	o¹⁴mbi
e¹²mbi	V;PRF;PST;3	eⁿbi
fụ²ki	V;IPFV;PRS;2;SG	gi̱fụhki
fụ²ki	V;IPFV;PRS;3;SG	fụ²kí
fụ²ki	V;IPFV;PST;1;SG	giⁿfụ²ki
fụ²ki	V;IPFV;PST;2;SG	giNfụ²ki
fụ²ki	V;IPFV;PST;3;SG	mbụ²ki
fụ²ki	V;PFV;1;SG	fụ²kí
fụ²ki	V;PFV;2;SG	gi̱fụ²ki
fụ²ki	V;PFV;3;SG	zu²fụki
fụ²ki	V;PRF;PRS;1;SG	gi̲fụhki
fụ²ki	V;PRF;PRS;3;SG	fụ²kíh
fụ²ki	V;PRF;PST;1	gi̱fụkih
fụ²ki	V;PRF;PST;3	b'yfụ²ki
fụ²ki	V;IRR;1;SG	gi̱fụhki
fụ²ki	V;IRR;2;SG	gihfụ²ki
fụ²ki	V;IRR;3;SG	xäfụkụ
hñuʔmba-mụi	V;IPFV;PRS;2;SG	gi̱nxu̱hmui
hñuʔmba-mụi	V;IPFV;PST;1;SG	da̱ngi
hñuʔmba-mụi	V;IPFV;PST;3;SG	bihñuʔmbamụi
hñuʔmba-mụi	V;PFV;1;SG	gi̱hñụhmui
hñuʔmba-mụi	V;PFV;3;SG	o
hñuʔmba-mụi	V;PRF;PRS;1;SG	gi̱hñuhmʉi
hñuʔmba-mụi	V;PRF;PRS;3;SG	hñuʔmbamụi
hñuʔmba-mụi	V;PRF;PST;1	di̱ hñu̱mba-mụi
hñuʔmba-mụi	V;PRF;PST;2	gi hñuʔmụiji
hñuʔmba-mụi	V;PRF;PST;3	mahñumui
hñuʔmba-mụi	V;IRR;1;SG	da-hñụm-i
hñuʔmba-mụi	V;IRR;3;SG	da-hñuʔmba
test acc Mezquital Otomi 0.004
