abstrákta	ADJ;ACC(PL)	abstráktat
abstrákta	ADJ;ACC(SG)	abstraktda
abstrákta	ADJ;COM(PL)	abstráktagat
abstrákta	ADJ;COM(SG)	abstráktagoabbat
abstrákta	ADJ;FRML(SG)	abstrákta
abstrákta	ADJ;GEN(PL)	abstráktaid
abstrákta	ADJ;GEN(SG)	abstrávtta
abstrákta	ADJ;IN+ALL(PL)	abstráktatnjiid
abstrákta	ADJ;IN+ALL(SG)	abstráktii
abstrákta	ADJ;NOM(PL)	abstrávttat
abstrákta	ADJ;NOM(SG)	abstrákta
abstrákta	ADJ;PRP(PL)	abstraktáidda
abstrákta	ADJ;PRP(SG)	abstrávtta
almmáskit	V;COND;NOM(1,DU)	albmáskeaba
almmáskit	V;COND;NOM(1,PL)	almmáskuvččiimet
almmáskit	V;COND;NOM(1,SG)	almmáskšin
almmáskit	V;COND;NOM(2,DU)	almmáskiseide
almmáskit	V;COND;NOM(2,PL)	almáškideadetGyrkjesaevddegilvu
almmáskit	V;COND;NOM(3,DU)	almáskkášeigga
almmáskit	V;COND;NOM(3,SG)	almmáskiižžin
almmáskit	V;IMP;NOM(1,PL)	almmáskkot
almmáskit	V;IMP;NOM(2,DU)	almáste
almmáskit	V;IMP;NOM(2,SG)	almmásgo
almmáskit	V;IMP;NOM(3,PL)	almmáscet
almmáskit	V;IMP;NOM(3,SG)	almmáskis
almmáskit	V;POT;NOM(1,DU)	almmáskeabba
almmáskit	V;POT;NOM(1,PL)	almmáskešeimmet
almmáskit	V;POT;NOM(2,DU)	almmáskažeardian
almmáskit	V;POT;NOM(2,PL)	almmáskešeidien
almmáskit	V;POT;NOM(2,SG)	almmáskašit
almmáskit	V;POT;NOM(3,PL)	almmáskešeaddjit
almmáskit	V;POT;NOM(3,SG)	almmáškos
almmáskit	V;PRS;IND;NOM(1,DU)	almmáskeva
almmáskit	V;PRS;IND;NOM(1,PL)	almmáskit
almmáskit	V;PRS;IND;NOM(1,SG)	almmáskan
almmáskit	V;PRS;IND;NOM(2,DU)	almmáskeahčat
almmáskit	V;PRS;IND;NOM(2,PL)	alččot
almmáskit	V;PRS;IND;NOM(2,SG)	almmáskit
almmáskit	V;PRS;IND;NOM(3,DU)	almmáskaba
almmáskit	V;PRS;IND;NOM(3,SG)	almmáska
almmáskit	V;PST;IND;NOM(1,DU)	almmáskaime
almmáskit	V;PST;IND;NOM(1,SG)	almmásken
almmáskit	V;PST;IND;NOM(2,DU)	almmáskaide
almmáskit	V;PST;IND;NOM(3,DU)	almmásgaiga
almmáskit	V;PST;IND;NOM(3,PL)	almáskojedje
amas	ADJ;ACC(PL)	amatte
amas	ADJ;ACC(SG)	amasa
amas	ADJ;COM(PL)	amasehkuin
amas	ADJ;COM(SG)	amašabbu
amas	ADJ;FRML(SG)	amus
amas	ADJ;GEN(PL)	amaš
amas	ADJ;GEN(SG)	amašlaš
amas	ADJ;IN+ALL(PL)	amatusaide
amas	ADJ;IN+ALL(SG)	amassii
amas	ADJ;NOM(PL)	amaset
amas	ADJ;NOM(SG)	amas
amas	ADJ;PRP(PL)	ámmasiin
amas	ADJ;PRP(SG)	amašain
atoma	N;ACC(PL)	atommaid
atoma	N;ACC(SG)	atomma
atoma	N;COM(PL)	atomain
atoma	N;COM(SG)	atomain
atoma	N;FRML(SG)	atoma
atoma	N;GEN(PL)	atomajien
atoma	N;GEN(SG)	atoma
atoma	N;IN+ALL(PL)	atomiide
atoma	N;IN+ALL(SG)	atomii
atoma	N;NOM(PL)	atomat
atoma	N;NOM(SG)	atoma
atoma	N;PRP(PL)	atómain
atoma	N;PRP(SG)	atomas
bieđgát	V;COND;LGSPEC1;NOM(1,PL)	bieđgálešeimmet
bieđgát	V;COND;LGSPEC1;NOM(1,SG)	bieđgá-leh-en
bieđgát	V;COND;LGSPEC1;NOM(2,DU)	bieđgaležže
bieđgát	V;COND;LGSPEC1;NOM(2,SG)	bieđgášeččat
bieđgát	V;COND;LGSPEC1;NOM(3,DU)	bieđgášeiggažat
bieđgát	V;COND;LGSPEC1;NOM(3,PL)	bieđggetgo nuvttá
bieđgát	V;COND;LGSPEC1;NOM(3,SG)	bieđgátlašii
bieđgát	V;COND;NOM(1,DU)	bieđkáide
bieđgát	V;COND;NOM(1,PL)	bieđgážet
bieđgát	V;COND;NOM(2,PL)	bieđgášeidettošii
bieđgát	V;COND;NOM(2,SG)	bieđgáše
bieđgát	V;IMP;NOM(1,SG)	bieđgáš
bieđgát	V;IMP;NOM(2,DU)	bieđgádde
bieđgát	V;IMP;NOM(2,PL)	bieđgádeamet
bieđgát	V;IMP;NOM(2,SG)	bieđggot
bieđgát	V;IMP;NOM(3,DU)	bieđgádeahkki
bieđgát	V;POT;NOM(1,DU)	bieđgástin
bieđgát	V;POT;NOM(1,PL)	bieđgat
bieđgát	V;POT;NOM(1,SG)	bieđgáše-m
bieđgát	V;POT;NOM(2,DU)	bieđgebeahtti
bieđgát	V;POT;NOM(2,PL)	bieđgáše-ehpet
bieđgát	V;POT;NOM(3,DU)	bieđgádeanu
bieđgát	V;PRS;IND;NOM(1,DU)	bieđgádeame
bieđgát	V;PRS;IND;NOM(1,PL)	bieđgat
bieđgát	V;PRS;IND;NOM(1,SG)	bieđgán
bieđgát	V;PRS;IND;NOM(2,DU)	bieđgebeahkči
bieđgát	V;PRS;IND;NOM(2,PL)	bieđgábat
bieđgát	V;PRS;IND;NOM(3,PL)	bieđgán
bieđgát	V;PST;IND;NOM(1,PL)	bieđgáimet
bieđgát	V;PST;IND;NOM(1,SG)	bieđgejin
bieđgát	V;PST;IND;NOM(2,PL)	bieđgádeidien
bieđgát	V;PST;IND;NOM(3,PL)	bieđgodedje
buddet	V;COND;LGSPEC1;NOM(1,DU)	buddešeigka
buddet	V;COND;LGSPEC1;NOM(1,SG)	buđehččoset
buddet	V;COND;LGSPEC1;NOM(2,PL)	buddešitgoaiʹme
buddet	V;COND;LGSPEC1;NOM(2,SG)	buđiišgođiiba
buddet	V;COND;LGSPEC1;NOM(3,DU)	buvttišeigga
buddet	V;COND;LGSPEC1;NOM(3,PL)	bussiiččat
buddet	V;COND;LGSPEC1;NOM(3,SG)	buddešii
buddet	V;COND;NOM(1,PL)	buddiiččimet
buddet	V;COND;NOM(1,SG)	budden
buddet	V;COND;NOM(2,DU)	buddešitšiďe
buddet	V;COND;NOM(2,SG)	buddešit
buddet	V;COND;NOM(3,DU)	buhkkišeigga
buddet	V;COND;NOM(3,PL)	buddešedje
buddet	V;IMP;NOM(1,PL)	buddii
buddet	V;IMP;NOM(1,SG)	biidde
buddet	V;IMP;NOM(2,PL)	buddit
buddet	V;IMP;NOM(2,SG)	budde
buddet	V;IMP;NOM(3,PL)	buddet
buddet	V;POT;NOM(2,DU)	buddeskađet
buddet	V;POT;NOM(2,PL)	buddeše
buddet	V;POT;NOM(2,SG)	buddežat
buddet	V;POT;NOM(3,DU)	buddešeigga
buddet	V;PRS;IND;NOM(1,PL)	buđđet
buddet	V;PRS;IND;NOM(1,SG)	buddan
buddet	V;PRS;IND;NOM(2,DU)	budedeahppi
buddet	V;PRS;IND;NOM(2,PL)	buddet
buddet	V;PRS;IND;NOM(3,PL)	buddit
buddet	V;PST;IND;NOM(1,DU)	buddán
buddet	V;PST;IND;NOM(1,SG)	budden
buddet	V;PST;IND;NOM(3,DU)	boddegahttiiga
buddet	V;PST;IND;NOM(3,PL)	buddii
báistit	V;COND;LGSPEC1;NOM(1,PL)	báistešit
báistit	V;COND;LGSPEC1;NOM(1,SG)	báštašin
báistit	V;COND;LGSPEC1;NOM(2,DU)	báistežilvuolle
báistit	V;COND;LGSPEC1;NOM(2,PL)	báistešeidnet
báistit	V;COND;LGSPEC1;NOM(2,SG)	báistešin
báistit	V;COND;LGSPEC1;NOM(3,DU)	báisiteaba
báistit	V;COND;LGSPEC1;NOM(3,PL)	báistežet leat
báistit	V;COND;LGSPEC1;NOM(3,SG)	báistešiige
báistit	V;COND;NOM(1,DU)	báistešeimme
báistit	V;COND;NOM(1,SG)	báistešin
báistit	V;COND;NOM(2,DU)	báisteššeide
báistit	V;COND;NOM(3,DU)	báistešeiggasadá
báistit	V;COND;NOM(3,PL)	báistežat jođánit
báistit	V;COND;NOM(3,SG)	báisteše
báistit	V;IMP;NOM(1,DU)	báiste
báistit	V;IMP;NOM(1,PL)	báistit
báistit	V;IMP;NOM(2,PL)	báistehkket
báistit	V;POT;NOM(1,SG)	báistedan
báistit	V;POT;NOM(2,PL)	báistebeažžet
báistit	V;POT;NOM(3,DU)	báistešeigik
báistit	V;POT;NOM(3,PL)	báistežat
báistit	V;POT;NOM(3,SG)	báistežat
báistit	V;PRS;IND;NOM(1,DU)	báistebeahtti
báistit	V;PRS;IND;NOM(2,PL)	báistet
báistit	V;PRS;IND;NOM(3,SG)	báistit
báistit	V;PST;IND;NOM(1,DU)	báistegeaimet
báistit	V;PST;IND;NOM(1,PL)	báistiimet
báistit	V;PST;IND;NOM(1,SG)	báistin
báistit	V;PST;IND;NOM(2,PL)	báistídet
báistit	V;PST;IND;NOM(3,DU)	báiste
báistit	V;PST;IND;NOM(3,PL)	báiste
báistit	V;PST;IND;NOM(3,SG)	báisttii
bálgán	N;ACC(PL)	_bálgánid_
bálgán	N;ACC(SG)	bálgána
bálgán	N;COM(PL)	bálgániin
bálgán	N;COM(SG)	bálgánin
bálgán	N;FRML(SG)	bálggána
bálgán	N;GEN(PL)	bálgániid
bálgán	N;GEN(SG)	bálgán
bálgán	N;IN+ALL(PL)	bálgáidegamit
bálgán	N;IN+ALL(SG)	bálgánii
bálgán	N;NOM(SG)	bálgán
bálgán	N;PRP(PL)	bálgánii
bálgán	N;PRP(SG)	bálgánis
báralaš	ADJ;ACC(PL)	báralagaid
báralaš	ADJ;ACC(SG)	báraláža
báralaš	ADJ;COM(PL)	báralit
báralaš	ADJ;COM(SG)	báralat
báralaš	ADJ;FRML(SG)	báralašat
báralaš	ADJ;GEN(PL)	báralaššaid
báralaš	ADJ;GEN(SG)	báraláža
báralaš	ADJ;IN+ALL(PL)	báralii
báralaš	ADJ;IN+ALL(SG)	báralasšii
báralaš	ADJ;NOM(PL)	báralasat
báralaš	ADJ;NOM(SG)	báralaš
báralaš	ADJ;PRP(PL)	báralašaid
báralaš	ADJ;PRP(SG)	báralagaš
bárdnat	V;COND;LGSPEC1;NOM(1,DU)	bárdnaleai
bárdnat	V;COND;LGSPEC1;NOM(1,PL)	bárdnašeimmet
bárdnat	V;COND;LGSPEC1;NOM(2,DU)	bárdnaležže
bárdnat	V;COND;LGSPEC1;NOM(2,PL)	bárdnetlašgo
bárdnat	V;COND;LGSPEC1;NOM(2,SG)	bárdnanalit
bárdnat	V;COND;LGSPEC1;NOM(3,DU)	bárdnižitnoGoal to inflect the given lemma by using the features with my best expert knowledge in Sámi.
bárdnat	V;COND;LGSPEC1;NOM(3,SG)	bárdnašii
bárdnat	V;COND;NOM(1,DU)	bárdnošeaiʹm
bárdnat	V;COND;NOM(1,PL)	bárdnášeimmet
bárdnat	V;COND;NOM(2,DU)	bárdnádeahka
bárdnat	V;COND;NOM(2,SG)	bárdnágoččat
bárdnat	V;IMP;NOM(1,SG)	bárddáhan
bárdnat	V;IMP;NOM(2,DU)	bárdnehippiien
bárdnat	V;IMP;NOM(2,SG)	bárdne
bárdnat	V;IMP;NOM(3,DU)	bárdne
bárdnat	V;IMP;NOM(3,PL)	bárdnedet
bárdnat	V;IMP;NOM(3,SG)	bárdnat
bárdnat	V;POT;NOM(1,DU)	bárdnasteaba
bárdnat	V;POT;NOM(1,PL)	bárdnatšeimmet
bárdnat	V;POT;NOM(2,PL)	bárdniideT
bárdnat	V;POT;NOM(3,DU)	bárdnatte
bárdnat	V;POT;NOM(3,SG)	bárdnašii
bárdnat	V;PRS;IND;NOM(1,DU)	bárdnideame
bárdnat	V;PRS;IND;NOM(1,PL)	bárdniimet
bárdnat	V;PRS;IND;NOM(1,SG)	bárdnan
bárdnat	V;PRS;IND;NOM(2,PL)	bárdnahegO
bárdnat	V;PRS;IND;NOM(3,DU)	bardnaba
bárdnat	V;PRS;IND;NOM(3,SG)	bárdnaš
bárdnat	V;PST;IND;NOM(1,DU)	bárdniime
bárdnat	V;PST;IND;NOM(2,DU)	bárdnaleabade
bárdnat	V;PST;IND;NOM(3,PL)	bárdnedje
bárdnat	V;PST;IND;NOM(3,SG)	šattai
ceggoseamos	ADJ;ACC(PL)	ceggoseamoššiid
ceggoseamos	ADJ;ACC(SG)	ceggoseamosa
ceggoseamos	ADJ;COM(PL)	ceggoseamošebbot
ceggoseamos	ADJ;COM(SG)	ceggoseamoses
ceggoseamos	ADJ;FRML(SG)	ceggoseamosáš
ceggoseamos	ADJ;GEN(PL)	ceggoseamiid
ceggoseamos	ADJ;GEN(SG)	ceggoseamoseamosa
ceggoseamos	ADJ;IN+ALL(PL)	ceggoseamošiidda
ceggoseamos	ADJ;IN+ALL(SG)	ceaggosepmosii
ceggoseamos	ADJ;NOM(PL)	ceggoseamosat
ceggoseamos	ADJ;NOM(SG)	ceggoseamosáš
ceggoseamos	ADJ;PRP(PL)	ceggoseamosat
ceggoseamos	ADJ;PRP(SG)	ceggosamos
cuoŋománnu	N;ACC(PL)	cuoŋománuid
cuoŋománnu	N;ACC(SG)	cuoŋománu
cuoŋománnu	N;COM(PL)	cuoŋomanuidda
cuoŋománnu	N;COM(SG)	cuoŋománus
cuoŋománnu	N;FRML(SG)	cuoŋománnu
cuoŋománnu	N;GEN(PL)	cuoŋománnuid
cuoŋománnu	N;GEN(SG)	cuoŋománu
cuoŋománnu	N;IN+ALL(PL)	cuŋománuidda
cuoŋománnu	N;IN+ALL(SG)	cuoŋománnui
cuoŋománnu	N;NOM(PL)	cuoŋománut
cuoŋománnu	N;NOM(SG)	cuoŋománnu
cuoŋománnu	N;PRP(PL)	cuoŋománuid
cuoŋománnu	N;PRP(SG)	cuoŋománu
deaivat	V;COND;LGSPEC1;NOM(2,DU)	deaivagearddeba
deaivat	V;COND;LGSPEC1;NOM(2,PL)	deadivašeai
deaivat	V;COND;LGSPEC1;NOM(2,SG)	deavášii
deaivat	V;COND;LGSPEC1;NOM(3,DU)	deaivašeigga
deaivat	V;COND;LGSPEC1;NOM(3,PL)	deaivvaše
deaivat	V;COND;LGSPEC1;NOM(3,SG)	deaivvašiin
deaivat	V;COND;NOM(1,DU)	deavdde
deaivat	V;COND;NOM(2,DU)	deaviskeahtti
deaivat	V;COND;NOM(2,PL)	deaivvašeidje
deaivat	V;COND;NOM(3,DU)	deaivašeigga
deaivat	V;COND;NOM(3,PL)	dealivčče
deaivat	V;COND;NOM(3,SG)	deaivvašii
deaivat	V;IMP;NOM(1,DU)	deaivan
deaivat	V;IMP;NOM(2,DU)	deaivet
deaivat	V;IMP;NOM(2,PL)	deaivvet
deaivat	V;IMP;NOM(2,SG)	deaivva
deaivat	V;IMP;NOM(3,DU)	Deaivat
deaivat	V;IMP;NOM(3,PL)	deaivvot
deaivat	V;POT;NOM(1,PL)	deaivatte
deaivat	V;POT;NOM(1,SG)	deavádat
deaivat	V;POT;NOM(2,PL)	deaivadehket
deaivat	V;POT;NOM(2,SG)	deaváš
deaivat	V;POT;NOM(3,DU)	deaivašeigga
deaivat	V;PRS;IND;NOM(1,DU)	deaivadeaba
deaivat	V;PRS;IND;NOM(2,SG)	deaivatA:PRS:IND:2:SG
deaivat	V;PRS;IND;NOM(3,PL)	deaivvet
deaivat	V;PST;IND;NOM(1,DU)	deaivvuime
deaivat	V;PST;IND;NOM(1,PL)	deaivvoimet
deaivat	V;PST;IND;NOM(1,SG)	deavdin
deaivat	V;PST;IND;NOM(2,SG)	deavdii
deaivat	V;PST;IND;NOM(3,DU)	deaivaiga
deaivat	V;PST;IND;NOM(3,PL)	deivvošedje
dievvat	V;COND;LGSPEC1;NOM(1,SG)	divežiivččon
dievvat	V;COND;LGSPEC1;NOM(2,PL)	dievvaše-eahkči-eT-ehpe-et-ee-et-ee-et-ehke-eL-et-ee-ehke-eL-et-ee-eT-ee-eT-ee-eT-ee-eT-ee-eT-ee-et-ee-et-ee-et-ee-ee-et-eel-et-ee-eel-et-ee-eel-et-ee-eel-et-ee-eel-et-ee-eel-et-ee-eel-et-ee-eel-et-ee-eel-et-ee-eel-et-ee-eel-et-ee-eel-ett-u
dievvat	V;COND;LGSPEC1;NOM(2,SG)	diohtivččašeigá
dievvat	V;COND;LGSPEC1;NOM(3,PL)	dievvasetgo
dievvat	V;COND;LGSPEC1;NOM(3,SG)	dievvasivččentii
dievvat	V;COND;NOM(1,PL)	dievašeimmet
dievvat	V;COND;NOM(2,DU)	dievvašeide
dievvat	V;COND;NOM(2,SG)	dievvatgošedjet
dievvat	V;COND;NOM(3,DU)	dievvašiietʹ
dievvat	V;COND;NOM(3,PL)	dievvašedje
dievvat	V;COND;NOM(3,SG)	dievvašii
dievvat	V;IMP;NOM(1,SG)	dievván
dievvat	V;IMP;NOM(2,PL)	dievvátte
dievvat	V;IMP;NOM(2,SG)	dievvat
dievvat	V;IMP;NOM(3,DU)	dievvažiidien
dievvat	V;IMP;NOM(3,SG)	dievvašit
dievvat	V;POT;NOM(1,SG)	dievvan
dievvat	V;POT;NOM(2,DU)	dievvadeahka
dievvat	V;POT;NOM(2,PL)	dievvašehket
dievvat	V;POT;NOM(2,SG)	dievvoge
dievvat	V;POT;NOM(3,DU)	dievvažeigga
dievvat	V;POT;NOM(3,PL)	dievvašit
dievvat	V;PRS;IND;NOM(1,DU)	dievahettje
dievvat	V;PRS;IND;NOM(2,SG)	dievvát
dievvat	V;PRS;IND;NOM(3,SG)	dievvá
dievvat	V;PST;IND;NOM(1,PL)	dievvaimet
dievvat	V;PST;IND;NOM(1,SG)	dievvadin
dievvat	V;PST;IND;NOM(2,DU)	dievvadahttiide
dievvat	V;PST;IND;NOM(2,PL)	dievvadedje
dievvat	V;PST;IND;NOM(3,DU)	dievvagaigga
dievvat	V;PST;IND;NOM(3,PL)	dievvagohte
dievvat	V;PST;IND;NOM(3,SG)	dievvai
dorvu	N;ACC(PL)	dorvuid
dorvu	N;ACC(SG)	dorvu
dorvu	N;COM(PL)	dorvuin
dorvu	N;COM(SG)	dorvui
dorvu	N;FRML(SG)	dorvu
dorvu	N;GEN(PL)	dorvguid
dorvu	N;GEN(SG)	dorvo
dorvu	N;IN+ALL(PL)	dorvvuide
dorvu	N;IN+ALL(SG)	dorvui
dorvu	N;NOM(PL)	dorvut
dorvu	N;NOM(SG)	dorvu
dorvu	N;PRP(PL)	dorvvuide
dorvu	N;PRP(SG)	dorvvujahkki
dorvvastit	V;COND;NOM(1,DU)	dorvvastahtežet
dorvvastit	V;COND;NOM(1,PL)	dorvvastivččaimet
dorvvastit	V;COND;NOM(1,SG)	dorvvastangoččin
dorvvastit	V;COND;NOM(2,DU)	dorvvastašeidʹdet
dorvvastit	V;COND;NOM(2,PL)	dorvvastivččaidet
dorvvastit	V;COND;NOM(2,SG)	dovrrovastivččet
dorvvastit	V;COND;NOM(3,DU)	dorvvašteaba
dorvvastit	V;COND;NOM(3,PL)	dorvvastivččet
dorvvastit	V;COND;NOM(3,SG)	dorvvastivččii
dorvvastit	V;IMP;NOM(1,SG)	dorvvastat
dorvvastit	V;IMP;NOM(2,PL)	dorvvastit-et
dorvvastit	V;IMP;NOM(2,SG)	dorvvast</h2>
dorvvastit	V;IMP;NOM(3,DU)	dorvvastikkeahtti
dorvvastit	V;IMP;NOM(3,PL)	dorvvastedje
dorvvastit	V;IMP;NOM(3,SG)	dorvvastitgo
dorvvastit	V;POT;NOM(1,DU)	dorvvastisean
dorvvastit	V;POT;NOM(1,SG)	dorvvastivččen
dorvvastit	V;POT;NOM(2,DU)	dorvvastatte
dorvvastit	V;POT;NOM(2,PL)	dorvvastivččet
dorvvastit	V;POT;NOM(3,PL)	dorvvastašeat
dorvvastit	V;POT;NOM(3,SG)	dorvvastivččii
dorvvastit	V;PRS;IND;NOM(1,DU)	dorvvastatte
dorvvastit	V;PRS;IND;NOM(1,PL)	dorvvastit
dorvvastit	V;PRS;IND;NOM(1,SG)	dorvvastan
dorvvastit	V;PRS;IND;NOM(2,DU)	dorvvastabeahtit
dorvvastit	V;PRS;IND;NOM(3,DU)	dorvvastaba
dorvvastit	V;PST;IND;NOM(1,DU)	dorvvastimme
dorvvastit	V;PST;IND;NOM(2,PL)	dorvvastedet'tet
dorvvastit	V;PST;IND;NOM(2,SG)	dorvvastii
dorvvastit	V;PST;IND;NOM(3,DU)	dorvvastigaiga
dorvvastit	V;PST;IND;NOM(3,PL)	dorvvaštedje
dorvvastit	V;PST;IND;NOM(3,SG)	dorvvastii
dorvvolaččat	ADJ;ACC(PL)	dorvvolaččaid
dorvvolaččat	ADJ;ACC(SG)	Dorvvolaččat
dorvvolaččat	ADJ;COM(PL)	dorvvolaččat
dorvvolaččat	ADJ;COM(SG)	dorvvolaččagat
dorvvolaččat	ADJ;FRML(SG)	dorvvolaččat
dorvvolaččat	ADJ;GEN(PL)	dorvvolaččaid
dorvvolaččat	ADJ;GEN(SG)	dorvvolaš
dorvvolaččat	ADJ;IN+ALL(PL)	dorvvolaččaidebuvnnjein
dorvvolaččat	ADJ;IN+ALL(SG)	dorvvolaččaide
dorvvolaččat	ADJ;NOM(PL)	dorvvolaččat
dorvvolaččat	ADJ;NOM(SG)	dorvvolaš
dorvvolaččat	ADJ;PRP(PL)	dorvvolaččain
dorvvolaččat	ADJ;PRP(SG)	dorvvolaččagan
dápmat	V;COND;LGSPEC1;NOM(1,DU)	davmeččiiʹm
dápmat	V;COND;LGSPEC1;NOM(2,SG)	dámašiidgo dovai
dápmat	V;COND;LGSPEC1;NOM(3,SG)	dámašežžet
dápmat	V;COND;NOM(1,DU)	dámášeimme
dápmat	V;COND;NOM(2,SG)	dápmotit
dápmat	V;COND;NOM(3,DU)	dápmašeiggue
dápmat	V;COND;NOM(3,PL)	dápmotgoodežet
dápmat	V;COND;NOM(3,SG)	dápmašii
dápmat	V;IMP;NOM(1,PL)	dapmmet
dápmat	V;IMP;NOM(1,SG)	dámaš
dápmat	V;IMP;NOM(2,DU)	dápmabeahtti
dápmat	V;IMP;NOM(3,PL)	dápmot-et
dápmat	V;POT;NOM(1,DU)	dápmeažžuiguin
dápmat	V;POT;NOM(2,DU)	dámpet
dápmat	V;POT;NOM(2,SG)	dápmogit
dápmat	V;POT;NOM(3,DU)	dápmaseva
dápmat	V;POT;NOM(3,PL)	dapmogohtet
dápmat	V;PRS;IND;NOM(1,DU)	dápmun
dápmat	V;PRS;IND;NOM(1,PL)	dápmatnit
dápmat	V;PRS;IND;NOM(2,DU)	dápmabeahtti
dápmat	V;PRS;IND;NOM(2,SG)	dámát
dápmat	V;PRS;IND;NOM(3,DU)	dábmaba
dápmat	V;PRS;IND;NOM(3,PL)	dápmot
dápmat	V;PRS;IND;NOM(3,SG)	dápma
dápmat	V;PST;IND;NOM(1,DU)	dápmáide
dápmat	V;PST;IND;NOM(1,PL)	dápmuimet
dápmat	V;PST;IND;NOM(1,SG)	dámmojin
dápmat	V;PST;IND;NOM(2,DU)	dápmadeaba
dápmat	V;PST;IND;NOM(2,PL)	dápmeidet
dápmat	V;PST;IND;NOM(3,DU)	dámbbaiga
dápmat	V;PST;IND;NOM(3,SG)	dáfmadij
fuoikit	V;COND;LGSPEC1;NOM(1,DU)	fuoikišin
fuoikit	V;COND;LGSPEC1;NOM(1,PL)	fuoikašiiMMI
fuoikit	V;COND;LGSPEC1;NOM(1,SG)	fuoikkkon
fuoikit	V;COND;LGSPEC1;NOM(2,DU)	fuoikšeaba
fuoikit	V;COND;LGSPEC1;NOM(2,PL)	fuoikinččat
fuoikit	V;COND;LGSPEC1;NOM(3,PL)	fuoikkaše¹k, fuoikkašii¹t
fuoikit	V;COND;LGSPEC1;NOM(3,SG)	fuoikkon
fuoikit	V;COND;NOM(1,DU)	fuoiketšeáme
fuoikit	V;COND;NOM(2,PL)	fuoikiivččiidek
fuoikit	V;COND;NOM(2,SG)	fuoikket
fuoikit	V;COND;NOM(3,DU)	fuoikišeigga
fuoikit	V;COND;NOM(3,SG)	fuoikkášii
fuoikit	V;IMP;NOM(1,DU)	fuoikit
fuoikit	V;IMP;NOM(1,PL)	fuoikkus
fuoikit	V;IMP;NOM(1,SG)	fuoikin
fuoikit	V;IMP;NOM(2,DU)	fuoikke
fuoikit	V;IMP;NOM(2,PL)	fuoikket
fuoikit	V;IMP;NOM(2,SG)	fuoikket
fuoikit	V;IMP;NOM(3,DU)	fuoikkiide
fuoikit	V;POT;NOM(1,PL)	fuoikkežet
fuoikit	V;POT;NOM(1,SG)	fuoikon
fuoikit	V;POT;NOM(2,SG)	fuoikit
fuoikit	V;POT;NOM(3,DU)	fuoikkše
fuoikit	V;POT;NOM(3,SG)	fuoikážiš
fuoikit	V;PRS;IND;NOM(1,PL)	fuoikitfuiikkit
fuoikit	V;PRS;IND;NOM(1,SG)	fuoikun
fuoikit	V;PRS;IND;NOM(2,PL)	fuoikibehtet
fuoikit	V;PST;IND;NOM(1,SG)	fuoikin
fuoikit	V;PST;IND;NOM(2,SG)	fuoinnáin
fuoikit	V;PST;IND;NOM(3,DU)	fuoiˑkaigan
fuoikit	V;PST;IND;NOM(3,SG)	fuoitkkai
geahppán	N;ACC(PL)	geahppániid
geahppán	N;ACC(SG)	geahppána
geahppán	N;COM(PL)	geahppániid
geahppán	N;COM(SG)	geahppánin
geahppán	N;FRML(SG)	geahppán
geahppán	N;GEN(PL)	geahpániin
geahppán	N;GEN(SG)	geahppán
geahppán	N;IN+ALL(PL)	geahpániiddáide
geahppán	N;IN+ALL(SG)	geahpáii
geahppán	N;NOM(SG)	geahppán
geahppán	N;PRP(PL)	geahppániid
geahppán	N;PRP(SG)	geahppánan
guoggát	V;COND;LGSPEC1;NOM(1,DU)	guogašeimme
guoggát	V;COND;LGSPEC1;NOM(2,SG)	guasášeabalaba
guoggát	V;COND;LGSPEC1;NOM(3,DU)	guoǥuhčin
guoggát	V;COND;LGSPEC1;NOM(3,PL)	guoɡgášeččii
guoggát	V;COND;LGSPEC1;NOM(3,SG)	guoggášii
guoggát	V;COND;NOM(1,DU)	guoggášeamme
guoggát	V;COND;NOM(1,SG)	guoqqágožžon
guoggát	V;COND;NOM(2,DU)	guoggašeidde
guoggát	V;COND;NOM(2,PL)	guoggášiiđet
guoggát	V;COND;NOM(3,DU)	guoŋgaleaba
guoggát	V;COND;NOM(3,SG)	guoggášii
guoggát	V;IMP;NOM(1,DU)	gungodeame
guoggát	V;IMP;NOM(1,SG)	guogga
guoggát	V;IMP;NOM(2,SG)	guogo
guoggát	V;IMP;NOM(3,DU)	guoggažeak
guoggát	V;IMP;NOM(3,SG)	guoggo
guoggát	V;POT;NOM(1,DU)	guoggažeaba
guoggát	V;POT;NOM(2,PL)	guogožehket
guoggát	V;POT;NOM(2,SG)	guoggátehket
guoggát	V;POT;NOM(3,PL)	guoggážedje
guoggát	V;PRS;IND;NOM(1,DU)	guoggáneame
guoggát	V;PRS;IND;NOM(1,PL)	guoggát
guoggát	V;PRS;IND;NOM(1,SG)	guoggan
guoggát	V;PRS;IND;NOM(2,PL)	guoggábeahtti
guoggát	V;PRS;IND;NOM(2,SG)	guoggát
guoggát	V;PRS;IND;NOM(3,SG)	goagguđet
guoggát	V;PST;IND;NOM(1,DU)	guokgámet
guoggát	V;PST;IND;NOM(1,PL)	guoggáimet
guoggát	V;PST;IND;NOM(1,SG)	guoggin
guoggát	V;PST;IND;NOM(2,DU)	guoggáide
guoggát	V;PST;IND;NOM(2,SG)	gožot
guoggát	V;PST;IND;NOM(3,PL)	guoggadedje
guoktelogigoalmmát	ADJ;ACC(PL)	guoktelogigoalmmádiid
guoktelogigoalmmát	ADJ;ACC(SG)	guoktelogigoalmáda
guoktelogigoalmmát	ADJ;COM(PL)	guoktelogigoalmmádiid
guoktelogigoalmmát	ADJ;COM(SG)	guoktelogigoalmábut
guoktelogigoalmmát	ADJ;FRML(SG)	guoktelogigoalmmát
guoktelogigoalmmát	ADJ;GEN(PL)	guoktelogigoalmmat
guoktelogigoalmmát	ADJ;GEN(SG)	guoktelogigoalmmatta
guoktelogigoalmmát	ADJ;IN+ALL(PL)	guoktelogigoalmádaide
guoktelogigoalmmát	ADJ;IN+ALL(SG)	guoktelogigoalmádii
guoktelogigoalmmát	ADJ;NOM(PL)	guoktelogigoalmádat
guoktelogigoalmmát	ADJ;NOM(SG)	guoktelogigoalmmát
guoktelogigoalmmát	ADJ;PRP(PL)	guoktelogigoalmmádiid
guoktelogigoalmmát	ADJ;PRP(SG)	guoktelogigoalmmáda
guolástit	V;COND;NOM(1,PL)	guolásteimmet
guolástit	V;COND;NOM(1,SG)	guolástivččen
guolástit	V;COND;NOM(2,DU)	guolástišiiđeahtta
guolástit	V;COND;NOM(2,SG)	guolástivččet
guolástit	V;COND;NOM(3,DU)	guolástivččiiga
guolástit	V;COND;NOM(3,SG)	guolástivččii
guolástit	V;IMP;NOM(1,DU)	guollásteaba
guolástit	V;IMP;NOM(1,SG)	guolástalan
guolástit	V;IMP;NOM(2,DU)	guolástiðđe
guolástit	V;IMP;NOM(2,PL)	guolástet
guolástit	V;IMP;NOM(2,SG)	guolástá
guolástit	V;IMP;NOM(3,DU)	guolástiđe
guolástit	V;IMP;NOM(3,SG)	guolástus
guolástit	V;POT;NOM(1,DU)	gulážište
guolástit	V;POT;NOM(1,PL)	guolásteaččiimet
guolástit	V;POT;NOM(2,PL)	guolástivččešeTídíte, že existuje několik druhů dýní, které se liší tvarem, barvou i chutí? Každá z nich má navíc jiné využití. V tomto článku se podíváme na nejznámější druhy dýní a poradíme vám, jak je nejlépe využít v kuchyni.

## Dýně Hokkaido (latinsky Cucurbita maxima ‘Hokkaido’)

Dýně Hokkaido je bezesporu nejoblíbenější dýní v České republice. Její nenáročná chuť se drží na pomezí sladké a ořechové. Díky měkké slupce ji nemusíte loupat a můžete ji přidat do mnoha různých pokrmů.

**Využití:**

* **Polévka:** Krémová dýňová polévka je klasika, se kterou neuděláte chybu.
* **Pečení:** Dýně Hokkaido se výborně hodí k pečení. Můžete ji nakrájet na kostičky, pokapat olivovým olejem a péct s bylinkami, nebo z ní připravit dýňové hranolky.
* **Pyre:** Dýňové pyré je skvělá příloha k masu, ale také základ pro dětské příkrmy.
* **Rizoto:** Dýně Hokkaido dodá rizotu příjemnou sladkost a krémovost.
* **Muffiny a koláče:** Díky své nasládlé chuti se hodí i do sladkých pokrmů.

## Máslová dýně (latinsky Cucurbita moschata ‘Butternut’)

Máslová dýně je rozpoznatelná díky svému hruškovitému tvaru a světle béžové až oranžové slupce. Její chuť je jemná, máslová a lehce nasládlá.

**Využití:**

* **Polévka:** Máslová dýně je ideální do krémových polévek.
* **Pečení:** Stejně jako Hokkaido, i máslová dýně je skvělá k pečení. Můžete z ní připravit i dýňové lupínky.
* **Pyre:** Máslová dýně se skvěle hodí na pyré, které můžete dochutit medem a skořicí.
* **Omáčky:** Máslová dýně dodá omáčkám krémovost a sladkost.
* **Těstoviny:** Můžete ji použít i do těstovinových pokrmů, například do ravioli s máslovou dýní.

## Špagetová dýně (latinsky Cucurbita pepo ‘Spaghetti Squash’)

Špagetová dýně je skutečnou kuriozitou. Po upečení se její dužina dělí na dlouhá „špagetová“ vlákna, která můžete použít jako zdravější alternativu klasických těstovin.

**Využití:**

* **Náhrada za těstoviny:** Podává se s různými omáčkami, jako je rajčatová, sýrová nebo pesto.
* **Zapečení:** Můžete ji zapékat s masem, zeleninou a sýrem.
* **Saláty:** Po upečení a ochlazení ji můžete přidat do salátů.

## Muškátová dýně (latinsky Cucurbita moschata ‘Musque de Provence’)

Muškátová dýně je obrovská, plochá dýně s hlubokými žebry, která připomíná velký, zploštělý meloun. Její chuť je velmi intenzivní, sladká a aromatická, s nádechem muškátového oříšku.

**Využití:**

* **Zavařování:** Díky své intenzivní chuti je ideální na zavařování, například do džemu nebo kompotu.
* **Pečení:** Hodí se do sladkých koláčů a moučníků.
* **Polévka:** Její bohatá chuť se uplatní i v krémových polévkách.
* **Dušení:** Můžete ji dusit s jinou zeleninou nebo masem.

## Žaludová dýně (latinsky Cucurbita pepo ‘Acorn Squash’)

Žaludová dýně získala svůj název díky svému tvaru podobnému žaludu. Má tmavě zelenou slupku a nasládlou, ořechovou chuť.

**Využití:**

* **Plnění:** Díky své dutině je ideální na plnění masovou směsí, rýží nebo zeleninou.
* **Pečení:** Můžete ji péct na plátky nebo rozpůlenou.
* **Polévka:** Hodí se do krémových polévek.

## Další druhy dýní

* **Dýně turecký turban (latinsky Cucurbita maxima ‘Turk's Turban’):** Dekorativní dýně s výraznými výrůstky, která je spíše okrasná, ale mladé plody se dají jíst.
* **Velkoplodá dýně (latinsky Cucurbita maxima):** Obrovské dýně, často používané na výstavy a soutěže. Jejich dužina je méně výrazná.
* **Ozdobné dýně (latinsky Cucurbita pepo):** Malé dýně v různých tvarech a barvách, určené čistě k dekoraci.

## Dýně v kuchyni – tipy a triky

* **Skladování:** Dýně skladujte na suchém a chladném místě. Některé druhy vydrží i několik měsíců.
* **Loupaní:** Většinu dýní není nutné loupat (např. Hokkaido). Pokud dýni loupat musíte, použijte ostrou škrabku nebo nůž.
* **Semena:** Semena z dýní nevyhazujte! Můžete je opražit a použít jako zdravou svačinku nebo posypku do salátů.
* **Koření:** Dýně se skvěle snáší s kořením jako je skořice, muškátový oříšek, zázvor, římský kmín, kari a chilli.
* **Sladké i slané:** Dýně je univerzální surovina, kterou můžete využít jak ve sladkých, tak i ve slaných pokrmech.

Doufáme, že vás tento článek inspiroval k vyzkoušení různých druhů dýní a obohacení vašeho jídelníčku!
guolástit	V;POT;NOM(3,DU)	guolásteškaba
guolástit	V;POT;NOM(3,PL)	guollahizet
guolástit	V;POT;NOM(3,SG)	guolástašgoahtá
guolástit	V;PRS;IND;NOM(1,DU)	guolásteaba
guolástit	V;PRS;IND;NOM(1,SG)	guolástan
guolástit	V;PRS;IND;NOM(2,PL)	гуола́стидехӀпе
guolástit	V;PRS;IND;NOM(2,SG)	guolástat
guolástit	V;PRS;IND;NOM(3,PL)	golástitet
guolástit	V;PST;IND;NOM(1,DU)	guaulošteaba
guolástit	V;PST;IND;NOM(1,PL)	gulásteddjet
guolástit	V;PST;IND;NOM(1,SG)	guolástin
guolástit	V;PST;IND;NOM(2,DU)	guolásteigga
guolástit	V;PST;IND;NOM(2,PL)	guolástiidet
guolástit	V;PST;IND;NOM(2,SG)	guolástiimet
guolástit	V;PST;IND;NOM(3,SG)	gulástedje
guvrát	V;COND;LGSPEC1;NOM(1,PL)	guvrráše
guvrát	V;COND;LGSPEC1;NOM(1,SG)	guvrášin
guvrát	V;COND;LGSPEC1;NOM(2,DU)	guvráleama
guvrát	V;COND;LGSPEC1;NOM(3,DU)	guvraleaba
guvrát	V;COND;LGSPEC1;NOM(3,SG)	guvrášii
guvrát	V;COND;NOM(1,PL)	guvvrášeimmet
guvrát	V;COND;NOM(1,SG)	goivrâččem
guvrát	V;COND;NOM(2,DU)	guvrežeahppi
guvrát	V;COND;NOM(2,PL)	guvrášivččet
guvrát	V;IMP;NOM(1,DU)	guvrádde
guvrát	V;IMP;NOM(2,DU)	guvrátte
guvrát	V;IMP;NOM(2,PL)	guvráddehket
guvrát	V;IMP;NOM(3,PL)	guvragehket
guvrát	V;IMP;NOM(3,SG)	guvrážo
guvrát	V;POT;NOM(1,DU)	guvrrádeami
guvrát	V;POT;NOM(1,PL)	guvrásat
guvrát	V;POT;NOM(2,PL)	guvrášedje
guvrát	V;POT;NOM(2,SG)	guvrážat
guvrát	V;POT;NOM(3,DU)	gouvrašeabba
guvrát	V;POT;NOM(3,PL)	guvrežat
guvrát	V;POT;NOM(3,SG)	guvrášši
guvrát	V;PRS;IND;NOM(1,DU)	guvrádeame
guvrát	V;PRS;IND;NOM(1,SG)	guvrrán
guvrát	V;PRS;IND;NOM(2,PL)	govrebeahtit
guvrát	V;PRS;IND;NOM(2,SG)	guvrášat
guvrát	V;PRS;IND;NOM(3,PL)	guvrage
guvrát	V;PRS;IND;NOM(3,SG)	guvrida
guvrát	V;PST;IND;NOM(2,DU)	guvránte
guvrát	V;PST;IND;NOM(2,SG)	guvrádin
guvrát	V;PST;IND;NOM(3,DU)	guvránte
guvrát	V;PST;IND;NOM(3,PL)	guvrahedje
guvrát	V;PST;IND;NOM(3,SG)	guvrastojje
guđat	ADJ;ACC(PL)	guđatid
guđat	ADJ;ACC(SG)	guđat
guđat	ADJ;COM(PL)	guđatmošadagaid
guđat	ADJ;COM(SG)	guđet
guđat	ADJ;FRML(SG)	guđat
guđat	ADJ;GEN(PL)	guđaid
guđat	ADJ;GEN(SG)	guđát
guđat	ADJ;IN+ALL(PL)	guđadiidda
guđat	ADJ;IN+ALL(SG)	guđatiin
guđat	ADJ;NOM(PL)	guđat
guđat	ADJ;NOM(SG)	guđat
guđat	ADJ;PRP(SG)	guđat
gáisi	N;ACC(PL)	gáisiid
gáisi	N;ACC(SG)	gáisi
gáisi	N;COM(PL)	gáisiiguin
gáisi	N;COM(SG)	gáiseguin
gáisi	N;FRML(SG)	gáissá
gáisi	N;GEN(PL)	gáisiid
gáisi	N;GEN(SG)	gáisi
gáisi	N;IN+ALL(PL)	gáisiide
gáisi	N;IN+ALL(SG)	gáissái
gáisi	N;NOM(PL)	gáisit
gáisi	N;NOM(SG)	gáisi
gáisi	N;PRP(PL)	gáisiideaset
gáisi	N;PRP(SG)	gáisistis
gáranas	N;ACC(PL)	gáranasiid
gáranas	N;ACC(SG)	gáranasa
gáranas	N;COM(PL)	gáranasaide
gáranas	N;COM(SG)	gáranasan
gáranas	N;FRML(SG)	gáranasaga
gáranas	N;GEN(PL)	gáranasiid
gáranas	N;GEN(SG)	gáranasáš
gáranas	N;IN+ALL(PL)	gáranasiide
gáranas	N;IN+ALL(SG)	gáranassii
gáranas	N;NOM(PL)	gáranasat
gáranas	N;NOM(SG)	gáranas
gáranas	N;PRP(PL)	gáranasiid
gáranas	N;PRP(SG)	gáranasa
gávrut	V;COND;LGSPEC1;NOM(1,PL)	gávrotlii-ččii
gávrut	V;COND;LGSPEC1;NOM(2,PL)	gávrutgo-eahčit
gávrut	V;COND;LGSPEC1;NOM(3,PL)	gávrošedje
gávrut	V;COND;LGSPEC1;NOM(3,SG)	gahčalivččen
gávrut	V;COND;NOM(1,PL)	gávrugoaibmmet
gávrut	V;COND;NOM(1,SG)	gávvrunge
gávrut	V;COND;NOM(2,DU)	gávruluđđetʹtedʹne
gávrut	V;COND;NOM(2,PL)	gávrrušeiddeket
gávrut	V;COND;NOM(3,PL)	gávrugo bohte
gávrut	V;COND;NOM(3,SG)	gávrošii
gávrut	V;IMP;NOM(1,DU)	gávruđit
gávrut	V;IMP;NOM(1,PL)	gávrut eatnit
gávrut	V;IMP;NOM(2,SG)	gávrut
gávrut	V;IMP;NOM(3,DU)	gávruteaŋga
gávrut	V;IMP;NOM(3,PL)	gávruhket
gávrut	V;POT;NOM(1,DU)	gávrušeaba
gávrut	V;POT;NOM(1,PL)	gávrut eatnit
gávrut	V;POT;NOM(2,DU)	gávrudeagga
gávrut	V;POT;NOM(2,PL)	gávruhehket
gávrut	V;POT;NOM(2,SG)	gávruška
gávrut	V;POT;NOM(3,DU)	gávrušeigga
gávrut	V;POT;NOM(3,SG)	gávrugoahtá
gávrut	V;PRS;IND;NOM(1,SG)	gávrun
gávrut	V;PRS;IND;NOM(2,DU)	gávrušeabbá
gávrut	V;PRS;IND;NOM(2,SG)	gávrut
gávrut	V;PRS;IND;NOM(3,PL)	gávročit
gávrut	V;PST;IND;NOM(1,DU)	gávruideame
gávrut	V;PST;IND;NOM(1,PL)	gávruimet
gávrut	V;PST;IND;NOM(2,DU)	gávruide
gávrut	V;PST;IND;NOM(2,SG)	gávrejit
gávrut	V;PST;IND;NOM(3,DU)	gávrudedde
gávrut	V;PST;IND;NOM(3,PL)	givrugohtii
jiehtanas	N;ACC(PL)	jiehtanasiid
jiehtanas	N;ACC(SG)	jieđanas
jiehtanas	N;COM(PL)	jiehtanasaiguin
jiehtanas	N;FRML(SG)	jiehttanasat
jiehtanas	N;GEN(PL)	jiehtan_asaid
jiehtanas	N;GEN(SG)	jiehtanasa
jiehtanas	N;IN+ALL(PL)	jieđaŋeapmiide
jiehtanas	N;IN+ALL(SG)	jiehtanasii
jiehtanas	N;NOM(PL)	jiehtanasat
jiehtanas	N;NOM(SG)	jiehtanas
jiehtanas	N;PRP(PL)	jiehtanasiinna
jiehtanas	N;PRP(SG)	jiehttanasas
jorbbas	ADJ;ACC(PL)	jorbbasiid
jorbbas	ADJ;ACC(SG)	jorbbasa
jorbbas	ADJ;COM(PL)	jorbbasabbot
jorbbas	ADJ;COM(SG)	jorbbaseabbil
jorbbas	ADJ;FRML(SG)	jorbbasamos
jorbbas	ADJ;GEN(PL)	jorbbasiid
jorbbas	ADJ;GEN(SG)	jorbbašat
jorbbas	ADJ;IN+ALL(PL)	jurpuidda
jorbbas	ADJ;IN+ALL(SG)	jorbbasiidu
jorbbas	ADJ;NOM(PL)	jorbbaset
jorbbas	ADJ;NOM(SG)	jorbbas
jorbbas	ADJ;PRP(PL)	jorbbasiid
jorbbas	ADJ;PRP(SG)	jorbbasamos
lasta	N;ACC(PL)	lásttaid
lasta	N;ACC(SG)	lástta
lasta	N;COM(PL)	láttat
lasta	N;COM(SG)	lasta
lasta	N;FRML(SG)	lásttá
lasta	N;GEN(PL)	lastiid
lasta	N;GEN(SG)	lástta
lasta	N;IN+ALL(PL)	lastiide
lasta	N;IN+ALL(SG)	lastii
lasta	N;NOM(PL)	lástu
lasta	N;NOM(SG)	lásta
lasta	N;PRP(PL)	lastiid
lasta	N;PRP(SG)	luostta
loahppat	V;COND;LGSPEC1;NOM(1,DU)	loahpašeimme
loahppat	V;COND;LGSPEC1;NOM(2,DU)	loahppaleigga
loahppat	V;COND;LGSPEC1;NOM(2,SG)	loahpážan
loahppat	V;COND;LGSPEC1;NOM(3,SG)	loahpašii
loahppat	V;COND;NOM(1,PL)	loahppot leat
loahppat	V;COND;NOM(1,SG)	loahppašin
loahppat	V;COND;NOM(2,DU)	loahpabađe
loahppat	V;COND;NOM(2,SG)	loahppášit
loahppat	V;IMP;NOM(1,DU)	loahppe
loahppat	V;IMP;NOM(1,SG)	loahpahan
loahppat	V;IMP;NOM(2,DU)	loahppe
loahppat	V;IMP;NOM(3,DU)	loahppaba
loahppat	V;IMP;NOM(3,PL)	loahppat
loahppat	V;IMP;NOM(3,SG)	loahpat
loahppat	V;POT;NOM(1,DU)	loahppadeaba
loahppat	V;POT;NOM(1,PL)	loahpažit
loahppat	V;POT;NOM(1,SG)	loahpán
loahppat	V;POT;NOM(2,DU)	loahppalehkuvide
loahppat	V;POT;NOM(2,PL)	loahpesteaset
loahppat	V;POT;NOM(2,SG)	loahpahažžat
loahppat	V;POT;NOM(3,PL)	loahpašehtet
loahppat	V;POT;NOM(3,SG)	loahpeje
loahppat	V;PRS;IND;NOM(1,DU)	lohpat
loahppat	V;PRS;IND;NOM(2,PL)	loahpahat
loahppat	V;PRS;IND;NOM(3,PL)	loahpahit
loahppat	V;PRS;IND;NOM(3,SG)	loahpaha
loahppat	V;PST;IND;NOM(1,SG)	lohpin
loahppat	V;PST;IND;NOM(2,DU)	loahpáhččiide
loahppat	V;PST;IND;NOM(2,PL)	loahpahattet
loahppat	V;PST;IND;NOM(2,SG)	loahppát
loahppat	V;PST;IND;NOM(3,DU)	loahpaiga
lákca	N;ACC(PL)	lákcáid
lákca	N;ACC(SG)	lákcada
lákca	N;COM(PL)	lágccain
lákca	N;COM(SG)	lákcain
lákca	N;FRML(SG)	lákca
lákca	N;GEN(PL)	lágciid
lákca	N;GEN(SG)	lákcá
lákca	N;IN+ALL(PL)	lákcaide
lákca	N;IN+ALL(SG)	lákcai
lákca	N;NOM(PL)	lágccat
lákca	N;NOM(SG)	lákca
lákca	N;PRP(PL)	lákcain
lákca	N;PRP(SG)	lákcas
mohkkámus	ADJ;ACC(PL)	mohkkámosiid
mohkkámus	ADJ;ACC(SG)	mohkkámeamos
mohkkámus	ADJ;COM(PL)	mohkkámeapput
mohkkámus	ADJ;COM(SG)	mohkkámeappot
mohkkámus	ADJ;FRML(SG)	mohkkámosamus
mohkkámus	ADJ;GEN(PL)	mohkámušaid
mohkkámus	ADJ;GEN(SG)	mohkkámušše
mohkkámus	ADJ;IN+ALL(PL)	mohkkámosiidda
mohkkámus	ADJ;IN+ALL(SG)	mohkkámusat
mohkkámus	ADJ;NOM(PL)	mohkámosat
mohkkámus	ADJ;NOM(SG)	mohkkámus
mohkkámus	ADJ;PRP(PL)	mohkkámušaid
mohkkámus	ADJ;PRP(SG)	mohkámušša
positiiva	ADJ;ACC(PL)	positiivvaid
positiiva	ADJ;ACC(SG)	positiivva
positiiva	ADJ;COM(PL)	positiivamuš
positiiva	ADJ;COM(SG)	positiivanis
positiiva	ADJ;FRML(SG)	positiivvaš
positiiva	ADJ;GEN(PL)	positiivaid
positiiva	ADJ;GEN(SG)	positiiva
positiiva	ADJ;IN+ALL(PL)	positiivvaide
positiiva	ADJ;IN+ALL(SG)	positiivvalašii
positiiva	ADJ;NOM(PL)	positiiva
positiiva	ADJ;NOM(SG)	positiiva
positiiva	ADJ;PRP(PL)	positiivvaide
positiiva	ADJ;PRP(SG)	positiivvalaš
ruhta	N;ACC(PL)	ruđat
ruhta	N;ACC(SG)	ruđaid
ruhta	N;COM(PL)	ruđaid
ruhta	N;COM(SG)	ruđás
ruhta	N;FRML(SG)	ruđat
ruhta	N;GEN(PL)	ruhtaid
ruhta	N;GEN(SG)	ruđaid
ruhta	N;IN+ALL(PL)	ruhtaidda
ruhta	N;NOM(PL)	ruđat
ruhta	N;NOM(SG)	ruhta
ruhta	N;PRP(PL)	ruđđat
ruhta	N;PRP(SG)	ruđas
russat	V;COND;LGSPEC1;NOM(1,DU)	russaleago-vč
russat	V;COND;LGSPEC1;NOM(1,PL)	russagoimmet
russat	V;COND;LGSPEC1;NOM(2,DU)	russašeigga
russat	V;COND;LGSPEC1;NOM(2,SG)	russáčin
russat	V;COND;LGSPEC1;NOM(3,SG)	russušiin
russat	V;COND;NOM(1,DU)	russušeamien
russat	V;COND;NOM(1,PL)	russašeimmet
russat	V;COND;NOM(1,SG)	russin
russat	V;COND;NOM(2,PL)	russášeiddeB
russat	V;COND;NOM(2,SG)	russušiđet
russat	V;COND;NOM(3,SG)	russusit
russat	V;IMP;NOM(1,PL)	russot
russat	V;IMP;NOM(1,SG)	russán
russat	V;IMP;NOM(2,SG)	russot
russat	V;IMP;NOM(3,DU)	russuce
russat	V;POT;NOM(1,DU)	russodeayean
russat	V;POT;NOM(1,PL)	russit
russat	V;POT;NOM(2,DU)	russadettiin
russat	V;POT;NOM(3,DU)	russážaska
russat	V;PRS;IND;NOM(1,PL)	russatjit
russat	V;PRS;IND;NOM(1,SG)	russen
russat	V;PRS;IND;NOM(2,PL)	russabehtet
russat	V;PRS;IND;NOM(2,SG)	russot
russat	V;PRS;IND;NOM(3,PL)	russet
russat	V;PST;IND;NOM(1,DU)	russiime
russat	V;PST;IND;NOM(1,PL)	russiiet
russat	V;PST;IND;NOM(1,SG)	russii
russat	V;PST;IND;NOM(2,DU)	russadeaba
russat	V;PST;IND;NOM(2,PL)	russadedje
russat	V;PST;IND;NOM(2,SG)	russot
russat	V;PST;IND;NOM(3,PL)	russuih
russat	V;PST;IND;NOM(3,SG)	russui
ráhkis	ADJ;ACC(PL)	ráhkistit
ráhkis	ADJ;ACC(SG)	ráhkis
ráhkis	ADJ;COM(PL)	ráhkisepmosat
ráhkis	ADJ;COM(SG)	ráhkaseabbo
ráhkis	ADJ;FRML(SG)	ráhkkis
ráhkis	ADJ;GEN(PL)	ráhkisin
ráhkis	ADJ;GEN(SG)	ráhkisa
ráhkis	ADJ;IN+ALL(PL)	rákisin
ráhkis	ADJ;IN+ALL(SG)	ráhkisin
ráhkis	ADJ;NOM(PL)	ráhkisat
ráhkis	ADJ;NOM(SG)	ráhkis
ráhkis	ADJ;PRP(PL)	ráhkisin
ráhkis	ADJ;PRP(SG)	ráhkkásii
skeaikit	V;COND;LGSPEC1;NOM(1,DU)	skeaigean
skeaikit	V;COND;LGSPEC1;NOM(1,SG)	skeaigosin
skeaikit	V;COND;LGSPEC1;NOM(2,DU)	skeikkaleaba
skeaikit	V;COND;LGSPEC1;NOM(2,PL)	skeaikisat'ne
skeaikit	V;COND;LGSPEC1;NOM(2,SG)	skeaikašit
skeaikit	V;COND;LGSPEC1;NOM(3,PL)	skeaikašedje
skeaikit	V;COND;NOM(2,DU)	skeikšeaŧŧiiđet
skeaikit	V;COND;NOM(2,SG)	skeaikket
skeaikit	V;COND;NOM(3,DU)	skeaikkitearurávšši
skeaikit	V;IMP;NOM(1,PL)	skeaikošit
skeaikit	V;IMP;NOM(2,DU)	skeiket
skeaikit	V;IMP;NOM(2,SG)	skeaiggo
skeaikit	V;IMP;NOM(3,SG)	skeaikil
skeaikit	V;POT;NOM(1,DU)	skeaikkitgo
skeaikit	V;POT;NOM(1,PL)	skeaikimaččat
skeaikit	V;POT;NOM(1,SG)	skeaiggožan
skeaikit	V;POT;NOM(2,DU)	skiaigeaba
skeaikit	V;POT;NOM(2,PL)	skeaidigiidet
skeaikit	V;POT;NOM(2,SG)	skeaikášeRao (2014) The Sami Language: A Concise Grammar. p. 195: A potential verb ending in singular is -š, or -š-
The potential ending is given in the above grammar as: 1sg: -a-š-1sg 2sg: -a-š-2sg 3sg: -a-š-3sg.
Another source: "The form skeaikit (skeaikit) “to joke” is an infinitive, and the word skeaikáše “j/she might joke” has a potential ending -š-. The forms skeaikáše and *skeiakášeš cannot mean “you might joke”, as the pronouns are not used for singular verb forms. If a 2sg subject is implied, the verb form becomes *skeaikašat*." from here, I would say *skeaikašat* as well.

However, using rule-based inflection, I would use this logic:

1. skeaikit V;POT;NOM(2,SG): The lemma is skeaikit.
2. The form is a Potential form.
3. The person is 2nd Person Singular Nominative.

I follow the morphology of the word 'boahtit' (to come) as an example.
Infinitive: boahtit
Potential, 2nd Person Singular: boahtášeat.

I take the word from the stem of skeaikit, which is skeaik.
Then, I apply the vowel-harmony change from -a to -e. So, we'd have skeaika.
Then, apply the potential suffix.
skeaika + -š
Then, apply the 2nd Person Singular suffix.
skeaikaš + -e + t
Thus the answer turns out to be skeaikašet.
skeaikit	V;POT;NOM(3,DU)	skeaikašeigga
skeaikit	V;POT;NOM(3,PL)	skeaikit lii
skeaikit	V;POT;NOM(3,SG)	skeaikkjošii
skeaikit	V;PRS;IND;NOM(1,SG)	skeaikan
skeaikit	V;PRS;IND;NOM(2,DU)	skeaikket
skeaikit	V;PRS;IND;NOM(2,PL)	skeaikubehtet
skeaikit	V;PRS;IND;NOM(3,DU)	skeaikiiga
skeaikit	V;PRS;IND;NOM(3,PL)	skeaigit
skeaikit	V;PST;IND;NOM(2,DU)	skeaigaideastit
skeaikit	V;PST;IND;NOM(2,PL)	skeaikehet
skeaikit	V;PST;IND;NOM(2,SG)	skeaikehit
skeaikit	V;PST;IND;NOM(3,DU)	skeikedeahka
skeaikit	V;PST;IND;NOM(3,PL)	skeaikejedje
stoarbma	N;ACC(PL)	stoarpmaid
stoarbma	N;ACC(SG)	stoarkmái
stoarbma	N;COM(PL)	stoarpmaid
stoarbma	N;COM(SG)	stoarmmain
stoarbma	N;FRML(SG)	stuorbma
stoarbma	N;GEN(PL)	stoarmmaid
stoarbma	N;GEN(SG)	stoppedjema
stoarbma	N;IN+ALL(PL)	storbmaide
stoarbma	N;IN+ALL(SG)	stoarpman
stoarbma	N;NOM(PL)	stoarbmat
stoarbma	N;NOM(SG)	stoarbma
stoarbma	N;PRP(PL)	stoarbmaid
stoarbma	N;PRP(SG)	stoarpmaid
stuorát	ADJ;ACC(PL)	stuorádet
stuorát	ADJ;ACC(SG)	stuoráda
stuorát	ADJ;COM(PL)	stuorábeahkkit
stuorát	ADJ;COM(SG)	stuorámus
stuorát	ADJ;FRML(SG)	stuorápmos
stuorát	ADJ;GEN(PL)	stuorábuid
stuorát	ADJ;GEN(SG)	stuoráda
stuorát	ADJ;IN+ALL(PL)	stuorápmosiidda
stuorát	ADJ;IN+ALL(SG)	stuorábui
stuorát	ADJ;NOM(PL)	stuorámut
stuorát	ADJ;NOM(SG)	stuoris
stuorát	ADJ;PRP(PL)	stuorápmosiid
stuorát	ADJ;PRP(SG)	stuorádat
sávvat	V;COND;LGSPEC1;NOM(1,DU)	sávvašeimme
sávvat	V;COND;LGSPEC1;NOM(1,PL)	sávvatčin
sávvat	V;COND;LGSPEC1;NOM(1,SG)	sávvange
sávvat	V;COND;LGSPEC1;NOM(2,SG)	sávvašeago-ga
sávvat	V;COND;LGSPEC1;NOM(3,DU)	sávášeigga
sávvat	V;COND;NOM(1,PL)	sávvadeimmet
sávvat	V;COND;NOM(2,DU)	sávvasaččaide
sávvat	V;COND;NOM(2,PL)	sávvašeiddegoahtán
sávvat	V;COND;NOM(2,SG)	sávuše
sávvat	V;COND;NOM(3,PL)	savvežittošedje
sávvat	V;COND;NOM(3,SG)	sávášii
sávvat	V;IMP;NOM(1,PL)	sávvut
sávvat	V;IMP;NOM(1,SG)	sáva
sávvat	V;IMP;NOM(2,DU)	sávveeʹt
sávvat	V;IMP;NOM(2,PL)	sávvet
sávvat	V;IMP;NOM(2,SG)	sávu
sávvat	V;IMP;NOM(3,PL)	sávvušit
sávvat	V;POT;NOM(1,PL)	sávvušeimmet
sávvat	V;POT;NOM(1,SG)	sávašin
sávvat	V;POT;NOM(2,SG)	sávášit
sávvat	V;POT;NOM(3,PL)	sávvvot
sávvat	V;PRS;IND;NOM(1,DU)	sávvaguovžžet
sávvat	V;PRS;IND;NOM(1,PL)	sávvat
sávvat	V;PRS;IND;NOM(1,SG)	sávvan
sávvat	V;PRS;IND;NOM(2,DU)	sáhkuideaba
sávvat	V;PRS;IND;NOM(2,PL)	sávvabeahtti
sávvat	V;PRS;IND;NOM(2,SG)	sávut
sávvat	V;PRS;IND;NOM(3,DU)	sávvaba
sávvat	V;PRS;IND;NOM(3,PL)	sávvet
sávvat	V;PST;IND;NOM(2,DU)	sávvaide
sávvat	V;PST;IND;NOM(2,PL)	sáhtažii
sávvat	V;PST;IND;NOM(2,SG)	sávit
višuvdna	N;ACC(PL)	višuvnnaid
višuvdna	N;ACC(SG)	višuvnna
višuvdna	N;COM(PL)	višuvdnain
višuvdna	N;COM(SG)	višuvnnain
višuvdna	N;FRML(SG)	višuvdna
višuvdna	N;GEN(PL)	višuvdnahasaid
višuvdna	N;GEN(SG)	višuvnna
višuvdna	N;IN+ALL(PL)	višuvdnaiʹd dåinai
višuvdna	N;IN+ALL(SG)	višuvdnii
višuvdna	N;NOM(PL)	višuvnnat
višuvdna	N;NOM(SG)	višuvdna
višuvdna	N;PRP(PL)	višuvdnain
višuvdna	N;PRP(SG)	višuvnnán
árgi	ADJ;ACC(PL)	árggiid
árgi	ADJ;ACC(SG)	árgá
árgi	ADJ;COM(PL)	árgigat
árgi	ADJ;COM(SG)	árgibut
árgi	ADJ;FRML(SG)	árgi
árgi	ADJ;GEN(PL)	árrgáid
árgi	ADJ;GEN(SG)	árggi
árgi	ADJ;IN+ALL(PL)	árggiide
árgi	ADJ;IN+ALL(SG)	árggis
árgi	ADJ;NOM(PL)	árggit
árgi	ADJ;NOM(SG)	árgi
árgi	ADJ;PRP(PL)	árggiid
árgi	ADJ;PRP(SG)	árgána
čalmmeheamos	ADJ;ACC(PL)	čalmmehemosiid
čalmmeheamos	ADJ;ACC(SG)	čalmmeheapa
čalmmeheamos	ADJ;COM(PL)	čalmmeheappásaččat
čalmmeheamos	ADJ;COM(SG)	čalmmeheappot
čalmmeheamos	ADJ;FRML(SG)	čalmmehis
čalmmeheamos	ADJ;GEN(PL)	čalmmeheappása
čalmmeheamos	ADJ;GEN(SG)	čalmmeheamosa
čalmmeheamos	ADJ;IN+ALL(PL)	čalmmeheamusiide
čalmmeheamos	ADJ;IN+ALL(SG)	čalmmehepmosii
čalmmeheamos	ADJ;NOM(PL)	čalmmeheappánat
čalmmeheamos	ADJ;NOM(SG)	čalmmeheamos
čalmmeheamos	ADJ;PRP(PL)	čilmmáheadjimusaide
čalmmeheamos	ADJ;PRP(SG)	čalmmeheappot
čavgat	ADJ;ACC(PL)	čavgadiid
čavgat	ADJ;ACC(SG)	čavgada
čavgat	ADJ;COM(PL)	čavgabut
čavgat	ADJ;COM(SG)	čavgatamos
čavgat	ADJ;FRML(SG)	čavgatut
čavgat	ADJ;GEN(PL)	čavgaid
čavgat	ADJ;GEN(SG)	čavgá
čavgat	ADJ;IN+ALL(PL)	čavgadeamosažžide
čavgat	ADJ;IN+ALL(SG)	čavggasamos
čavgat	ADJ;NOM(PL)	čavgadat
čavgat	ADJ;NOM(SG)	čavga
čavgat	ADJ;PRP(PL)	čavgadiid
čavgat	ADJ;PRP(SG)	čavgada
čierrut	V;COND;LGSPEC1;NOM(1,DU)	čierrušean
čierrut	V;COND;LGSPEC1;NOM(1,SG)	čierrušin
čierrut	V;COND;LGSPEC1;NOM(2,DU)	čierruše
čierrut	V;COND;LGSPEC1;NOM(3,SG)	čierrošiigo
čierrut	V;COND;NOM(1,DU)	čierrume
čierrut	V;COND;NOM(1,SG)	čierružin
čierrut	V;COND;NOM(2,DU)	čierrežahttádeabe
čierrut	V;COND;NOM(2,SG)	čierruške
čierrut	V;COND;NOM(3,DU)	čierruše
čierrut	V;COND;NOM(3,PL)	čierrutgojit
čierrut	V;COND;NOM(3,SG)	čierruškažii
čierrut	V;IMP;NOM(1,DU)	čierruđe
čierrut	V;IMP;NOM(1,PL)	čierrut
čierrut	V;IMP;NOM(1,SG)	čierron
čierrut	V;IMP;NOM(2,DU)	čierruđe
čierrut	V;IMP;NOM(2,PL)	čierrulehket
čierrut	V;IMP;NOM(2,SG)	čierre
čierrut	V;IMP;NOM(3,DU)	čierruše
čierrut	V;IMP;NOM(3,SG)	čierru
čierrut	V;POT;NOM(2,DU)	čierrudeaba
čierrut	V;POT;NOM(2,PL)	čierrušeaddji
čierrut	V;POT;NOM(2,SG)	čierut
čierrut	V;POT;NOM(3,DU)	čierruše
čierrut	V;PRS;IND;NOM(1,DU)	čierroD2
čierrut	V;PRS;IND;NOM(1,PL)	čierrut
čierrut	V;PRS;IND;NOM(2,PL)	čiehret
čierrut	V;PRS;IND;NOM(3,PL)	čierrut
čierrut	V;PST;IND;NOM(1,DU)	čierrun
čierrut	V;PST;IND;NOM(1,SG)	čierrujin
čierrut	V;PST;IND;NOM(2,PL)	čierruidet
čierrut	V;PST;IND;NOM(2,SG)	čierrut
čierrut	V;PST;IND;NOM(3,SG)	čierui
čuovgat	ADJ;ACC(PL)	čuovgadin
čuovgat	ADJ;ACC(SG)	čuovgadeahtti
čuovgat	ADJ;COM(PL)	čuovgadeamos
čuovgat	ADJ;COM(SG)	čuovgadágažžii
čuovgat	ADJ;FRML(SG)	čuovgit
čuovgat	ADJ;GEN(PL)	čuovgagii
čuovgat	ADJ;GEN(SG)	čuovggat
čuovgat	ADJ;IN+ALL(PL)	čuovgaNUSÁIidda
čuovgat	ADJ;IN+ALL(SG)	čuovgadussii
čuovgat	ADJ;NOM(PL)	čuovgadat
čuovgat	ADJ;NOM(SG)	čuovgat
čuovgat	ADJ;PRP(PL)	čuovgasii
čuovgat	ADJ;PRP(SG)	čuovgadeamos
čábbáseamos	ADJ;ACC(PL)	čábbáseamosiid
čábbáseamos	ADJ;ACC(SG)	čábbáseamosa
čábbáseamos	ADJ;COM(PL)	čábbáseamosiid
čábbáseamos	ADJ;COM(SG)	čábbáseamosamos
čábbáseamos	ADJ;FRML(SG)	čabbáseamos
čábbáseamos	ADJ;GEN(PL)	čábbáseamosiid
čábbáseamos	ADJ;GEN(SG)	čábbáseamosa
čábbáseamos	ADJ;IN+ALL(PL)	čábbáseamosiidda
čábbáseamos	ADJ;IN+ALL(SG)	čábbáseapmosažat
čábbáseamos	ADJ;NOM(PL)	čábbáseamosat
čábbáseamos	ADJ;NOM(SG)	čábbáseamos
čábbáseamos	ADJ;PRP(PL)	čábbáseamosaid
čábbáseamos	ADJ;PRP(SG)	čábbáseamos
čáppat	ADJ;ACC(PL)	čáppaid
čáppat	ADJ;ACC(SG)	čáppa
čáppat	ADJ;COM(PL)	čábbatabbot
čáppat	ADJ;FRML(SG)	čáppat
čáppat	ADJ;GEN(PL)	čáppabuidda
čáppat	ADJ;GEN(SG)	čáppa
čáppat	ADJ;IN+ALL(PL)	čáppagat
čáppat	ADJ;IN+ALL(SG)	čábbásii
čáppat	ADJ;NOM(PL)	čáppagat
čáppat	ADJ;NOM(SG)	čáppes
čáppat	ADJ;PRP(PL)	čábbasamos
čáppat	ADJ;PRP(SG)	čáppasamos
test acc Sámi 0.118
