narzãdzôcz	N;NOM(PL)	narzãdzôcze
narzãdzôcz	N;DAT(PL)	narzãdzôczom
narzãdzôcz	N;VOC(SG)	narzãdzôczu
narzãdzôcz	N;INS(PL)	narzãdzôczami
narzãdzôcz	N;ESS(SG)	narzãdzôczu
narzãdzôcz	N;DAT(SG)	narzãdzôczowi
narzãdzôcz	N;GEN(SG)	narzãdzôczu
narzãdzôcz	N;ESS(PL)	narzãdzôczach
narzãdzôcz	N;GEN(PL)	narzãdzôczów
narzãdzôcz	N;INS(SG)	narzãdzôczem
narzãdzôcz	N;ACC(PL)	narzãdzôcze
narzãdzôcz	N;ACC(SG)	narzãdzôcz
narzãdzôcz	N;NOM(SG)	narzãdzôcz
narzãdzôcz	N;VOC(PL)	narzãdzôczy
Jastrë	N;VOC(PL)	Jastrów
Jastrë	N;ESS(PL)	Jastrach
Jastrë	N;DAT(PL)	Jastrom
Jastrë	N;GEN(PL)	Jastrów
Jastrë	N;ACC(PL)	Jastrów
Jastrë	N;ACC(PL)	Jastrów
Jastrë	N;NOM(PL)	Jastrów
pòniedzôłk	N;NOM(PL)	pòniedzôłki
pòniedzôłk	N;DAT(PL)	pòniedzôłkom
pòniedzôłk	N;VOC(SG)	pòniedzôłku
pòniedzôłk	N;INS(PL)	pòniedzôłkami
pòniedzôłk	N;ESS(SG)	pòniedzôłku
pòniedzôłk	N;DAT(SG)	pòniedzôłkowi
pòniedzôłk	N;GEN(SG)	pòniedzôłku
pòniedzôłk	N;ESS(PL)	pòniedzôłkach
pòniedzôłk	N;GEN(PL)	pòniedzôłków
pòniedzôłk	N;INS(SG)	pòniedzôłkiem
pòniedzôłk	N;ACC(PL)	pòniedzôłki
pòniedzôłk	N;ACC(SG)	pòniedzôłk
pòniedzôłk	N;NOM(SG)	pòniedzôłk
pòniedzôłk	N;VOC(PL)	pòniedzôłki
pùjk	N;NOM(PL)	pùjki
pùjk	N;DAT(PL)	pùjkom
pùjk	N;VOC(SG)	pùjku
pùjk	N;INS(PL)	pùjkami
pùjk	N;ESS(SG)	pùjku
pùjk	N;DAT(SG)	pùjkowi
pùjk	N;GEN(SG)	pùjku
pùjk	N;ESS(PL)	pùjkach
pùjk	N;GEN(PL)	pùjków
pùjk	N;INS(SG)	pùjkem
pùjk	N;ACC(PL)	pùjki
pùjk	N;ACC(SG)	pùjk
pùjk	N;NOM(SG)	pùjk
pùjk	N;VOC(PL)	pùjki
môlnik	N;NOM(PL)	môlniki
môlnik	N;DAT(PL)	môlnikom
môlnik	N;VOC(SG)	môlniku
môlnik	N;INS(PL)	môlnikami
môlnik	N;ESS(SG)	môlniku
môlnik	N;DAT(SG)	môlnikowi
môlnik	N;GEN(SG)	môlniku
môlnik	N;ESS(PL)	môlnikach
môlnik	N;GEN(PL)	môlników
môlnik	N;INS(SG)	môlnikem
môlnik	N;ACC(PL)	môlniki
môlnik	N;ACC(SG)	môlnik
môlnik	N;NOM(SG)	môlnik
môlnik	N;VOC(PL)	môlniki
wòłiwôcz	N;NOM(PL)	wòłiwocze
wòłiwôcz	N;DAT(PL)	wòłiwoczom
wòłiwôcz	N;VOC(SG)	wòłiwoczu
wòłiwôcz	N;INS(PL)	wòłiwoczami
wòłiwôcz	N;ESS(SG)	wòłiwoczu
wòłiwôcz	N;DAT(SG)	wòłiwoczowi
wòłiwôcz	N;GEN(SG)	wòłiwoczu
wòłiwôcz	N;ESS(PL)	wòłiwoczach
wòłiwôcz	N;GEN(PL)	wòłiwoczów
wòłiwôcz	N;INS(SG)	wòłiwoczem
wòłiwôcz	N;ACC(PL)	wòłiwocze
wòłiwôcz	N;ACC(SG)	wòłiwocz
wòłiwôcz	N;NOM(SG)	wòłiwocz
wòłiwôcz	N;VOC(PL)	wòłiwoczy
łżëkwiôt	N;NOM(PL)	łżëkwioty
łżëkwiôt	N;DAT(PL)	łżëkwiotom
łżëkwiôt	N;VOC(SG)	łżëkwiotu
łżëkwiôt	N;INS(PL)	łżëkwiotami
łżëkwiôt	N;ESS(SG)	łżëkwiotu
łżëkwiôt	N;DAT(SG)	łżëkwiotowi
łżëkwiôt	N;GEN(SG)	łżëkwiotu
łżëkwiôt	N;ESS(PL)	łżëkwiotach
łżëkwiôt	N;GEN(PL)	łżëkwiotów
łżëkwiôt	N;INS(SG)	łżëkwiotem
łżëkwiôt	N;ACC(PL)	łżëkwioty
łżëkwiôt	N;ACC(SG)	łżëkwiot
łżëkwiôt	N;NOM(SG)	łżëkwiot
łżëkwiôt	N;VOC(PL)	łżëkwioty
lëstopadnik	N;NOM(PL)	lëstopadniki
lëstopadnik	N;DAT(PL)	lëstopadnikom
lëstopadnik	N;VOC(SG)	lëstopadniku
lëstopadnik	N;INS(PL)	lëstopadnikami
lëstopadnik	N;ESS(SG)	lëstopadniku
lëstopadnik	N;DAT(SG)	lëstopadnikowi
lëstopadnik	N;GEN(SG)	lëstopadniku
lëstopadnik	N;ESS(PL)	lëstopadnikach
lëstopadnik	N;GEN(PL)	lëstopadników
lëstopadnik	N;INS(SG)	lëstopadnikiem
lëstopadnik	N;ACC(PL)	lëstopadniki
lëstopadnik	N;ACC(SG)	lëstopadnik
lëstopadnik	N;NOM(SG)	lëstopadnik
lëstopadnik	N;VOC(PL)	lëstopadniki
sobòta	N;NOM(PL)	sobòty
sobòta	N;DAT(PL)	sobotom
sobòta	N;VOC(SG)	sobòto
sobòta	N;INS(PL)	sobotami
sobòta	N;ESS(SG)	sobotzie
sobòta	N;DAT(SG)	sobòtowi
sobòta	N;GEN(SG)	soboty
sobòta	N;ESS(PL)	sobotach
sobòta	N;GEN(PL)	sobót
sobòta	N;INS(SG)	sobòtą
sobòta	N;ACC(PL)	sobòty
sobòta	N;ACC(SG)	sobòtę
sobòta	N;NOM(SG)	sobòta
sobòta	N;VOC(PL)	sobòty
kóń	N;NOM(PL)	kóń
kóń	N;DAT(PL)	kóńom
kóń	N;VOC(SG)	kóń
kóń	N;INS(PL)	kóńami
kóń	N;ESS(SG)	kóńu
kóń	N;DAT(SG)	kóńowi
kóń	N;GEN(SG)	kóńa
kóń	N;ESS(PL)	kóńach
kóń	N;GEN(PL)	kóń
kóń	N;INS(SG)	kóńem
kóń	N;ACC(PL)	kóń
kóń	N;ACC(SG)	kóń
kóń	N;NOM(SG)	kóń
kóń	N;VOC(PL)	kóń
nazéwôcz	N;NOM(PL)	nazéwôcze
nazéwôcz	N;DAT(PL)	nazéwôczom
nazéwôcz	N;VOC(SG)	nazéwôczu
nazéwôcz	N;INS(PL)	nazéwôczami
nazéwôcz	N;ESS(SG)	nazéwoczu
nazéwôcz	N;DAT(SG)	nazéwoczowi
nazéwôcz	N;GEN(SG)	nazéwoczu
nazéwôcz	N;ESS(PL)	nazéwôczach
nazéwôcz	N;GEN(PL)	nazéwôczów
nazéwôcz	N;INS(SG)	nazéwoczem
nazéwôcz	N;ACC(PL)	nazéwôcze
nazéwôcz	N;ACC(SG)	nazéwocz
nazéwôcz	N;NOM(SG)	nazéwocz
nazéwôcz	N;VOC(PL)	nazéwôczy
piątk	N;NOM(PL)	piątki
piątk	N;DAT(PL)	piątkom
piątk	N;VOC(SG)	piątku
piątk	N;INS(PL)	piątkami
piątk	N;ESS(SG)	piątku
piątk	N;DAT(SG)	piątkowi
piątk	N;GEN(SG)	piątka
piątk	N;ESS(PL)	piątkach
piątk	N;GEN(PL)	piątków
piątk	N;INS(SG)	piątkiem
piątk	N;ACC(PL)	piątki
piątk	N;ACC(SG)	piątk
piątk	N;NOM(SG)	piątk
piątk	N;VOC(PL)	piątki
rënk	N;NOM(PL)	rënki
rënk	N;DAT(PL)	rënkom
rënk	N;VOC(SG)	rënku
rënk	N;INS(PL)	rënkami
rënk	N;ESS(SG)	rënku
rënk	N;DAT(SG)	rënkowi
rënk	N;GEN(SG)	rënku
rënk	N;ESS(PL)	rënkach
rënk	N;GEN(PL)	rënków
rënk	N;INS(SG)	rënkem
rënk	N;ACC(PL)	rënki
rënk	N;ACC(SG)	rënk
rënk	N;NOM(SG)	rënk
rënk	N;VOC(PL)	rënki
wtórk	N;NOM(PL)	wtórki
wtórk	N;DAT(PL)	wtórkom
wtórk	N;VOC(SG)	wtórku
wtórk	N;INS(PL)	wtórkami
wtórk	N;ESS(SG)	wtórku
wtórk	N;DAT(SG)	wtórkowi
wtórk	N;GEN(SG)	wtórka
wtórk	N;ESS(PL)	wtórkach
wtórk	N;GEN(PL)	wtórków
wtórk	N;INS(SG)	wtórkem
wtórk	N;ACC(PL)	wtórki
wtórk	N;ACC(SG)	wtórk
wtórk	N;NOM(SG)	wtórk
wtórk	N;VOC(PL)	wtórki
winowôcz	N;NOM(PL)	winowôcze
winowôcz	N;DAT(PL)	winowoczom
winowôcz	N;VOC(SG)	winowôczu
winowôcz	N;INS(PL)	winowôczami
winowôcz	N;ESS(SG)	winowôczu
winowôcz	N;DAT(SG)	winowôczowi
winowôcz	N;GEN(SG)	winowôczu
winowôcz	N;ESS(PL)	winowôczach
winowôcz	N;GEN(PL)	winowôczów
winowôcz	N;INS(SG)	winowôczem
winowôcz	N;ACC(PL)	winowôcze
winowôcz	N;ACC(SG)	winowôcz
winowôcz	N;NOM(SG)	winowôcz
winowôcz	N;VOC(PL)	winowôczy
òjc	N;NOM(PL)	òjcy
òjc	N;DAT(PL)	òjcom
òjc	N;VOC(SG)	òjcu
òjc	N;INS(PL)	òjcami
òjc	N;ESS(SG)	òjcie
òjc	N;DAT(SG)	òjcowi
òjc	N;GEN(SG)	òjcu
òjc	N;ESS(PL)	òjcach
òjc	N;GEN(PL)	òjców
òjc	N;INS(SG)	òjcem
òjc	N;INS(SG)	òjcem
òjc	N;ACC(PL)	òjcy
òjc	N;ACC(SG)	òjc
òjc	N;NOM(SG)	òjc
òjc	N;VOC(PL)	òjcy
latawiskò	N;NOM(PL)	latawiski
latawiskò	N;DAT(PL)	latawiskom
latawiskò	N;VOC(SG)	latawisko
latawiskò	N;INS(PL)	latawiskami
latawiskò	N;ESS(SG)	latawisku
latawiskò	N;DAT(SG)	latawiskowi
latawiskò	N;GEN(SG)	latawiska
latawiskò	N;ESS(PL)	latawiskach
latawiskò	N;GEN(PL)	latawisków
latawiskò	N;INS(SG)	latawiskom
latawiskò	N;ACC(PL)	latawisków
latawiskò	N;ACC(SG)	latawisko
latawiskò	N;NOM(SG)	latawisko
latawiskò	N;VOC(PL)	latawisków
Jastra	N;VOC(PL)	Jastry
Jastra	N;ESS(PL)	Jastrach
Jastra	N;DAT(PL)	Jastrom
Jastra	N;GEN(PL)	Jastrów
Jastra	N;ACC(PL)	Jastry
Jastra	N;ACC(PL)	Jastry
Jastra	N;NOM(PL)	Jastry
czerwińc	N;NOM(PL)	czerwińcy
czerwińc	N;DAT(PL)	czerwińcom
czerwińc	N;VOC(SG)	czerwińcu
czerwińc	N;INS(PL)	czerwińcami
czerwińc	N;ESS(SG)	czerwińcu
czerwińc	N;DAT(SG)	czerwińcowi
czerwińc	N;GEN(SG)	czerwińca
czerwińc	N;ESS(PL)	czerwińcach
czerwińc	N;GEN(PL)	czerwińców
czerwińc	N;INS(SG)	czerwińcem
czerwińc	N;ACC(PL)	czerwińce
czerwińc	N;ACC(SG)	czerwińc
czerwińc	N;NOM(SG)	czerwińc
czerwińc	N;VOC(PL)	czerwińcy
rujan	N;NOM(PL)	rujany
rujan	N;DAT(PL)	rujanom
rujan	N;VOC(SG)	rujanie
rujan	N;INS(PL)	rujanami
rujan	N;ESS(SG)	rujanie
rujan	N;DAT(SG)	rujanowi
rujan	N;GEN(SG)	rujanu
rujan	N;ESS(PL)	rujanach
rujan	N;GEN(PL)	rujanów
rujan	N;INS(SG)	rujanem
rujan	N;ACC(PL)	rujany
rujan	N;ACC(SG)	rujan
rujan	N;NOM(SG)	rujan
rujan	N;VOC(PL)	rujany
dôwôcz	N;NOM(PL)	dôwôcze
dôwôcz	N;DAT(PL)	dôwôczom
dôwôcz	N;VOC(SG)	dôwôczu
dôwôcz	N;INS(PL)	dôwôczami
dôwôcz	N;ESS(SG)	dôwôczu
dôwôcz	N;DAT(SG)	dôwôczowi
dôwôcz	N;GEN(SG)	dôwôczu
dôwôcz	N;ESS(PL)	dôwôczach
dôwôcz	N;GEN(PL)	dôwôczów
dôwôcz	N;INS(SG)	dôwôczem
dôwôcz	N;ACC(PL)	dôwôcze
dôwôcz	N;ACC(SG)	dôwôcz
dôwôcz	N;NOM(SG)	dôwôcz
dôwôcz	N;VOC(PL)	dôwôczy
serce	N;NOM(PL)	serce
serce	N;DAT(PL)	sercom
serce	N;VOC(SG)	serco
serce	N;INS(PL)	sercami
serce	N;ESS(SG)	sercie
serce	N;ESS(SG)	sercie
serce	N;DAT(SG)	sercowi
serce	N;GEN(SG)	serca
serce	N;ESS(PL)	sercach
serce	N;GEN(PL)	serców
serce	N;GEN(PL)	serców
serce	N;INS(SG)	sercą
serce	N;INS(SG)	sercą
serce	N;ACC(PL)	serce
serce	N;ACC(SG)	serce
serce	N;NOM(SG)	serce
serce	N;VOC(PL)	serce
lëpinc	N;NOM(PL)	lëpincy
lëpinc	N;DAT(PL)	lëpincom
lëpinc	N;VOC(SG)	lëpincu
lëpinc	N;INS(PL)	lëpincami
lëpinc	N;ESS(SG)	lëpincie
lëpinc	N;DAT(SG)	lëpincowi
lëpinc	N;GEN(SG)	lëpincu
lëpinc	N;ESS(PL)	lëpincach
lëpinc	N;GEN(PL)	lëpinców
lëpinc	N;INS(SG)	lëpincem
lëpinc	N;ACC(PL)	lëpince
lëpinc	N;ACC(SG)	lëpinc
lëpinc	N;NOM(SG)	lëpinc
lëpinc	N;VOC(PL)	lëpincy
séwnik	N;NOM(PL)	séwniki
séwnik	N;DAT(PL)	séwnikom
séwnik	N;VOC(SG)	séwniku
séwnik	N;INS(PL)	séwnikami
séwnik	N;ESS(SG)	séwniku
séwnik	N;DAT(SG)	séwnikowi
séwnik	N;GEN(SG)	séwniku
séwnik	N;ESS(PL)	séwnikach
séwnik	N;GEN(PL)	séwników
séwnik	N;INS(SG)	séwnikem
séwnik	N;ACC(PL)	séwniki
séwnik	N;ACC(SG)	séwnik
séwnik	N;NOM(SG)	séwnik
séwnik	N;VOC(PL)	séwniki
zélnik	N;NOM(PL)	zélniki
zélnik	N;DAT(PL)	zélnikom
zélnik	N;VOC(SG)	zélniku
zélnik	N;INS(PL)	zélnikami
zélnik	N;ESS(SG)	zélniku
zélnik	N;DAT(SG)	zélnikowi
zélnik	N;GEN(SG)	zélnika
zélnik	N;ESS(PL)	zélnikach
zélnik	N;GEN(PL)	zélników
zélnik	N;INS(SG)	zélnikem
zélnik	N;ACC(PL)	zélniki
zélnik	N;ACC(SG)	zélnik
zélnik	N;NOM(SG)	zélnik
zélnik	N;VOC(PL)	zélniki
stëcznik	N;NOM(PL)	stëczniki
stëcznik	N;DAT(PL)	stëcznikom
stëcznik	N;VOC(SG)	stëczniku
stëcznik	N;INS(PL)	stëcznikami
stëcznik	N;ESS(SG)	stëczniku
stëcznik	N;DAT(SG)	stëcznikowi
stëcznik	N;GEN(SG)	stëcznika
stëcznik	N;ESS(PL)	stëcznikach
stëcznik	N;GEN(PL)	stëczników
stëcznik	N;INS(SG)	stëcznikiem
stëcznik	N;ACC(PL)	stëczniki
stëcznik	N;ACC(SG)	stëcznik
stëcznik	N;NOM(SG)	stëcznik
stëcznik	N;VOC(PL)	stëczniki
strzoda	N;NOM(PL)	strzody
strzoda	N;DAT(PL)	strzodom
strzoda	N;VOC(SG)	strzodo
strzoda	N;INS(PL)	strzodami
strzoda	N;ESS(SG)	strzodzie
strzoda	N;DAT(SG)	strzodzie
strzoda	N;GEN(SG)	strzody
strzoda	N;ESS(PL)	strzodach
strzoda	N;GEN(PL)	strzodów
strzoda	N;INS(SG)	strzodą
strzoda	N;ACC(PL)	strzody
strzoda	N;ACC(SG)	strzodę
strzoda	N;NOM(SG)	strzoda
strzoda	N;VOC(PL)	strzody
môj	N;NOM(PL)	moje
môj	N;DAT(PL)	mojom
môj	N;VOC(SG)	moju
môj	N;INS(PL)	mojami
môj	N;ESS(SG)	moju
môj	N;DAT(SG)	mojowi
môj	N;GEN(SG)	moju
môj	N;ESS(PL)	mojach
môj	N;GEN(PL)	mojów
môj	N;INS(SG)	mojem
môj	N;ACC(PL)	moje
môj	N;ACC(SG)	moj
môj	N;NOM(SG)	moj
môj	N;VOC(PL)	moje
strumiannik	N;NOM(PL)	strumianniki
strumiannik	N;DAT(PL)	strumiannikom
strumiannik	N;VOC(SG)	strumianniku
strumiannik	N;INS(PL)	strumiannikami
strumiannik	N;ESS(SG)	strumianniku
strumiannik	N;DAT(SG)	strumiannikowi
strumiannik	N;GEN(SG)	strumianniku
strumiannik	N;ESS(PL)	strumiannikach
strumiannik	N;GEN(PL)	strumianników
strumiannik	N;INS(SG)	strumiannikiem
strumiannik	N;ACC(PL)	strumianniki
strumiannik	N;ACC(SG)	strumiannik
strumiannik	N;NOM(SG)	strumiannik
strumiannik	N;VOC(PL)	strumianniki
tidzéń	N;NOM(PL)	tidzenie
tidzéń	N;DAT(PL)	tidzeniom
tidzéń	N;VOC(SG)	tidzenie
tidzéń	N;INS(PL)	tidzeniami
tidzéń	N;ESS(SG)	tidzeniu
tidzéń	N;DAT(SG)	tidzeniowi
tidzéń	N;GEN(SG)	tidzenia
tidzéń	N;ESS(PL)	tidzeniach
tidzéń	N;GEN(PL)	tidzów
tidzéń	N;INS(SG)	tidzeniem
tidzéń	N;ACC(PL)	tidzenie
tidzéń	N;ACC(SG)	tidzeni
tidzéń	N;NOM(SG)	tidzeni
tidzéń	N;VOC(PL)	tidzenie
czwôrtk	N;NOM(PL)	czwôrtki
czwôrtk	N;DAT(PL)	czwôrtkom
czwôrtk	N;VOC(SG)	czwôrtku
czwôrtk	N;INS(PL)	czwôrtkami
czwôrtk	N;ESS(SG)	czwôrtku
czwôrtk	N;DAT(SG)	czwôrtkowi
czwôrtk	N;GEN(SG)	czwôrtka
czwôrtk	N;ESS(PL)	czwôrtkach
czwôrtk	N;GEN(PL)	czwôrtków
czwôrtk	N;INS(SG)	czwôrtkiem
czwôrtk	N;ACC(PL)	czwôrtki
czwôrtk	N;ACC(SG)	czwôrtk
czwôrtk	N;NOM(SG)	czwôrtk
czwôrtk	N;VOC(PL)	czwôrtki
kòt	N;NOM(PL)	kòty
kòt	N;DAT(PL)	kòtom
kòt	N;VOC(SG)	kòtu
kòt	N;INS(PL)	kòtami
kòt	N;ESS(SG)	kòtu
kòt	N;DAT(SG)	kòtowi
kòt	N;DAT(SG)	kòtowi
kòt	N;GEN(SG)	kòtu
kòt	N;ESS(PL)	kòtach
kòt	N;GEN(PL)	kòtów
kòt	N;INS(SG)	kòtem
kòt	N;ACC(PL)	kòty
kòt	N;ACC(SG)	kòt
kòt	N;NOM(SG)	kòt
kòt	N;VOC(PL)	kòty
gromicznik	N;NOM(PL)	gromiczniki
gromicznik	N;DAT(PL)	gromicznikom
gromicznik	N;VOC(SG)	gromiczniku
gromicznik	N;INS(PL)	gromicznikami
gromicznik	N;ESS(SG)	gromiczniku
gromicznik	N;DAT(SG)	gromicznikowi
gromicznik	N;GEN(SG)	gromicznika
gromicznik	N;ESS(PL)	gromicznikach
gromicznik	N;GEN(PL)	gromiczników
gromicznik	N;INS(SG)	gromicznikiem
gromicznik	N;ACC(PL)	gromiczniki
gromicznik	N;ACC(SG)	gromicznik
gromicznik	N;NOM(SG)	gromicznik
gromicznik	N;VOC(PL)	gromiczniki
rodzôcz	N;NOM(PL)	rodzôcze
rodzôcz	N;DAT(PL)	rodzôczom
rodzôcz	N;VOC(SG)	rodzôczu
rodzôcz	N;INS(PL)	rodzôczami
rodzôcz	N;ESS(SG)	rodzôczu
rodzôcz	N;DAT(SG)	rodzôczowi
rodzôcz	N;GEN(SG)	rodzôczu
rodzôcz	N;ESS(PL)	rodzôczach
rodzôcz	N;GEN(PL)	rodzôczów
rodzôcz	N;INS(SG)	rodzôczem
rodzôcz	N;ACC(PL)	rodzôcze
rodzôcz	N;ACC(SG)	rodzôcz
rodzôcz	N;NOM(SG)	rodzôcz
rodzôcz	N;VOC(PL)	rodzôczy
niedzela	N;NOM(PL)	niedzele
niedzela	N;DAT(PL)	niedzelom
niedzela	N;VOC(SG)	niedzelo
niedzela	N;INS(PL)	niedzelami
niedzela	N;ESS(SG)	niedzeli
niedzela	N;DAT(SG)	niedzelowi
niedzela	N;GEN(SG)	niedzely
niedzela	N;ESS(PL)	niedzelach
niedzela	N;GEN(PL)	niedzel
niedzela	N;INS(SG)	niedzelą
niedzela	N;ACC(PL)	niedzele
niedzela	N;ACC(SG)	niedzelę
niedzela	N;NOM(SG)	niedzela
niedzela	N;VOC(PL)	niedzele
gòdnik	N;NOM(PL)	gòdniki
gòdnik	N;DAT(PL)	gòdnikom
gòdnik	N;VOC(SG)	gòdniku
gòdnik	N;INS(PL)	gòdnikami
gòdnik	N;ESS(SG)	gòdniku
gòdnik	N;DAT(SG)	gòdnikowi
gòdnik	N;GEN(SG)	gòdniku
gòdnik	N;ESS(PL)	gòdnikach
gòdnik	N;GEN(PL)	gòdników
gòdnik	N;INS(SG)	gòdnikem
gòdnik	N;ACC(PL)	gòdniki
gòdnik	N;ACC(SG)	gòdnik
gòdnik	N;NOM(SG)	gòdnik
gòdnik	N;VOC(PL)	gòdniki
stolem	N;NOM(PL)	stolemy
stolem	N;DAT(PL)	stolemom
stolem	N;VOC(SG)	stolemu
stolem	N;INS(PL)	stolemami
stolem	N;ESS(SG)	stolemie
stolem	N;DAT(SG)	stolemowi
stolem	N;GEN(SG)	stolemu
stolem	N;ESS(PL)	stolemach
stolem	N;GEN(PL)	stolemów
stolem	N;INS(SG)	stolemem
stolem	N;ACC(PL)	stolemy
stolem	N;ACC(SG)	stolem
stolem	N;NOM(SG)	stolem
stolem	N;VOC(PL)	stolemy
accuracy:0.24950884086444008
