narzãdzôcz	N;NOM(PL)	narzãdzôcze
narzãdzôcz	N;DAT(PL)	narzãdzôczama
narzãdzôcz	N;VOC(SG)	narzãdzôcz
narzãdzôcz	N;INS(PL)	narzãdzôczama
narzãdzôcz	N;ESS(SG)	narzãdzôczã
narzãdzôcz	N;DAT(SG)	narzãdzôczi
narzãdzôcz	N;GEN(SG)	narzãdzôcza
narzãdzôcz	N;ESS(PL)	narzãdzôczama
narzãdzôcz	N;GEN(PL)	narzãdzôczów
narzãdzôcz	N;INS(SG)	narzãdzôczem
narzãdzôcz	N;ACC(PL)	narzãdzôczë
narzãdzôcz	N;ACC(SG)	narzãdzôczã
narzãdzôcz	N;NOM(SG)	narzãdzôcz
narzãdzôcz	N;VOC(PL)	narzãdzôczë
Jastrë	N;VOC(PL)	Jastrë
Jastrë	N;ESS(PL)	Jastrë
Jastrë	N;DAT(PL)	Jastrów
Jastrë	N;GEN(PL)	Jastrów
Jastrë	N;ACC(PL)	Jastrë
Jastrë	N;ACC(PL)	Jastrë
Jastrë	N;NOM(PL)	Jastrë
pòniedzôłk	N;NOM(PL)	pòniedzôłczi
pòniedzôłk	N;DAT(PL)	pòniedzôłków
pòniedzôłk	N;VOC(SG)	pòniedzôłk
pòniedzôłk	N;INS(PL)	pòniedzôłkama
pòniedzôłk	N;ESS(SG)	pòniedzôłkã
pòniedzôłk	N;DAT(SG)	pòniedzôłkù
pòniedzôłk	N;GEN(SG)	pòniedzôłkù
pòniedzôłk	N;ESS(PL)	pòniedzôłkama
pòniedzôłk	N;GEN(PL)	pòniedzôłków
pòniedzôłk	N;INS(SG)	pòniedzôłkã
pòniedzôłk	N;ACC(PL)	pòniedzôłczi
pòniedzôłk	N;ACC(SG)	pòniedzôłkã
pòniedzôłk	N;NOM(SG)	pòniedzôłk
pòniedzôłk	N;VOC(PL)	pòniedzôłczi
pùjk	N;NOM(PL)	pùjczi
pùjk	N;DAT(PL)	pùjków
pùjk	N;VOC(SG)	pùjkù
pùjk	N;INS(PL)	pùjkama
pùjk	N;ESS(SG)	pùjkã
pùjk	N;DAT(SG)	pùjkù
pùjk	N;GEN(SG)	pùjkù
pùjk	N;ESS(PL)	pùjkama
pùjk	N;GEN(PL)	pùjków
pùjk	N;INS(SG)	pùjkã
pùjk	N;ACC(PL)	pùjków
pùjk	N;ACC(SG)	pùjkã
pùjk	N;NOM(SG)	pùjk
pùjk	N;VOC(PL)	pùjków
môlnik	N;NOM(PL)	môlniczi
môlnik	N;DAT(PL)	môlników
môlnik	N;VOC(SG)	môlnika
môlnik	N;INS(PL)	môlnikama
môlnik	N;ESS(SG)	môlnikã
môlnik	N;DAT(SG)	môlnikù
môlnik	N;GEN(SG)	môlnika
môlnik	N;ESS(PL)	môlnikama
môlnik	N;GEN(PL)	môlników
môlnik	N;INS(SG)	môlnikã
môlnik	N;ACC(PL)	môlników
môlnik	N;ACC(SG)	môlnikã
môlnik	N;NOM(SG)	môlnik
môlnik	N;VOC(PL)	môlników
wòłiwôcz	N;NOM(PL)	wòłiwôczë
wòłiwôcz	N;DAT(PL)	wòłiwôczama
wòłiwôcz	N;VOC(SG)	wòłiwôcz
wòłiwôcz	N;INS(PL)	wòłiwôczama
wòłiwôcz	N;ESS(SG)	wòłiwôczã
wòłiwôcz	N;DAT(SG)	wòłiwôczi
wòłiwôcz	N;GEN(SG)	wòłiwôcza
wòłiwôcz	N;ESS(PL)	wòłiwôczama
wòłiwôcz	N;GEN(PL)	wòłiwôczów
wòłiwôcz	N;INS(SG)	wòłiwôczem
wòłiwôcz	N;ACC(PL)	wòłiwôczë
wòłiwôcz	N;ACC(SG)	wòłiwôczã
wòłiwôcz	N;NOM(SG)	wòłiwôcz
wòłiwôcz	N;VOC(PL)	wòłiwôczë
łżëkwiôt	N;NOM(PL)	łżëkwiôtë
łżëkwiôt	N;DAT(PL)	łżëkwiôtë
łżëkwiôt	N;VOC(SG)	łżëkwiôt
łżëkwiôt	N;INS(PL)	łżëkwiôtama
łżëkwiôt	N;ESS(SG)	łżëkwiôtã
łżëkwiôt	N;DAT(SG)	łżëkwiôtu
łżëkwiôt	N;GEN(SG)	łżëkwiôtu
łżëkwiôt	N;ESS(PL)	łżëkwiôtama
łżëkwiôt	N;GEN(PL)	łżëkwiôtów
łżëkwiôt	N;INS(SG)	łżëkwiôtã
łżëkwiôt	N;ACC(PL)	łżëkwiôtë
łżëkwiôt	N;ACC(SG)	łżëkwiôtã
łżëkwiôt	N;NOM(SG)	łżëkwiôt
łżëkwiôt	N;VOC(PL)	łżëkwiôtë
lëstopadnik	N;NOM(PL)	lëstopadniczi
lëstopadnik	N;DAT(PL)	lëstopadników
lëstopadnik	N;VOC(SG)	lëstopadnika
lëstopadnik	N;INS(PL)	lëstopadnikama
lëstopadnik	N;ESS(SG)	lëstopadnikã
lëstopadnik	N;DAT(SG)	lëstopadnikù
lëstopadnik	N;GEN(SG)	lëstopadnika
lëstopadnik	N;ESS(PL)	lëstopadnikama
lëstopadnik	N;GEN(PL)	lëstopadników
lëstopadnik	N;INS(SG)	lëstopadnikã
lëstopadnik	N;ACC(PL)	lëstopadników
lëstopadnik	N;ACC(SG)	lëstopadnikã
lëstopadnik	N;NOM(SG)	lëstopadnik
lëstopadnik	N;VOC(PL)	lëstopadników
sobòta	N;NOM(PL)	sobòtë
sobòta	N;DAT(PL)	sobòtë
sobòta	N;VOC(SG)	sobòtë
sobòta	N;INS(PL)	sobòtama
sobòta	N;ESS(SG)	sobòtã
sobòta	N;DAT(SG)	sobòtë
sobòta	N;GEN(SG)	sobòtë
sobòta	N;ESS(PL)	sobòtama
sobòta	N;GEN(PL)	sobòtów
sobòta	N;INS(SG)	sobòtą
sobòta	N;ACC(PL)	sobòtë
sobòta	N;ACC(SG)	sobòtã
sobòta	N;NOM(SG)	sobòta
sobòta	N;VOC(PL)	sobòtë
kóń	N;NOM(PL)	kónie
kóń	N;DAT(PL)	kónie
kóń	N;VOC(SG)	kónie
kóń	N;INS(PL)	kóńcama
kóń	N;ESS(SG)	kónie
kóń	N;DAT(SG)	kónie
kóń	N;GEN(SG)	kònia
kóń	N;ESS(PL)	kónie
kóń	N;GEN(PL)	kónów
kóń	N;INS(SG)	kóną
kóń	N;ACC(PL)	kónë
kóń	N;ACC(SG)	kónã
kóń	N;NOM(SG)	kóń
kóń	N;VOC(PL)	kónie
nazéwôcz	N;NOM(PL)	nazéwôczë
nazéwôcz	N;DAT(PL)	nazéwôczama
nazéwôcz	N;VOC(SG)	nazéwôcz
nazéwôcz	N;INS(PL)	nazéwôczama
nazéwôcz	N;ESS(SG)	nazéwôczã
nazéwôcz	N;DAT(SG)	nazéwôczi
nazéwôcz	N;GEN(SG)	nazéwôcza
nazéwôcz	N;ESS(PL)	nazéwôczama
nazéwôcz	N;GEN(PL)	nazéwôczów
nazéwôcz	N;INS(SG)	nazéwôczem
nazéwôcz	N;ACC(PL)	nazéwôczë
nazéwôcz	N;ACC(SG)	nazéwôczã
nazéwôcz	N;NOM(SG)	nazéwôcz
nazéwôcz	N;VOC(PL)	nazéwôczë
piątk	N;NOM(PL)	piątczi
piątk	N;DAT(PL)	piątków
piątk	N;VOC(SG)	piątkù
piątk	N;INS(PL)	piątkama
piątk	N;ESS(SG)	piątkù
piątk	N;DAT(SG)	piątkù
piątk	N;GEN(SG)	piątkù
piątk	N;ESS(PL)	piątkama
piątk	N;GEN(PL)	piątków
piątk	N;INS(SG)	piątkã
piątk	N;ACC(PL)	piątczi
piątk	N;ACC(SG)	piątkã
piątk	N;NOM(SG)	piątk
piątk	N;VOC(PL)	piątczi
rënk	N;NOM(PL)	rënczi
rënk	N;DAT(PL)	rënków
rënk	N;VOC(SG)	rënkù
rënk	N;INS(PL)	rënkama
rënk	N;ESS(SG)	rënkù
rënk	N;DAT(SG)	rënkù
rënk	N;GEN(SG)	rënkù
rënk	N;ESS(PL)	rënkama
rënk	N;GEN(PL)	rënków
rënk	N;INS(SG)	rënkã
rënk	N;ACC(PL)	rënków
rënk	N;ACC(SG)	rënkã
rënk	N;NOM(SG)	rënk
rënk	N;VOC(PL)	rënków
wtórk	N;NOM(PL)	wtórczi
wtórk	N;DAT(PL)	wtórków
wtórk	N;VOC(SG)	wtórkù
wtórk	N;INS(PL)	wtórkama
wtórk	N;ESS(SG)	wtórkã
wtórk	N;DAT(SG)	wtórkù
wtórk	N;GEN(SG)	wtórkù
wtórk	N;ESS(PL)	wtórkama
wtórk	N;GEN(PL)	wtórków
wtórk	N;INS(SG)	wtórkã
wtórk	N;ACC(PL)	wtórków
wtórk	N;ACC(SG)	wtórkã
wtórk	N;NOM(SG)	wtórk
wtórk	N;VOC(PL)	wtórków
winowôcz	N;NOM(PL)	winowôczë
winowôcz	N;DAT(PL)	winowôczama
winowôcz	N;VOC(SG)	winowôcz
winowôcz	N;INS(PL)	winowôczama
winowôcz	N;ESS(SG)	winowôczã
winowôcz	N;DAT(SG)	winowôczi
winowôcz	N;GEN(SG)	winowôcza
winowôcz	N;ESS(PL)	winowôczama
winowôcz	N;GEN(PL)	winowôczów
winowôcz	N;INS(SG)	winowôczem
winowôcz	N;ACC(PL)	winowôczë
winowôcz	N;ACC(SG)	winowôczã
winowôcz	N;NOM(SG)	winowôcz
winowôcz	N;VOC(PL)	winowôczë
òjc	N;NOM(PL)	òjcë
òjc	N;DAT(PL)	òjców
òjc	N;VOC(SG)	òjce
òjc	N;INS(PL)	òjcama
òjc	N;ESS(SG)	òjcã
òjc	N;DAT(SG)	òjce
òjc	N;GEN(SG)	òjca
òjc	N;ESS(PL)	òjcama
òjc	N;GEN(PL)	òjców
òjc	N;INS(SG)	òjcem
òjc	N;INS(SG)	òjcem
òjc	N;ACC(PL)	òjcë
òjc	N;ACC(SG)	òjcã
òjc	N;NOM(SG)	òjc
òjc	N;VOC(PL)	òjcë
latawiskò	N;NOM(PL)	latawisczi
latawiskò	N;DAT(PL)	latawisków
latawiskò	N;VOC(SG)	latawiskò
latawiskò	N;INS(PL)	latawiskama
latawiskò	N;ESS(SG)	latawiskã
latawiskò	N;DAT(SG)	latawiskù
latawiskò	N;GEN(SG)	latawiskù
latawiskò	N;ESS(PL)	latawiskama
latawiskò	N;GEN(PL)	latawisków
latawiskò	N;INS(SG)	latawiską
latawiskò	N;ACC(PL)	latawisczi
latawiskò	N;ACC(SG)	latawiskã
latawiskò	N;NOM(SG)	latawiskò
latawiskò	N;VOC(PL)	latawisczi
Jastra	N;VOC(PL)	Jastrë
Jastra	N;ESS(PL)	Jastrama
Jastra	N;DAT(PL)	Jastrów
Jastra	N;GEN(PL)	Jastrów
Jastra	N;ACC(PL)	Jastrë
Jastra	N;ACC(PL)	Jastrë
Jastra	N;NOM(PL)	Jastrë
czerwińc	N;NOM(PL)	czerwińcë
czerwińc	N;DAT(PL)	czerwińców
czerwińc	N;VOC(SG)	czerwińc
czerwińc	N;INS(PL)	czerwińcama
czerwińc	N;ESS(SG)	czerwińca
czerwińc	N;DAT(SG)	czerwińcu
czerwińc	N;GEN(SG)	czerwińca
czerwińc	N;ESS(PL)	czerwińcama
czerwińc	N;GEN(PL)	czerwińców
czerwińc	N;INS(SG)	czerwińcą
czerwińc	N;ACC(PL)	czerwińcë
czerwińc	N;ACC(SG)	czerwińcã
czerwińc	N;NOM(SG)	czerwińc
czerwińc	N;VOC(PL)	czerwińcë
rujan	N;NOM(PL)	rujanë
rujan	N;DAT(PL)	rujanów
rujan	N;VOC(SG)	rujanie
rujan	N;INS(PL)	rujanama
rujan	N;ESS(SG)	rujanu
rujan	N;DAT(SG)	rujanie
rujan	N;GEN(SG)	rujanu
rujan	N;ESS(PL)	rujanama
rujan	N;GEN(PL)	rujanów
rujan	N;INS(SG)	rujanem
rujan	N;ACC(PL)	rujanë
rujan	N;ACC(SG)	rujanã
rujan	N;NOM(SG)	rujan
rujan	N;VOC(PL)	rujanë
dôwôcz	N;NOM(PL)	dôwôczë
dôwôcz	N;DAT(PL)	dôwôczama
dôwôcz	N;VOC(SG)	dôwôcz
dôwôcz	N;INS(PL)	dôwôczama
dôwôcz	N;ESS(SG)	dôwôczã
dôwôcz	N;DAT(SG)	dôwôczi
dôwôcz	N;GEN(SG)	dôwôcza
dôwôcz	N;ESS(PL)	dôwôczama
dôwôcz	N;GEN(PL)	dôwôczów
dôwôcz	N;INS(SG)	dôwôczem
dôwôcz	N;ACC(PL)	dôwôczë
dôwôcz	N;ACC(SG)	dôwôczã
dôwôcz	N;NOM(SG)	dôwôcz
dôwôcz	N;VOC(PL)	dôwôczë
serce	N;NOM(PL)	serce
serce	N;DAT(PL)	serców
serce	N;VOC(SG)	serce
serce	N;INS(PL)	sercama
serce	N;ESS(SG)	serce
serce	N;ESS(SG)	serce
serce	N;DAT(SG)	serce
serce	N;GEN(SG)	sercë
serce	N;ESS(PL)	sercama
serce	N;GEN(PL)	serców
serce	N;GEN(PL)	serców
serce	N;INS(SG)	sercą
serce	N;INS(SG)	sercą
serce	N;ACC(PL)	sercë
serce	N;ACC(SG)	sercã
serce	N;NOM(SG)	serce
serce	N;VOC(PL)	serce
lëpinc	N;NOM(PL)	lëpinczi
lëpinc	N;DAT(PL)	lëpinców
lëpinc	N;VOC(SG)	lëpince
lëpinc	N;INS(PL)	lëpincama
lëpinc	N;ESS(SG)	lëpince
lëpinc	N;DAT(SG)	lëpince
lëpinc	N;GEN(SG)	lëpincu
lëpinc	N;ESS(PL)	lëpincama
lëpinc	N;GEN(PL)	lëpinców
lëpinc	N;INS(SG)	lëpincem
lëpinc	N;ACC(PL)	lëpincë
lëpinc	N;ACC(SG)	lëpincã
lëpinc	N;NOM(SG)	lëpinc
lëpinc	N;VOC(PL)	lëpince
séwnik	N;NOM(PL)	séwniczi
séwnik	N;DAT(PL)	séwników
séwnik	N;VOC(SG)	séwnika
séwnik	N;INS(PL)	séwnikama
séwnik	N;ESS(SG)	séwnika
séwnik	N;DAT(SG)	séwnikù
séwnik	N;GEN(SG)	séwnika
séwnik	N;ESS(PL)	séwnikama
séwnik	N;GEN(PL)	séwników
séwnik	N;INS(SG)	séwnikã
séwnik	N;ACC(PL)	séwników
séwnik	N;ACC(SG)	séwnikã
séwnik	N;NOM(SG)	séwnik
séwnik	N;VOC(PL)	séwników
zélnik	N;NOM(PL)	zélniczi
zélnik	N;DAT(PL)	zélników
zélnik	N;VOC(SG)	zélnika
zélnik	N;INS(PL)	zélnikama
zélnik	N;ESS(SG)	zélnikã
zélnik	N;DAT(SG)	zélnikù
zélnik	N;GEN(SG)	zélnika
zélnik	N;ESS(PL)	zélnikama
zélnik	N;GEN(PL)	zélników
zélnik	N;INS(SG)	zélnikã
zélnik	N;ACC(PL)	zélników
zélnik	N;ACC(SG)	zélnikã
zélnik	N;NOM(SG)	zélnik
zélnik	N;VOC(PL)	zélników
stëcznik	N;NOM(PL)	stëczniczi
stëcznik	N;DAT(PL)	stëczników
stëcznik	N;VOC(SG)	stëcznika
stëcznik	N;INS(PL)	stëcznikama
stëcznik	N;ESS(SG)	stëcznika
stëcznik	N;DAT(SG)	stëcznikù
stëcznik	N;GEN(SG)	stëcznika
stëcznik	N;ESS(PL)	stëcznikama
stëcznik	N;GEN(PL)	stëczników
stëcznik	N;INS(SG)	stëcznikã
stëcznik	N;ACC(PL)	stëczników
stëcznik	N;ACC(SG)	stëcznikã
stëcznik	N;NOM(SG)	stëcznik
stëcznik	N;VOC(PL)	stëczników
strzoda	N;NOM(PL)	strzodë
strzoda	N;DAT(PL)	strzodë
strzoda	N;VOC(SG)	strzodze
strzoda	N;INS(PL)	strzodama
strzoda	N;ESS(SG)	strzodą
strzoda	N;DAT(SG)	strzodze
strzoda	N;GEN(SG)	strzodë
strzoda	N;ESS(PL)	strzodama
strzoda	N;GEN(PL)	strzodów
strzoda	N;INS(SG)	strzodą
strzoda	N;ACC(PL)	strzodë
strzoda	N;ACC(SG)	strzodã
strzoda	N;NOM(SG)	strzoda
strzoda	N;VOC(PL)	strzodë
môj	N;NOM(PL)	môjë
môj	N;DAT(PL)	môjów
môj	N;VOC(SG)	môje
môj	N;INS(PL)	môjama
môj	N;ESS(SG)	môjã
môj	N;DAT(SG)	môji
môj	N;GEN(SG)	môju
môj	N;ESS(PL)	môjama
môj	N;GEN(PL)	môjów
môj	N;INS(SG)	môją
môj	N;ACC(PL)	môjë
môj	N;ACC(SG)	môjã
môj	N;NOM(SG)	môj
môj	N;VOC(PL)	môjë
strumiannik	N;NOM(PL)	strumianniczi
strumiannik	N;DAT(PL)	strumianników
strumiannik	N;VOC(SG)	strumiannika
strumiannik	N;INS(PL)	strumiannikama
strumiannik	N;ESS(SG)	strumiannika
strumiannik	N;DAT(SG)	strumiannikù
strumiannik	N;GEN(SG)	strumiannika
strumiannik	N;ESS(PL)	strumiannikama
strumiannik	N;GEN(PL)	strumianników
strumiannik	N;INS(SG)	strumiannikã
strumiannik	N;ACC(PL)	strumianników
strumiannik	N;ACC(SG)	strumiannikã
strumiannik	N;NOM(SG)	strumiannik
strumiannik	N;VOC(PL)	strumianników
tidzéń	N;NOM(PL)	tidzenié
tidzéń	N;DAT(PL)	tidzeniama
tidzéń	N;VOC(SG)	tidzénie
tidzéń	N;INS(PL)	tidzeniama
tidzéń	N;ESS(SG)	tidzénie
tidzéń	N;DAT(SG)	tidzeniu
tidzéń	N;GEN(SG)	tidzénia
tidzéń	N;ESS(PL)	tidzeniama
tidzéń	N;GEN(PL)	tidzénów
tidzéń	N;INS(SG)	tidzenim
tidzéń	N;ACC(PL)	tidzénë
tidzéń	N;ACC(SG)	tidzénã
tidzéń	N;NOM(SG)	tidzéń
tidzéń	N;VOC(PL)	tidzénie
czwôrtk	N;NOM(PL)	czwôrtczi
czwôrtk	N;DAT(PL)	czwôrtków
czwôrtk	N;VOC(SG)	czwôrtk
czwôrtk	N;INS(PL)	czwôrtkama
czwôrtk	N;ESS(SG)	czwôrtkù
czwôrtk	N;DAT(SG)	czwôrtkù
czwôrtk	N;GEN(SG)	czwôrtkù
czwôrtk	N;ESS(PL)	czwôrtkama
czwôrtk	N;GEN(PL)	czwôrtków
czwôrtk	N;INS(SG)	czwôrtką
czwôrtk	N;ACC(PL)	czwôrtczi
czwôrtk	N;ACC(SG)	czwôrtkã
czwôrtk	N;NOM(SG)	czwôrtk
czwôrtk	N;VOC(PL)	czwôrtczi
kòt	N;NOM(PL)	kòtë
kòt	N;DAT(PL)	kòtów
kòt	N;VOC(SG)	kòtu
kòt	N;INS(PL)	kòtama
kòt	N;ESS(SG)	kòtã
kòt	N;DAT(SG)	kòtu
kòt	N;DAT(SG)	kòtu
kòt	N;GEN(SG)	kòtu
kòt	N;ESS(PL)	kòtama
kòt	N;GEN(PL)	kòtów
kòt	N;INS(SG)	kòtã
kòt	N;ACC(PL)	kòtë
kòt	N;ACC(SG)	kòtã
kòt	N;NOM(SG)	kòt
kòt	N;VOC(PL)	kòtë
gromicznik	N;NOM(PL)	gromiczniczi
gromicznik	N;DAT(PL)	gromiczników
gromicznik	N;VOC(SG)	gromicznika
gromicznik	N;INS(PL)	gromicznikama
gromicznik	N;ESS(SG)	gromicznika
gromicznik	N;DAT(SG)	gromicznikù
gromicznik	N;GEN(SG)	gromicznika
gromicznik	N;ESS(PL)	gromicznikama
gromicznik	N;GEN(PL)	gromiczników
gromicznik	N;INS(SG)	gromicznikã
gromicznik	N;ACC(PL)	gromiczników
gromicznik	N;ACC(SG)	gromicznikã
gromicznik	N;NOM(SG)	gromicznik
gromicznik	N;VOC(PL)	gromiczników
rodzôcz	N;NOM(PL)	rodzôczë
rodzôcz	N;DAT(PL)	rodzôczama
rodzôcz	N;VOC(SG)	rodzôcz
rodzôcz	N;INS(PL)	rodzôczama
rodzôcz	N;ESS(SG)	rodzôczã
rodzôcz	N;DAT(SG)	rodzôczi
rodzôcz	N;GEN(SG)	rodzôcza
rodzôcz	N;ESS(PL)	rodzôczama
rodzôcz	N;GEN(PL)	rodzôczów
rodzôcz	N;INS(SG)	rodzôczem
rodzôcz	N;ACC(PL)	rodzôczë
rodzôcz	N;ACC(SG)	rodzôczã
rodzôcz	N;NOM(SG)	rodzôcz
rodzôcz	N;VOC(PL)	rodzôczë
niedzela	N;NOM(PL)	niedzelë
niedzela	N;DAT(PL)	niedzelë
niedzela	N;VOC(SG)	niedzele
niedzela	N;INS(PL)	niedzelama
niedzela	N;ESS(SG)	niedzelã
niedzela	N;DAT(SG)	niedzeli
niedzela	N;GEN(SG)	niedzelë
niedzela	N;ESS(PL)	niedzelë
niedzela	N;GEN(PL)	niedzelów
niedzela	N;INS(SG)	niedzelą
niedzela	N;ACC(PL)	niedzelë
niedzela	N;ACC(SG)	niedzelã
niedzela	N;NOM(SG)	niedzela
niedzela	N;VOC(PL)	niedzelë
gòdnik	N;NOM(PL)	gòdniczi
gòdnik	N;DAT(PL)	gòdników
gòdnik	N;VOC(SG)	gòdnika
gòdnik	N;INS(PL)	gòdnikama
gòdnik	N;ESS(SG)	gòdnikã
gòdnik	N;DAT(SG)	gòdnikù
gòdnik	N;GEN(SG)	gòdnika
gòdnik	N;ESS(PL)	gòdnikama
gòdnik	N;GEN(PL)	gòdników
gòdnik	N;INS(SG)	gòdnikã
gòdnik	N;ACC(PL)	gòdników
gòdnik	N;ACC(SG)	gòdnikã
gòdnik	N;NOM(SG)	gòdnik
gòdnik	N;VOC(PL)	gòdników
stolem	N;NOM(PL)	stolemë
stolem	N;DAT(PL)	stolemów
stolem	N;VOC(SG)	stolem
stolem	N;INS(PL)	stolemama
stolem	N;ESS(SG)	stolemu
stolem	N;DAT(SG)	stolemu
stolem	N;GEN(SG)	stolemu
stolem	N;ESS(PL)	stolemama
stolem	N;GEN(PL)	stolemów
stolem	N;INS(SG)	stolemã
stolem	N;ACC(PL)	stolemë
stolem	N;ACC(SG)	stolemã
stolem	N;NOM(SG)	stolem
stolem	N;VOC(PL)	stolemë
accuracy:0.35363457760314343
