narzãdzôcz	N;NOM(PL)	narzãdzôcze
narzãdzôcz	N;DAT(PL)	narzãdzôczom
narzãdzôcz	N;VOC(SG)	narzãdzôczu
narzãdzôcz	N;INS(PL)	narzãdzôczami
narzãdzôcz	N;ESS(SG)	narzãdzôczu
narzãdzôcz	N;DAT(SG)	narzãdzôczowi
narzãdzôcz	N;GEN(SG)	narzãdzôcza
narzãdzôcz	N;ESS(PL)	narzãdzôczach
narzãdzôcz	N;GEN(PL)	narzãdzôczów
narzãdzôcz	N;INS(SG)	narzãdzôczem
narzãdzôcz	N;ACC(PL)	narzãdzôcze
narzãdzôcz	N;ACC(SG)	narzãdzôcz
narzãdzôcz	N;NOM(SG)	narzãdzôcz
narzãdzôcz	N;VOC(PL)	narzãdzôcze
Jastrë	N;VOC(PL)	Jastrë
Jastrë	N;ESS(PL)	Jastrach
Jastrë	N;DAT(PL)	Jastrom
Jastrë	N;GEN(PL)	Jastrów
Jastrë	N;ACC(PL)	Jastrë
Jastrë	N;ACC(PL)	Jastrë
Jastrë	N;NOM(PL)	Jastrë
pòniedzôłk	N;NOM(PL)	pòniedzôłczi
pòniedzôłk	N;DAT(PL)	pòniedzôłkom
pòniedzôłk	N;VOC(SG)	pòniedzôłk
pòniedzôłk	N;INS(PL)	pòniedzôłkami
pòniedzôłk	N;ESS(SG)	pòniedzôłku
pòniedzôłk	N;DAT(SG)	pòniedzôłkù
pòniedzôłk	N;GEN(SG)	pòniedzôłkù
pòniedzôłk	N;ESS(PL)	pòniedzôłkach
pòniedzôłk	N;GEN(PL)	pòniedzôłków
pòniedzôłk	N;INS(SG)	pòniedzôłkã
pòniedzôłk	N;ACC(PL)	pòniedzôłków
pòniedzôłk	N;ACC(SG)	pòniedzôłkã
pòniedzôłk	N;NOM(SG)	pòniedzôłk
pòniedzôłk	N;VOC(PL)	pòniedzôłczi
pùjk	N;NOM(PL)	pùjczi
pùjk	N;DAT(PL)	pùjkóm
pùjk	N;VOC(SG)	pùjku
pùjk	N;INS(PL)	pùjkama
pùjk	N;ESS(SG)	pùjku
pùjk	N;DAT(SG)	pùjkù
pùjk	N;GEN(SG)	pùjkù
pùjk	N;ESS(PL)	pùjkach
pùjk	N;GEN(PL)	pùjków
pùjk	N;INS(SG)	pùjkã
pùjk	N;ACC(PL)	pùjków
pùjk	N;ACC(SG)	pùjkã
pùjk	N;NOM(SG)	pùjk
pùjk	N;VOC(PL)	pùjczi
môlnik	N;NOM(PL)	môlniczi
môlnik	N;DAT(PL)	môlnikom
môlnik	N;VOC(SG)	môlniku
môlnik	N;INS(PL)	môlnikama
môlnik	N;ESS(SG)	môlniku
môlnik	N;DAT(SG)	môlnikù
môlnik	N;GEN(SG)	môlnika
môlnik	N;ESS(PL)	môlnikach
môlnik	N;GEN(PL)	môlników
môlnik	N;INS(SG)	môlnikã
môlnik	N;ACC(PL)	môlników
môlnik	N;ACC(SG)	môlnikã
môlnik	N;NOM(SG)	môlnik
môlnik	N;VOC(PL)	môlnicy
wòłiwôcz	N;NOM(PL)	wòłiwôcze
wòłiwôcz	N;DAT(PL)	wòłiwôczom
wòłiwôcz	N;VOC(SG)	wòłiwôczu
wòłiwôcz	N;INS(PL)	wòłiwôczami
wòłiwôcz	N;ESS(SG)	wòłiwôczu
wòłiwôcz	N;DAT(SG)	wòłiwôczowi
wòłiwôcz	N;GEN(SG)	wòłiwôcza
wòłiwôcz	N;ESS(PL)	wòłiwôczach
wòłiwôcz	N;GEN(PL)	wòłiwôczów
wòłiwôcz	N;INS(SG)	wòłiwôczem
wòłiwôcz	N;ACC(PL)	wòłiwôcze
wòłiwôcz	N;ACC(SG)	wòłiwôcz
wòłiwôcz	N;NOM(SG)	wòłiwôcz
wòłiwôcz	N;VOC(PL)	wòłiwôcze
łżëkwiôt	N;NOM(PL)	łżëkwiôtë
łżëkwiôt	N;DAT(PL)	łżëkwiôtom
łżëkwiôt	N;VOC(SG)	łżëkwiôtu
łżëkwiôt	N;INS(PL)	łżëkwiôtami
łżëkwiôt	N;ESS(SG)	łżëkwiôcie
łżëkwiôt	N;DAT(SG)	łżëkwiôtowi
łżëkwiôt	N;GEN(SG)	łżëkwiôtu
łżëkwiôt	N;ESS(PL)	łżëkwiôtach
łżëkwiôt	N;GEN(PL)	łżëkwiôtów
łżëkwiôt	N;INS(SG)	łżëkwiôtem
łżëkwiôt	N;ACC(PL)	łżëkwiôtë
łżëkwiôt	N;ACC(SG)	łżëkwiôt
łżëkwiôt	N;NOM(SG)	łżëkwiôt
łżëkwiôt	N;VOC(PL)	łżëkwiôtë
lëstopadnik	N;NOM(PL)	lëstopadnicy
lëstopadnik	N;DAT(PL)	lëstopadnikom
lëstopadnik	N;VOC(SG)	lëstopadniku
lëstopadnik	N;INS(PL)	lëstopadnikama
lëstopadnik	N;ESS(SG)	lëstopadniku
lëstopadnik	N;DAT(SG)	lëstopadnikowi
lëstopadnik	N;GEN(SG)	lëstopadnika
lëstopadnik	N;ESS(PL)	lëstopadnikach
lëstopadnik	N;GEN(PL)	lëstopadników
lëstopadnik	N;INS(SG)	lëstopadnikã
lëstopadnik	N;ACC(PL)	lëstopadników
lëstopadnik	N;ACC(SG)	lëstopadnikã
lëstopadnik	N;NOM(SG)	lëstopadnik
lëstopadnik	N;VOC(PL)	lëstopadnicy
sobòta	N;NOM(PL)	sobòtë
sobòta	N;DAT(PL)	sobòtë
sobòta	N;VOC(SG)	sobòto
sobòta	N;INS(PL)	sobòtama
sobòta	N;ESS(SG)	sobòtie
sobòta	N;DAT(SG)	sobòtë
sobòta	N;GEN(SG)	sobòtë
sobòta	N;ESS(PL)	sobòtach
sobòta	N;GEN(PL)	sobòtów
sobòta	N;INS(SG)	sobòtą
sobòta	N;ACC(PL)	sobòtë
sobòta	N;ACC(SG)	sobòtã
sobòta	N;NOM(SG)	sobòta
sobòta	N;VOC(PL)	sobòtë
kóń	N;NOM(PL)	kònie
kóń	N;DAT(PL)	koniom
kóń	N;VOC(SG)	kònie
kóń	N;INS(PL)	koniami
kóń	N;ESS(SG)	koniu
kóń	N;DAT(SG)	koniowi
kóń	N;GEN(SG)	kònia
kóń	N;ESS(PL)	koniach
kóń	N;GEN(PL)	kónów
kóń	N;INS(SG)	koniem
kóń	N;ACC(PL)	kònie
kóń	N;ACC(SG)	kóń
kóń	N;NOM(SG)	kóń
kóń	N;VOC(PL)	konie
nazéwôcz	N;NOM(PL)	nazéwôcze
nazéwôcz	N;DAT(PL)	nazéwôczom
nazéwôcz	N;VOC(SG)	nazéwôczu
nazéwôcz	N;INS(PL)	nazéwôczama
nazéwôcz	N;ESS(SG)	nazéwôczu
nazéwôcz	N;DAT(SG)	nazéwôczowi
nazéwôcz	N;GEN(SG)	nazéwôcza
nazéwôcz	N;ESS(PL)	nazéwôczach
nazéwôcz	N;GEN(PL)	nazéwôczów
nazéwôcz	N;INS(SG)	nazéwôczem
nazéwôcz	N;ACC(PL)	nazéwôcze
nazéwôcz	N;ACC(SG)	nazéwôcz
nazéwôcz	N;NOM(SG)	nazéwôcz
nazéwôcz	N;VOC(PL)	nazéwôcze
piątk	N;NOM(PL)	piątki
piątk	N;DAT(PL)	piątkom
piątk	N;VOC(SG)	piątku
piątk	N;INS(PL)	piątkami
piątk	N;ESS(SG)	piątku
piątk	N;DAT(SG)	piątkowi
piątk	N;GEN(SG)	piątkù
piątk	N;ESS(PL)	piątkach
piątk	N;GEN(PL)	piątków
piątk	N;INS(SG)	piątkiem
piątk	N;ACC(PL)	piątki
piątk	N;ACC(SG)	piątk
piątk	N;NOM(SG)	piątk
piątk	N;VOC(PL)	piątki
rënk	N;NOM(PL)	rënczi
rënk	N;DAT(PL)	rënkóm
rënk	N;VOC(SG)	rënkù
rënk	N;INS(PL)	rënkama
rënk	N;ESS(SG)	rënkù
rënk	N;DAT(SG)	rënkù
rënk	N;GEN(SG)	rënkù
rënk	N;ESS(PL)	rënkach
rënk	N;GEN(PL)	rënków
rënk	N;INS(SG)	rënkã
rënk	N;ACC(PL)	rënków
rënk	N;ACC(SG)	rënkã
rënk	N;NOM(SG)	rënk
rënk	N;VOC(PL)	rënków
wtórk	N;NOM(PL)	wtórczi
wtórk	N;DAT(PL)	wtórkom
wtórk	N;VOC(SG)	wtórku
wtórk	N;INS(PL)	wtórkami
wtórk	N;ESS(SG)	wtorku
wtórk	N;DAT(SG)	wtorkowi
wtórk	N;GEN(SG)	wtórkù
wtórk	N;ESS(PL)	wtórkach
wtórk	N;GEN(PL)	wtórków
wtórk	N;INS(SG)	wtórkiem
wtórk	N;ACC(PL)	wtórki
wtórk	N;ACC(SG)	wtórkã
wtórk	N;NOM(SG)	wtórk
wtórk	N;VOC(PL)	wtórki
winowôcz	N;NOM(PL)	winowôcze
winowôcz	N;DAT(PL)	winowôczom
winowôcz	N;VOC(SG)	winowôczu
winowôcz	N;INS(PL)	winowôczama
winowôcz	N;ESS(SG)	winowôczu
winowôcz	N;DAT(SG)	winowôczowi
winowôcz	N;GEN(SG)	winowôcza
winowôcz	N;ESS(PL)	winowôczach
winowôcz	N;GEN(PL)	winowôczów
winowôcz	N;INS(SG)	winowôczem
winowôcz	N;ACC(PL)	winowôcze
winowôcz	N;ACC(SG)	winowôcz
winowôcz	N;NOM(SG)	winowôcz
winowôcz	N;VOC(PL)	winowôcze
òjc	N;NOM(PL)	òjcë
òjc	N;DAT(PL)	òjcë
òjc	N;VOC(SG)	òjcie
òjc	N;INS(PL)	òjcama
òjc	N;ESS(SG)	òjcu
òjc	N;DAT(SG)	òjcë
òjc	N;GEN(SG)	òjcë
òjc	N;ESS(PL)	òjcach
òjc	N;GEN(PL)	òjców
òjc	N;INS(SG)	òjcem
òjc	N;INS(SG)	òjcem
òjc	N;ACC(PL)	òjców
òjc	N;ACC(SG)	òjcã
òjc	N;NOM(SG)	òjc
òjc	N;VOC(PL)	òjcë
latawiskò	N;NOM(PL)	latawiski
latawiskò	N;DAT(PL)	latawiskom
latawiskò	N;VOC(SG)	latawisko
latawiskò	N;INS(PL)	latawiskami
latawiskò	N;ESS(SG)	latawisku
latawiskò	N;DAT(SG)	latawiskù
latawiskò	N;GEN(SG)	latawiskù
latawiskò	N;ESS(PL)	latawiskach
latawiskò	N;GEN(PL)	latawisków
latawiskò	N;INS(SG)	latawiskã
latawiskò	N;ACC(PL)	latawisków
latawiskò	N;ACC(SG)	latawiskã
latawiskò	N;NOM(SG)	latawiskò
latawiskò	N;VOC(PL)	latawiski
Jastra	N;VOC(PL)	Jastry
Jastra	N;ESS(PL)	Jastrach
Jastra	N;DAT(PL)	Jastrom
Jastra	N;GEN(PL)	Jastrów
Jastra	N;ACC(PL)	Jastrów
Jastra	N;ACC(PL)	Jastrów
Jastra	N;NOM(PL)	Jastrë
czerwińc	N;NOM(PL)	czerwińce
czerwińc	N;DAT(PL)	czerwińcom
czerwińc	N;VOC(SG)	czerwińcu
czerwińc	N;INS(PL)	czerwińcami
czerwińc	N;ESS(SG)	czerwińcu
czerwińc	N;DAT(SG)	czerwińcowi
czerwińc	N;GEN(SG)	czerwińca
czerwińc	N;ESS(PL)	czerwińcach
czerwińc	N;GEN(PL)	czerwińców
czerwińc	N;INS(SG)	czerwińcem
czerwińc	N;ACC(PL)	czerwińce
czerwińc	N;ACC(SG)	czerwińc
czerwińc	N;NOM(SG)	czerwińc
czerwińc	N;VOC(PL)	czerwińce
rujan	N;NOM(PL)	rujany
rujan	N;DAT(PL)	rujanom
rujan	N;VOC(SG)	rujanie
rujan	N;INS(PL)	rujanami
rujan	N;ESS(SG)	rujanie
rujan	N;DAT(SG)	rujanowi
rujan	N;GEN(SG)	rujanu
rujan	N;ESS(PL)	rujanach
rujan	N;GEN(PL)	rujanów
rujan	N;INS(SG)	rujanem
rujan	N;ACC(PL)	rujany
rujan	N;ACC(SG)	rujan
rujan	N;NOM(SG)	rujan
rujan	N;VOC(PL)	rujany
dôwôcz	N;NOM(PL)	dôwôcze
dôwôcz	N;DAT(PL)	dôwôczom
dôwôcz	N;VOC(SG)	dôwôczu
dôwôcz	N;INS(PL)	dôwôczami
dôwôcz	N;ESS(SG)	dôwôczu
dôwôcz	N;DAT(SG)	dôwôczowi
dôwôcz	N;GEN(SG)	dôwôcza
dôwôcz	N;ESS(PL)	dôwôczach
dôwôcz	N;GEN(PL)	dôwôczów
dôwôcz	N;INS(SG)	dôwôczem
dôwôcz	N;ACC(PL)	dôwôcze
dôwôcz	N;ACC(SG)	dôwôcz
dôwôcz	N;NOM(SG)	dôwôcz
dôwôcz	N;VOC(PL)	dôwôcze
serce	N;NOM(PL)	serce
serce	N;DAT(PL)	sercom
serce	N;VOC(SG)	serco
serce	N;INS(PL)	sercami
serce	N;ESS(SG)	sercu
serce	N;ESS(SG)	sercu
serce	N;DAT(SG)	sercowi
serce	N;GEN(SG)	serca
serce	N;ESS(PL)	sercach
serce	N;GEN(PL)	serców
serce	N;GEN(PL)	serców
serce	N;INS(SG)	sercem
serce	N;INS(SG)	sercem
serce	N;ACC(PL)	serce
serce	N;ACC(SG)	serce
serce	N;NOM(SG)	serce
serce	N;VOC(PL)	serce
lëpinc	N;NOM(PL)	lëpinczi
lëpinc	N;DAT(PL)	lëpincóm
lëpinc	N;VOC(SG)	lëpince
lëpinc	N;INS(PL)	lëpincama
lëpinc	N;ESS(SG)	lëpince
lëpinc	N;DAT(SG)	lëpince
lëpinc	N;GEN(SG)	lëpincë
lëpinc	N;ESS(PL)	lëpincach
lëpinc	N;GEN(PL)	lëpinców
lëpinc	N;INS(SG)	lëpincem
lëpinc	N;ACC(PL)	lëpinczi
lëpinc	N;ACC(SG)	lëpincã
lëpinc	N;NOM(SG)	lëpinc
lëpinc	N;VOC(PL)	lëpinczi
séwnik	N;NOM(PL)	séwniczi
séwnik	N;DAT(PL)	séwnikom
séwnik	N;VOC(SG)	séwniku
séwnik	N;INS(PL)	séwnikama
séwnik	N;ESS(SG)	séwniku
séwnik	N;DAT(SG)	séwnikowi
séwnik	N;GEN(SG)	séwnika
séwnik	N;ESS(PL)	séwnikach
séwnik	N;GEN(PL)	séwników
séwnik	N;INS(SG)	séwnikã
séwnik	N;ACC(PL)	séwników
séwnik	N;ACC(SG)	séwnikã
séwnik	N;NOM(SG)	séwnik
séwnik	N;VOC(PL)	séwniki
zélnik	N;NOM(PL)	zélniczi
zélnik	N;DAT(PL)	zélnikom
zélnik	N;VOC(SG)	zélniku
zélnik	N;INS(PL)	zélnikama
zélnik	N;ESS(SG)	zélniku
zélnik	N;DAT(SG)	zélnikowi
zélnik	N;GEN(SG)	zélnika
zélnik	N;ESS(PL)	zélnikach
zélnik	N;GEN(PL)	zélników
zélnik	N;INS(SG)	zélnikã
zélnik	N;ACC(PL)	zélników
zélnik	N;ACC(SG)	zélnikã
zélnik	N;NOM(SG)	zélnik
zélnik	N;VOC(PL)	zélniki
stëcznik	N;NOM(PL)	stëczniczi
stëcznik	N;DAT(PL)	stëcznikom
stëcznik	N;VOC(SG)	stëczniku
stëcznik	N;INS(PL)	stëcznikama
stëcznik	N;ESS(SG)	stëczniku
stëcznik	N;DAT(SG)	stëcznikowi
stëcznik	N;GEN(SG)	stëcznika
stëcznik	N;ESS(PL)	stëcznikach
stëcznik	N;GEN(PL)	stëczników
stëcznik	N;INS(SG)	stëcznikã
stëcznik	N;ACC(PL)	stëczników
stëcznik	N;ACC(SG)	stëcznikã
stëcznik	N;NOM(SG)	stëcznik
stëcznik	N;VOC(PL)	stëcznicy
strzoda	N;NOM(PL)	strzody
strzoda	N;DAT(PL)	strzodom
strzoda	N;VOC(SG)	strzodo
strzoda	N;INS(PL)	strzodami
strzoda	N;ESS(SG)	strzodzie
strzoda	N;DAT(SG)	strzodzie
strzoda	N;GEN(SG)	strzody
strzoda	N;ESS(PL)	strzodach
strzoda	N;GEN(PL)	strzodów
strzoda	N;INS(SG)	strzodą
strzoda	N;ACC(PL)	strzody
strzoda	N;ACC(SG)	strzodę
strzoda	N;NOM(SG)	strzoda
strzoda	N;VOC(PL)	strzody
môj	N;NOM(PL)	môje
môj	N;DAT(PL)	môjom
môj	N;VOC(SG)	môju
môj	N;INS(PL)	môjama
môj	N;ESS(SG)	môju
môj	N;DAT(SG)	môjã
môj	N;GEN(SG)	môja
môj	N;ESS(PL)	môjach
môj	N;GEN(PL)	môjów
môj	N;INS(SG)	môją
môj	N;ACC(PL)	môje
môj	N;ACC(SG)	môjã
môj	N;NOM(SG)	môj
môj	N;VOC(PL)	môje
strumiannik	N;NOM(PL)	strumiannicy
strumiannik	N;DAT(PL)	strumiannikom
strumiannik	N;VOC(SG)	strumianniku
strumiannik	N;INS(PL)	strumiannikami
strumiannik	N;ESS(SG)	strumianniku
strumiannik	N;DAT(SG)	strumiannikowi
strumiannik	N;GEN(SG)	strumiannika
strumiannik	N;ESS(PL)	strumiannikach
strumiannik	N;GEN(PL)	strumianników
strumiannik	N;INS(SG)	strumiannikiem
strumiannik	N;ACC(PL)	strumianniki
strumiannik	N;ACC(SG)	strumiannika
strumiannik	N;NOM(SG)	strumiannik
strumiannik	N;VOC(PL)	strumiannicy
tidzéń	N;NOM(PL)	tidzénie
tidzéń	N;DAT(PL)	tidzéniom
tidzéń	N;VOC(SG)	tidzénie
tidzéń	N;INS(PL)	tidzéniami
tidzéń	N;ESS(SG)	tidzeniu
tidzéń	N;DAT(SG)	tidzeniu
tidzéń	N;GEN(SG)	tidzéniô
tidzéń	N;ESS(PL)	tidzéniach
tidzéń	N;GEN(PL)	tidzéniów
tidzéń	N;INS(SG)	tidzénim
tidzéń	N;ACC(PL)	tidzénie
tidzéń	N;ACC(SG)	tidzéniã
tidzéń	N;NOM(SG)	tidzéń
tidzéń	N;VOC(PL)	tidzénie
czwôrtk	N;NOM(PL)	czwôrtczi
czwôrtk	N;DAT(PL)	czwôrtkom
czwôrtk	N;VOC(SG)	czwôrtku
czwôrtk	N;INS(PL)	czwôrtkama
czwôrtk	N;ESS(SG)	czwôrtku
czwôrtk	N;DAT(SG)	czwôrtkù
czwôrtk	N;GEN(SG)	czwôrtkù
czwôrtk	N;ESS(PL)	czwôrtkach
czwôrtk	N;GEN(PL)	czwôrtków
czwôrtk	N;INS(SG)	czwôrtkã
czwôrtk	N;ACC(PL)	czwôrtków
czwôrtk	N;ACC(SG)	czwôrtkã
czwôrtk	N;NOM(SG)	czwôrtk
czwôrtk	N;VOC(PL)	czwôrtczi
kòt	N;NOM(PL)	kòtë
kòt	N;DAT(PL)	kòtom
kòt	N;VOC(SG)	kòtu
kòt	N;INS(PL)	kòtama
kòt	N;ESS(SG)	kòtu
kòt	N;DAT(SG)	kòtowi
kòt	N;DAT(SG)	kòtowi
kòt	N;GEN(SG)	kòtu
kòt	N;ESS(PL)	kòtach
kòt	N;GEN(PL)	kòtów
kòt	N;INS(SG)	kòtã
kòt	N;ACC(PL)	kòtów
kòt	N;ACC(SG)	kòtã
kòt	N;NOM(SG)	kòt
kòt	N;VOC(PL)	kòtë
gromicznik	N;NOM(PL)	gromicznicy
gromicznik	N;DAT(PL)	gromicznikom
gromicznik	N;VOC(SG)	gromiczniku
gromicznik	N;INS(PL)	gromicznikami
gromicznik	N;ESS(SG)	gromiczniku
gromicznik	N;DAT(SG)	gromicznikowi
gromicznik	N;GEN(SG)	gromicznika
gromicznik	N;ESS(PL)	gromicznikach
gromicznik	N;GEN(PL)	gromiczników
gromicznik	N;INS(SG)	gromicznikiem
gromicznik	N;ACC(PL)	gromiczniki
gromicznik	N;ACC(SG)	gromicznika
gromicznik	N;NOM(SG)	gromicznik
gromicznik	N;VOC(PL)	gromiczniki
rodzôcz	N;NOM(PL)	rodzôcze
rodzôcz	N;DAT(PL)	rodzôczom
rodzôcz	N;VOC(SG)	rodzôczu
rodzôcz	N;INS(PL)	rodzôczama
rodzôcz	N;ESS(SG)	rodzôczu
rodzôcz	N;DAT(SG)	rodzôczowi
rodzôcz	N;GEN(SG)	rodzôcza
rodzôcz	N;ESS(PL)	rodzôczach
rodzôcz	N;GEN(PL)	rodzôczów
rodzôcz	N;INS(SG)	rodzôczem
rodzôcz	N;ACC(PL)	rodzôcze
rodzôcz	N;ACC(SG)	rodzôcz
rodzôcz	N;NOM(SG)	rodzôcz
rodzôcz	N;VOC(PL)	rodzôcze
niedzela	N;NOM(PL)	niedzele
niedzela	N;DAT(PL)	niedzelom
niedzela	N;VOC(SG)	niedzelo
niedzela	N;INS(PL)	niedzelami
niedzela	N;ESS(SG)	niedzeli
niedzela	N;DAT(SG)	niedzeli
niedzela	N;GEN(SG)	niedzeli
niedzela	N;ESS(PL)	niedzelach
niedzela	N;GEN(PL)	niedzel
niedzela	N;INS(SG)	niedzelą
niedzela	N;ACC(PL)	niedzele
niedzela	N;ACC(SG)	niedzelã
niedzela	N;NOM(SG)	niedzela
niedzela	N;VOC(PL)	niedzele
gòdnik	N;NOM(PL)	gòdniczi
gòdnik	N;DAT(PL)	gòdnikom
gòdnik	N;VOC(SG)	gòdniku
gòdnik	N;INS(PL)	gòdnikama
gòdnik	N;ESS(SG)	gòdniku
gòdnik	N;DAT(SG)	gòdnikowi
gòdnik	N;GEN(SG)	gòdnika
gòdnik	N;ESS(PL)	gòdnikach
gòdnik	N;GEN(PL)	gòdników
gòdnik	N;INS(SG)	gòdnikã
gòdnik	N;ACC(PL)	gòdników
gòdnik	N;ACC(SG)	gòdnikã
gòdnik	N;NOM(SG)	gòdnik
gòdnik	N;VOC(PL)	gòdnicy
stolem	N;NOM(PL)	stolemy
stolem	N;DAT(PL)	stolemom
stolem	N;VOC(SG)	stolemie
stolem	N;INS(PL)	stolemami
stolem	N;ESS(SG)	stolemie
stolem	N;DAT(SG)	stolemowi
stolem	N;GEN(SG)	stolemu
stolem	N;ESS(PL)	stolemach
stolem	N;GEN(PL)	stolemów
stolem	N;INS(SG)	stolemem
stolem	N;ACC(PL)	stolemy
stolem	N;ACC(SG)	stolem
stolem	N;NOM(SG)	stolem
stolem	N;VOC(PL)	stolemy
accuracy:0.40078585461689586
