narzãdzôcz	N;NOM(PL)	narzãdzôcz
narzãdzôcz	N;DAT(PL)	narzãdzôczë
narzãdzôcz	N;VOC(SG)	narzãdzôcz
narzãdzôcz	N;INS(PL)	narzãdzôczë
narzãdzôcz	N;ESS(SG)	narzãdzôcz
narzãdzôcz	N;DAT(SG)	narzãdzôcz
narzãdzôcz	N;GEN(SG)	narzãdzôcza
narzãdzôcz	N;ESS(PL)	narzãdzôczë
narzãdzôcz	N;GEN(PL)	narzãdzôczów
narzãdzôcz	N;INS(SG)	narzãdzôcz
narzãdzôcz	N;ACC(PL)	narzãdzôczë
narzãdzôcz	N;ACC(SG)	narzãdzôczã
narzãdzôcz	N;NOM(SG)	narzãdzôcz
narzãdzôcz	N;VOC(PL)	narzãdzôczë
Jastrë	N;VOC(PL)	Jastrë
Jastrë	N;ESS(PL)	Jastrë
Jastrë	N;DAT(PL)	Jastrëch
Jastrë	N;GEN(PL)	Jastrów
Jastrë	N;ACC(PL)	Jastrëch
Jastrë	N;ACC(PL)	Jastrëch
Jastrë	N;NOM(PL)	Jastrë
pòniedzôłk	N;NOM(PL)	pòniedzôłczi
pòniedzôłk	N;DAT(PL)	pòniedzôłków
pòniedzôłk	N;VOC(SG)	pòniedzôłk
pòniedzôłk	N;INS(PL)	pòniedzôłków
pòniedzôłk	N;ESS(SG)	pòniedzôłk
pòniedzôłk	N;DAT(SG)	pòniedzôłkù
pòniedzôłk	N;GEN(SG)	pòniedzôłkù
pòniedzôłk	N;ESS(PL)	pòniedzôłków
pòniedzôłk	N;GEN(PL)	pòniedzôłków
pòniedzôłk	N;INS(SG)	pòniedzôłkama
pòniedzôłk	N;ACC(PL)	pòniedzôłczi
pòniedzôłk	N;ACC(SG)	pòniedzôłkã
pòniedzôłk	N;NOM(SG)	pòniedzôłk
pòniedzôłk	N;VOC(PL)	pòniedzôłczi
pùjk	N;NOM(PL)	pùjkù
pùjk	N;DAT(PL)	pùjków
pùjk	N;VOC(SG)	pùjk
pùjk	N;INS(PL)	pùjków
pùjk	N;ESS(SG)	pùjkù
pùjk	N;DAT(SG)	pùjkù
pùjk	N;GEN(SG)	pùjkù
pùjk	N;ESS(PL)	pùjków
pùjk	N;GEN(PL)	pùjków
pùjk	N;INS(SG)	pùjkama
pùjk	N;ACC(PL)	pùjków
pùjk	N;ACC(SG)	pùjkã
pùjk	N;NOM(SG)	pùjk
pùjk	N;VOC(PL)	pùjków
môlnik	N;NOM(PL)	môlnik
môlnik	N;DAT(PL)	môlników
môlnik	N;VOC(SG)	môlnik
môlnik	N;INS(PL)	môlników
môlnik	N;ESS(SG)	môlnik
môlnik	N;DAT(SG)	môlnikù
môlnik	N;GEN(SG)	môlnika
môlnik	N;ESS(PL)	môlników
môlnik	N;GEN(PL)	môlników
môlnik	N;INS(SG)	môlnikama
môlnik	N;ACC(PL)	môlników
môlnik	N;ACC(SG)	môlnikã
môlnik	N;NOM(SG)	môlnik
môlnik	N;VOC(PL)	môlników
wòłiwôcz	N;NOM(PL)	wòłiwôcz
wòłiwôcz	N;DAT(PL)	wòłiwôczë
wòłiwôcz	N;VOC(SG)	wòłiwôcz
wòłiwôcz	N;INS(PL)	wòłiwôczë
wòłiwôcz	N;ESS(SG)	wòłiwôcz
wòłiwôcz	N;DAT(SG)	wòłiwôcz
wòłiwôcz	N;GEN(SG)	wòłiwôcza
wòłiwôcz	N;ESS(PL)	wòłiwôczë
wòłiwôcz	N;GEN(PL)	wòłiwôczów
wòłiwôcz	N;INS(SG)	wòłiwôcz
wòłiwôcz	N;ACC(PL)	wòłiwôczë
wòłiwôcz	N;ACC(SG)	wòłiwôczã
wòłiwôcz	N;NOM(SG)	wòłiwôcz
wòłiwôcz	N;VOC(PL)	wòłiwôczach
łżëkwiôt	N;NOM(PL)	łżëkwiôtë
łżëkwiôt	N;DAT(PL)	łżëkwiôtëch
łżëkwiôt	N;VOC(SG)	łżëkwiôt
łżëkwiôt	N;INS(PL)	łżëkwiôtë
łżëkwiôt	N;ESS(SG)	łżëkwiôt
łżëkwiôt	N;DAT(SG)	łżëkwiôtë
łżëkwiôt	N;GEN(SG)	łżëkwiôtu
łżëkwiôt	N;ESS(PL)	łżëkwiôtë
łżëkwiôt	N;GEN(PL)	łżëkwiôtów
łżëkwiôt	N;INS(SG)	łżëkwiôt
łżëkwiôt	N;ACC(PL)	łżëkwiôtë
łżëkwiôt	N;ACC(SG)	łżëkwiôtã
łżëkwiôt	N;NOM(SG)	łżëkwiôt
łżëkwiôt	N;VOC(PL)	łżëkwiôtë
lëstopadnik	N;NOM(PL)	lëstopadnik
lëstopadnik	N;DAT(PL)	lëstopadników
lëstopadnik	N;VOC(SG)	lëstopadnik
lëstopadnik	N;INS(PL)	lëstopadników
lëstopadnik	N;ESS(SG)	lëstopadnikã
lëstopadnik	N;DAT(SG)	lëstopadnikù
lëstopadnik	N;GEN(SG)	lëstopadnika
lëstopadnik	N;ESS(PL)	lëstopadników
lëstopadnik	N;GEN(PL)	lëstopadników
lëstopadnik	N;INS(SG)	lëstopadnikama
lëstopadnik	N;ACC(PL)	lëstopadników
lëstopadnik	N;ACC(SG)	lëstopadnikã
lëstopadnik	N;NOM(SG)	lëstopadnik
lëstopadnik	N;VOC(PL)	lëstopadników
sobòta	N;NOM(PL)	sobòta
sobòta	N;DAT(PL)	sobòtëch
sobòta	N;VOC(SG)	sobòta
sobòta	N;INS(PL)	sobòtëch
sobòta	N;ESS(SG)	sobòtë
sobòta	N;DAT(SG)	sobòtë
sobòta	N;GEN(SG)	sobòtë
sobòta	N;ESS(PL)	sobòtëch
sobòta	N;GEN(PL)	sobòtów
sobòta	N;INS(SG)	sobòtą
sobòta	N;ACC(PL)	sobòtëch
sobòta	N;ACC(SG)	sobòtã
sobòta	N;NOM(SG)	sobòta
sobòta	N;VOC(PL)	sobòtach
kóń	N;NOM(PL)	kóń
kóń	N;DAT(PL)	kóń
kóń	N;VOC(SG)	kóń
kóń	N;INS(PL)	kóń
kóń	N;ESS(SG)	kóń
kóń	N;DAT(SG)	kóń
kóń	N;GEN(SG)	kóń
kóń	N;ESS(PL)	kóń
kóń	N;GEN(PL)	kóńów
kóń	N;INS(SG)	kóń
kóń	N;ACC(PL)	kóń
kóń	N;ACC(SG)	kóń
kóń	N;NOM(SG)	kóń
kóń	N;VOC(PL)	kóń
nazéwôcz	N;NOM(PL)	nazéwôcz
nazéwôcz	N;DAT(PL)	nazéwôczë
nazéwôcz	N;VOC(SG)	nazéwôcz
nazéwôcz	N;INS(PL)	nazéwôczë
nazéwôcz	N;ESS(SG)	nazéwôcz
nazéwôcz	N;DAT(SG)	nazéwôcz
nazéwôcz	N;GEN(SG)	nazéwôcza
nazéwôcz	N;ESS(PL)	nazéwôczë
nazéwôcz	N;GEN(PL)	nazéwôczów
nazéwôcz	N;INS(SG)	nazéwôcz
nazéwôcz	N;ACC(PL)	nazéwôczë
nazéwôcz	N;ACC(SG)	nazéwôczã
nazéwôcz	N;NOM(SG)	nazéwôcz
nazéwôcz	N;VOC(PL)	nazéwôczach
piątk	N;NOM(PL)	piątka
piątk	N;DAT(PL)	piątków
piątk	N;VOC(SG)	piątk
piątk	N;INS(PL)	piątków
piątk	N;ESS(SG)	piątkù
piątk	N;DAT(SG)	piątkù
piątk	N;GEN(SG)	piątkù
piątk	N;ESS(PL)	piątków
piątk	N;GEN(PL)	piątków
piątk	N;INS(SG)	piątkama
piątk	N;ACC(PL)	piątków
piątk	N;ACC(SG)	piątkã
piątk	N;NOM(SG)	piątk
piątk	N;VOC(PL)	piątkach
rënk	N;NOM(PL)	rënkù
rënk	N;DAT(PL)	rënków
rënk	N;VOC(SG)	rënk
rënk	N;INS(PL)	rënków
rënk	N;ESS(SG)	rënkù
rënk	N;DAT(SG)	rënkù
rënk	N;GEN(SG)	rënkù
rënk	N;ESS(PL)	rënków
rënk	N;GEN(PL)	rënków
rënk	N;INS(SG)	rënkã
rënk	N;ACC(PL)	rënków
rënk	N;ACC(SG)	rënkã
rënk	N;NOM(SG)	rënk
rënk	N;VOC(PL)	rënków
wtórk	N;NOM(PL)	wtórków
wtórk	N;DAT(PL)	wtórków
wtórk	N;VOC(SG)	wtórk
wtórk	N;INS(PL)	wtórków
wtórk	N;ESS(SG)	wtórk
wtórk	N;DAT(SG)	wtórkù
wtórk	N;GEN(SG)	wtórkù
wtórk	N;ESS(PL)	wtórków
wtórk	N;GEN(PL)	wtórków
wtórk	N;INS(SG)	wtórkã
wtórk	N;ACC(PL)	wtórków
wtórk	N;ACC(SG)	wtórkã
wtórk	N;NOM(SG)	wtórk
wtórk	N;VOC(PL)	wtórków
winowôcz	N;NOM(PL)	winowôcz
winowôcz	N;DAT(PL)	winowôczë
winowôcz	N;VOC(SG)	winowôcz
winowôcz	N;INS(PL)	winowôczë
winowôcz	N;ESS(SG)	winowôcz
winowôcz	N;DAT(SG)	winowôcz
winowôcz	N;GEN(SG)	winowôcza
winowôcz	N;ESS(PL)	winowôczë
winowôcz	N;GEN(PL)	winowôczów
winowôcz	N;INS(SG)	winowôcz
winowôcz	N;ACC(PL)	winowôczë
winowôcz	N;ACC(SG)	winowôczã
winowôcz	N;NOM(SG)	winowôcz
winowôcz	N;VOC(PL)	winowôczach
òjc	N;NOM(PL)	òjcë
òjc	N;DAT(PL)	òjcë
òjc	N;VOC(SG)	òjc
òjc	N;INS(PL)	òjcë
òjc	N;ESS(SG)	òjc
òjc	N;DAT(SG)	òjcë
òjc	N;GEN(SG)	òjcë
òjc	N;ESS(PL)	òjcë
òjc	N;GEN(PL)	òjców
òjc	N;INS(SG)	òjc
òjc	N;INS(SG)	òjc
òjc	N;ACC(PL)	òjcë
òjc	N;ACC(SG)	òjcã
òjc	N;NOM(SG)	òjc
òjc	N;VOC(PL)	òjcë
latawiskò	N;NOM(PL)	latawiskò
latawiskò	N;DAT(PL)	latawisków
latawiskò	N;VOC(SG)	latawiskò
latawiskò	N;INS(PL)	latawisków
latawiskò	N;ESS(SG)	latawiskã
latawiskò	N;DAT(SG)	latawiskò
latawiskò	N;GEN(SG)	latawiskù
latawiskò	N;ESS(PL)	latawisków
latawiskò	N;GEN(PL)	latawisków
latawiskò	N;INS(SG)	latawiskã
latawiskò	N;ACC(PL)	latawisków
latawiskò	N;ACC(SG)	latawiskã
latawiskò	N;NOM(SG)	latawiskò
latawiskò	N;VOC(PL)	latawisków
Jastra	N;VOC(PL)	Jastrach
Jastra	N;ESS(PL)	Jastrach
Jastra	N;DAT(PL)	Jastrach
Jastra	N;GEN(PL)	Jastrów
Jastra	N;ACC(PL)	Jastrë
Jastra	N;ACC(PL)	Jastrë
Jastra	N;NOM(PL)	Jastra
czerwińc	N;NOM(PL)	czerwińc
czerwińc	N;DAT(PL)	czerwińcë
czerwińc	N;VOC(SG)	czerwińc
czerwińc	N;INS(PL)	czerwińcama
czerwińc	N;ESS(SG)	czerwińc
czerwińc	N;DAT(SG)	czerwińcë
czerwińc	N;GEN(SG)	czerwińca
czerwińc	N;ESS(PL)	czerwińcë
czerwińc	N;GEN(PL)	czerwińców
czerwińc	N;INS(SG)	czerwińc
czerwińc	N;ACC(PL)	czerwińcë
czerwińc	N;ACC(SG)	czerwińcã
czerwińc	N;NOM(SG)	czerwińc
czerwińc	N;VOC(PL)	czerwińcë
rujan	N;NOM(PL)	rujanë
rujan	N;DAT(PL)	rujanëch
rujan	N;VOC(SG)	rujan
rujan	N;INS(PL)	rujanëch
rujan	N;ESS(SG)	rujanã
rujan	N;DAT(SG)	rujanu
rujan	N;GEN(SG)	rujanu
rujan	N;ESS(PL)	rujanëch
rujan	N;GEN(PL)	rujanów
rujan	N;INS(SG)	rujanim
rujan	N;ACC(PL)	rujanëch
rujan	N;ACC(SG)	rujanã
rujan	N;NOM(SG)	rujan
rujan	N;VOC(PL)	rujanë
dôwôcz	N;NOM(PL)	dôwôcz
dôwôcz	N;DAT(PL)	dôwôczë
dôwôcz	N;VOC(SG)	dôwôcz
dôwôcz	N;INS(PL)	dôwôczë
dôwôcz	N;ESS(SG)	dôwôcz
dôwôcz	N;DAT(SG)	dôwôczë
dôwôcz	N;GEN(SG)	dôwôcza
dôwôcz	N;ESS(PL)	dôwôczë
dôwôcz	N;GEN(PL)	dôwôczów
dôwôcz	N;INS(SG)	dôwôczama
dôwôcz	N;ACC(PL)	dôwôczë
dôwôcz	N;ACC(SG)	dôwôczã
dôwôcz	N;NOM(SG)	dôwôcz
dôwôcz	N;VOC(PL)	dôwôczach
serce	N;NOM(PL)	serce
serce	N;DAT(PL)	sercë
serce	N;VOC(SG)	serce
serce	N;INS(PL)	sercema
serce	N;ESS(SG)	serce
serce	N;ESS(SG)	serce
serce	N;DAT(SG)	serce
serce	N;GEN(SG)	sercë
serce	N;ESS(PL)	serce
serce	N;GEN(PL)	serców
serce	N;GEN(PL)	serców
serce	N;INS(SG)	serce
serce	N;INS(SG)	serce
serce	N;ACC(PL)	sercë
serce	N;ACC(SG)	sercã
serce	N;NOM(SG)	serce
serce	N;VOC(PL)	serce
lëpinc	N;NOM(PL)	lëpincë
lëpinc	N;DAT(PL)	lëpincë
lëpinc	N;VOC(SG)	lëpinc
lëpinc	N;INS(PL)	lëpincë
lëpinc	N;ESS(SG)	lëpince
lëpinc	N;DAT(SG)	lëpincë
lëpinc	N;GEN(SG)	lëpincu
lëpinc	N;ESS(PL)	lëpincë
lëpinc	N;GEN(PL)	lëpinców
lëpinc	N;INS(SG)	lëpince
lëpinc	N;ACC(PL)	lëpincë
lëpinc	N;ACC(SG)	lëpincã
lëpinc	N;NOM(SG)	lëpinc
lëpinc	N;VOC(PL)	lëpincë
séwnik	N;NOM(PL)	séwnik
séwnik	N;DAT(PL)	séwników
séwnik	N;VOC(SG)	séwnik
séwnik	N;INS(PL)	séwników
séwnik	N;ESS(SG)	séwnik
séwnik	N;DAT(SG)	séwnikù
séwnik	N;GEN(SG)	séwnika
séwnik	N;ESS(PL)	séwników
séwnik	N;GEN(PL)	séwników
séwnik	N;INS(SG)	séwnikama
séwnik	N;ACC(PL)	séwników
séwnik	N;ACC(SG)	séwnikã
séwnik	N;NOM(SG)	séwnik
séwnik	N;VOC(PL)	séwników
zélnik	N;NOM(PL)	zélnik
zélnik	N;DAT(PL)	zélników
zélnik	N;VOC(SG)	zélnik
zélnik	N;INS(PL)	zélników
zélnik	N;ESS(SG)	zélnik
zélnik	N;DAT(SG)	zélnikù
zélnik	N;GEN(SG)	zélnika
zélnik	N;ESS(PL)	zélników
zélnik	N;GEN(PL)	zélników
zélnik	N;INS(SG)	zélnikama
zélnik	N;ACC(PL)	zélników
zélnik	N;ACC(SG)	zélnikã
zélnik	N;NOM(SG)	zélnik
zélnik	N;VOC(PL)	zélników
stëcznik	N;NOM(PL)	stëcznik
stëcznik	N;DAT(PL)	stëczników
stëcznik	N;VOC(SG)	stëcznik
stëcznik	N;INS(PL)	stëczników
stëcznik	N;ESS(SG)	stëcznik
stëcznik	N;DAT(SG)	stëcznikù
stëcznik	N;GEN(SG)	stëcznika
stëcznik	N;ESS(PL)	stëczników
stëcznik	N;GEN(PL)	stëczników
stëcznik	N;INS(SG)	stëcznikama
stëcznik	N;ACC(PL)	stëczników
stëcznik	N;ACC(SG)	stëcznikã
stëcznik	N;NOM(SG)	stëcznik
stëcznik	N;VOC(PL)	stëczników
strzoda	N;NOM(PL)	strzoda
strzoda	N;DAT(PL)	strzodë
strzoda	N;VOC(SG)	strzoda
strzoda	N;INS(PL)	strzodë
strzoda	N;ESS(SG)	strzoda
strzoda	N;DAT(SG)	strzodë
strzoda	N;GEN(SG)	strzodë
strzoda	N;ESS(PL)	strzodë
strzoda	N;GEN(PL)	strzodów
strzoda	N;INS(SG)	strzodą
strzoda	N;ACC(PL)	strzodë
strzoda	N;ACC(SG)	strzodã
strzoda	N;NOM(SG)	strzoda
strzoda	N;VOC(PL)	strzodë
môj	N;NOM(PL)	môje
môj	N;DAT(PL)	môjów
môj	N;VOC(SG)	môj
môj	N;INS(PL)	môjem
môj	N;ESS(SG)	môjã
môj	N;DAT(SG)	môją
môj	N;GEN(SG)	môju
môj	N;ESS(PL)	môjów
môj	N;GEN(PL)	môjów
môj	N;INS(SG)	môją
môj	N;ACC(PL)	môjë
môj	N;ACC(SG)	môjã
môj	N;NOM(SG)	môj
môj	N;VOC(PL)	môjach
strumiannik	N;NOM(PL)	strumiannik
strumiannik	N;DAT(PL)	strumianników
strumiannik	N;VOC(SG)	strumiannik
strumiannik	N;INS(PL)	strumianników
strumiannik	N;ESS(SG)	strumiannik
strumiannik	N;DAT(SG)	strumiannikù
strumiannik	N;GEN(SG)	strumiannika
strumiannik	N;ESS(PL)	strumianników
strumiannik	N;GEN(PL)	strumianników
strumiannik	N;INS(SG)	strumiannikama
strumiannik	N;ACC(PL)	strumianników
strumiannik	N;ACC(SG)	strumiannikã
strumiannik	N;NOM(SG)	strumiannik
strumiannik	N;VOC(PL)	strumianników
tidzéń	N;NOM(PL)	tidzéń
tidzéń	N;DAT(PL)	tidzéń
tidzéń	N;VOC(SG)	tidzéń
tidzéń	N;INS(PL)	tidzéń
tidzéń	N;ESS(SG)	tidzéń
tidzéń	N;DAT(SG)	tidzéń
tidzéń	N;GEN(SG)	tidzéń
tidzéń	N;ESS(PL)	tidzéń
tidzéń	N;GEN(PL)	tidzénów
tidzéń	N;INS(SG)	tidzéń
tidzéń	N;ACC(PL)	tidzénëch
tidzéń	N;ACC(SG)	tidzéń
tidzéń	N;NOM(SG)	tidzéń
tidzéń	N;VOC(PL)	tidzéń
czwôrtk	N;NOM(PL)	czwôrtka
czwôrtk	N;DAT(PL)	czwôrtków
czwôrtk	N;VOC(SG)	czwôrtk
czwôrtk	N;INS(PL)	czwôrtków
czwôrtk	N;ESS(SG)	czwôrtkù
czwôrtk	N;DAT(SG)	czwôrtkù
czwôrtk	N;GEN(SG)	czwôrtkù
czwôrtk	N;ESS(PL)	czwôrtków
czwôrtk	N;GEN(PL)	czwôrtków
czwôrtk	N;INS(SG)	czwôrtkama
czwôrtk	N;ACC(PL)	czwôrtków
czwôrtk	N;ACC(SG)	czwôrtkã
czwôrtk	N;NOM(SG)	czwôrtk
czwôrtk	N;VOC(PL)	czwôrtkach
kòt	N;NOM(PL)	kòtë
kòt	N;DAT(PL)	kòtów
kòt	N;VOC(SG)	kòt
kòt	N;INS(PL)	kòtë
kòt	N;ESS(SG)	kòtã
kòt	N;DAT(SG)	kòtë
kòt	N;DAT(SG)	kòtë
kòt	N;GEN(SG)	kòtu
kòt	N;ESS(PL)	kòtë
kòt	N;GEN(PL)	kòtów
kòt	N;INS(SG)	kòtã
kòt	N;ACC(PL)	kòtë
kòt	N;ACC(SG)	kòtã
kòt	N;NOM(SG)	kòt
kòt	N;VOC(PL)	kòtë
gromicznik	N;NOM(PL)	gromicznik
gromicznik	N;DAT(PL)	gromiczników
gromicznik	N;VOC(SG)	gromicznik
gromicznik	N;INS(PL)	gromicznikama
gromicznik	N;ESS(SG)	gromicznika
gromicznik	N;DAT(SG)	gromicznikù
gromicznik	N;GEN(SG)	gromicznika
gromicznik	N;ESS(PL)	gromiczników
gromicznik	N;GEN(PL)	gromiczników
gromicznik	N;INS(SG)	gromicznikama
gromicznik	N;ACC(PL)	gromiczników
gromicznik	N;ACC(SG)	gromicznikã
gromicznik	N;NOM(SG)	gromicznik
gromicznik	N;VOC(PL)	gromiczników
rodzôcz	N;NOM(PL)	rodzôcz
rodzôcz	N;DAT(PL)	rodzôczë
rodzôcz	N;VOC(SG)	rodzôcz
rodzôcz	N;INS(PL)	rodzôczama
rodzôcz	N;ESS(SG)	rodzôcz
rodzôcz	N;DAT(SG)	rodzôczë
rodzôcz	N;GEN(SG)	rodzôcza
rodzôcz	N;ESS(PL)	rodzôczë
rodzôcz	N;GEN(PL)	rodzôczów
rodzôcz	N;INS(SG)	rodzôcz
rodzôcz	N;ACC(PL)	rodzôczë
rodzôcz	N;ACC(SG)	rodzôczã
rodzôcz	N;NOM(SG)	rodzôcz
rodzôcz	N;VOC(PL)	rodzôczë
niedzela	N;NOM(PL)	niedzela
niedzela	N;DAT(PL)	niedzelë
niedzela	N;VOC(SG)	niedzela
niedzela	N;INS(PL)	niedzelë
niedzela	N;ESS(SG)	niedzela
niedzela	N;DAT(SG)	niedzelë
niedzela	N;GEN(SG)	niedzelë
niedzela	N;ESS(PL)	niedzelë
niedzela	N;GEN(PL)	niedzelów
niedzela	N;INS(SG)	niedzelą
niedzela	N;ACC(PL)	niedzelë
niedzela	N;ACC(SG)	niedzelã
niedzela	N;NOM(SG)	niedzela
niedzela	N;VOC(PL)	niedzelë
gòdnik	N;NOM(PL)	gòdnik
gòdnik	N;DAT(PL)	gòdników
gòdnik	N;VOC(SG)	gòdnik
gòdnik	N;INS(PL)	gòdników
gòdnik	N;ESS(SG)	gòdnikã
gòdnik	N;DAT(SG)	gòdnikù
gòdnik	N;GEN(SG)	gòdnika
gòdnik	N;ESS(PL)	gòdników
gòdnik	N;GEN(PL)	gòdników
gòdnik	N;INS(SG)	gòdnikama
gòdnik	N;ACC(PL)	gòdników
gòdnik	N;ACC(SG)	gòdnikã
gòdnik	N;NOM(SG)	gòdnik
gòdnik	N;VOC(PL)	gòdników
stolem	N;NOM(PL)	stolem
stolem	N;DAT(PL)	stolemów
stolem	N;VOC(SG)	stolem
stolem	N;INS(PL)	stolemów
stolem	N;ESS(SG)	stolem
stolem	N;DAT(SG)	stolem
stolem	N;GEN(SG)	stolemu
stolem	N;ESS(PL)	stolemów
stolem	N;GEN(PL)	stolemów
stolem	N;INS(SG)	stolem
stolem	N;ACC(PL)	stolemë
stolem	N;ACC(SG)	stolemã
stolem	N;NOM(SG)	stolem
stolem	N;VOC(PL)	stolemë
accuracy:0.2200392927308448
