bezgrzeszny	ADJ;ACC(PL)	bezgrzesznëch
bezgrzeszny	ADJ;NOM(SG,NEUT)	bezgrzeszny
bezgrzeszny	ADJ;ACC(SG,MASC,ANIM)	bezgrzeszné
bezgrzeszny	ADJ;ACC(SG,MASC,HUM)	bezgrzeszné
bezgrzeszny	ADJ;GEN(SG,NEUT)	bezgrzesznégò
bezgrzeszny	ADJ;DAT(SG,FEM)	bezgrzeszny
bezgrzeszny	ADJ;ESS(SG,FEM)	bezgrzeszny
bezgrzeszny	ADJ;GEN(SG,FEM)	bezgrzesznégò
bezgrzeszny	ADJ;DAT(SG,MASC)	bezgrzesznym
bezgrzeszny	ADJ;DAT(SG,NEUT)	bezgrzesznym
bezgrzeszny	ADJ;ACC(SG,MASC,INAN)	bezgrzesznégò
bezgrzeszny	ADJ;ESS(PL)	bezgrzesznëch
bezgrzeszny	ADJ;GEN(PL)	bezgrzesznëch
bezgrzeszny	ADJ;ACC(PL,MASC,HUM)	bezgrzesznëch
bezgrzeszny	ADJ;INS(SG,MASC)	bezgrzesznym
bezgrzeszny	ADJ;INS(SG,NEUT)	bezgrzesznym
bezgrzeszny	ADJ;INS(PL)	bezgrzesznëch
uchwyt	N;INS(PL)	uchwytëch
uchwyt	N;ACC(SG)	uchwytã
uchwyt	N;DAT(PL)	uchwytëch
uchwyt	N;DAT(SG)	uchwytu
uchwyt	N;GEN(PL)	uchwytów
uchwyt	N;ACC(PL)	uchwytëch
uchwyt	N;NOM(PL)	uchwytë
uchwyt	N;VOC(PL)	uchwytë
zdanie podrzędne	N;INS(PL)	zdanie
zdanie podrzędne	N;GEN(SG)	zdania
zdanie podrzędne	N;ACC(PL)	zdanie
zdanie podrzędne	N;NOM(PL)	zdanie
zdanie podrzędne	N;INS(SG)	zdanie
zdanie podrzędne	N;VOC(SG)	zdanie
zdanie podrzędne	N;DAT(SG)	zdanie
zdanie podrzędne	N;GEN(PL)	zdaniów
nosić	V;FUT;3;PL;MASC;HUM	nosicë
nosić	V;FUT;3;PL	nosią
nosić	V;FUT;2;PL;MASC;HUM	nosicë
nosić	V;FUT;2;PL	nosią
nosić	V;FUT;3;SG;FEM	nosią
nosić	V;FUT;3;SG;MASC	nosią
nosić	V;FUT;2;SG;FEM	nosią
nosić	V;IMP;3;SG	nosią
nosić	V;IMP;2;PL	nosią
nosić	V;NFIN	nosią
nosić	V;COND;1;SG;FEM	nosią
nosić	V;COND;2;SG;FEM	nosią
nosić	V;COND;3;SG;FEM	nosią
nosić	V;PST;1;SG;FEM	nosią
nosić	V;COND;1;SG;MASC	nosią
nosić	V;COND;2;SG;MASC	nosią
nosić	V;PST;2;SG;MASC	nosią
nosić	V;COND;2;PL;MASC;HUM	nosicë
nosić	V;COND;1;PL;MASC;HUM	nosicë
nosić	V;COND;3;PL;MASC;HUM	nosicë
nosić	V;PST;2;PL;MASC;HUM	nosicë
nosić	V;PST;1;PL;MASC;HUM	nosicë
nosić	V;PST;3;PL;MASC;HUM	nosicë
nosić	V;COND;3;SG;NEUT	nosią
nosić	V;PST;3;SG;MASC	nosią
nosić	V;PST;2;PL	nosią
nosić	V;PST;3;PL	nosią
nosić	V;PRS;1;PL	nosią
nosić	V;PRS;2;SG	nosią
nosić	V;IMP;1;PL	nosią
nosić	V.PTCP;PST;ACT;SG;FEM	nosią
nosić	V.PTCP;PST;ACT;PL	nosicë
nosić	V.PTCP;PST;ACT;SG;NEUT	nosią
nosić	V.PTCP;PST;ACT;PL;MASC;HUM	nosicë
nosić	V;PRS;3;PL	nosią
nosić	V.MSDR	nosią
nosić	V.PTCP;PST;PASS;PL;MASC;HUM	nosicë
nosić	V;PRS;1;SG	nosią
nosić	V.PTCP;PST;PASS;SG;FEM	nosią
nosić	V.PTCP;PST;PASS;PL	nosicë
nosić	V.PTCP;PST;PASS;SG;NEUT	nosią
nosić	V.PTCP;PST;PASS	nosicë
kosmonauta	N;DAT(SG)	kosmonautë
kosmonauta	N;ESS(SG)	kosmonauta
kosmonauta	N;NOM(PL)	kosmonauta
kosmonauta	N;ESS(PL)	kosmonautëch
kosmonauta	N;INS(SG)	kosmonautą
kosmonauta	N;NOM(SG)	kosmonauta
kosmonauta	N;ACC(SG)	kosmonautã
kosmonauta	N;ACC(PL)	kosmonautëch
kosmonauta	N;GEN(PL)	kosmonautów
kosmonauta	N;GEN(SG)	kosmonautë
łącze	N;ESS(PL)	łącze
łącze	N;INS(PL)	łączem
łącze	N;NOM(PL)	łącze
łącze	N;ACC(SG)	łączã
łącze	N;NOM(SG)	łącze
łącze	N;VOC(SG)	łącze
łącze	N;DAT(SG)	łącze
łącze	N;ESS(SG)	łącze
rosół	N;ESS(PL)	rosółë
rosół	N;INS(PL)	rosółama
rosół	N;INS(SG)	rosół
rosół	N;VOC(SG)	rosół
rosół	N;ACC(SG)	rosół
rosół	N;GEN(PL)	rosółów
rosół	N;VOC(PL)	rosół
bękart	N;ESS(SG)	bękartã
bękart	N;VOC(SG)	bękart
bękart	N;ESS(PL)	bękartów
bękart	N;INS(PL)	bękartów
bękart	N;DAT(PL)	bękartów
bękart	N;DAT(SG)	bękartë
bękart	N;GEN(PL)	bękartów
naukowy	ADJ;NOM(SG,FEM)	naukowy
naukowy	ADJ;ACC(PL)	naukowëch
naukowy	ADJ;ACC(SG,NEUT)	naukowé
naukowy	ADJ;NOM(PL)	naukowé
naukowy	ADJ;ACC(SG,MASC,ANIM)	naukowé
naukowy	ADJ;GEN(SG,MASC)	naukowégò
naukowy	ADJ;ACC(SG,MASC,HUM)	naukowé
naukowy	ADJ;GEN(SG,NEUT)	naukowégò
naukowy	ADJ;ESS(SG,FEM)	naukowé
naukowy	ADJ;DAT(SG,MASC)	naukowégò
naukowy	ADJ;DAT(SG,NEUT)	naukowégò
naukowy	ADJ;ESS(PL)	naukowëch
naukowy	ADJ;GEN(PL)	naukowëch
naukowy	ADJ;ACC(PL,MASC,HUM)	naukowégò
naukowy	ADJ;ESS(SG,MASC)	naukowégò
naukowy	ADJ;INS(SG,NEUT)	naukowym
naukowy	ADJ;INS(PL)	naukowëch
szuflada	N;INS(PL)	szufladë
szuflada	N;INS(SG)	szufladą
szuflada	N;ACC(SG)	szufladã
szuflada	N;VOC(SG)	szuflada
szuflada	N;ACC(PL)	szufladë
szuflada	N;NOM(PL)	szuflada
szuflada	N;VOC(PL)	szufladë
rzepik	N;INS(PL)	rzepików
rzepik	N;INS(SG)	rzepikama
rzepik	N;VOC(PL)	rzepików
rzepik	N;ACC(SG)	rzepikã
rzepik	N;NOM(SG)	rzepik
rzepik	N;GEN(PL)	rzepików
rzepik	N;ESS(SG)	rzepikù
rzepik	N;VOC(SG)	rzepik
gnój	N;ESS(PL)	gnójów
gnój	N;INS(PL)	gnójem
gnój	N;INS(SG)	gnój
gnój	N;ACC(PL)	gnójë
gnój	N;VOC(PL)	gnój
gnój	N;ACC(SG)	gnójã
gnój	N;NOM(SG)	gnój
gnój	N;DAT(SG)	gnój
gnój	N;ESS(SG)	gnój
gnój	N;VOC(SG)	gnój
winogronowy	ADJ;ACC(PL)	winogronowëch
winogronowy	ADJ;ACC(SG,NEUT)	winogronowé
winogronowy	ADJ;NOM(SG,NEUT)	winogronowy
winogronowy	ADJ;GEN(SG,MASC)	winogronowégò
winogronowy	ADJ;GEN(SG,NEUT)	winogronowégò
winogronowy	ADJ;DAT(SG,FEM)	winogronowé
winogronowy	ADJ;ESS(SG,FEM)	winogronowé
winogronowy	ADJ;GEN(SG,FEM)	winogronowégò
winogronowy	ADJ;DAT(SG,MASC)	winogronowégò
winogronowy	ADJ;DAT(SG,NEUT)	winogronowégò
winogronowy	ADJ;NOM(SG,MASC)	winogronowy
winogronowy	ADJ;DAT(PL)	winogronowëch
winogronowy	ADJ;ESS(SG,MASC)	winogronowégò
kleić	V;FUT;3;PL;MASC;HUM	kleią
kleić	V;FUT;3;PL	kleią
kleić	V;FUT;1;SG;FEM	kleią
kleić	V;FUT;1;SG;MASC	kleią
kleić	V;FUT;2;PL	kleią
kleić	V;FUT;3;SG;NEUT	kleią
kleić	V;FUT;1;PL;MASC;HUM	kleią
kleić	V;PRS;2;PL	kleią
kleić	V;NFIN	kleią
kleić	V;COND;1;SG;FEM	kleią
kleić	V;COND;2;SG;FEM	kleią
kleić	V;PST;1;SG;FEM	kleią
kleić	V;COND;3;SG;MASC	kleią
kleić	V;PST;1;SG;MASC	kleią
kleić	V;PST;2;SG;MASC	kleią
kleić	V;COND;1;PL;MASC;HUM	kleią
kleić	V;PST;2;PL;MASC;HUM	kleią
kleić	V;PST;1;PL;MASC;HUM	kleią
kleić	V;PST;3;SG;NEUT	kleią
kleić	V;PST;3;SG;MASC	kleią
kleić	V;COND;2;PL	kleią
kleić	V;COND;3;PL	kleią
kleić	V;PST;2;PL	kleią
kleić	V;PST;1;PL	kleią
kleić	V;PRS;1;PL	kleią
kleić	V.PTCP;PST;ACT;SG;FEM	kleią
kleić	V.PTCP;PST;ACT;PL	klejącë
kleić	V.PTCP;PST;ACT;PL;MASC;HUM	kleią
kleić	V.PTCP;PST;ACT;SG;MASC	kleią
kleić	V;PRS;3;PL	kleią
kleić	V.PTCP;PST;PASS;PL;MASC;HUM	kleią
kleić	V.PTCP;PST;PASS;SG;FEM	kleią
kleić	V.PTCP;PST;PASS	kleią
kleić	V;IMP;2;SG	kleią
uczucie	N;ESS(PL)	uczuciem
uczucie	N;INS(PL)	uczuciem
uczucie	N;ACC(PL)	uczucië
uczucie	N;NOM(PL)	uczucie
uczucie	N;VOC(SG)	uczucie
uczucie	N;DAT(SG)	uczucie
edyl	N;ESS(PL)	edylë
edyl	N;INS(PL)	edylë
edyl	N;GEN(SG)	edylu
edyl	N;ACC(PL)	edylë
edyl	N;NOM(SG)	edyl
edyl	N;DAT(PL)	edylë
edyl	N;NOM(PL)	edyl
edyl	N;ESS(SG)	edylu
edyl	N;VOC(SG)	edyl
tłumaczenie	N;ESS(PL)	tłumaczeniach
tłumaczenie	N;ACC(PL)	tłumaczeniach
tłumaczenie	N;VOC(PL)	tłumaczeniach
tłumaczenie	N;INS(SG)	tłumaczenim
tłumaczenie	N;ACC(SG)	tłumaczeniã
tłumaczenie	N;VOC(SG)	tłumaczenia
tłumaczenie	N;DAT(SG)	tłumaczenia
tłumaczenie	N;ESS(SG)	tłumaczenia
plomba	N;INS(SG)	plombą
plomba	N;NOM(SG)	plomba
plomba	N;ACC(SG)	plombą
plomba	N;DAT(SG)	plombë
plomba	N;ESS(SG)	plomba
plomba	N;GEN(PL)	plombów
plomba	N;VOC(SG)	plomba
plomba	N;GEN(SG)	plombë
plomba	N;VOC(PL)	plombach
nieśmiertelny	ADJ;ACC(SG,FEM)	nieśmiertelné
nieśmiertelny	ADJ;INS(SG,FEM)	nieśmiertelnym
nieśmiertelny	ADJ;ACC(SG,MASC,HUM)	nieśmiertelné
nieśmiertelny	ADJ;DAT(SG,FEM)	nieśmiertelné
nieśmiertelny	ADJ;ESS(SG,FEM)	nieśmiertelné
nieśmiertelny	ADJ;GEN(SG,FEM)	nieśmiertelnégò
nieśmiertelny	ADJ;DAT(SG,NEUT)	nieśmiertelnym
nieśmiertelny	ADJ;NOM(PL,MASC,HUM)	nieśmiertelné
nieśmiertelny	ADJ;ESS(PL)	nieśmiertelnëch
nieśmiertelny	ADJ;GEN(PL)	nieśmiertelnëch
nieśmiertelny	ADJ;INS(SG,MASC)	nieśmiertelnym
kula	N;ESS(PL)	kulë
kula	N;INS(SG)	kulą
kula	N;NOM(SG)	kula
kula	N;ACC(PL)	kulë
kula	N;VOC(PL)	kulach
kula	N;ESS(SG)	kula
kula	N;GEN(SG)	kulë
kula	N;GEN(PL)	kulów
brzoskwiniowy	ADJ;INS(SG,FEM)	brzoskwiniowym
brzoskwiniowy	ADJ;NOM(SG,FEM)	brzoskwiniowy
brzoskwiniowy	ADJ;ACC(PL)	brzoskwiniowëch
brzoskwiniowy	ADJ;ACC(SG,NEUT)	brzoskwiniowé
brzoskwiniowy	ADJ;ACC(SG,MASC,ANIM)	brzoskwiniowé
brzoskwiniowy	ADJ;GEN(SG,MASC)	brzoskwiniowégò
brzoskwiniowy	ADJ;ACC(SG,MASC,HUM)	brzoskwiniowé
brzoskwiniowy	ADJ;DAT(SG,FEM)	brzoskwiniowé
brzoskwiniowy	ADJ;GEN(SG,FEM)	brzoskwiniowégò
brzoskwiniowy	ADJ;NOM(PL,MASC,HUM)	brzoskwiniowé
brzoskwiniowy	ADJ;NOM(SG,MASC)	brzoskwiniowy
brzoskwiniowy	ADJ;ESS(PL)	brzoskwiniowëch
brzoskwiniowy	ADJ;GEN(PL)	brzoskwiniowëch
brzoskwiniowy	ADJ;ACC(PL,MASC,HUM)	brzoskwiniowëch
brzoskwiniowy	ADJ;INS(SG,MASC)	brzoskwiniowym
brzoskwiniowy	ADJ;INS(PL)	brzoskwiniowëch
istnienie	N;ESS(PL)	istnieniów
istnienie	N;ACC(PL)	istnieniów
istnienie	N;GEN(SG)	istnieniô
istnienie	N;VOC(PL)	istnieniach
istnienie	N;NOM(SG)	istnienie
istnienie	N;VOC(SG)	istnienié
istnienie	N;DAT(PL)	istnieniów
istnienie	N;GEN(PL)	istnieniów
martwy	ADJ;ACC(SG,FEM)	martwą
martwy	ADJ;NOM(SG,FEM)	martwy
martwy	ADJ;ACC(PL)	martwëch
martwy	ADJ;NOM(PL)	martwy
martwy	ADJ;ACC(SG,MASC,ANIM)	martwé
martwy	ADJ;ACC(SG,MASC,HUM)	martwé
martwy	ADJ;DAT(SG,MASC)	martwym
martwy	ADJ;DAT(SG,NEUT)	martwym
martwy	ADJ;NOM(PL,MASC,HUM)	martwé
martwy	ADJ;ACC(SG,MASC,INAN)	martwégò
martwy	ADJ;NOM(SG,MASC)	martwy
martwy	ADJ;ESS(PL)	martwëch
martwy	ADJ;GEN(PL)	martwów
martwy	ADJ;DAT(PL)	martwëch
martwy	ADJ;ESS(SG,MASC)	martwym
martwy	ADJ;INS(SG,MASC)	martwym
martwy	ADJ;ESS(SG,NEUT)	martwym
martwy	ADJ;INS(PL)	martwëch
napięcie	N;ESS(PL)	napięciem
napięcie	N;ACC(PL)	napięcie
napięcie	N;NOM(PL)	napięcie
napięcie	N;VOC(PL)	napięcie
napięcie	N;NOM(SG)	napięcie
napięcie	N;ESS(SG)	napięcie
napięcie	N;GEN(PL)	napięciów
dziwka	N;ESS(SG)	dziwka
dziwka	N;INS(PL)	dziwkama
dziwka	N;INS(SG)	dziwką
dziwka	N;GEN(SG)	dziwkù
dziwka	N;NOM(PL)	dziwka
dziwka	N;DAT(PL)	dziwków
dziwka	N;VOC(SG)	dziwka
kompromis	N;INS(SG)	kompromis
kompromis	N;ESS(SG)	kompromis
kompromis	N;VOC(SG)	kompromis
kompromis	N;NOM(SG)	kompromis
kompromis	N;DAT(PL)	kompromisów
kompromis	N;DAT(SG)	kompromisu
kompromis	N;GEN(PL)	kompromisów
kompromis	N;GEN(SG)	kompromisu
kompromis	N;VOC(PL)	kompromisë
klan	N;INS(PL)	klanë
klan	N;INS(SG)	klanu
klan	N;ESS(SG)	klanu
klan	N;NOM(SG)	klan
klan	N;DAT(PL)	klanów
klan	N;DAT(SG)	klanu
klan	N;ACC(PL)	klanë
klan	N;NOM(PL)	klanë
klan	N;VOC(PL)	klanë
polana	N;ESS(PL)	polanëch
polana	N;INS(PL)	polanama
polana	N;NOM(SG)	polana
polana	N;ACC(SG)	polanã
polana	N;DAT(SG)	polanë
polana	N;ESS(SG)	polana
polana	N;DAT(PL)	polanëch
polana	N;VOC(SG)	polana
polana	N;ACC(PL)	polanëch
polana	N;NOM(PL)	polana
wyrządzić	V;IMP;3;PL	wyrządzią
wyrządzić	V;IMP;1;SG	wyrządzią
wyrządzić	V.PTCP;PST;PASS;PL;MASC;HUM	wyrządzich
wyrządzić	V;FUT;1;SG	wyrządzią
wyrządzić	V;COND;1;SG;FEM	wyrządzią
wyrządzić	V;COND;2;SG;FEM	wyrządzią
wyrządzić	V;PST;2;SG;FEM	wyrządzią
wyrządzić	V;PST;3;SG;FEM	wyrządzią
wyrządzić	V;COND;1;SG;MASC	wyrządzią
wyrządzić	V;COND;2;SG;MASC	wyrządzią
wyrządzić	V;COND;3;SG;MASC	wyrządzią
wyrządzić	V;PST;2;SG;MASC	wyrządzią
wyrządzić	V;COND;2;PL;MASC;HUM	wyrządzich
wyrządzić	V;COND;1;PL;MASC;HUM	wyrządzich
wyrządzić	V;COND;3;PL;MASC;HUM	wyrządzich
wyrządzić	V;PST;2;PL;MASC;HUM	wyrządzich
wyrządzić	V;PST;1;PL;MASC;HUM	wyrządzich
wyrządzić	V;COND;3;SG;NEUT	wyrządzią
wyrządzić	V;PST;3;SG;MASC	wyrządzią
wyrządzić	V;COND;1;PL	wyrządzich
wyrządzić	V;PST;2;PL	wyrządzią
wyrządzić	V;PST;1;PL	wyrządzich
wyrządzić	V;PST;3;PL	wyrządzią
wyrządzić	V;FUT;1;PL	wyrządzią
wyrządzić	V.PTCP;PST;PASS;SG;FEM	wyrządzim
wyrządzić	V.PTCP;PST;PASS;SG;NEUT	wyrządzim
wyrządzić	V.PTCP;PST;PASS	wyrządzim
wyrządzić	V;IMP;2;SG	wyrządzią
niższy	ADJ;ACC(SG,FEM)	niższé
niższy	ADJ;NOM(SG,FEM)	niższé
niższy	ADJ;ACC(PL)	niższëch
niższy	ADJ;ACC(SG,NEUT)	niższégò
niższy	ADJ;ACC(SG,MASC,HUM)	niższégò
niższy	ADJ;GEN(SG,NEUT)	niższégò
niższy	ADJ;GEN(SG,FEM)	niższégò
niższy	ADJ;DAT(SG,MASC)	niższégò
niższy	ADJ;GEN(PL)	niższów
niższy	ADJ;DAT(PL)	niższëch
niższy	ADJ;ESS(SG,MASC)	niższégò
niższy	ADJ;ESS(SG,NEUT)	niższégò
niższy	ADJ;INS(SG,NEUT)	niższym
nastolatek	N;ESS(PL)	nastolatków
nastolatek	N;INS(PL)	nastolatków
nastolatek	N;GEN(SG)	nastolatkù
nastolatek	N;NOM(PL)	nastolatków
nastolatek	N;VOC(PL)	nastolatkach
nastolatek	N;ACC(PL)	nastolatków
nastolatek	N;VOC(SG)	nastolatka
zbieg	N;ESS(PL)	zbiegów
zbieg	N;ACC(SG)	zbiegã
zbieg	N;NOM(SG)	zbieg
zbieg	N;DAT(PL)	zbiegów
zbieg	N;NOM(PL)	zbiegów
zbieg	N;ACC(PL)	zbiegów
zbieg	N;ESS(SG)	zbiegù
szkutnik	N;VOC(PL)	szkutników
szkutnik	N;ESS(PL)	szkutników
szkutnik	N;INS(PL)	szkutników
szkutnik	N;GEN(SG)	szkutnika
szkutnik	N;DAT(PL)	szkutników
szkutnik	N;GEN(PL)	szkutników
szkutnik	N;ESS(SG)	szkutnik
samotniejszy	ADJ;NOM(PL,MASC,HUM)	samotniejszé
samotniejszy	ADJ;ACC(SG,FEM)	samotniejszé
samotniejszy	ADJ;INS(SG,FEM)	samotniejszégò
samotniejszy	ADJ;NOM(SG,FEM)	samotniejszy
samotniejszy	ADJ;ACC(SG,NEUT)	samotniejszégò
samotniejszy	ADJ;NOM(SG,NEUT)	samotniejszy
samotniejszy	ADJ;NOM(PL)	samotniejszy
samotniejszy	ADJ;ACC(SG,MASC,ANIM)	samotniejszégò
samotniejszy	ADJ;GEN(SG,MASC)	samotniejszégò
samotniejszy	ADJ;ESS(SG,FEM)	samotniejszégò
samotniejszy	ADJ;GEN(SG,FEM)	samotniejszégò
samotniejszy	ADJ;DAT(SG,MASC)	samotniejszégò
samotniejszy	ADJ;ACC(SG,MASC,INAN)	samotniejszégò
samotniejszy	ADJ;NOM(SG,MASC)	samotniejszy
samotniejszy	ADJ;ESS(PL)	samotniejszëch
samotniejszy	ADJ;ACC(PL,MASC,HUM)	samotniejszégò
samotniejszy	ADJ;INS(SG,MASC)	samotniejszym
samotniejszy	ADJ;INS(SG,NEUT)	samotniejszym
samotniejszy	ADJ;INS(PL)	samotniejszëch
mitoza	N;ESS(PL)	mitozë
mitoza	N;NOM(SG)	mitoza
mitoza	N;ACC(SG)	mitozã
mitoza	N;ESS(SG)	mitoza
mitoza	N;DAT(PL)	mitozë
mitoza	N;NOM(PL)	mitoza
asembler	N;ESS(PL)	asemblerów
asembler	N;INS(PL)	asemblerów
asembler	N;GEN(SG)	asembleru
asembler	N;DAT(SG)	asembleru
asembler	N;GEN(PL)	asemblerów
asembler	N;ACC(PL)	asemblerë
asembler	N;NOM(PL)	asemblerë
asembler	N;ESS(SG)	asemblerã
asembler	N;VOC(SG)	asembler
automat	N;VOC(SG)	automat
automat	N;INS(PL)	automatë
automat	N;NOM(SG)	automat
automat	N;DAT(SG)	automatu
automat	N;ACC(PL)	automatëch
automat	N;NOM(PL)	automatë
kasztan	N;ESS(PL)	kasztanëch
kasztan	N;INS(PL)	kasztanëch
kasztan	N;ACC(SG)	kasztanã
kasztan	N;NOM(SG)	kasztan
kasztan	N;ACC(PL)	kasztanëch
kasztan	N;NOM(PL)	kasztanë
śródmózgowie	N;ESS(PL)	śródmózgowie
śródmózgowie	N;INS(PL)	śródmózgowiem
śródmózgowie	N;ACC(PL)	śródmózgowie
śródmózgowie	N;ACC(SG)	śródmózgowiã
śródmózgowie	N;NOM(SG)	śródmózgowie
śródmózgowie	N;GEN(PL)	śródmózgowiów
śródmózgowie	N;DAT(SG)	śródmózgowie
śródmózgowie	N;ESS(SG)	śródmózgowie
lisię	N;GEN(PL)	lisiów
lisię	N;INS(SG)	lisię
lisię	N;DAT(SG)	lisię
lisię	N;ESS(SG)	lisię
lisię	N;NOM(SG)	lisię
lisię	N;VOC(SG)	lisię
lisię	N;ESS(PL)	lisiów
lisię	N;INS(PL)	lisięch
lisię	N;NOM(PL)	lisię
lisię	N;VOC(PL)	lisie
lisię	N;DAT(PL)	lisiów
grań	N;ESS(PL)	grańë
grań	N;INS(SG)	grań
grań	N;ACC(PL)	grańë
grań	N;VOC(PL)	grań
grań	N;GEN(SG)	grańu
grań	N;ACC(SG)	grań
bas	N;ESS(PL)	basë
bas	N;ESS(SG)	basu
bas	N;VOC(SG)	bas
bas	N;ACC(SG)	basã
bas	N;NOM(SG)	bas
bas	N;VOC(PL)	basë
woskowina	N;INS(SG)	woskowiną
woskowina	N;NOM(SG)	woskowina
woskowina	N;VOC(SG)	woskowina
zadać	V;FUT;3;PL	zadają
sinologia	N;NOM(SG)	sinologia
sinologia	N;ACC(SG)	sinologiã
sinologia	N;DAT(SG)	sinologii
sinologia	N;ESS(SG)	sinologii
sinologia	N;GEN(SG)	sinologii
sinologia	N;VOC(SG)	sinologii
kur	N;INS(PL)	kurë
kur	N;NOM(SG)	kur
kur	N;DAT(PL)	kurë
kur	N;DAT(SG)	kurë
kur	N;GEN(PL)	kurów
kur	N;ESS(SG)	kurã
kur	N;VOC(SG)	kur
przysięga	N;ESS(PL)	przysięgów
przysięga	N;INS(PL)	przysięgów
przysięga	N;NOM(SG)	przysięga
przysięga	N;NOM(PL)	przysięga
przysięga	N;DAT(PL)	przysięgów
przysięga	N;VOC(SG)	przysięga
nonan	N;INS(SG)	nonanim
nonan	N;VOC(SG)	nonan
nonan	N;ACC(SG)	nonanã
nonan	N;NOM(SG)	nonan
nonan	N;GEN(PL)	nonanów
nonan	N;NOM(PL)	nonanë
elektrownia	N;INS(PL)	elektrowniach
elektrownia	N;ACC(PL)	elektrowniów
elektrownia	N;NOM(PL)	elektrownia
elektrownia	N;VOC(PL)	elektrowniach
elektrownia	N;ESS(SG)	elektrownia
elektrownia	N;GEN(PL)	elektrowniów
elektrownia	N;DAT(PL)	elektrowniów
fotograf	N;ESS(PL)	fotografë
fotograf	N;INS(PL)	fotografë
fotograf	N;INS(SG)	fotografim
fotograf	N;VOC(SG)	fotograf
fotograf	N;NOM(SG)	fotograf
fotograf	N;ACC(PL)	fotografë
machać	V;FUT;3;PL	machają
machać	V;FUT;1;SG;FEM	machają
machać	V;FUT;1;SG;MASC	machają
machać	V;FUT;2;PL;MASC;HUM	machach
machać	V;FUT;3;SG;FEM	machają
machać	V;FUT;3;SG;NEUT	machac
machać	V;FUT;3;SG;MASC	machac
machać	V;FUT;1;PL;MASC;HUM	machach
machać	V;FUT;1;PL	machach
machać	V;FUT;2;SG;FEM	machają
machać	V;FUT;2;SG;MASC	machają
machać	V.PTCP;PST;ACT;PL;MASC;HUM	machach
machać	V.PTCP;PST;ACT;SG;MASC	machach
machać	V;IMP;2;PL	machach
machać	V;IMP;1;PL	machach
machać	V;COND;3;SG;FEM	machają
machać	V;PST;1;SG;FEM	machają
machać	V;PST;2;SG;FEM	machają
machać	V;PST;3;SG;FEM	machają
machać	V;COND;1;SG;MASC	machają
machać	V;COND;3;SG;MASC	machają
machać	V;PST;1;SG;MASC	machają
machać	V;COND;2;PL;MASC;HUM	machach
machać	V;COND;1;PL;MASC;HUM	machach
machać	V;PST;1;PL;MASC;HUM	machach
machać	V;COND;3;SG;NEUT	machają
machać	V;COND;1;PL	machach
machać	V;COND;3;PL	machach
machać	V;PST;2;PL	machach
machać	V;PST;1;PL	machach
machać	V;PST;3;PL	machają
machać	V;PRS;1;SG	machają
machać	V.PTCP;PST;PASS;PL	machach
machać	V.MSDR	machac
machać	V.PTCP;PST;PASS;PL;MASC;HUM	machach
machać	V.PTCP;PST;PASS	machach
machać	V;PRS;2;SG	machają
machać	V;IMP;3;SG	machac
jonosfera	N;ESS(PL)	jonosferë
jonosfera	N;NOM(SG)	jonosfera
jonosfera	N;DAT(PL)	jonosferë
jonosfera	N;ACC(PL)	jonosferë
jonosfera	N;NOM(PL)	jonosfera
jonosfera	N;VOC(PL)	jonosferach
jonosfera	N;ESS(SG)	jonosfera
lód	N;ESS(PL)	lódë
lód	N;INS(SG)	lódu
lód	N;ACC(SG)	lódã
lód	N;DAT(PL)	lódë
lód	N;DAT(SG)	lódu
lód	N;GEN(PL)	lódów
lód	N;ESS(SG)	lód
siąknąć	V;FUT;3;PL	siąknącë
siąknąć	V;FUT;3;PL;MASC;HUM	siąknącë
siąknąć	V;FUT;1;PL;MASC;HUM	siąknącë
siąknąć	V;FUT;3;SG;FEM	siąknąc
siąknąć	V;FUT;3;SG;NEUT	siąknąc
siąknąć	V;FUT;3;SG;MASC	siąknąc
siąknąć	V;FUT;2;SG;FEM	siąknąc
siąknąć	V;FUT;2;SG;MASC	siąknąc
siąknąć	V;IMP;3;PL	siąknącë
siąknąć	V;IMP;3;SG	siąknąc
siąknąć	V.PTCP;PST;ACT;SG;FEM	siąknącë
siąknąć	V.PTCP;PST;ACT;PL	siąknącë
siąknąć	V.PTCP;PST;ACT;SG;NEUT	siąknącé
siąknąć	V.PTCP;PST;ACT;SG;MASC	siąknącë
siąknąć	V;COND;2;SG;FEM	siąknąc
siąknąć	V;COND;3;SG;FEM	siąknąc
siąknąć	V;PST;3;SG;FEM	siąknąc
siąknąć	V;COND;2;SG;MASC	siąknąc
siąknąć	V;PST;2;SG;MASC	siąknąc
siąknąć	V;COND;2;PL	siąknącë
siąknąć	V;COND;1;PL	siąknącë
siąknąć	V;COND;3;PL	siąknącë
siąknąć	V;PST;1;PL	siąknącë
siąknąć	V;PRS;3;PL	siąknącë
siąknąć	V;COND;2;PL;MASC;HUM	siąknącë
siąknąć	V;COND;1;PL;MASC;HUM	siąknącë
siąknąć	V;PST;2;PL;MASC;HUM	siąknącë
siąknąć	V;PST;1;PL;MASC;HUM	siąknącë
siąknąć	V;PRS;1;SG	siąknąc
siąknąć	V;PRS;1;PL	siąknącë
siąknąć	V;PRS;2;SG	siąknąc
siąknąć	V;PRS;3;SG	siąknąc
siąknąć	V;IMP;2;PL	siąknącë
siąknąć	V;IMP;1;PL	siąknącë
siąknąć	V;IMP;2;SG	siąknąc
najdzikszy	ADJ;INS(SG,FEM)	najdzikszégò
najdzikszy	ADJ;NOM(SG,FEM)	najdzikszé
najdzikszy	ADJ;ACC(SG,NEUT)	najdzikszégò
najdzikszy	ADJ;NOM(PL)	najdzikszé
najdzikszy	ADJ;GEN(SG,MASC)	najdzikszégò
najdzikszy	ADJ;DAT(SG,FEM)	najdzikszégò
najdzikszy	ADJ;ESS(SG,FEM)	najdzikszégò
najdzikszy	ADJ;GEN(SG,FEM)	najdzikszégò
najdzikszy	ADJ;DAT(SG,NEUT)	najdzikszégò
najdzikszy	ADJ;ACC(SG,MASC,INAN)	najdzikszégò
najdzikszy	ADJ;NOM(SG,MASC)	najdzikszé
najdzikszy	ADJ;ESS(PL)	najdzikszëch
najdzikszy	ADJ;GEN(PL)	najdzikszëch
najdzikszy	ADJ;INS(SG,MASC)	najdzikszégò
peron	N;ESS(PL)	peronë
peron	N;INS(SG)	peronama
peron	N;VOC(SG)	peron
peron	N;DAT(PL)	peronë
peron	N;GEN(PL)	peronów
peron	N;VOC(PL)	peronë
sygnał	N;ESS(PL)	sygnałë
sygnał	N;INS(PL)	sygnałama
sygnał	N;NOM(SG)	sygnał
sygnał	N;DAT(PL)	sygnałów
sygnał	N;NOM(PL)	sygnała
sygnał	N;VOC(PL)	sygnałach
najlżejszy	ADJ;ACC(SG,FEM)	najlżejszé
najlżejszy	ADJ;NOM(SG,FEM)	najlżejszé
najlżejszy	ADJ;ACC(PL)	najlżejszëch
najlżejszy	ADJ;ACC(SG,NEUT)	najlżejszégò
najlżejszy	ADJ;NOM(SG,NEUT)	najlżejszy
najlżejszy	ADJ;ACC(SG,MASC,ANIM)	najlżejszégò
najlżejszy	ADJ;GEN(SG,NEUT)	najlżejszégò
najlżejszy	ADJ;DAT(SG,FEM)	najlżejszégò
najlżejszy	ADJ;DAT(SG,NEUT)	najlżejszégò
najlżejszy	ADJ;NOM(SG,MASC)	najlżejszy
najlżejszy	ADJ;GEN(PL)	najlżejszów
najlżejszy	ADJ;ACC(PL,MASC,HUM)	najlżejszégò
najlżejszy	ADJ;INS(SG,NEUT)	najlżejszym
najlżejszy	ADJ;INS(PL)	najlżejszëch
wybuch	N;ESS(PL)	wybuchë
wybuch	N;INS(SG)	wybuch
wybuch	N;ACC(SG)	wybuchã
wybuch	N;NOM(SG)	wybuch
wybuch	N;DAT(SG)	wybuch
wybuch	N;ESS(SG)	wybuch
wybuch	N;GEN(SG)	wybuchu
wybuch	N;VOC(SG)	wybuch
wybuch	N;ACC(PL)	wybuchë
wybuch	N;NOM(PL)	wybuch
seksta	N;DAT(SG)	sekstë
seksta	N;ESS(SG)	seksta
seksta	N;INS(SG)	sekstama
seksta	N;NOM(SG)	seksta
seksta	N;GEN(PL)	sekstów
seksta	N;DAT(PL)	sekstëch
seksta	N;VOC(SG)	seksta
seksta	N;ACC(PL)	sekstëch
seksta	N;GEN(SG)	sekstë
seksta	N;VOC(PL)	sekstach
bocian	N;ESS(PL)	bocianëch
bocian	N;INS(PL)	bocianëch
bocian	N;GEN(SG)	bocianu
bocian	N;INS(SG)	bocianim
bocian	N;ESS(SG)	bocianã
bocian	N;NOM(SG)	bocian
bocian	N;DAT(PL)	bocianëch
bocian	N;GEN(PL)	bocianów
bocian	N;ACC(PL)	bocianëch
bocian	N;VOC(PL)	bocianë
trwanie	N;GEN(SG)	trwaniô
trwanie	N;ACC(SG)	trwaniã
trwanie	N;NOM(SG)	trwanie
trwanie	N;DAT(SG)	trwanié
trwanie	N;ESS(SG)	trwaniô
mrzeć	V;FUT;1;SG;FEM	mrzeą
mrzeć	V;FUT;2;PL;MASC;HUM	mrzecë
mrzeć	V;FUT;2;PL	mrzeą
mrzeć	V;FUT;3;SG;FEM	mrzeą
mrzeć	V;FUT;3;SG;NEUT	mrzeć
mrzeć	V;FUT;3;SG;MASC	mrzeć
mrzeć	V;FUT;1;PL;MASC;HUM	mrzecë
mrzeć	V.MSDR	mrzeć
mrzeć	V;COND;2;SG;FEM	mrzeć
mrzeć	V;PST;1;SG;FEM	mrzeą
mrzeć	V;PST;2;SG;FEM	mrzeą
mrzeć	V;PST;3;SG;FEM	mrzeć
mrzeć	V;COND;2;SG;MASC	mrzeć
mrzeć	V;COND;3;SG;MASC	mrzeć
mrzeć	V;PST;2;SG;MASC	mrzeć
mrzeć	V;COND;2;PL;MASC;HUM	mrzecë
mrzeć	V;COND;1;PL;MASC;HUM	mrzecë
mrzeć	V;PST;3;SG;MASC	mrzeć
mrzeć	V;COND;3;PL	mrzecë
mrzeć	V;PST;1;PL	mrzecë
mrzeć	V;PST;3;PL	mrzeą
mrzeć	V.PTCP;PST;ACT;PL	mrzégò
mrzeć	V.PTCP;PST;ACT;SG;NEUT	mrzégò
mrzeć	V.CVB	mrzeć
mrzeć	V.PTCP;PST;ACT;PL;MASC;HUM	mrzégò
mrzeć	V.PTCP;PST;ACT;SG;MASC	mrzégò
mrzeć	V;PRS;2;PL	mrzeą
mrzeć	V;NFIN	mrzeć
mrzeć	V;PRS;1;PL	mrzecë
mrzeć	V;PRS;3;SG	mrzeć
mrzeć	V;IMP;2;PL	mrzeą
mrzeć	V;IMP;2;SG	mrzeą
mrzeć	V;IMP;3;PL	mrzeą
mrzeć	V;IMP;3;SG	mrzeć
oczopląs	N;ESS(PL)	oczopląsë
oczopląs	N;ACC(SG)	oczopląsã
oczopląs	N;DAT(SG)	oczopląsu
oczopląs	N;NOM(PL)	oczopląsë
przewodniczący	N;GEN(SG)	przewodniczącë
przewodniczący	N;ACC(PL)	przewodniczącëch
przewodniczący	N;GEN(PL)	przewodnicząców
przewodniczący	N;DAT(PL)	przewodniczącëch
przewodniczący	N;NOM(SG)	przewodniczący
przewodniczący	N;VOC(PL)	przewodniczącëch
mięczak	N;ESS(PL)	mięczaków
mięczak	N;INS(PL)	mięczaków
mięczak	N;ACC(SG)	mięczakã
mięczak	N;GEN(SG)	mięczakù
mięczak	N;INS(SG)	mięczakã
mięczak	N;ACC(PL)	mięczakã
mięczak	N;NOM(PL)	mięczak
mięczak	N;VOC(PL)	mięczaków
mięczak	N;NOM(SG)	mięczak
mięczak	N;DAT(SG)	mięczakù
mięczak	N;GEN(PL)	mięczaków
nieodpowiedzialny	ADJ;NOM(SG,FEM)	nieodpowiedzialny
nieodpowiedzialny	ADJ;ACC(PL)	nieodpowiedzialnëch
nieodpowiedzialny	ADJ;ACC(SG,NEUT)	nieodpowiedzialné
nieodpowiedzialny	ADJ;NOM(SG,NEUT)	nieodpowiedzialny
nieodpowiedzialny	ADJ;NOM(PL)	nieodpowiedzialny
nieodpowiedzialny	ADJ;ACC(SG,MASC,ANIM)	nieodpowiedzialné
nieodpowiedzialny	ADJ;GEN(SG,MASC)	nieodpowiedzialnym
nieodpowiedzialny	ADJ;ACC(SG,MASC,HUM)	nieodpowiedzialné
nieodpowiedzialny	ADJ;DAT(SG,MASC)	nieodpowiedzialnym
nieodpowiedzialny	ADJ;DAT(SG,NEUT)	nieodpowiedzialnym
nieodpowiedzialny	ADJ;NOM(PL,MASC,HUM)	nieodpowiedzialny
nieodpowiedzialny	ADJ;NOM(SG,MASC)	nieodpowiedzialny
nieodpowiedzialny	ADJ;ACC(PL,MASC,HUM)	nieodpowiedzialnëch
nieodpowiedzialny	ADJ;ESS(SG,NEUT)	nieodpowiedzialnym
nieodpowiedzialny	ADJ;INS(SG,NEUT)	nieodpowiedzialnym
nieodpowiedzialny	ADJ;INS(PL)	nieodpowiedzialnëch
szal	N;ESS(SG)	szalã
cyrk	N;INS(PL)	cyrków
cyrk	N;INS(SG)	cyrkã
cyrk	N;VOC(PL)	cyrków
cyrk	N;ACC(SG)	cyrkã
cyrk	N;NOM(SG)	cyrk
cyrk	N;GEN(PL)	cyrków
cyrk	N;ESS(SG)	cyrkù
cyrk	N;GEN(SG)	cyrkù
cyrk	N;VOC(SG)	cyrka
najjaśniejszy	ADJ;NOM(PL,MASC,HUM)	najjaśniejszé
najjaśniejszy	ADJ;ACC(SG,FEM)	najjaśniejszé
najjaśniejszy	ADJ;NOM(SG,FEM)	najjaśniejszé
najjaśniejszy	ADJ;ACC(PL)	najjaśniejszëch
najjaśniejszy	ADJ;NOM(PL)	najjaśniejszé
najjaśniejszy	ADJ;ACC(SG,MASC,ANIM)	najjaśniejszégò
najjaśniejszy	ADJ;ESS(SG,FEM)	najjaśniejszégò
najjaśniejszy	ADJ;GEN(SG,FEM)	najjaśniejszégò
najjaśniejszy	ADJ;ESS(PL)	najjaśniejszëch
najjaśniejszy	ADJ;GEN(PL)	najjaśniejszów
najjaśniejszy	ADJ;ACC(PL,MASC,HUM)	najjaśniejszégò
najjaśniejszy	ADJ;ESS(SG,MASC)	najjaśniejszégò
najjaśniejszy	ADJ;INS(SG,MASC)	najjaśniejszym
żeneta	N;DAT(SG)	żenetë
żeneta	N;INS(PL)	żenetama
żeneta	N;INS(SG)	żenetą
żeneta	N;NOM(SG)	żeneta
żeneta	N;ACC(SG)	żenetã
żeneta	N;GEN(PL)	żenetów
żeneta	N;DAT(PL)	żenetëch
żeneta	N;GEN(SG)	żenetë
żeneta	N;NOM(PL)	żeneta
żeneta	N;VOC(PL)	żenetë
waść	N;ESS(PL)	waścë
waść	N;INS(PL)	waściem
waść	N;ACC(PL)	waścë
waść	N;ESS(SG)	waść
waść	N;GEN(SG)	waścë
waść	N;VOC(PL)	waści
waść	N;VOC(SG)	waśc
waść	N;NOM(SG)	waśc
otwarte	ADJ;NOM(PL,MASC,HUM)	otwarté
otwarte	ADJ;INS(SG,FEM)	otwartégò
otwarte	ADJ;NOM(SG,FEM)	otwarté
otwarte	ADJ;ACC(PL)	otwartëch
otwarte	ADJ;NOM(SG,NEUT)	otwarté
otwarte	ADJ;GEN(SG,MASC)	otwartégò
otwarte	ADJ;DAT(SG,FEM)	otwarté
otwarte	ADJ;ESS(SG,FEM)	otwarté
otwarte	ADJ;GEN(SG,FEM)	otwartégò
otwarte	ADJ;DAT(SG,MASC)	otwartégò
otwarte	ADJ;DAT(SG,NEUT)	otwartégò
otwarte	ADJ;ACC(SG,MASC,INAN)	otwartégò
otwarte	ADJ;NOM(SG,MASC)	otwarte
otwarte	ADJ;ESS(PL)	otwartëch
otwarte	ADJ;INS(SG,MASC)	otwartem
otwarte	ADJ;ESS(SG,NEUT)	otwartégò
otwarte	ADJ;INS(PL)	otwartëch
dłużnik	N;NOM(PL)	dłużnik
dłużnik	N;VOC(PL)	dłużników
dłużnik	N;INS(PL)	dłużników
dłużnik	N;GEN(SG)	dłużnika
dłużnik	N;NOM(SG)	dłużnik
dłużnik	N;DAT(SG)	dłużnikù
manicure	N;INS(PL)	manicurem
manicure	N;INS(SG)	manicurem
manicure	N;ACC(SG)	manicurã
manicure	N;DAT(PL)	manicurë
manicure	N;ACC(PL)	manicurë
manicure	N;NOM(PL)	manicure
manicure	N;VOC(PL)	manicure
manicure	N;ESS(SG)	manicure
sefardyjski	ADJ;NOM(PL,MASC,HUM)	sefardyjsczi
sefardyjski	ADJ;ACC(SG,MASC,INAN)	sefardyjsczi
sefardyjski	ADJ;ACC(PL,MASC,HUM)	sefardyjsczich
sefardyjski	ADJ;ACC(PL)	sefardyjsczich
sefardyjski	ADJ;ACC(SG,MASC,ANIM)	sefardyjsczi
sefardyjski	ADJ;GEN(SG,MASC)	sefardyjsczich
sefardyjski	ADJ;ESS(SG,FEM)	sefardyjsczi
sefardyjski	ADJ;GEN(SG,FEM)	sefardyjsczi
sefardyjski	ADJ;DAT(SG,NEUT)	sefardyjsczi
sefardyjski	ADJ;INS(SG,MASC)	sefardyjsczim
sefardyjski	ADJ;ESS(SG,NEUT)	sefardyjsczi
sefardyjski	ADJ;INS(SG,NEUT)	sefardyjsczim
sefardyjski	ADJ;INS(PL)	sefardyjsczich
szynka	N;DAT(SG)	szynka
szynka	N;ESS(SG)	szynka
szynka	N;GEN(PL)	szynków
szynka	N;INS(PL)	szynkama
szynka	N;ACC(SG)	szynkã
szynka	N;GEN(SG)	szynkù
szynka	N;DAT(PL)	szynków
szynka	N;VOC(SG)	szynka
częstokół	N;ESS(PL)	częstokółë
częstokół	N;INS(PL)	częstokółë
częstokół	N;ESS(SG)	częstokół
częstokół	N;ACC(SG)	częstokół
tul	N;INS(SG)	tulu
tul	N;NOM(SG)	tul
tul	N;DAT(SG)	tulu
tul	N;ESS(SG)	tulu
tul	N;VOC(SG)	tul
ściana	N;INS(PL)	ścianëch
ściana	N;NOM(SG)	ściana
ściana	N;ACC(SG)	ścianã
ściana	N;DAT(PL)	ścianëch
ściana	N;VOC(SG)	ściana
ściana	N;ACC(PL)	ścianëch
ściana	N;VOC(PL)	ścianach
barachło	N;GEN(PL)	barachłów
barachło	N;ESS(PL)	barachłë
barachło	N;GEN(SG)	barachło
barachło	N;NOM(PL)	barachło
barachło	N;VOC(PL)	barachłach
barachło	N;NOM(SG)	barachło
barachło	N;VOC(SG)	barachło
barachło	N;DAT(SG)	barachło
czczy	ADJ;ACC(SG,FEM)	czczégò
czczy	ADJ;NOM(SG,FEM)	czczé
czczy	ADJ;ACC(PL)	czczégò
czczy	ADJ;ACC(SG,NEUT)	czczégò
czczy	ADJ;NOM(PL)	czczé
czczy	ADJ;GEN(SG,MASC)	czczégò
czczy	ADJ;ESS(SG,FEM)	czczégò
czczy	ADJ;GEN(SG,FEM)	czczégò
czczy	ADJ;NOM(PL,MASC,HUM)	czczé
czczy	ADJ;ACC(PL,MASC,HUM)	czczégò
czczy	ADJ;INS(SG,MASC)	czczégò
czczy	ADJ;INS(SG,NEUT)	czczégò
czczy	ADJ;INS(PL)	czczégò
Indianin	N;ESS(PL)	Indianinë
Indianin	N;NOM(PL)	Indianin
Indianin	N;ESS(SG)	Indianin
Indianin	N;VOC(SG)	Indianin
Indianin	N;NOM(SG)	Indianin
Indianin	N;DAT(SG)	Indianin
Indianin	N;ACC(PL)	Indianinë
hodowla	N;ESS(PL)	hodowlë
hodowla	N;INS(SG)	hodowlą
hodowla	N;NOM(SG)	hodowla
hodowla	N;NOM(PL)	hodowla
hodowla	N;DAT(SG)	hodowlë
hodowla	N;ESS(SG)	hodowla
hodowla	N;GEN(SG)	hodowlë
hodowla	N;DAT(PL)	hodowlë
pat	N;ESS(SG)	patã
pat	N;VOC(SG)	pat
pat	N;INS(PL)	patama
pat	N;ACC(SG)	patã
pat	N;NOM(SG)	pat
pat	N;DAT(SG)	patu
pat	N;GEN(PL)	patów
pat	N;VOC(PL)	patë
ilustracja	N;ESS(PL)	ilustracji
ilustracja	N;NOM(PL)	ilustracja
ilustracja	N;VOC(PL)	ilustracji
ilustracja	N;GEN(PL)	ilustracjów
ilustracja	N;DAT(PL)	ilustracji
ilustracja	N;VOC(SG)	ilustracji
rachunek	N;ACC(SG)	rachunkã
rachunek	N;NOM(SG)	rachunek
rachunek	N;ESS(PL)	rachunków
rachunek	N;INS(SG)	rachunek
rachunek	N;NOM(PL)	rachunek
rachunek	N;DAT(SG)	rachunkù
rachunek	N;GEN(PL)	rachunków
rachunek	N;ESS(SG)	rachunek
rachunek	N;VOC(SG)	rachunek
zimowy	ADJ;ACC(SG,FEM)	zimowé
zimowy	ADJ;INS(SG,FEM)	zimowégò
zimowy	ADJ;NOM(SG,FEM)	zimowy
zimowy	ADJ;ACC(PL)	zimowëch
zimowy	ADJ;ACC(SG,NEUT)	zimowégò
zimowy	ADJ;ACC(SG,MASC,ANIM)	zimowé
zimowy	ADJ;ACC(SG,MASC,HUM)	zimowé
zimowy	ADJ;GEN(SG,NEUT)	zimowégò
zimowy	ADJ;ESS(SG,FEM)	zimowé
zimowy	ADJ;DAT(SG,MASC)	zimowégò
zimowy	ADJ;ACC(SG,MASC,INAN)	zimowégò
zimowy	ADJ;NOM(SG,MASC)	zimowy
zimowy	ADJ;GEN(PL)	zimowëch
zimowy	ADJ;ACC(PL,MASC,HUM)	zimowégò
zimowy	ADJ;DAT(PL)	zimowëch
zimowy	ADJ;ESS(SG,MASC)	zimowégò
zimowy	ADJ;INS(SG,MASC)	zimowym
ruten	N;INS(SG)	rutenu
ruten	N;ACC(SG)	rutenã
chrabąszcz	N;ESS(PL)	chrabąszczë
chrabąszcz	N;INS(PL)	chrabąszczim
chrabąszcz	N;ACC(SG)	chrabąszczã
chrabąszcz	N;INS(SG)	chrabąszczim
chrabąszcz	N;ACC(PL)	chrabąszczë
chrabąszcz	N;NOM(PL)	chrabąszczi
chrabąszcz	N;DAT(PL)	chrabąszczich
chrabąszcz	N;DAT(SG)	chrabąszczi
chrabąszcz	N;GEN(PL)	chrabąszczów
miara	N;INS(PL)	miarë
miara	N;ACC(SG)	miarã
miara	N;GEN(PL)	miarów
miara	N;DAT(PL)	miarë
miara	N;VOC(SG)	miara
miara	N;ACC(PL)	miarë
miara	N;VOC(PL)	miarë
miara	N;DAT(SG)	miarë
dzieża	N;ESS(PL)	dzieżach
dzieża	N;INS(PL)	dzieżach
dzieża	N;INS(SG)	dzieżą
dzieża	N;NOM(PL)	dzieża
dzieża	N;VOC(PL)	dzieżach
dzieża	N;DAT(PL)	dzieżë
dzieża	N;VOC(SG)	dzieża
dzieża	N;ESS(SG)	dzieża
dzieża	N;GEN(SG)	dzieżë
małpeczka	N;DAT(SG)	małpeczczi
małpeczka	N;ESS(PL)	małpeczkama
małpeczka	N;INS(PL)	małpeczkama
małpeczka	N;VOC(PL)	małpeczkach
małpeczka	N;DAT(PL)	małpeczków
małpeczka	N;VOC(SG)	małpeczka
korona	N;ESS(PL)	koronama
korona	N;INS(SG)	koronama
korona	N;NOM(SG)	korona
korona	N;ACC(SG)	koroną
korona	N;ESS(SG)	korona
korona	N;DAT(PL)	koronëch
korona	N;VOC(SG)	korona
korona	N;ACC(PL)	koronëch
korona	N;GEN(SG)	koronë
korona	N;VOC(PL)	koronach
lipiec	N;GEN(SG)	lipiecë
lipiec	N;ACC(PL)	lipiecë
lipiec	N;NOM(PL)	lipiec
lipiec	N;VOC(PL)	lipiecë
lipiec	N;DAT(PL)	lipiecë
lipiec	N;GEN(PL)	lipieców
lipiec	N;ACC(SG)	lipiecã
lipiec	N;NOM(SG)	lipiec
zupa	N;INS(PL)	zupë
zupa	N;INS(SG)	zupą
zupa	N;NOM(SG)	zupa
zupa	N;ESS(SG)	zupa
zupa	N;GEN(PL)	zupów
zupa	N;VOC(SG)	zupa
zupa	N;ACC(PL)	zupë
zupa	N;NOM(PL)	zupa
miot	N;VOC(SG)	miotë
miot	N;ESS(PL)	miotë
miot	N;INS(PL)	miotë
miot	N;ACC(SG)	miotã
miot	N;DAT(PL)	miotë
miot	N;DAT(SG)	miotu
miot	N;GEN(SG)	miotu
miot	N;ACC(PL)	miotë
miot	N;NOM(PL)	miotë
miot	N;VOC(PL)	miotë
accuracy:0.118
